 Network

 Timestamp is 5c3fd6e9 (Thu Jan 17 04:14:17 2019)

 Preferred load address is 0000000180000000

 Start         Length     Name                   Class
 0001:00000000 00000008H .CRT$XCA                CODE
 0001:00000008 00000008H .CRT$XCZ                CODE
 0001:00000010 00000008H .CRT$XIA                CODE
 0001:00000018 00000018H .CRT$XIC                CODE
 0001:00000030 00000008H .CRT$XIZ                CODE
 0001:00000038 00000008H .CRT$XPA                CODE
 0001:00000040 00000010H .CRT$XPX                CODE
 0001:00000050 00000008H .CRT$XPXA               CODE
 0001:00000058 00000008H .CRT$XPZ                CODE
 0001:00000060 00000008H .CRT$XTA                CODE
 0001:00000068 00000008H .CRT$XTZ                CODE
 0001:00000070 00000000H .gfids$y                CODE
 0001:00000070 00007750H .rdata                  CODE
 0001:000077c0 000001f4H .rdata$r                CODE
 0001:000079b4 000002b4H .rdata$zzzdbg           CODE
 0001:00007c68 00000008H .rtc$IAA                CODE
 0001:00007c70 00000008H .rtc$IZZ                CODE
 0001:00007c78 00000008H .rtc$TAA                CODE
 0001:00007c80 00000010H .rtc$TZZ                CODE
 0001:00007c90 00012910H .text$mn                CODE
 0001:0001a5a0 00000020H .text$mn$00             CODE
 0001:0001a5c0 00000250H .text$x                 CODE
 0001:0001a810 000013b8H .xdata                  CODE
 0001:0001bbc8 000000f8H .xdata$x                CODE
 0001:0001bcc0 00000182H .edata                  CODE
 0002:00000000 00000aa0H .data                   DATA
 0002:00000aa0 000000a0H .data$r                 DATA
 0002:00000b40 000022b0H .bss                    DATA
 0003:00000000 000014b8H .pdata                  DATA
 0004:00000000 00000320H .idata$5                DATA
 0004:00000320 00000010H .00cfg                  DATA
 0004:00000330 00000064H .idata$2                DATA
 0004:00000394 00000014H .idata$3                DATA
 0004:000003a8 00000320H .idata$4                DATA
 0004:000006c8 00000726H .idata$6                DATA
 0005:00000000 00000060H .rsrc$01                DATA
 0005:00000060 00000370H .rsrc$02                DATA

  Address         Publics by Value              Rva+Base               Lib:Object

 0000:00000000       __guard_iat_table          0000000000000000     <absolute>
 0000:00000000       __dynamic_value_reloc_table 0000000000000000     <absolute>
 0000:00000000       __hybrid_code_map          0000000000000000     <absolute>
 0000:00000000       __hybrid_code_map_count    0000000000000000     <absolute>
 0000:00000000       __guard_iat_count          0000000000000000     <absolute>
 0000:00000000       __hybrid_auxiliary_iat     0000000000000000     <absolute>
 0000:00000000       __guard_longjmp_table      0000000000000000     <absolute>
 0000:00000000       __guard_longjmp_count      0000000000000000     <absolute>
 0000:00000000       __guard_fids_count         0000000000000000     <absolute>
 0000:00000000       __enclave_config           0000000000000000     <absolute>
 0000:00000000       ___safe_se_handler_table   0000000000000000     <absolute>
 0000:00000000       ___safe_se_handler_count   0000000000000000     <absolute>
 0000:00000000       __guard_fids_table         0000000000000000     <absolute>
 0000:00000100       __guard_flags              0000000000000100     <absolute>
 0000:00000000       __ImageBase                0000000180000000     <linker-defined>
 0001:00000000       __xc_a                     0000000180001000     LIBCMT:initializers.obj
 0001:00000008       __xc_z                     0000000180001008     LIBCMT:initializers.obj
 0001:00000010       __xi_a                     0000000180001010     LIBCMT:initializers.obj
 0001:00000018       __acrt_multibyte_initializer 0000000180001018     libucrt:multibyte_initializer.obj
 0001:00000020       __acrt_stdio_initializer   0000000180001020     libucrt:stdio_initializer.obj
 0001:00000028       __acrt_tran_fma3_initializer 0000000180001028     libucrt:fma3_initializer.obj
 0001:00000030       __xi_z                     0000000180001030     LIBCMT:initializers.obj
 0001:00000038       __xp_a                     0000000180001038     LIBCMT:initializers.obj
 0001:00000040       __acrt_locale_terminator   0000000180001040     libucrt:locale_initializer.obj
 0001:00000048       __dcrt_console_output_terminator 0000000180001048     libucrt:console_output_initializer.obj
 0001:00000050       __acrt_stdio_terminator    0000000180001050     libucrt:stdio_initializer.obj
 0001:00000058       __xp_z                     0000000180001058     LIBCMT:initializers.obj
 0001:00000060       __xt_a                     0000000180001060     LIBCMT:initializers.obj
 0001:00000068       __xt_z                     0000000180001068     LIBCMT:initializers.obj
 0001:00000070       MainGuid                   0000000180001070     Network.obj
 0001:00000080       MenuGuid                   0000000180001080     Network.obj
 0001:00000090       ConfigDialogGuid           0000000180001090     Network.obj
 0001:000000a0       DisconnectDialogGuid       00000001800010a0     Network.obj
 0001:000000b0       UserPassDialogGuid         00000001800010b0     Network.obj
 0001:000000c0       ??_C@_1BA@IFBJBPAK@?$AAN?$AAe?$AAt?$AAw?$AAo?$AAr?$AAk?$AA?$AA@ 00000001800010c0     Network.obj
 0001:000000d0       ??_C@_1DO@KECGBOGC@?$AAN?$AAe?$AAt?$AAw?$AAo?$AAr?$AAk?$AA?5?$AAP?$AAl?$AAu?$AAg?$AAi?$AAn?$AA?5?$AAf?$AAo?$AAr?$AA?5?$AAF?$AAa?$AAr?$AA?5?$AAM?$AAa?$AAn?$AAa?$AAg?$AAe?$AAr?$AA?$AA@ 00000001800010d0     Network.obj
 0001:00000110       ??_C@_1DE@BGKMIKPD@?$AAE?$AAu?$AAg?$AAe?$AAn?$AAe?$AA?5?$AAR?$AAo?$AAs?$AAh?$AAa?$AAl?$AA?5?$AA?$CG?$AA?5?$AAF?$AAa?$AAr?$AA?5?$AAG?$AAr?$AAo?$AAu?$AAp?$AA?$AA@ 0000000180001110     Network.obj
 0001:00000144       ??_C@_15LEKKCGMK@?$AA?2?$AA?2?$AA?$AA@ 0000000180001144     Network.obj
 0001:00000150       ??_C@_19HNBCINPI@?$AAn?$AAe?$AAt?$AAg?$AA?$AA@ 0000000180001150     Network.obj
 0001:00000160       ??_C@_17ODNIDLDN@?$AAn?$AAe?$AAt?$AA?$AA@ 0000000180001160     Network.obj
 0001:00000168       ??_C@_1BO@NGDOFANC@?$AAA?$AAd?$AAd?$AAT?$AAo?$AAD?$AAi?$AAs?$AAk?$AAs?$AAM?$AAe?$AAn?$AAu?$AA?$AA@ 0000000180001168     NetCfg.obj
 0001:00000188       ??_C@_1CC@PNNAOHJC@?$AAA?$AAd?$AAd?$AAT?$AAo?$AAP?$AAl?$AAu?$AAg?$AAi?$AAn?$AAs?$AAM?$AAe?$AAn?$AAu?$AA?$AA@ 0000000180001188     NetCfg.obj
 0001:000001b0       ??_C@_1BC@ENICKDH@?$AAC?$AAo?$AAn?$AAt?$AAe?$AAn?$AAt?$AAs?$AA?$AA@ 00000001800011b0     NetCfg.obj
 0001:000001c8       ??_C@_1BK@KLHOCBFH@?$AAH?$AAi?$AAd?$AAd?$AAe?$AAn?$AAS?$AAh?$AAa?$AAr?$AAe?$AAs?$AA?$AA@ 00000001800011c8     NetCfg.obj
 0001:000001e8       ??_C@_1BK@BMPKBAI@?$AAS?$AAh?$AAo?$AAw?$AAP?$AAr?$AAi?$AAn?$AAt?$AAe?$AAr?$AAs?$AA?$AA@ 00000001800011e8     NetCfg.obj
 0001:00000208       ??_C@_1BK@IMMOFPGP@?$AAL?$AAo?$AAc?$AAa?$AAl?$AAN?$AAe?$AAt?$AAw?$AAo?$AAr?$AAk?$AA?$AA@ 0000000180001208     NetCfg.obj
 0001:00000228       ??_C@_1BO@ONNGHKLG@?$AAD?$AAi?$AAs?$AAc?$AAo?$AAn?$AAn?$AAe?$AAc?$AAt?$AAM?$AAo?$AAd?$AAe?$AA?$AA@ 0000000180001228     NetCfg.obj
 0001:00000248       ??_C@_1CC@DJEEMKIM@?$AAR?$AAe?$AAm?$AAo?$AAv?$AAe?$AAC?$AAo?$AAn?$AAn?$AAe?$AAc?$AAt?$AAi?$AAo?$AAn?$AA?$AA@ 0000000180001248     NetCfg.obj
 0001:00000270       ??_C@_1CK@LKLAIIEF@?$AAH?$AAi?$AAd?$AAd?$AAe?$AAn?$AAS?$AAh?$AAa?$AAr?$AAe?$AAs?$AAA?$AAs?$AAH?$AAi?$AAd?$AAd?$AAe?$AAn?$AA?$AA@ 0000000180001270     NetCfg.obj
 0001:000002a0       ??_C@_1BO@FLKJOEGH@?$AAF?$AAu?$AAl?$AAl?$AAP?$AAa?$AAt?$AAh?$AAS?$AAh?$AAa?$AAr?$AAe?$AAs?$AA?$AA@ 00000001800012a0     NetCfg.obj
 0001:000002c0       ??_C@_1BO@LADGPGKF@?$AAF?$AAa?$AAv?$AAo?$AAr?$AAi?$AAt?$AAe?$AAs?$AAF?$AAl?$AAa?$AAg?$AAs?$AA?$AA@ 00000001800012c0     NetCfg.obj
 0001:000002e0       ??_C@_1CE@DLMGFKCB@?$AAN?$AAo?$AAR?$AAo?$AAo?$AAt?$AAD?$AAo?$AAu?$AAb?$AAl?$AAe?$AAP?$AAo?$AAi?$AAn?$AAt?$AA?$AA@ 00000001800012e0     NetCfg.obj
 0001:00000308       ??_C@_1CE@JCLLPGFN@?$AAN?$AAa?$AAv?$AAi?$AAg?$AAa?$AAt?$AAe?$AAT?$AAo?$AAD?$AAo?$AAm?$AAa?$AAi?$AAn?$AAs?$AA?$AA@ 0000000180001308     NetCfg.obj
 0001:00000330       ??_C@_1BE@OMHKNOGL@?$AAP?$AAa?$AAn?$AAe?$AAl?$AAM?$AAo?$AAd?$AAe?$AA?$AA@ 0000000180001330     NetCfg.obj
 0001:00000348       ??_7?$DialogItemBinding@UFarDialogItem@@@@6B@ 0000000180001348     NetCfg.obj
 0001:00000358       ??_7PluginCheckBoxBinding@@6B@ 0000000180001358     NetCfg.obj
 0001:00000368       ??_7PluginRadioButtonBinding@@6B@ 0000000180001368     NetCfg.obj
 0001:00000378       ??_7PluginIntEditFieldBinding@@6B@ 0000000180001378     NetCfg.obj
 0001:00000388       ??_C@_15EFLNJKHH@?$AA?$CF?$AAu?$AA?$AA@ 0000000180001388     NetCfg.obj
 0001:00000390       ??_7PluginUIntEditFieldBinding@@6B@ 0000000180001390     NetCfg.obj
 0001:000003a0       ??_7?$DialogBuilderBase@UFarDialogItem@@@@6B@ 00000001800013a0     NetCfg.obj
 0001:000003e8       ??_7PluginDialogBuilder@@6B@ 00000001800013e8     NetCfg.obj
 0001:00000430       ??_C@_11LOCGONAA@?$AA?$AA@ 0000000180001430     NetCfg.obj
 0001:00000438       ??_C@_1O@BJPKKLLM@?$AAC?$AAo?$AAn?$AAf?$AAi?$AAg?$AA?$AA@ 0000000180001438     NetCfg.obj
 0001:00000448       ??_C@_1BC@EJKAECLA@?$AAn?$AAe?$AAt?$AA?3?$AAn?$AAe?$AAt?$AAg?$AA?$AA@ 0000000180001448     NetCfg.obj
 0001:00000460       __xmm@ffffffffffffffff0000000000000002 0000000180001460     NetCfg.obj
 0001:00000470       __xmm@ffffffffffffffffffffffffffffffff 0000000180001470     NetCfg.obj
 0001:00000490       ??_7PluginEditFieldBinding@@6B@ 0000000180001490     NetClass.obj
 0001:000004a0       ??_C@_13DMCFHHKM@?$AA3?$AA?$AA@ 00000001800014a0     NetClass.obj
 0001:000004a8       ??_C@_1M@DFKENGJN@?$AA?$CF?$AAs?$AA?2?$AA?$CF?$AAs?$AA?$AA@ 00000001800014a8     NetClass.obj
 0001:000004b4       ??_C@_13GGAHEHIG@?$AA?$AB?$AA?$AA@ 00000001800014b4     NetClass.obj
 0001:000004b8       ??_C@_13LBAGMAIH@?$AA?6?$AA?$AA@ 00000001800014b8     NetClass.obj
 0001:000004c0       ??_C@_1BG@PFLPMIKK@?$AAN?$AAe?$AAt?$AAw?$AAo?$AAr?$AAk?$AA?2?$AA?$CF?$AAc?$AA?$AA@ 00000001800014c0     NetClass.obj
 0001:000004d8       ??_C@_1CA@FPAJCONG@?$AAD?$AAi?$AAs?$AAc?$AAo?$AAn?$AAn?$AAe?$AAc?$AAt?$AAD?$AAr?$AAi?$AAv?$AAe?$AA?$AA@ 00000001800014d8     NetClass.obj
 0001:000004f8       ??_C@_1BC@BDJLNJKB@?$AA?5?$AA?$CF?$AAs?$AA?3?$AA?5?$AA?$CF?$AAs?$AA?5?$AA?$AA@ 00000001800014f8     NetClass.obj
 0001:00000510       ??_C@_1BA@LKKFCKCJ@?$AAN?$AA?0?$AAC?$AA0?$AA?0?$AAC?$AA1?$AA?$AA@ 0000000180001510     NetClass.obj
 0001:00000520       ??_C@_1M@ICMPIFCG@?$AA0?$AA?0?$AA2?$AA?0?$AA0?$AA?$AA@ 0000000180001520     NetClass.obj
 0001:00000530       ??_C@_19ELDIFHOA@?$AAN?$AA?0?$AAC?$AA0?$AA?$AA@ 0000000180001530     NetClass.obj
 0001:00000540       ??_C@_17DFFMIGIM@?$AA0?$AA?0?$AA2?$AA?$AA@ 0000000180001540     NetClass.obj
 0001:00000548       ??_C@_13FPGAJAPJ@?$AA?2?$AA?$AA@ 0000000180001548     NetClass.obj
 0001:0000054c       ??_C@_15DDHGOCBH@?$AA?4?$AA?4?$AA?$AA@ 000000018000154c     NetClass.obj
 0001:00000558       ??_C@_1BE@DEAPIJA@?$AAM?$AAi?$AAc?$AAr?$AAo?$AAs?$AAo?$AAf?$AAt?$AA?$AA@ 0000000180001558     NetClass.obj
 0001:00000570       ??_C@_1CC@FMHKFHHK@?$AAT?$AAh?$AAi?$AAs?$AA?5?$AAi?$AAs?$AA?5?$AAa?$AA?5?$AAd?$AAo?$AAm?$AAa?$AAi?$AAn?$AA?$AA@ 0000000180001570     NetClass.obj
 0001:00000598       ??_C@_19IEEMEPMH@?$AAD?$AAa?$AAt?$AAa?$AA?$AA@ 0000000180001598     NetClass.obj
 0001:000005a8       ??_C@_1CC@LMAEILBC@?$AAT?$AAh?$AAi?$AAs?$AA?5?$AAi?$AAs?$AA?5?$AAa?$AA?5?$AAS?$AAE?$AAR?$AAV?$AAE?$AAR?$AA?$AA@ 00000001800015a8     NetClass.obj
 0001:000005d0       ??_C@_19POFGONBN@?$AA?$CG?$AA?$CF?$AAc?$AA?3?$AA?$AA@ 00000001800015d0     NetClass.obj
 0001:000005dc       ??_C@_13EFKPHINO@?$AA?$EA?$AA?$AA@ 00000001800015dc     NetClass.obj
 0001:000005e0       ??_C@_1M@JNLNDDIN@?$AA?$CF?$AAT?$AAM?$AAP?$AA?$CF?$AA?$AA@ 00000001800015e0     NetClass.obj
 0001:000005f0       ??_C@_1BI@LJGELBNP@?$AAN?$AAe?$AAt?$AAw?$AAo?$AAr?$AAk?$AAU?$AAs?$AAe?$AAr?$AA?$AA@ 00000001800015f0     NetClass.obj
 0001:00000608       ??_C@_15PCEAIKAA@?$AA?4?$AA?2?$AA?$AA@ 0000000180001608     NetClass.obj
 0001:00000610       ??_C@_13HOIJIPNN@?$AA?5?$AA?$AA@ 0000000180001610     NetClass.obj
 0001:00000614       ??_C@_15JNBOKNOG@?$AA?$AN?$AA?6?$AA?$AA@ 0000000180001614     NetClass.obj
 0001:00000620       ??_C@_1BI@HGBMBLHP@?$AA?2?$AA?2?$AA?$DP?$AA?2?$AAU?$AAN?$AAC?$AA?$CF?$AAs?$AA?2?$AA?$CK?$AA?$AA@ 0000000180001620     NetClass.obj
 0001:00000638       ??_C@_19CDBNEOLI@?$AA?$CF?$AAs?$AA?2?$AA?$CK?$AA?$AA@ 0000000180001638     NetClass.obj
 0001:00000648       ??_C@_1BM@EONNLOAH@?$AAR?$AAe?$AAm?$AAo?$AAv?$AAe?$AAI?$AAt?$AAe?$AAm?$AAF?$AAa?$AAv?$AA?$AA@ 0000000180001648     NetClass.obj
 0001:00000668       ??_C@_1DA@CMNOOJGO@?$AAF?$AAa?$AAi?$AAl?$AAe?$AAd?$AA?5?$AAt?$AAo?$AA?5?$AAc?$AAr?$AAe?$AAa?$AAt?$AAe?$AA?5?$AAf?$AAo?$AAl?$AAd?$AAe?$AAr?$AA?$AA@ 0000000180001668     NetClass.obj
 0001:00000698       ??_C@_19INGAAIIO@?$AAI?$AAP?$AAC?$AA$?$AA?$AA@ 0000000180001698     NetClass.obj
 0001:000006a8       ??_C@_1BE@BIEMJOKH@?$AAN?$AAe?$AAw?$AAF?$AAo?$AAl?$AAd?$AAe?$AAr?$AA?$AA@ 00000001800016a8     NetCommon.obj
 0001:000006c0       ??_C@_1BK@LDEGEPBC@?$AAF?$AAo?$AAl?$AAd?$AAe?$AAr?$AA?5?$AAn?$AAa?$AAm?$AAe?$AA?3?$AA?$AA@ 00000001800016c0     NetCommon.obj
 0001:000006e0       ??_C@_1BI@PJIFJHLI@?$AAM?$AAa?$AAk?$AAe?$AA?5?$AAF?$AAo?$AAl?$AAd?$AAe?$AAr?$AA?$AA@ 00000001800016e0     NetCommon.obj
 0001:000006f8       ??_C@_15MNCACJLI@?$AA?2?$AA?1?$AA?$AA@ 00000001800016f8     NetFavorites.obj
 0001:00000700       ??_C@_1BK@GCNMKDHP@?$AAF?$AAa?$AAv?$AAo?$AAr?$AAi?$AAt?$AAe?$AAs?$AA?2?$AA?$CF?$AAs?$AA?$AA@ 0000000180001700     NetFavorites.obj
 0001:00000720       ??_C@_1BE@PDPMPIAC@?$AAF?$AAa?$AAv?$AAo?$AAr?$AAi?$AAt?$AAe?$AAs?$AA?$AA@ 0000000180001720     NetFavorites.obj
 0001:00000738       _pRawDllMain               0000000180001738     LIBCMT:dll_dllmain.obj
 0001:00000738       _pDefaultRawDllMain        0000000180001738     LIBCMT:dll_dllmain.obj
 0001:00000748       ??_7exception@std@@6B@     0000000180001748     LIBCMT:throw_bad_alloc.obj
 0001:00000758       ??_C@_0BC@EOODALEL@Unknown?5exception?$AA@ 0000000180001758     LIBCMT:throw_bad_alloc.obj
 0001:00000778       ??_7bad_alloc@std@@6B@     0000000180001778     LIBCMT:throw_bad_alloc.obj
 0001:00000788       ??_C@_0P@GHFPNOJB@bad?5allocation?$AA@ 0000000180001788     LIBCMT:throw_bad_alloc.obj
 0001:000007a0       ??_7bad_array_new_length@std@@6B@ 00000001800017a0     LIBCMT:throw_bad_alloc.obj
 0001:000007b0       ??_C@_0BF@KINCDENJ@bad?5array?5new?5length?$AA@ 00000001800017b0     LIBCMT:throw_bad_alloc.obj
 0001:000007d0       ??_7type_info@@6B@         00000001800017d0     LIBCMT:std_type_info_static.obj
 0001:00000b50       ??_C@_08EHJDFFNH@__based?$CI?$AA@ 0000000180001b50     libvcruntime:undname.obj
 0001:00000b60       ??_C@_07KOLFKCDI@__cdecl?$AA@ 0000000180001b60     libvcruntime:undname.obj
 0001:00000b68       ??_C@_08GHMPAG@__pascal?$AA@ 0000000180001b68     libvcruntime:undname.obj
 0001:00000b78       ??_C@_09IFJBGAPI@__stdcall?$AA@ 0000000180001b78     libvcruntime:undname.obj
 0001:00000b88       ??_C@_0L@NPHFGOKO@__thiscall?$AA@ 0000000180001b88     libvcruntime:undname.obj
 0001:00000b98       ??_C@_0L@JMKHOMEK@__fastcall?$AA@ 0000000180001b98     libvcruntime:undname.obj
 0001:00000ba8       ??_C@_0N@BCKKPABJ@__vectorcall?$AA@ 0000000180001ba8     libvcruntime:undname.obj
 0001:00000bb8       ??_C@_09HIJEGCPM@__clrcall?$AA@ 0000000180001bb8     libvcruntime:undname.obj
 0001:00000bc4       ??_C@_06GHPCKEAG@__eabi?$AA@ 0000000180001bc4     libvcruntime:undname.obj
 0001:00000bd0       ??_C@_07EECFKIPL@__swift?$AA@ 0000000180001bd0     libvcruntime:undname.obj
 0001:00000bd8       ??_C@_07JOMMBBKO@__ptr64?$AA@ 0000000180001bd8     libvcruntime:undname.obj
 0001:00000be0       ??_C@_0L@PILCLIHE@__restrict?$AA@ 0000000180001be0     libvcruntime:undname.obj
 0001:00000bf0       ??_C@_0M@GFIIJFMG@__unaligned?$AA@ 0000000180001bf0     libvcruntime:undname.obj
 0001:00000c00       ??_C@_09DHDLOLLB@restrict?$CI?$AA@ 0000000180001c00     libvcruntime:undname.obj
 0001:00000c0a       ??_C@_00CNPNBAHC@?$AA@     0000000180001c0a     libvcruntime:undname.obj
 0001:00000c0c       ??_C@_04NIHEBCM@?5new?$AA@ 0000000180001c0c     libvcruntime:undname.obj
 0001:00000c18       ??_C@_07FPCDHGMM@?5delete?$AA@ 0000000180001c18     libvcruntime:undname.obj
 0001:00000c20       ??_C@_01NEMOKFLO@?$DN?$AA@ 0000000180001c20     libvcruntime:undname.obj
 0001:00000c24       ??_C@_02GPIOPFAK@?$DO?$DO?$AA@ 0000000180001c24     libvcruntime:undname.obj
 0001:00000c28       ??_C@_02FODMEDOG@?$DM?$DM?$AA@ 0000000180001c28     libvcruntime:undname.obj
 0001:00000c2c       ??_C@_01DCLJPIOD@?$CB?$AA@ 0000000180001c2c     libvcruntime:undname.obj
 0001:00000c30       ??_C@_02EGOFBIJA@?$DN?$DN?$AA@ 0000000180001c30     libvcruntime:undname.obj
 0001:00000c34       ??_C@_02FDNJECIE@?$CB?$DN?$AA@ 0000000180001c34     libvcruntime:undname.obj
 0001:00000c38       ??_C@_02GPECMEKF@?$FL?$FN?$AA@ 0000000180001c38     libvcruntime:undname.obj
 0001:00000c40       ??_C@_08LHJFAFGD@operator?$AA@ 0000000180001c40     libvcruntime:undname.obj
 0001:00000c4c       ??_C@_02HBOOOICD@?9?$DO?$AA@ 0000000180001c4c     libvcruntime:undname.obj
 0001:00000c50       ??_C@_01NBENCBCI@?$CK?$AA@ 0000000180001c50     libvcruntime:undname.obj
 0001:00000c54       ??_C@_02ECNGHCIF@?$CL?$CL?$AA@ 0000000180001c54     libvcruntime:undname.obj
 0001:00000c58       ??_C@_02BAABKJLB@?9?9?$AA@ 0000000180001c58     libvcruntime:undname.obj
 0001:00000c5c       ??_C@_01JOAMLHOP@?9?$AA@   0000000180001c5c     libvcruntime:undname.obj
 0001:00000c60       ??_C@_01MIFGBAGJ@?$CL?$AA@ 0000000180001c60     libvcruntime:undname.obj
 0001:00000c64       ??_C@_01HNPIGOCE@?$CG?$AA@ 0000000180001c64     libvcruntime:undname.obj
 0001:00000c68       ??_C@_03MNHNFDLC@?9?$DO?$CK?$AA@ 0000000180001c68     libvcruntime:undname.obj
 0001:00000c6c       ??_C@_01KMDKNFGN@?1?$AA@   0000000180001c6c     libvcruntime:undname.obj
 0001:00000c70       ??_C@_01FGNFDNOH@?$CF?$AA@ 0000000180001c70     libvcruntime:undname.obj
 0001:00000c74       ??_C@_01MNNFJEPP@?$DM?$AA@ 0000000180001c74     libvcruntime:undname.obj
 0001:00000c78       ??_C@_02EHCHHCKH@?$DM?$DN?$AA@ 0000000180001c78     libvcruntime:undname.obj
 0001:00000c7c       ??_C@_01PPODPGHN@?$DO?$AA@ 0000000180001c7c     libvcruntime:undname.obj
 0001:00000c80       ??_C@_02EEKDKGMJ@?$DO?$DN?$AA@ 0000000180001c80     libvcruntime:undname.obj
 0001:00000c84       ??_C@_01IHBHIGKO@?0?$AA@   0000000180001c84     libvcruntime:undname.obj
 0001:00000c88       ??_C@_02HCKGKOFO@?$CI?$CJ?$AA@ 0000000180001c88     libvcruntime:undname.obj
 0001:00000c8c       ??_C@_01PJKLJHI@?$HO?$AA@  0000000180001c8c     libvcruntime:undname.obj
 0001:00000c90       ??_C@_01JKBOJNNK@?$FO?$AA@ 0000000180001c90     libvcruntime:undname.obj
 0001:00000c94       ??_C@_01DNKMNLPK@?$HM?$AA@ 0000000180001c94     libvcruntime:undname.obj
 0001:00000c98       ??_C@_02PPKAJPJL@?$CG?$CG?$AA@ 0000000180001c98     libvcruntime:undname.obj
 0001:00000c9c       ??_C@_02NONPIBCD@?$HM?$HM?$AA@ 0000000180001c9c     libvcruntime:undname.obj
 0001:00000ca0       ??_C@_02FPIMKNGF@?$CK?$DN?$AA@ 0000000180001ca0     libvcruntime:undname.obj
 0001:00000ca4       ??_C@_02FOEOMHFC@?$CL?$DN?$AA@ 0000000180001ca4     libvcruntime:undname.obj
 0001:00000ca8       ??_C@_02FKMDLLOA@?9?$DN?$AA@ 0000000180001ca8     libvcruntime:undname.obj
 0001:00000cac       ??_C@_02FJEHGPIO@?1?$DN?$AA@ 0000000180001cac     libvcruntime:undname.obj
 0001:00000cb0       ??_C@_02FENAOKFI@?$CF?$DN?$AA@ 0000000180001cb0     libvcruntime:undname.obj
 0001:00000cb4       ??_C@_03IKFCCPFF@?$DO?$DO?$DN?$AA@ 0000000180001cb4     libvcruntime:undname.obj
 0001:00000cb8       ??_C@_03CDNPDDLA@?$DM?$DM?$DN?$AA@ 0000000180001cb8     libvcruntime:undname.obj
 0001:00000cbc       ??_C@_02FGJGFEAB@?$CG?$DN?$AA@ 0000000180001cbc     libvcruntime:undname.obj
 0001:00000cc0       ??_C@_02DHLNPPGH@?$HM?$DN?$AA@ 0000000180001cc0     libvcruntime:undname.obj
 0001:00000cc4       ??_C@_02MHEGNOJ@?$FO?$DN?$AA@ 0000000180001cc4     libvcruntime:undname.obj
 0001:00000cc8       ??_C@_09IFPLHPGF@?$GAvftable?8?$AA@ 0000000180001cc8     libvcruntime:undname.obj
 0001:00000cd8       ??_C@_09BLBHBJP@?$GAvbtable?8?$AA@ 0000000180001cd8     libvcruntime:undname.obj
 0001:00000ce8       ??_C@_07FEEIOKP@?$GAvcall?8?$AA@ 0000000180001ce8     libvcruntime:undname.obj
 0001:00000cf0       ??_C@_08LLFFHHDJ@?$GAtypeof?8?$AA@ 0000000180001cf0     libvcruntime:undname.obj
 0001:00000d00       ??_C@_0BF@KDPPACIK@?$GAlocal?5static?5guard?8?$AA@ 0000000180001d00     libvcruntime:undname.obj
 0001:00000d18       ??_C@_08OBABFOLI@?$GAstring?8?$AA@ 0000000180001d18     libvcruntime:undname.obj
 0001:00000d28       ??_C@_0BD@JDLKDPAB@?$GAvbase?5destructor?8?$AA@ 0000000180001d28     libvcruntime:undname.obj
 0001:00000d40       ??_C@_0BN@DEGPLNFK@?$GAvector?5deleting?5destructor?8?$AA@ 0000000180001d40     libvcruntime:undname.obj
 0001:00000d60       ??_C@_0BO@OBMKPJIG@?$GAdefault?5constructor?5closure?8?$AA@ 0000000180001d60     libvcruntime:undname.obj
 0001:00000d80       ??_C@_0BN@IMDCHIKM@?$GAscalar?5deleting?5destructor?8?$AA@ 0000000180001d80     libvcruntime:undname.obj
 0001:00000da0       ??_C@_0BO@PFGOCPJJ@?$GAvector?5constructor?5iterator?8?$AA@ 0000000180001da0     libvcruntime:undname.obj
 0001:00000dc0       ??_C@_0BN@LFPFMEDL@?$GAvector?5destructor?5iterator?8?$AA@ 0000000180001dc0     libvcruntime:undname.obj
 0001:00000de0       ??_C@_0CE@IKBNEHA@?$GAvector?5vbase?5constructor?5iterat@ 0000000180001de0     libvcruntime:undname.obj
 0001:00000e08       ??_C@_0BL@NILFHHPC@?$GAvirtual?5displacement?5map?8?$AA@ 0000000180001e08     libvcruntime:undname.obj
 0001:00000e28       ??_C@_0CB@JONCMFFK@?$GAeh?5vector?5constructor?5iterator?8@ 0000000180001e28     libvcruntime:undname.obj
 0001:00000e50       ??_C@_0CA@GCEOPDGL@?$GAeh?5vector?5destructor?5iterator?8?$AA@ 0000000180001e50     libvcruntime:undname.obj
 0001:00000e70       ??_C@_0CH@OOJPLCPH@?$GAeh?5vector?5vbase?5constructor?5ite@ 0000000180001e70     libvcruntime:undname.obj
 0001:00000e98       ??_C@_0BL@LLKPOHJI@?$GAcopy?5constructor?5closure?8?$AA@ 0000000180001e98     libvcruntime:undname.obj
 0001:00000eb8       ??_C@_0BA@KBCDOMBN@?$GAudt?5returning?8?$AA@ 0000000180001eb8     libvcruntime:undname.obj
 0001:00000ec8       ??_C@_03KLGMFNMG@?$GAEH?$AA@ 0000000180001ec8     libvcruntime:undname.obj
 0001:00000ecc       ??_C@_05KHLCHHI@?$GARTTI?$AA@ 0000000180001ecc     libvcruntime:undname.obj
 0001:00000ed8       ??_C@_0BA@KKLDJDLB@?$GAlocal?5vftable?8?$AA@ 0000000180001ed8     libvcruntime:undname.obj
 0001:00000ee8       ??_C@_0CE@IIHCMGGL@?$GAlocal?5vftable?5constructor?5closu@ 0000000180001ee8     libvcruntime:undname.obj
 0001:00000f0c       ??_C@_06FHBGPFGH@?5new?$FL?$FN?$AA@ 0000000180001f0c     libvcruntime:undname.obj
 0001:00000f18       ??_C@_09LBNFPBCA@?5delete?$FL?$FN?$AA@ 0000000180001f18     libvcruntime:undname.obj
 0001:00000f28       ??_C@_0P@HJKNJFNN@?$GAomni?5callsig?8?$AA@ 0000000180001f28     libvcruntime:undname.obj
 0001:00000f38       ??_C@_0BL@CNOONJFP@?$GAplacement?5delete?5closure?8?$AA@ 0000000180001f38     libvcruntime:undname.obj
 0001:00000f58       ??_C@_0BN@CKNJLHMB@?$GAplacement?5delete?$FL?$FN?5closure?8?$AA@ 0000000180001f58     libvcruntime:undname.obj
 0001:00000f78       ??_C@_0CG@CFDHKGGD@?$GAmanaged?5vector?5constructor?5iter@ 0000000180001f78     libvcruntime:undname.obj
 0001:00000fa0       ??_C@_0CF@IMGKMJNO@?$GAmanaged?5vector?5destructor?5itera@ 0000000180001fa0     libvcruntime:undname.obj
 0001:00000fc8       ??_C@_0CG@HLDDJMAG@?$GAeh?5vector?5copy?5constructor?5iter@ 0000000180001fc8     libvcruntime:undname.obj
 0001:00000ff0       ??_C@_0CM@FCBBDIGB@?$GAeh?5vector?5vbase?5copy?5constructo@ 0000000180001ff0     libvcruntime:undname.obj
 0001:00001020       ??_C@_0BL@CLIPGLGB@?$GAdynamic?5initializer?5for?5?8?$AA@ 0000000180002020     libvcruntime:undname.obj
 0001:00001040       ??_C@_0CB@PDBIFEP@?$GAdynamic?5atexit?5destructor?5for?5?8@ 0000000180002040     libvcruntime:undname.obj
 0001:00001068       ??_C@_0CD@CGAJBKEJ@?$GAvector?5copy?5constructor?5iterato@ 0000000180002068     libvcruntime:undname.obj
 0001:00001090       ??_C@_0CJ@GJELGAMM@?$GAvector?5vbase?5copy?5constructor?5i@ 0000000180002090     libvcruntime:undname.obj
 0001:000010c0       ??_C@_0CL@FGIJHLCE@?$GAmanaged?5vector?5copy?5constructor@ 00000001800020c0     libvcruntime:undname.obj
 0001:000010f0       ??_C@_0BM@PMGGMLDN@?$GAlocal?5static?5thread?5guard?8?$AA@ 00000001800020f0     libvcruntime:undname.obj
 0001:00001110       ??_C@_0N@BDNMDMOL@operator?5?$CC?$CC?5?$AA@ 0000000180002110     libvcruntime:undname.obj
 0001:00001120       ??_C@_0BC@GGEBGALA@operator?5co_await?$AA@ 0000000180002120     libvcruntime:undname.obj
 0001:00001138       ??_C@_0BC@DAFEJGAK@?5Type?5Descriptor?8?$AA@ 0000000180002138     libvcruntime:undname.obj
 0001:00001150       ??_C@_0BM@LDKODKLH@?5Base?5Class?5Descriptor?5at?5?$CI?$AA@ 0000000180002150     libvcruntime:undname.obj
 0001:00001170       ??_C@_0BD@LGICGFMM@?5Base?5Class?5Array?8?$AA@ 0000000180002170     libvcruntime:undname.obj
 0001:00001188       ??_C@_0BN@MECKDCOJ@?5Class?5Hierarchy?5Descriptor?8?$AA@ 0000000180002188     libvcruntime:undname.obj
 0001:000011a8       ??_C@_0BK@CFCOFLF@?5Complete?5Object?5Locator?8?$AA@ 00000001800021a8     libvcruntime:undname.obj
 0001:000011e0       ??_C@_1DM@KHCHBNEB@?$AAa?$AAp?$AAi?$AA?9?$AAm?$AAs?$AA?9?$AAw?$AAi?$AAn?$AA?9?$AAc?$AAo?$AAr?$AAe?$AA?9?$AAf?$AAi?$AAb?$AAe?$AAr?$AAs?$AA?9?$AAl?$AA1?$AA?9?$AA1?$AA?9?$AA1?$AA?$AA@ 00000001800021e0     libvcruntime:winapi_downlevel.obj
 0001:00001220       ??_C@_1DK@LPPGFMPP@?$AAa?$AAp?$AAi?$AA?9?$AAm?$AAs?$AA?9?$AAw?$AAi?$AAn?$AA?9?$AAc?$AAo?$AAr?$AAe?$AA?9?$AAs?$AAy?$AAn?$AAc?$AAh?$AA?9?$AAl?$AA1?$AA?9?$AA2?$AA?9?$AA0?$AA?$AA@ 0000000180002220     libvcruntime:winapi_downlevel.obj
 0001:00001260       ??_C@_1BC@GDMECMAK@?$AAk?$AAe?$AAr?$AAn?$AAe?$AAl?$AA3?$AA2?$AA?$AA@ 0000000180002260     libvcruntime:winapi_downlevel.obj
 0001:00001278       ??_C@_1BA@PFFKHIOG@?$AAa?$AAp?$AAi?$AA?9?$AAm?$AAs?$AA?9?$AA?$AA@ 0000000180002278     libvcruntime:winapi_downlevel.obj
 0001:00001288       ??_C@_1BA@IAIFMGEF@?$AAe?$AAx?$AAt?$AA?9?$AAm?$AAs?$AA?9?$AA?$AA@ 0000000180002288     libvcruntime:winapi_downlevel.obj
 0001:000012a0       ??_C@_08KNHFBNJ@FlsAlloc?$AA@ 00000001800022a0     libvcruntime:winapi_downlevel.obj
 0001:000012b8       ??_C@_07PEJMOBNF@FlsFree?$AA@ 00000001800022b8     libvcruntime:winapi_downlevel.obj
 0001:000012c8       ??_C@_0M@GDNOONDI@FlsGetValue?$AA@ 00000001800022c8     libvcruntime:winapi_downlevel.obj
 0001:000012e0       ??_C@_0M@JCPCPOEF@FlsSetValue?$AA@ 00000001800022e0     libvcruntime:winapi_downlevel.obj
 0001:000012f8       ??_C@_0BM@HCFOFFN@InitializeCriticalSectionEx?$AA@ 00000001800022f8     libvcruntime:winapi_downlevel.obj
 0001:00001318       _pDestructExceptionObject  0000000180002318     libvcruntime:ehhelpers.obj
 0001:00001320       __acrt_exception_action_table 0000000180002320     libucrt:exception_filter.obj
 0001:000013e0       __acrt_signal_action_table_count 00000001800023e0     libucrt:exception_filter.obj
 0001:000013e8       __acrt_signal_action_first_fpe_index 00000001800023e8     libucrt:exception_filter.obj
 0001:000013f0       __acrt_signal_action_fpe_count 00000001800023f0     libucrt:exception_filter.obj
 0001:000013f8       ??_C@_1BI@BGOHAHKC@?$AAm?$AAs?$AAc?$AAo?$AAr?$AAe?$AAe?$AA?4?$AAd?$AAl?$AAl?$AA?$AA@ 00000001800023f8     libucrt:exit.obj
 0001:00001410       ??_C@_0P@MIGLKIOC@CorExitProcess?$AA@ 0000000180002410     libucrt:exit.obj
 0001:000016a0       ??_C@_1M@HPNHIDJI@?$AAj?$AAa?$AA?9?$AAJ?$AAP?$AA?$AA@ 00000001800026a0     libucrt:mbctype.obj
 0001:000016b0       ??_C@_1M@BIBDDEMK@?$AAz?$AAh?$AA?9?$AAC?$AAN?$AA?$AA@ 00000001800026b0     libucrt:mbctype.obj
 0001:000016c0       ??_C@_1M@JLOOOEGK@?$AAk?$AAo?$AA?9?$AAK?$AAR?$AA?$AA@ 00000001800026c0     libucrt:mbctype.obj
 0001:000016d0       ??_C@_1M@CLNBBOPM@?$AAz?$AAh?$AA?9?$AAT?$AAW?$AA?$AA@ 00000001800026d0     libucrt:mbctype.obj
 0001:00001780       ??_C@_1EA@JGEFHKEI@?$AAa?$AAp?$AAi?$AA?9?$AAm?$AAs?$AA?9?$AAw?$AAi?$AAn?$AA?9?$AAc?$AAo?$AAr?$AAe?$AA?9?$AAd?$AAa?$AAt?$AAe?$AAt?$AAi?$AAm?$AAe?$AA?9?$AAl?$AA1?$AA?9?$AA1?$AA?9?$AA1?$AA?$AA@ 0000000180002780     libucrt:winapi_thunks.obj
 0001:000017c0       ??_C@_1DI@IJCEHOCB@?$AAa?$AAp?$AAi?$AA?9?$AAm?$AAs?$AA?9?$AAw?$AAi?$AAn?$AA?9?$AAc?$AAo?$AAr?$AAe?$AA?9?$AAf?$AAi?$AAl?$AAe?$AA?9?$AAl?$AA1?$AA?9?$AA2?$AA?9?$AA2?$AA?$AA@ 00000001800027c0     libucrt:winapi_thunks.obj
 0001:00001800       ??_C@_1EI@MPIAOHOC@?$AAa?$AAp?$AAi?$AA?9?$AAm?$AAs?$AA?9?$AAw?$AAi?$AAn?$AA?9?$AAc?$AAo?$AAr?$AAe?$AA?9?$AAl?$AAo?$AAc?$AAa?$AAl?$AAi?$AAz?$AAa?$AAt?$AAi?$AAo?$AAn?$AA?9?$AAl?$AA1?$AA?9@ 0000000180002800     libucrt:winapi_thunks.obj
 0001:00001850       ??_C@_1FK@FPHCKFIE@?$AAa?$AAp?$AAi?$AA?9?$AAm?$AAs?$AA?9?$AAw?$AAi?$AAn?$AA?9?$AAc?$AAo?$AAr?$AAe?$AA?9?$AAl?$AAo?$AAc?$AAa?$AAl?$AAi?$AAz?$AAa?$AAt?$AAi?$AAo?$AAn?$AA?9?$AAo?$AAb?$AAs@ 0000000180002850     libucrt:winapi_thunks.obj
 0001:000018b0       ??_C@_1EM@DILCGIIO@?$AAa?$AAp?$AAi?$AA?9?$AAm?$AAs?$AA?9?$AAw?$AAi?$AAn?$AA?9?$AAc?$AAo?$AAr?$AAe?$AA?9?$AAp?$AAr?$AAo?$AAc?$AAe?$AAs?$AAs?$AAt?$AAh?$AAr?$AAe?$AAa?$AAd?$AAs?$AA?9?$AAl@ 00000001800028b0     libucrt:winapi_thunks.obj
 0001:00001900       ??_C@_1DM@LNCGDDPN@?$AAa?$AAp?$AAi?$AA?9?$AAm?$AAs?$AA?9?$AAw?$AAi?$AAn?$AA?9?$AAc?$AAo?$AAr?$AAe?$AA?9?$AAs?$AAt?$AAr?$AAi?$AAn?$AAg?$AA?9?$AAl?$AA1?$AA?9?$AA1?$AA?9?$AA0?$AA?$AA@ 0000000180002900     libucrt:winapi_thunks.obj
 0001:00001940       ??_C@_1DO@FPAPJEMD@?$AAa?$AAp?$AAi?$AA?9?$AAm?$AAs?$AA?9?$AAw?$AAi?$AAn?$AA?9?$AAc?$AAo?$AAr?$AAe?$AA?9?$AAs?$AAy?$AAs?$AAi?$AAn?$AAf?$AAo?$AA?9?$AAl?$AA1?$AA?9?$AA2?$AA?9?$AA1?$AA?$AA@ 0000000180002940     libucrt:winapi_thunks.obj
 0001:00001980       ??_C@_1DK@NDHNAHIO@?$AAa?$AAp?$AAi?$AA?9?$AAm?$AAs?$AA?9?$AAw?$AAi?$AAn?$AA?9?$AAc?$AAo?$AAr?$AAe?$AA?9?$AAw?$AAi?$AAn?$AAr?$AAt?$AA?9?$AAl?$AA1?$AA?9?$AA1?$AA?9?$AA0?$AA?$AA@ 0000000180002980     libucrt:winapi_thunks.obj
 0001:000019c0       ??_C@_1DM@KGHDGBCM@?$AAa?$AAp?$AAi?$AA?9?$AAm?$AAs?$AA?9?$AAw?$AAi?$AAn?$AA?9?$AAc?$AAo?$AAr?$AAe?$AA?9?$AAx?$AAs?$AAt?$AAa?$AAt?$AAe?$AA?9?$AAl?$AA2?$AA?9?$AA1?$AA?9?$AA0?$AA?$AA@ 00000001800029c0     libucrt:winapi_thunks.obj
 0001:00001a00       ??_C@_1EO@IJIOEFOH@?$AAa?$AAp?$AAi?$AA?9?$AAm?$AAs?$AA?9?$AAw?$AAi?$AAn?$AA?9?$AAr?$AAt?$AAc?$AAo?$AAr?$AAe?$AA?9?$AAn?$AAt?$AAu?$AAs?$AAe?$AAr?$AA?9?$AAw?$AAi?$AAn?$AAd?$AAo?$AAw?$AA?9@ 0000000180002a00     libucrt:winapi_thunks.obj
 0001:00001a50       ??_C@_1FG@HHGEKANL@?$AAa?$AAp?$AAi?$AA?9?$AAm?$AAs?$AA?9?$AAw?$AAi?$AAn?$AA?9?$AAs?$AAe?$AAc?$AAu?$AAr?$AAi?$AAt?$AAy?$AA?9?$AAs?$AAy?$AAs?$AAt?$AAe?$AAm?$AAf?$AAu?$AAn?$AAc?$AAt?$AAi@ 0000000180002a50     libucrt:winapi_thunks.obj
 0001:00001ab0       ??_C@_1EG@DBIOJECG@?$AAe?$AAx?$AAt?$AA?9?$AAm?$AAs?$AA?9?$AAw?$AAi?$AAn?$AA?9?$AAn?$AAt?$AAu?$AAs?$AAe?$AAr?$AA?9?$AAd?$AAi?$AAa?$AAl?$AAo?$AAg?$AAb?$AAo?$AAx?$AA?9?$AAl?$AA1?$AA?9?$AA1@ 0000000180002ab0     libucrt:winapi_thunks.obj
 0001:00001b00       ??_C@_1EO@FIHMJCLF@?$AAe?$AAx?$AAt?$AA?9?$AAm?$AAs?$AA?9?$AAw?$AAi?$AAn?$AA?9?$AAn?$AAt?$AAu?$AAs?$AAe?$AAr?$AA?9?$AAw?$AAi?$AAn?$AAd?$AAo?$AAw?$AAs?$AAt?$AAa?$AAt?$AAi?$AAo?$AAn?$AA?9@ 0000000180002b00     libucrt:winapi_thunks.obj
 0001:00001b50       ??_C@_1BC@DNHGCMLG@?$AAa?$AAd?$AAv?$AAa?$AAp?$AAi?$AA3?$AA2?$AA?$AA@ 0000000180002b50     libucrt:winapi_thunks.obj
 0001:00001b68       ??_C@_1M@OAIMIKLP@?$AAn?$AAt?$AAd?$AAl?$AAl?$AA?$AA@ 0000000180002b68     libucrt:winapi_thunks.obj
 0001:00001b80       ??_C@_1EG@DPGNFKGC@?$AAa?$AAp?$AAi?$AA?9?$AAm?$AAs?$AA?9?$AAw?$AAi?$AAn?$AA?9?$AAa?$AAp?$AAp?$AAm?$AAo?$AAd?$AAe?$AAl?$AA?9?$AAr?$AAu?$AAn?$AAt?$AAi?$AAm?$AAe?$AA?9?$AAl?$AA1?$AA?9?$AA1@ 0000000180002b80     libucrt:winapi_thunks.obj
 0001:00001bc8       ??_C@_1O@BCCLBEOE@?$AAu?$AAs?$AAe?$AAr?$AA3?$AA2?$AA?$AA@ 0000000180002bc8     libucrt:winapi_thunks.obj
 0001:00001c08       ??_C@_0O@KKBNKAPF@LCMapStringEx?$AA@ 0000000180002c08     libucrt:winapi_thunks.obj
 0001:00001c20       ??_C@_0BB@HBDEELFH@LocaleNameToLCID?$AA@ 0000000180002c20     libucrt:winapi_thunks.obj
 0001:00001c38       ??_C@_0CF@OJOFEIGO@AppPolicyGetProcessTerminationMe@ 0000000180002c38     libucrt:winapi_thunks.obj
 0001:00001c60       __lc_time_c                0000000180002c60     libucrt:nlsdata.obj
 0001:00001f20       ??_C@_03KOEHGMDN@Sun?$AA@  0000000180002f20     libucrt:nlsdata.obj
 0001:00001f24       ??_C@_03PDAGKDH@Mon?$AA@   0000000180002f24     libucrt:nlsdata.obj
 0001:00001f28       ??_C@_03NAGEINEP@Tue?$AA@  0000000180002f28     libucrt:nlsdata.obj
 0001:00001f2c       ??_C@_03MHOMLAJA@Wed?$AA@  0000000180002f2c     libucrt:nlsdata.obj
 0001:00001f30       ??_C@_03IOFIKPDN@Thu?$AA@  0000000180002f30     libucrt:nlsdata.obj
 0001:00001f34       ??_C@_03IDIOELNC@Fri?$AA@  0000000180002f34     libucrt:nlsdata.obj
 0001:00001f38       ??_C@_03FEFJNEK@Sat?$AA@   0000000180002f38     libucrt:nlsdata.obj
 0001:00001f3c       ??_C@_06OOPIFAJ@Sunday?$AA@ 0000000180002f3c     libucrt:nlsdata.obj
 0001:00001f44       ??_C@_06JLEDEDGH@Monday?$AA@ 0000000180002f44     libucrt:nlsdata.obj
 0001:00001f50       ??_C@_07BAAGCFCM@Tuesday?$AA@ 0000000180002f50     libucrt:nlsdata.obj
 0001:00001f58       ??_C@_09DLIGFAKA@Wednesday?$AA@ 0000000180002f58     libucrt:nlsdata.obj
 0001:00001f68       ??_C@_08HACCIKIA@Thursday?$AA@ 0000000180002f68     libucrt:nlsdata.obj
 0001:00001f74       ??_C@_06JECMNKMI@Friday?$AA@ 0000000180002f74     libucrt:nlsdata.obj
 0001:00001f80       ??_C@_08INBOOONO@Saturday?$AA@ 0000000180002f80     libucrt:nlsdata.obj
 0001:00001f8c       ??_C@_03JIHJHPIE@Jan?$AA@  0000000180002f8c     libucrt:nlsdata.obj
 0001:00001f90       ??_C@_03HJBDCHOM@Feb?$AA@  0000000180002f90     libucrt:nlsdata.obj
 0001:00001f94       ??_C@_03ODNJBKGA@Mar?$AA@  0000000180002f94     libucrt:nlsdata.obj
 0001:00001f98       ??_C@_03LEOLGMJP@Apr?$AA@  0000000180002f98     libucrt:nlsdata.obj
 0001:00001f9c       ??_C@_03CNMDKL@May?$AA@    0000000180002f9c     libucrt:nlsdata.obj
 0001:00001fa0       ??_C@_03IDFGHECI@Jun?$AA@  0000000180002fa0     libucrt:nlsdata.obj
 0001:00001fa4       ??_C@_03LBGABGKK@Jul?$AA@  0000000180002fa4     libucrt:nlsdata.obj
 0001:00001fa8       ??_C@_03IFJFEIGA@Aug?$AA@  0000000180002fa8     libucrt:nlsdata.obj
 0001:00001fac       ??_C@_03GGCAPAJC@Sep?$AA@  0000000180002fac     libucrt:nlsdata.obj
 0001:00001fb0       ??_C@_03BMAOKBAD@Oct?$AA@  0000000180002fb0     libucrt:nlsdata.obj
 0001:00001fb4       ??_C@_03JPJOFNIA@Nov?$AA@  0000000180002fb4     libucrt:nlsdata.obj
 0001:00001fb8       ??_C@_03MKABNOCG@Dec?$AA@  0000000180002fb8     libucrt:nlsdata.obj
 0001:00001fc0       ??_C@_07CGJPFGJA@January?$AA@ 0000000180002fc0     libucrt:nlsdata.obj
 0001:00001fc8       ??_C@_08GNJGEPFN@February?$AA@ 0000000180002fc8     libucrt:nlsdata.obj
 0001:00001fd4       ??_C@_05HPCKOFNC@March?$AA@ 0000000180002fd4     libucrt:nlsdata.obj
 0001:00001fdc       ??_C@_05DMJDNLEJ@April?$AA@ 0000000180002fdc     libucrt:nlsdata.obj
 0001:00001fe4       ??_C@_04CNLMGBGM@June?$AA@ 0000000180002fe4     libucrt:nlsdata.obj
 0001:00001fec       ??_C@_04MIEPOIFP@July?$AA@ 0000000180002fec     libucrt:nlsdata.obj
 0001:00001ff4       ??_C@_06LBBHFDDG@August?$AA@ 0000000180002ff4     libucrt:nlsdata.obj
 0001:00002000       ??_C@_09BHHEALKD@September?$AA@ 0000000180003000     libucrt:nlsdata.obj
 0001:00002010       ??_C@_07JJNFCEND@October?$AA@ 0000000180003010     libucrt:nlsdata.obj
 0001:00002018       ??_C@_08HCHEGEOA@November?$AA@ 0000000180003018     libucrt:nlsdata.obj
 0001:00002028       ??_C@_08EDHMEBNP@December?$AA@ 0000000180003028     libucrt:nlsdata.obj
 0001:00002034       ??_C@_02DEDBPAFC@AM?$AA@   0000000180003034     libucrt:nlsdata.obj
 0001:00002038       ??_C@_02CJNFDJBF@PM?$AA@   0000000180003038     libucrt:nlsdata.obj
 0001:00002040       ??_C@_08BPBNCDIB@MM?1dd?1yy?$AA@ 0000000180003040     libucrt:nlsdata.obj
 0001:00002050       ??_C@_0BE@CKGJFCPC@dddd?0?5MMMM?5dd?0?5yyyy?$AA@ 0000000180003050     libucrt:nlsdata.obj
 0001:00002068       ??_C@_08JCCMCCIL@HH?3mm?3ss?$AA@ 0000000180003068     libucrt:nlsdata.obj
 0001:00002078       ??_C@_17MBGCMIPB@?$AAS?$AAu?$AAn?$AA?$AA@ 0000000180003078     libucrt:nlsdata.obj
 0001:00002080       ??_C@_17KBOMKBF@?$AAM?$AAo?$AAn?$AA?$AA@ 0000000180003080     libucrt:nlsdata.obj
 0001:00002088       ??_C@_17BMKGEGOJ@?$AAT?$AAu?$AAe?$AA?$AA@ 0000000180003088     libucrt:nlsdata.obj
 0001:00002090       ??_C@_17CJEDCEPE@?$AAW?$AAe?$AAd?$AA?$AA@ 0000000180003090     libucrt:nlsdata.obj
 0001:00002098       ??_C@_17PDPHAADD@?$AAT?$AAh?$AAu?$AA?$AA@ 0000000180003098     libucrt:nlsdata.obj
 0001:000020a0       ??_C@_17HFOLPPLP@?$AAF?$AAr?$AAi?$AA?$AA@ 00000001800030a0     libucrt:nlsdata.obj
 0001:000020a8       ??_C@_17GGIBDPIH@?$AAS?$AAa?$AAt?$AA?$AA@ 00000001800030a8     libucrt:nlsdata.obj
 0001:000020b0       ??_C@_1O@IHNHDHPB@?$AAS?$AAu?$AAn?$AAd?$AAa?$AAy?$AA?$AA@ 00000001800030b0     libucrt:nlsdata.obj
 0001:000020c0       ??_C@_1O@MMNBFLIA@?$AAM?$AAo?$AAn?$AAd?$AAa?$AAy?$AA?$AA@ 00000001800030c0     libucrt:nlsdata.obj
 0001:000020d0       ??_C@_1BA@ENFBFFEK@?$AAT?$AAu?$AAe?$AAs?$AAd?$AAa?$AAy?$AA?$AA@ 00000001800030d0     libucrt:nlsdata.obj
 0001:000020e0       ??_C@_1BE@EBOGMDOH@?$AAW?$AAe?$AAd?$AAn?$AAe?$AAs?$AAd?$AAa?$AAy?$AA?$AA@ 00000001800030e0     libucrt:nlsdata.obj
 0001:000020f8       ??_C@_1BC@HHMNLIHE@?$AAT?$AAh?$AAu?$AAr?$AAs?$AAd?$AAa?$AAy?$AA?$AA@ 00000001800030f8     libucrt:nlsdata.obj
 0001:00002110       ??_C@_1O@PDICJHAG@?$AAF?$AAr?$AAi?$AAd?$AAa?$AAy?$AA?$AA@ 0000000180003110     libucrt:nlsdata.obj
 0001:00002120       ??_C@_1BC@ENMNNPAJ@?$AAS?$AAa?$AAt?$AAu?$AAr?$AAd?$AAa?$AAy?$AA?$AA@ 0000000180003120     libucrt:nlsdata.obj
 0001:00002138       ??_C@_17DKNBKCHM@?$AAJ?$AAa?$AAn?$AA?$AA@ 0000000180003138     libucrt:nlsdata.obj
 0001:00002140       ??_C@_17LMDJEKJN@?$AAF?$AAe?$AAb?$AA?$AA@ 0000000180003140     libucrt:nlsdata.obj
 0001:00002148       ??_C@_17CKNLEDEC@?$AAM?$AAa?$AAr?$AA?$AA@ 0000000180003148     libucrt:nlsdata.obj
 0001:00002150       ??_C@_17LFPOIHDD@?$AAA?$AAp?$AAr?$AA?$AA@ 0000000180003150     libucrt:nlsdata.obj
 0001:00002158       ??_C@_17PNNKMEED@?$AAM?$AAa?$AAy?$AA?$AA@ 0000000180003158     libucrt:nlsdata.obj
 0001:00002160       ??_C@_17KCJGOCPB@?$AAJ?$AAu?$AAn?$AA?$AA@ 0000000180003160     libucrt:nlsdata.obj
 0001:00002168       ??_C@_17IJPCKHK@?$AAJ?$AAu?$AAl?$AA?$AA@ 0000000180003168     libucrt:nlsdata.obj
 0001:00002170       ??_C@_17ICPELBCN@?$AAA?$AAu?$AAg?$AA?$AA@ 0000000180003170     libucrt:nlsdata.obj
 0001:00002178       ??_C@_17HCHCOKMG@?$AAS?$AAe?$AAp?$AA?$AA@ 0000000180003178     libucrt:nlsdata.obj
 0001:00002180       ??_C@_17FNLKOI@?$AAO?$AAc?$AAt?$AA?$AA@ 0000000180003180     libucrt:nlsdata.obj
 0001:00002188       ??_C@_17BBDMLCIG@?$AAN?$AAo?$AAv?$AA?$AA@ 0000000180003188     libucrt:nlsdata.obj
 0001:00002190       ??_C@_17EGKACKIF@?$AAD?$AAe?$AAc?$AA?$AA@ 0000000180003190     libucrt:nlsdata.obj
 0001:00002198       ??_C@_1BA@EFMEIEBA@?$AAJ?$AAa?$AAn?$AAu?$AAa?$AAr?$AAy?$AA?$AA@ 0000000180003198     libucrt:nlsdata.obj
 0001:000021a8       ??_C@_1BC@JGDDFFAM@?$AAF?$AAe?$AAb?$AAr?$AAu?$AAa?$AAr?$AAy?$AA?$AA@ 00000001800031a8     libucrt:nlsdata.obj
 0001:000021c0       ??_C@_1M@IKEENEDF@?$AAM?$AAa?$AAr?$AAc?$AAh?$AA?$AA@ 00000001800031c0     libucrt:nlsdata.obj
 0001:000021d0       ??_C@_1M@GJNLMHFD@?$AAA?$AAp?$AAr?$AAi?$AAl?$AA?$AA@ 00000001800031d0     libucrt:nlsdata.obj
 0001:000021e0       ??_C@_19EPFLPGAP@?$AAJ?$AAu?$AAn?$AAe?$AA?$AA@ 00000001800031e0     libucrt:nlsdata.obj
 0001:000021f0       ??_C@_19BIFMLPCD@?$AAJ?$AAu?$AAl?$AAy?$AA?$AA@ 00000001800031f0     libucrt:nlsdata.obj
 0001:00002200       ??_C@_1O@PAHLKOAC@?$AAA?$AAu?$AAg?$AAu?$AAs?$AAt?$AA?$AA@ 0000000180003200     libucrt:nlsdata.obj
 0001:00002210       ??_C@_1BE@DKAAMBJL@?$AAS?$AAe?$AAp?$AAt?$AAe?$AAm?$AAb?$AAe?$AAr?$AA?$AA@ 0000000180003210     libucrt:nlsdata.obj
 0001:00002228       ??_C@_1BA@EPANDLNG@?$AAO?$AAc?$AAt?$AAo?$AAb?$AAe?$AAr?$AA?$AA@ 0000000180003228     libucrt:nlsdata.obj
 0001:00002238       ??_C@_1BC@BGLIFPF@?$AAN?$AAo?$AAv?$AAe?$AAm?$AAb?$AAe?$AAr?$AA?$AA@ 0000000180003238     libucrt:nlsdata.obj
 0001:00002250       ??_C@_1BC@FEMKIFH@?$AAD?$AAe?$AAc?$AAe?$AAm?$AAb?$AAe?$AAr?$AA?$AA@ 0000000180003250     libucrt:nlsdata.obj
 0001:00002264       ??_C@_15ODEHAHHF@?$AAA?$AAM?$AA?$AA@ 0000000180003264     libucrt:nlsdata.obj
 0001:0000226c       ??_C@_15CLMNNGEL@?$AAP?$AAM?$AA?$AA@ 000000018000326c     libucrt:nlsdata.obj
 0001:00002278       ??_C@_1BC@IEBCMHCM@?$AAM?$AAM?$AA?1?$AAd?$AAd?$AA?1?$AAy?$AAy?$AA?$AA@ 0000000180003278     libucrt:nlsdata.obj
 0001:00002290       ??_C@_1CI@KNAKOEBC@?$AAd?$AAd?$AAd?$AAd?$AA?0?$AA?5?$AAM?$AAM?$AAM?$AAM?$AA?5?$AAd?$AAd?$AA?0?$AA?5?$AAy?$AAy?$AAy?$AAy?$AA?$AA@ 0000000180003290     libucrt:nlsdata.obj
 0001:000022b8       ??_C@_1BC@GDGBMEMK@?$AAH?$AAH?$AA?3?$AAm?$AAm?$AA?3?$AAs?$AAs?$AA?$AA@ 00000001800032b8     libucrt:nlsdata.obj
 0001:000022d0       ??_C@_1M@BMHNFIME@?$AAe?$AAn?$AA?9?$AAU?$AAS?$AA?$AA@ 00000001800032d0     libucrt:nlsdata.obj
 0001:000022e0       __newctype                 00000001800032e0     libucrt:ctype.obj
 0001:000025e0       __newclmap                 00000001800035e0     libucrt:ctype.obj
 0001:00002760       __newcumap                 0000000180003760     libucrt:ctype.obj
 0001:000028e0       ??_C@_1M@BJNKEDC@?$AAc?$AAa?$AA?9?$AAE?$AAS?$AA?$AA@ 00000001800038e0     libucrt:lcidtoname_downlevel.obj
 0001:000028f0       ??_C@_1M@IJJHFJHA@?$AAc?$AAs?$AA?9?$AAC?$AAZ?$AA?$AA@ 00000001800038f0     libucrt:lcidtoname_downlevel.obj
 0001:00002900       ??_C@_1M@CLPEOBGI@?$AAd?$AAa?$AA?9?$AAD?$AAK?$AA?$AA@ 0000000180003900     libucrt:lcidtoname_downlevel.obj
 0001:00002910       ??_C@_1M@MCMADGCB@?$AAd?$AAe?$AA?9?$AAD?$AAE?$AA?$AA@ 0000000180003910     libucrt:lcidtoname_downlevel.obj
 0001:00002920       ??_C@_1M@OOCKEMAM@?$AAe?$AAl?$AA?9?$AAG?$AAR?$AA?$AA@ 0000000180003920     libucrt:lcidtoname_downlevel.obj
 0001:00002930       ??_C@_1M@DDNJFGID@?$AAf?$AAi?$AA?9?$AAF?$AAI?$AA?$AA@ 0000000180003930     libucrt:lcidtoname_downlevel.obj
 0001:00002940       ??_C@_1M@GLIPPMAC@?$AAf?$AAr?$AA?9?$AAF?$AAR?$AA?$AA@ 0000000180003940     libucrt:lcidtoname_downlevel.obj
 0001:00002950       ??_C@_1M@GFMCHPE@?$AAh?$AAe?$AA?9?$AAI?$AAL?$AA?$AA@ 0000000180003950     libucrt:lcidtoname_downlevel.obj
 0001:00002960       ??_C@_1M@MHLPGNKM@?$AAh?$AAu?$AA?9?$AAH?$AAU?$AA?$AA@ 0000000180003960     libucrt:lcidtoname_downlevel.obj
 0001:00002970       ??_C@_1M@LPDDNNPN@?$AAi?$AAs?$AA?9?$AAI?$AAS?$AA?$AA@ 0000000180003970     libucrt:lcidtoname_downlevel.obj
 0001:00002980       ??_C@_1M@MADIPODN@?$AAi?$AAt?$AA?9?$AAI?$AAT?$AA?$AA@ 0000000180003980     libucrt:lcidtoname_downlevel.obj
 0001:00002990       ??_C@_1M@IHBJJGG@?$AAn?$AAl?$AA?9?$AAN?$AAL?$AA?$AA@ 0000000180003990     libucrt:lcidtoname_downlevel.obj
 0001:000029a0       ??_C@_1M@EANAGDL@?$AAn?$AAb?$AA?9?$AAN?$AAO?$AA?$AA@ 00000001800039a0     libucrt:lcidtoname_downlevel.obj
 0001:000029b0       ??_C@_1M@NEIEMEGP@?$AAp?$AAl?$AA?9?$AAP?$AAL?$AA?$AA@ 00000001800039b0     libucrt:lcidtoname_downlevel.obj
 0001:000029c0       ??_C@_1M@BOCFIGEP@?$AAp?$AAt?$AA?9?$AAB?$AAR?$AA?$AA@ 00000001800039c0     libucrt:lcidtoname_downlevel.obj
 0001:000029d0       ??_C@_1M@IMPFOPBG@?$AAr?$AAo?$AA?9?$AAR?$AAO?$AA?$AA@ 00000001800039d0     libucrt:lcidtoname_downlevel.obj
 0001:000029e0       ??_C@_1M@IDNNEJMM@?$AAr?$AAu?$AA?9?$AAR?$AAU?$AA?$AA@ 00000001800039e0     libucrt:lcidtoname_downlevel.obj
 0001:000029f0       ??_C@_1M@LILEEOGM@?$AAh?$AAr?$AA?9?$AAH?$AAR?$AA?$AA@ 00000001800039f0     libucrt:lcidtoname_downlevel.obj
 0001:00002a00       ??_C@_1M@FKIFEHPB@?$AAs?$AAk?$AA?9?$AAS?$AAK?$AA?$AA@ 0000000180003a00     libucrt:lcidtoname_downlevel.obj
 0001:00002a10       ??_C@_1M@LJMAMNPJ@?$AAs?$AAq?$AA?9?$AAA?$AAL?$AA?$AA@ 0000000180003a10     libucrt:lcidtoname_downlevel.obj
 0001:00002a20       ??_C@_1M@GIAKDKJK@?$AAs?$AAv?$AA?9?$AAS?$AAE?$AA?$AA@ 0000000180003a20     libucrt:lcidtoname_downlevel.obj
 0001:00002a30       ??_C@_1M@MKJKIKCL@?$AAt?$AAh?$AA?9?$AAT?$AAH?$AA?$AA@ 0000000180003a30     libucrt:lcidtoname_downlevel.obj
 0001:00002a40       ??_C@_1M@MFLCCMPB@?$AAt?$AAr?$AA?9?$AAT?$AAR?$AA?$AA@ 0000000180003a40     libucrt:lcidtoname_downlevel.obj
 0001:00002a50       ??_C@_1M@OIJHDKJN@?$AAu?$AAr?$AA?9?$AAP?$AAK?$AA?$AA@ 0000000180003a50     libucrt:lcidtoname_downlevel.obj
 0001:00002a60       ??_C@_1M@LHIPCIEK@?$AAi?$AAd?$AA?9?$AAI?$AAD?$AA?$AA@ 0000000180003a60     libucrt:lcidtoname_downlevel.obj
 0001:00002a70       ??_C@_1M@MFMOBGI@?$AAu?$AAk?$AA?9?$AAU?$AAA?$AA?$AA@ 0000000180003a70     libucrt:lcidtoname_downlevel.obj
 0001:00002a80       ??_C@_1M@OBGLJIPL@?$AAb?$AAe?$AA?9?$AAB?$AAY?$AA?$AA@ 0000000180003a80     libucrt:lcidtoname_downlevel.obj
 0001:00002a90       ??_C@_1M@BCFAJEAD@?$AAs?$AAl?$AA?9?$AAS?$AAI?$AA?$AA@ 0000000180003a90     libucrt:lcidtoname_downlevel.obj
 0001:00002aa0       ??_C@_1M@FKFFEDDN@?$AAe?$AAt?$AA?9?$AAE?$AAE?$AA?$AA@ 0000000180003aa0     libucrt:lcidtoname_downlevel.obj
 0001:00002ab0       ??_C@_1M@KGKKAACI@?$AAl?$AAv?$AA?9?$AAL?$AAV?$AA?$AA@ 0000000180003ab0     libucrt:lcidtoname_downlevel.obj
 0001:00002ac0       ??_C@_1M@IFGBIJO@?$AAl?$AAt?$AA?9?$AAL?$AAT?$AA?$AA@ 0000000180003ac0     libucrt:lcidtoname_downlevel.obj
 0001:00002ad0       ??_C@_1M@FGEAHEDM@?$AAf?$AAa?$AA?9?$AAI?$AAR?$AA?$AA@ 0000000180003ad0     libucrt:lcidtoname_downlevel.obj
 0001:00002ae0       ??_C@_1M@KBMAIBFN@?$AAv?$AAi?$AA?9?$AAV?$AAN?$AA?$AA@ 0000000180003ae0     libucrt:lcidtoname_downlevel.obj
 0001:00002af0       ??_C@_1M@GPCBKDJK@?$AAh?$AAy?$AA?9?$AAA?$AAM?$AA?$AA@ 0000000180003af0     libucrt:lcidtoname_downlevel.obj
 0001:00002b00       ??_C@_1BG@BECMDDJB@?$AAa?$AAz?$AA?9?$AAA?$AAZ?$AA?9?$AAL?$AAa?$AAt?$AAn?$AA?$AA@ 0000000180003b00     libucrt:lcidtoname_downlevel.obj
 0001:00002b18       ??_C@_1M@MAOFCAEA@?$AAe?$AAu?$AA?9?$AAE?$AAS?$AA?$AA@ 0000000180003b18     libucrt:lcidtoname_downlevel.obj
 0001:00002b28       ??_C@_1M@IGHABKPI@?$AAm?$AAk?$AA?9?$AAM?$AAK?$AA?$AA@ 0000000180003b28     libucrt:lcidtoname_downlevel.obj
 0001:00002b38       ??_C@_1M@IAIGNEJG@?$AAt?$AAn?$AA?9?$AAZ?$AAA?$AA?$AA@ 0000000180003b38     libucrt:lcidtoname_downlevel.obj
 0001:00002b48       ??_C@_1M@IIJCOJFA@?$AAx?$AAh?$AA?9?$AAZ?$AAA?$AA?$AA@ 0000000180003b48     libucrt:lcidtoname_downlevel.obj
 0001:00002b58       ??_C@_1M@LGPJHNJH@?$AAz?$AAu?$AA?9?$AAZ?$AAA?$AA?$AA@ 0000000180003b58     libucrt:lcidtoname_downlevel.obj
 0001:00002b68       ??_C@_1M@HOKAOIO@?$AAa?$AAf?$AA?9?$AAZ?$AAA?$AA?$AA@ 0000000180003b68     libucrt:lcidtoname_downlevel.obj
 0001:00002b78       ??_C@_1M@DPCLHLIE@?$AAk?$AAa?$AA?9?$AAG?$AAE?$AA?$AA@ 0000000180003b78     libucrt:lcidtoname_downlevel.obj
 0001:00002b88       ??_C@_1M@BLKMHJBI@?$AAf?$AAo?$AA?9?$AAF?$AAO?$AA?$AA@ 0000000180003b88     libucrt:lcidtoname_downlevel.obj
 0001:00002b98       ??_C@_1M@LGGJAPPB@?$AAh?$AAi?$AA?9?$AAI?$AAN?$AA?$AA@ 0000000180003b98     libucrt:lcidtoname_downlevel.obj
 0001:00002ba8       ??_C@_1M@FIKPIHFE@?$AAm?$AAt?$AA?9?$AAM?$AAT?$AA?$AA@ 0000000180003ba8     libucrt:lcidtoname_downlevel.obj
 0001:00002bb8       ??_C@_1M@HEGGPBFA@?$AAs?$AAe?$AA?9?$AAN?$AAO?$AA?$AA@ 0000000180003bb8     libucrt:lcidtoname_downlevel.obj
 0001:00002bc8       ??_C@_1M@EIBJEEPA@?$AAm?$AAs?$AA?9?$AAM?$AAY?$AA?$AA@ 0000000180003bc8     libucrt:lcidtoname_downlevel.obj
 0001:00002bd8       ??_C@_1M@FHLBGMPP@?$AAk?$AAk?$AA?9?$AAK?$AAZ?$AA?$AA@ 0000000180003bd8     libucrt:lcidtoname_downlevel.obj
 0001:00002be8       ??_C@_1M@NGJJLCGI@?$AAk?$AAy?$AA?9?$AAK?$AAG?$AA?$AA@ 0000000180003be8     libucrt:lcidtoname_downlevel.obj
 0001:00002bf8       ??_C@_1M@GIENNBFC@?$AAs?$AAw?$AA?9?$AAK?$AAE?$AA?$AA@ 0000000180003bf8     libucrt:lcidtoname_downlevel.obj
 0001:00002c08       ??_C@_1BG@NDGMJIMJ@?$AAu?$AAz?$AA?9?$AAU?$AAZ?$AA?9?$AAL?$AAa?$AAt?$AAn?$AA?$AA@ 0000000180003c08     libucrt:lcidtoname_downlevel.obj
 0001:00002c20       ??_C@_1M@IDCCIHBC@?$AAt?$AAt?$AA?9?$AAR?$AAU?$AA?$AA@ 0000000180003c20     libucrt:lcidtoname_downlevel.obj
 0001:00002c30       ??_C@_1M@LOICPMOJ@?$AAb?$AAn?$AA?9?$AAI?$AAN?$AA?$AA@ 0000000180003c30     libucrt:lcidtoname_downlevel.obj
 0001:00002c40       ??_C@_1M@KPKKNEAH@?$AAp?$AAa?$AA?9?$AAI?$AAN?$AA?$AA@ 0000000180003c40     libucrt:lcidtoname_downlevel.obj
 0001:00002c50       ??_C@_1M@PJGPPBOG@?$AAg?$AAu?$AA?9?$AAI?$AAN?$AA?$AA@ 0000000180003c50     libucrt:lcidtoname_downlevel.obj
 0001:00002c60       ??_C@_1M@KMKMOPHI@?$AAt?$AAa?$AA?9?$AAI?$AAN?$AA?$AA@ 0000000180003c60     libucrt:lcidtoname_downlevel.obj
 0001:00002c70       ??_C@_1M@KFEHEPAC@?$AAt?$AAe?$AA?9?$AAI?$AAN?$AA?$AA@ 0000000180003c70     libucrt:lcidtoname_downlevel.obj
 0001:00002c80       ??_C@_1M@CDCLMGHI@?$AAk?$AAn?$AA?9?$AAI?$AAN?$AA?$AA@ 0000000180003c80     libucrt:lcidtoname_downlevel.obj
 0001:00002c90       ??_C@_1M@MIODLDKF@?$AAm?$AAl?$AA?9?$AAI?$AAN?$AA?$AA@ 0000000180003c90     libucrt:lcidtoname_downlevel.obj
 0001:00002ca0       ??_C@_1M@PBIEACPO@?$AAm?$AAr?$AA?9?$AAI?$AAN?$AA?$AA@ 0000000180003ca0     libucrt:lcidtoname_downlevel.obj
 0001:00002cb0       ??_C@_1M@NIDEAGPH@?$AAs?$AAa?$AA?9?$AAI?$AAN?$AA?$AA@ 0000000180003cb0     libucrt:lcidtoname_downlevel.obj
 0001:00002cc0       ??_C@_1M@FHIHCBIO@?$AAm?$AAn?$AA?9?$AAM?$AAN?$AA?$AA@ 0000000180003cc0     libucrt:lcidtoname_downlevel.obj
 0001:00002cd0       ??_C@_1M@JAIJPENP@?$AAc?$AAy?$AA?9?$AAG?$AAB?$AA?$AA@ 0000000180003cd0     libucrt:lcidtoname_downlevel.obj
 0001:00002ce0       ??_C@_1M@PHGFBEPN@?$AAg?$AAl?$AA?9?$AAE?$AAS?$AA?$AA@ 0000000180003ce0     libucrt:lcidtoname_downlevel.obj
 0001:00002cf0       ??_C@_1O@KPIPDNCP@?$AAk?$AAo?$AAk?$AA?9?$AAI?$AAN?$AA?$AA@ 0000000180003cf0     libucrt:lcidtoname_downlevel.obj
 0001:00002d00       ??_C@_1O@KNHJLDJA@?$AAs?$AAy?$AAr?$AA?9?$AAS?$AAY?$AA?$AA@ 0000000180003d00     libucrt:lcidtoname_downlevel.obj
 0001:00002d10       ??_C@_1O@MKEKBLAH@?$AAd?$AAi?$AAv?$AA?9?$AAM?$AAV?$AA?$AA@ 0000000180003d10     libucrt:lcidtoname_downlevel.obj
 0001:00002d20       ??_C@_1O@OHDCKDDF@?$AAq?$AAu?$AAz?$AA?9?$AAB?$AAO?$AA?$AA@ 0000000180003d20     libucrt:lcidtoname_downlevel.obj
 0001:00002d30       ??_C@_1M@LEPJNLFD@?$AAn?$AAs?$AA?9?$AAZ?$AAA?$AA?$AA@ 0000000180003d30     libucrt:lcidtoname_downlevel.obj
 0001:00002d40       ??_C@_1M@OMLEIIJB@?$AAm?$AAi?$AA?9?$AAN?$AAZ?$AA?$AA@ 0000000180003d40     libucrt:lcidtoname_downlevel.obj
 0001:00002d50       ??_C@_1M@PMPEAILG@?$AAa?$AAr?$AA?9?$AAI?$AAQ?$AA?$AA@ 0000000180003d50     libucrt:lcidtoname_downlevel.obj
 0001:00002d60       ??_C@_1M@CNKPNOEE@?$AAd?$AAe?$AA?9?$AAC?$AAH?$AA?$AA@ 0000000180003d60     libucrt:lcidtoname_downlevel.obj
 0001:00002d70       ??_C@_1M@LKMGMLKO@?$AAe?$AAn?$AA?9?$AAG?$AAB?$AA?$AA@ 0000000180003d70     libucrt:lcidtoname_downlevel.obj
 0001:00002d80       ??_C@_1M@PGKJFFGL@?$AAe?$AAs?$AA?9?$AAM?$AAX?$AA?$AA@ 0000000180003d80     libucrt:lcidtoname_downlevel.obj
 0001:00002d90       ??_C@_1M@DNNANBDC@?$AAf?$AAr?$AA?9?$AAB?$AAE?$AA?$AA@ 0000000180003d90     libucrt:lcidtoname_downlevel.obj
 0001:00002da0       ??_C@_1M@HLGMDFHM@?$AAi?$AAt?$AA?9?$AAC?$AAH?$AA?$AA@ 0000000180003da0     libucrt:lcidtoname_downlevel.obj
 0001:00002db0       ??_C@_1M@CLLBGJH@?$AAn?$AAl?$AA?9?$AAB?$AAE?$AA?$AA@ 0000000180003db0     libucrt:lcidtoname_downlevel.obj
 0001:00002dc0       ??_C@_1M@BODBOGLF@?$AAn?$AAn?$AA?9?$AAN?$AAO?$AA?$AA@ 0000000180003dc0     libucrt:lcidtoname_downlevel.obj
 0001:00002dd0       ??_C@_1M@HFFAHKAD@?$AAp?$AAt?$AA?9?$AAP?$AAT?$AA?$AA@ 0000000180003dd0     libucrt:lcidtoname_downlevel.obj
 0001:00002de0       ??_C@_1BG@LNOAKHIE@?$AAs?$AAr?$AA?9?$AAS?$AAP?$AA?9?$AAL?$AAa?$AAt?$AAn?$AA?$AA@ 0000000180003de0     libucrt:lcidtoname_downlevel.obj
 0001:00002df8       ??_C@_1M@HBMHBGAK@?$AAs?$AAv?$AA?9?$AAF?$AAI?$AA?$AA@ 0000000180003df8     libucrt:lcidtoname_downlevel.obj
 0001:00002e08       ??_C@_1BG@DGCJGJBE@?$AAa?$AAz?$AA?9?$AAA?$AAZ?$AA?9?$AAC?$AAy?$AAr?$AAl?$AA?$AA@ 0000000180003e08     libucrt:lcidtoname_downlevel.obj
 0001:00002e20       ??_C@_1M@KEJDAAHB@?$AAs?$AAe?$AA?9?$AAS?$AAE?$AA?$AA@ 0000000180003e20     libucrt:lcidtoname_downlevel.obj
 0001:00002e30       ??_C@_1M@HEIBJJAD@?$AAm?$AAs?$AA?9?$AAB?$AAN?$AA?$AA@ 0000000180003e30     libucrt:lcidtoname_downlevel.obj
 0001:00002e40       ??_C@_1BG@PBGJMCEM@?$AAu?$AAz?$AA?9?$AAU?$AAZ?$AA?9?$AAC?$AAy?$AAr?$AAl?$AA?$AA@ 0000000180003e40     libucrt:lcidtoname_downlevel.obj
 0001:00002e58       ??_C@_1O@LAOBCMDF@?$AAq?$AAu?$AAz?$AA?9?$AAE?$AAC?$AA?$AA@ 0000000180003e58     libucrt:lcidtoname_downlevel.obj
 0001:00002e68       ??_C@_1M@POEEMAIO@?$AAa?$AAr?$AA?9?$AAE?$AAG?$AA?$AA@ 0000000180003e68     libucrt:lcidtoname_downlevel.obj
 0001:00002e78       ??_C@_1M@EFAKDEDL@?$AAz?$AAh?$AA?9?$AAH?$AAK?$AA?$AA@ 0000000180003e78     libucrt:lcidtoname_downlevel.obj
 0001:00002e88       ??_C@_1M@HKKIJHGI@?$AAd?$AAe?$AA?9?$AAA?$AAT?$AA?$AA@ 0000000180003e88     libucrt:lcidtoname_downlevel.obj
 0001:00002e98       ??_C@_1M@KBFBEHJF@?$AAe?$AAn?$AA?9?$AAA?$AAU?$AA?$AA@ 0000000180003e98     libucrt:lcidtoname_downlevel.obj
 0001:00002ea8       ??_C@_1M@MNPLFAAH@?$AAe?$AAs?$AA?9?$AAE?$AAS?$AA?$AA@ 0000000180003ea8     libucrt:lcidtoname_downlevel.obj
 0001:00002eb8       ??_C@_1M@HJOOJFMA@?$AAf?$AAr?$AA?9?$AAC?$AAA?$AA?$AA@ 0000000180003eb8     libucrt:lcidtoname_downlevel.obj
 0001:00002ec8       ??_C@_1BG@JPOFPNAB@?$AAs?$AAr?$AA?9?$AAS?$AAP?$AA?9?$AAC?$AAy?$AAr?$AAl?$AA?$AA@ 0000000180003ec8     libucrt:lcidtoname_downlevel.obj
 0001:00002ee0       ??_C@_1M@LNFOCMOB@?$AAs?$AAe?$AA?9?$AAF?$AAI?$AA?$AA@ 0000000180003ee0     libucrt:lcidtoname_downlevel.obj
 0001:00002ef0       ??_C@_1O@MGJBOAMB@?$AAq?$AAu?$AAz?$AA?9?$AAP?$AAE?$AA?$AA@ 0000000180003ef0     libucrt:lcidtoname_downlevel.obj
 0001:00002f00       ??_C@_1M@GJINLBOK@?$AAa?$AAr?$AA?9?$AAL?$AAY?$AA?$AA@ 0000000180003f00     libucrt:lcidtoname_downlevel.obj
 0001:00002f10       ??_C@_1M@GGMNHJNL@?$AAz?$AAh?$AA?9?$AAS?$AAG?$AA?$AA@ 0000000180003f10     libucrt:lcidtoname_downlevel.obj
 0001:00002f20       ??_C@_1M@HOIKODND@?$AAd?$AAe?$AA?9?$AAL?$AAU?$AA?$AA@ 0000000180003f20     libucrt:lcidtoname_downlevel.obj
 0001:00002f30       ??_C@_1M@DDOCCGFG@?$AAe?$AAn?$AA?9?$AAC?$AAA?$AA?$AA@ 0000000180003f30     libucrt:lcidtoname_downlevel.obj
 0001:00002f40       ??_C@_1M@BNOEMJLF@?$AAe?$AAs?$AA?9?$AAG?$AAT?$AA?$AA@ 0000000180003f40     libucrt:lcidtoname_downlevel.obj
 0001:00002f50       ??_C@_1M@EOGNKEK@?$AAf?$AAr?$AA?9?$AAC?$AAH?$AA?$AA@ 0000000180003f50     libucrt:lcidtoname_downlevel.obj
 0001:00002f60       ??_C@_1M@FLIDJFHL@?$AAh?$AAr?$AA?9?$AAB?$AAA?$AA?$AA@ 0000000180003f60     libucrt:lcidtoname_downlevel.obj
 0001:00002f70       ??_C@_1O@FMCELNAJ@?$AAs?$AAm?$AAj?$AA?9?$AAN?$AAO?$AA?$AA@ 0000000180003f70     libucrt:lcidtoname_downlevel.obj
 0001:00002f80       ??_C@_1M@JHGLJMGJ@?$AAa?$AAr?$AA?9?$AAD?$AAZ?$AA?$AA@ 0000000180003f80     libucrt:lcidtoname_downlevel.obj
 0001:00002f90       ??_C@_1M@JKKFDCNP@?$AAz?$AAh?$AA?9?$AAM?$AAO?$AA?$AA@ 0000000180003f90     libucrt:lcidtoname_downlevel.obj
 0001:00002fa0       ??_C@_1M@GEEFALPE@?$AAd?$AAe?$AA?9?$AAL?$AAI?$AA?$AA@ 0000000180003fa0     libucrt:lcidtoname_downlevel.obj
 0001:00002fb0       ??_C@_1M@IGEOFBG@?$AAe?$AAn?$AA?9?$AAN?$AAZ?$AA?$AA@ 0000000180003fb0     libucrt:lcidtoname_downlevel.obj
 0001:00002fc0       ??_C@_1M@KDBONEHP@?$AAe?$AAs?$AA?9?$AAC?$AAR?$AA?$AA@ 0000000180003fc0     libucrt:lcidtoname_downlevel.obj
 0001:00002fd0       ??_C@_1M@FHMDOHNN@?$AAf?$AAr?$AA?9?$AAL?$AAU?$AA?$AA@ 0000000180003fd0     libucrt:lcidtoname_downlevel.obj
 0001:00002fe0       ??_C@_1BG@NFKKMAFG@?$AAb?$AAs?$AA?9?$AAB?$AAA?$AA?9?$AAL?$AAa?$AAt?$AAn?$AA?$AA@ 0000000180003fe0     libucrt:lcidtoname_downlevel.obj
 0001:00002ff8       ??_C@_1O@IMNBEMCI@?$AAs?$AAm?$AAj?$AA?9?$AAS?$AAE?$AA?$AA@ 0000000180003ff8     libucrt:lcidtoname_downlevel.obj
 0001:00003008       ??_C@_1M@DHHMBNDP@?$AAa?$AAr?$AA?9?$AAM?$AAA?$AA?$AA@ 0000000180004008     libucrt:lcidtoname_downlevel.obj
 0001:00003018       ??_C@_1M@BNBLJCGH@?$AAe?$AAn?$AA?9?$AAI?$AAE?$AA?$AA@ 0000000180004018     libucrt:lcidtoname_downlevel.obj
 0001:00003028       ??_C@_1M@GEPAFMDL@?$AAe?$AAs?$AA?9?$AAP?$AAA?$AA?$AA@ 0000000180004028     libucrt:lcidtoname_downlevel.obj
 0001:00003038       ??_C@_1M@OJONDMDL@?$AAf?$AAr?$AA?9?$AAM?$AAC?$AA?$AA@ 0000000180004038     libucrt:lcidtoname_downlevel.obj
 0001:00003048       ??_C@_1BG@OBCNFJB@?$AAs?$AAr?$AA?9?$AAB?$AAA?$AA?9?$AAL?$AAa?$AAt?$AAn?$AA?$AA@ 0000000180004048     libucrt:lcidtoname_downlevel.obj
 0001:00003060       ??_C@_1O@KEMEEGPO@?$AAs?$AAm?$AAa?$AA?9?$AAN?$AAO?$AA?$AA@ 0000000180004060     libucrt:lcidtoname_downlevel.obj
 0001:00003070       ??_C@_1M@ELMGFODK@?$AAa?$AAr?$AA?9?$AAT?$AAN?$AA?$AA@ 0000000180004070     libucrt:lcidtoname_downlevel.obj
 0001:00003080       ??_C@_1M@BHDLHFAF@?$AAe?$AAn?$AA?9?$AAZ?$AAA?$AA?$AA@ 0000000180004080     libucrt:lcidtoname_downlevel.obj
 0001:00003090       ??_C@_1M@BMGIGLIF@?$AAe?$AAs?$AA?9?$AAD?$AAO?$AA?$AA@ 0000000180004090     libucrt:lcidtoname_downlevel.obj
 0001:000030a0       ??_C@_1BG@CMBHIPBE@?$AAs?$AAr?$AA?9?$AAB?$AAA?$AA?9?$AAC?$AAy?$AAr?$AAl?$AA?$AA@ 00000001800040a0     libucrt:lcidtoname_downlevel.obj
 0001:000030b8       ??_C@_1O@HEDBLHNP@?$AAs?$AAm?$AAa?$AA?9?$AAS?$AAE?$AA?$AA@ 00000001800040b8     libucrt:lcidtoname_downlevel.obj
 0001:000030c8       ??_C@_1M@DAGCADIM@?$AAa?$AAr?$AA?9?$AAO?$AAM?$AA?$AA@ 00000001800040c8     libucrt:lcidtoname_downlevel.obj
 0001:000030d8       ??_C@_1M@FODLMICG@?$AAe?$AAn?$AA?9?$AAJ?$AAM?$AA?$AA@ 00000001800040d8     libucrt:lcidtoname_downlevel.obj
 0001:000030e8       ??_C@_1M@DNMLCIHB@?$AAe?$AAs?$AA?9?$AAV?$AAE?$AA?$AA@ 00000001800040e8     libucrt:lcidtoname_downlevel.obj
 0001:000030f8       ??_C@_1O@EOKHMKJK@?$AAs?$AAm?$AAs?$AA?9?$AAF?$AAI?$AA?$AA@ 00000001800040f8     libucrt:lcidtoname_downlevel.obj
 0001:00003108       ??_C@_1M@CAFJMKOF@?$AAa?$AAr?$AA?9?$AAY?$AAE?$AA?$AA@ 0000000180004108     libucrt:lcidtoname_downlevel.obj
 0001:00003118       ??_C@_1M@CBFHIJLI@?$AAe?$AAn?$AA?9?$AAC?$AAB?$AA?$AA@ 0000000180004118     libucrt:lcidtoname_downlevel.obj
 0001:00003128       ??_C@_1M@BGNFLDN@?$AAe?$AAs?$AA?9?$AAC?$AAO?$AA?$AA@ 0000000180004128     libucrt:lcidtoname_downlevel.obj
 0001:00003138       ??_C@_1O@JMPHMAMC@?$AAs?$AAm?$AAn?$AA?9?$AAF?$AAI?$AA?$AA@ 0000000180004138     libucrt:lcidtoname_downlevel.obj
 0001:00003148       ??_C@_1M@JLANABKE@?$AAa?$AAr?$AA?9?$AAS?$AAY?$AA?$AA@ 0000000180004148     libucrt:lcidtoname_downlevel.obj
 0001:00003158       ??_C@_1M@HPKGCFGN@?$AAe?$AAn?$AA?9?$AAB?$AAZ?$AA?$AA@ 0000000180004158     libucrt:lcidtoname_downlevel.obj
 0001:00003168       ??_C@_1M@OLJCMLGM@?$AAe?$AAs?$AA?9?$AAP?$AAE?$AA?$AA@ 0000000180004168     libucrt:lcidtoname_downlevel.obj
 0001:00003178       ??_C@_1M@MKKGFKLE@?$AAa?$AAr?$AA?9?$AAJ?$AAO?$AA?$AA@ 0000000180004178     libucrt:lcidtoname_downlevel.obj
 0001:00003188       ??_C@_1M@EKPGLDNI@?$AAe?$AAn?$AA?9?$AAT?$AAT?$AA?$AA@ 0000000180004188     libucrt:lcidtoname_downlevel.obj
 0001:00003198       ??_C@_1M@OONGHFHE@?$AAe?$AAs?$AA?9?$AAA?$AAR?$AA?$AA@ 0000000180004198     libucrt:lcidtoname_downlevel.obj
 0001:000031a8       ??_C@_1M@OOJFGBHE@?$AAa?$AAr?$AA?9?$AAL?$AAB?$AA?$AA@ 00000001800041a8     libucrt:lcidtoname_downlevel.obj
 0001:000031b8       ??_C@_1M@GCEJHNEG@?$AAe?$AAn?$AA?9?$AAZ?$AAW?$AA?$AA@ 00000001800041b8     libucrt:lcidtoname_downlevel.obj
 0001:000031c8       ??_C@_1M@JNOCAHJI@?$AAe?$AAs?$AA?9?$AAE?$AAC?$AA?$AA@ 00000001800041c8     libucrt:lcidtoname_downlevel.obj
 0001:000031d8       ??_C@_1M@JEFHPGGB@?$AAa?$AAr?$AA?9?$AAK?$AAW?$AA?$AA@ 00000001800041d8     libucrt:lcidtoname_downlevel.obj
 0001:000031e8       ??_C@_1M@MLKIBJOJ@?$AAe?$AAn?$AA?9?$AAP?$AAH?$AA?$AA@ 00000001800041e8     libucrt:lcidtoname_downlevel.obj
 0001:000031f8       ??_C@_1M@BDNIPEND@?$AAe?$AAs?$AA?9?$AAC?$AAL?$AA?$AA@ 00000001800041f8     libucrt:lcidtoname_downlevel.obj
 0001:00003208       ??_C@_1M@MPNMEKBD@?$AAa?$AAr?$AA?9?$AAA?$AAE?$AA?$AA@ 0000000180004208     libucrt:lcidtoname_downlevel.obj
 0001:00003218       ??_C@_1M@KBJALCPI@?$AAe?$AAs?$AA?9?$AAU?$AAY?$AA?$AA@ 0000000180004218     libucrt:lcidtoname_downlevel.obj
 0001:00003228       ??_C@_1M@LLCCOAGA@?$AAa?$AAr?$AA?9?$AAB?$AAH?$AA?$AA@ 0000000180004228     libucrt:lcidtoname_downlevel.obj
 0001:00003238       ??_C@_1M@PBFNCDEL@?$AAe?$AAs?$AA?9?$AAP?$AAY?$AA?$AA@ 0000000180004238     libucrt:lcidtoname_downlevel.obj
 0001:00003248       ??_C@_1M@EDGINPNP@?$AAa?$AAr?$AA?9?$AAQ?$AAA?$AA?$AA@ 0000000180004248     libucrt:lcidtoname_downlevel.obj
 0001:00003258       ??_C@_1M@MKDBIIJI@?$AAe?$AAs?$AA?9?$AAB?$AAO?$AA?$AA@ 0000000180004258     libucrt:lcidtoname_downlevel.obj
 0001:00003268       ??_C@_1M@CPKKEBLD@?$AAe?$AAs?$AA?9?$AAS?$AAV?$AA?$AA@ 0000000180004268     libucrt:lcidtoname_downlevel.obj
 0001:00003278       ??_C@_1M@NDBGMMJL@?$AAe?$AAs?$AA?9?$AAH?$AAN?$AA?$AA@ 0000000180004278     libucrt:lcidtoname_downlevel.obj
 0001:00003288       ??_C@_1M@JIJIBHDP@?$AAe?$AAs?$AA?9?$AAN?$AAI?$AA?$AA@ 0000000180004288     libucrt:lcidtoname_downlevel.obj
 0001:00003298       ??_C@_1M@CGFMKEEK@?$AAe?$AAs?$AA?9?$AAP?$AAR?$AA?$AA@ 0000000180004298     libucrt:lcidtoname_downlevel.obj
 0001:000032a8       ??_C@_1O@ICJHKIIK@?$AAz?$AAh?$AA?9?$AAC?$AAH?$AAT?$AA?$AA@ 00000001800042a8     libucrt:lcidtoname_downlevel.obj
 0001:000032b8       ??_C@_15CLNEJCE@?$AAs?$AAr?$AA?$AA@ 00000001800042b8     libucrt:lcidtoname_downlevel.obj
 0001:00004100       ??_C@_1M@KAHEKEIG@?$AAa?$AAf?$AA?9?$AAz?$AAa?$AA?$AA@ 0000000180005100     libucrt:lcidtoname_downlevel.obj
 0001:00004110       ??_C@_1M@GIECOABL@?$AAa?$AAr?$AA?9?$AAa?$AAe?$AA?$AA@ 0000000180005110     libucrt:lcidtoname_downlevel.obj
 0001:00004120       ??_C@_1M@BMLMEKGI@?$AAa?$AAr?$AA?9?$AAb?$AAh?$AA?$AA@ 0000000180005120     libucrt:lcidtoname_downlevel.obj
 0001:00004130       ??_C@_1M@DAPFDGGB@?$AAa?$AAr?$AA?9?$AAd?$AAz?$AA?$AA@ 0000000180005130     libucrt:lcidtoname_downlevel.obj
 0001:00004140       ??_C@_1M@FJNKGKIG@?$AAa?$AAr?$AA?9?$AAe?$AAg?$AA?$AA@ 0000000180005140     libucrt:lcidtoname_downlevel.obj
 0001:00004150       ??_C@_1M@FLGKKCLO@?$AAa?$AAr?$AA?9?$AAi?$AAq?$AA?$AA@ 0000000180005150     libucrt:lcidtoname_downlevel.obj
 0001:00004160       ??_C@_1M@GNDIPALM@?$AAa?$AAr?$AA?9?$AAj?$AAo?$AA?$AA@ 0000000180005160     libucrt:lcidtoname_downlevel.obj
 0001:00004170       ??_C@_1M@DDMJFMGJ@?$AAa?$AAr?$AA?9?$AAk?$AAw?$AA?$AA@ 0000000180005170     libucrt:lcidtoname_downlevel.obj
 0001:00004180       ??_C@_1M@EJALMLHM@?$AAa?$AAr?$AA?9?$AAl?$AAb?$AA?$AA@ 0000000180005180     libucrt:lcidtoname_downlevel.obj
 0001:00004190       ??_C@_1M@MOBDBLOC@?$AAa?$AAr?$AA?9?$AAl?$AAy?$AA?$AA@ 0000000180005190     libucrt:lcidtoname_downlevel.obj
 0001:000041a0       ??_C@_1M@JAOCLHDH@?$AAa?$AAr?$AA?9?$AAm?$AAa?$AA?$AA@ 00000001800051a0     libucrt:lcidtoname_downlevel.obj
 0001:000041b0       ??_C@_1M@JHPMKJIE@?$AAa?$AAr?$AA?9?$AAo?$AAm?$AA?$AA@ 00000001800051b0     libucrt:lcidtoname_downlevel.obj
 0001:000041c0       ??_C@_1M@OEPGHFNH@?$AAa?$AAr?$AA?9?$AAq?$AAa?$AA?$AA@ 00000001800051c0     libucrt:lcidtoname_downlevel.obj
 0001:000041d0       ??_C@_1M@KJDONENM@?$AAa?$AAr?$AA?9?$AAs?$AAa?$AA?$AA@ 00000001800051d0     libucrt:lcidtoname_downlevel.obj
 0001:000041e0       ??_C@_1M@DMJDKLKM@?$AAa?$AAr?$AA?9?$AAs?$AAy?$AA?$AA@ 00000001800051e0     libucrt:lcidtoname_downlevel.obj
 0001:000041f0       ??_C@_1M@OMFIPEDC@?$AAa?$AAr?$AA?9?$AAt?$AAn?$AA?$AA@ 00000001800051f0     libucrt:lcidtoname_downlevel.obj
 0001:00004200       ??_C@_1M@IHMHGAON@?$AAa?$AAr?$AA?9?$AAy?$AAe?$AA?$AA@ 0000000180005200     libucrt:lcidtoname_downlevel.obj
 0001:00004210       ??_C@_1BG@KDCPGJGB@?$AAa?$AAz?$AA?9?$AAa?$AAz?$AA?9?$AAc?$AAy?$AAr?$AAl?$AA?$AA@ 0000000180005210     libucrt:lcidtoname_downlevel.obj
 0001:00004228       ??_C@_1BG@IBCKDDOE@?$AAa?$AAz?$AA?9?$AAa?$AAz?$AA?9?$AAl?$AAa?$AAt?$AAn?$AA?$AA@ 0000000180005228     libucrt:lcidtoname_downlevel.obj
 0001:00004240       ??_C@_1M@EGPFDCPD@?$AAb?$AAe?$AA?9?$AAb?$AAy?$AA?$AA@ 0000000180005240     libucrt:lcidtoname_downlevel.obj
 0001:00004250       ??_C@_1M@PCMGMCGC@?$AAb?$AAg?$AA?9?$AAb?$AAg?$AA?$AA@ 0000000180005250     libucrt:lcidtoname_downlevel.obj
 0001:00004260       ??_C@_1M@BJBMFGOB@?$AAb?$AAn?$AA?9?$AAi?$AAn?$AA?$AA@ 0000000180005260     libucrt:lcidtoname_downlevel.obj
 0001:00004270       ??_C@_1BG@EAKMMACD@?$AAb?$AAs?$AA?9?$AAb?$AAa?$AA?9?$AAl?$AAa?$AAt?$AAn?$AA?$AA@ 0000000180005270     libucrt:lcidtoname_downlevel.obj
 0001:00004288       ??_C@_1M@KGADAODK@?$AAc?$AAa?$AA?9?$AAe?$AAs?$AA?$AA@ 0000000180005288     libucrt:lcidtoname_downlevel.obj
 0001:00004298       ??_C@_1M@COAJPDHI@?$AAc?$AAs?$AA?9?$AAc?$AAz?$AA?$AA@ 0000000180005298     libucrt:lcidtoname_downlevel.obj
 0001:000042a8       ??_C@_1M@DHBHFONH@?$AAc?$AAy?$AA?9?$AAg?$AAb?$AA?$AA@ 00000001800052a8     libucrt:lcidtoname_downlevel.obj
 0001:000042b8       ??_C@_1M@IMGKELGA@?$AAd?$AAa?$AA?9?$AAd?$AAk?$AA?$AA@ 00000001800052b8     libucrt:lcidtoname_downlevel.obj
 0001:000042c8       ??_C@_1M@NNDGDNGA@?$AAd?$AAe?$AA?9?$AAa?$AAt?$AA?$AA@ 00000001800052c8     libucrt:lcidtoname_downlevel.obj
 0001:000042d8       ??_C@_1M@IKDBHEEM@?$AAd?$AAe?$AA?9?$AAc?$AAh?$AA?$AA@ 00000001800052d8     libucrt:lcidtoname_downlevel.obj
 0001:000042e8       ??_C@_1M@GFFOJMCJ@?$AAd?$AAe?$AA?9?$AAd?$AAe?$AA?$AA@ 00000001800052e8     libucrt:lcidtoname_downlevel.obj
 0001:000042f8       ??_C@_1M@MDNLKBPM@?$AAd?$AAe?$AA?9?$AAl?$AAi?$AA?$AA@ 00000001800052f8     libucrt:lcidtoname_downlevel.obj
 0001:00004308       ??_C@_1M@NJBEEJNL@?$AAd?$AAe?$AA?9?$AAl?$AAu?$AA?$AA@ 0000000180005308     libucrt:lcidtoname_downlevel.obj
 0001:00004318       ??_C@_1O@GNNELBAP@?$AAd?$AAi?$AAv?$AA?9?$AAm?$AAv?$AA?$AA@ 0000000180005318     libucrt:lcidtoname_downlevel.obj
 0001:00004328       ??_C@_1M@EJLEOGAE@?$AAe?$AAl?$AA?9?$AAg?$AAr?$AA?$AA@ 0000000180005328     libucrt:lcidtoname_downlevel.obj
 0001:00004338       ??_C@_1M@GMPONJN@?$AAe?$AAn?$AA?9?$AAa?$AAu?$AA?$AA@ 0000000180005338     libucrt:lcidtoname_downlevel.obj
 0001:00004348       ??_C@_1M@NIDIIPGF@?$AAe?$AAn?$AA?9?$AAb?$AAz?$AA?$AA@ 0000000180005348     libucrt:lcidtoname_downlevel.obj
 0001:00004358       ??_C@_1M@JEHMIMFO@?$AAe?$AAn?$AA?9?$AAc?$AAa?$AA?$AA@ 0000000180005358     libucrt:lcidtoname_downlevel.obj
 0001:00004368       ??_C@_1M@IGMJCDLA@?$AAe?$AAn?$AA?9?$AAc?$AAb?$AA?$AA@ 0000000180005368     libucrt:lcidtoname_downlevel.obj
 0001:00004378       ??_C@_1M@BNFIGBKG@?$AAe?$AAn?$AA?9?$AAg?$AAb?$AA?$AA@ 0000000180005378     libucrt:lcidtoname_downlevel.obj
 0001:00004388       ??_C@_1M@LKIFDIGP@?$AAe?$AAn?$AA?9?$AAi?$AAe?$AA?$AA@ 0000000180005388     libucrt:lcidtoname_downlevel.obj
 0001:00004398       ??_C@_1M@PJKFGCCO@?$AAe?$AAn?$AA?9?$AAj?$AAm?$AA?$AA@ 0000000180005398     libucrt:lcidtoname_downlevel.obj
 0001:000043a8       ??_C@_1M@KPPKEPBO@?$AAe?$AAn?$AA?9?$AAn?$AAz?$AA?$AA@ 00000001800053a8     libucrt:lcidtoname_downlevel.obj
 0001:000043b8       ??_C@_1M@GMDGLDOB@?$AAe?$AAn?$AA?9?$AAp?$AAh?$AA?$AA@ 00000001800053b8     libucrt:lcidtoname_downlevel.obj
 0001:000043c8       ??_C@_1M@ONGIBJNA@?$AAe?$AAn?$AA?9?$AAt?$AAt?$AA?$AA@ 00000001800053c8     libucrt:lcidtoname_downlevel.obj
 0001:000043d8       ??_C@_1M@LLODPCMM@?$AAe?$AAn?$AA?9?$AAu?$AAs?$AA?$AA@ 00000001800053d8     libucrt:lcidtoname_downlevel.obj
 0001:000043e8       ??_C@_1M@LAKFNPAN@?$AAe?$AAn?$AA?9?$AAz?$AAa?$AA?$AA@ 00000001800053e8     libucrt:lcidtoname_downlevel.obj
 0001:000043f8       ??_C@_1M@MFNHNHEO@?$AAe?$AAn?$AA?9?$AAz?$AAw?$AA?$AA@ 00000001800053f8     libucrt:lcidtoname_downlevel.obj
 0001:00004408       ??_C@_1M@EJEINPHM@?$AAe?$AAs?$AA?9?$AAa?$AAr?$AA?$AA@ 0000000180005408     libucrt:lcidtoname_downlevel.obj
 0001:00004418       ??_C@_1M@GNKPCCJA@?$AAe?$AAs?$AA?9?$AAb?$AAo?$AA?$AA@ 0000000180005418     libucrt:lcidtoname_downlevel.obj
 0001:00004428       ??_C@_1M@LEEGFONL@?$AAe?$AAs?$AA?9?$AAc?$AAl?$AA?$AA@ 0000000180005428     libucrt:lcidtoname_downlevel.obj
 0001:00004438       ??_C@_1M@KGPDPBDF@?$AAe?$AAs?$AA?9?$AAc?$AAo?$AA?$AA@ 0000000180005438     libucrt:lcidtoname_downlevel.obj
 0001:00004448       ??_C@_1M@EIAHOHH@?$AAe?$AAs?$AA?9?$AAc?$AAr?$AA?$AA@ 0000000180005448     libucrt:lcidtoname_downlevel.obj
 0001:00004458       ??_C@_1M@LLPGMBIN@?$AAe?$AAs?$AA?9?$AAd?$AAo?$AA?$AA@ 0000000180005458     libucrt:lcidtoname_downlevel.obj
 0001:00004468       ??_C@_1M@DKHMKNJA@?$AAe?$AAs?$AA?9?$AAe?$AAc?$AA?$AA@ 0000000180005468     libucrt:lcidtoname_downlevel.obj
 0001:00004478       ??_C@_1M@GKGFPKAP@?$AAe?$AAs?$AA?9?$AAe?$AAs?$AA?$AA@ 0000000180005478     libucrt:lcidtoname_downlevel.obj
 0001:00004488       ??_C@_1M@LKHKGDLN@?$AAe?$AAs?$AA?9?$AAg?$AAt?$AA?$AA@ 0000000180005488     libucrt:lcidtoname_downlevel.obj
 0001:00004498       ??_C@_1M@HEIIGGJD@?$AAe?$AAs?$AA?9?$AAh?$AAn?$AA?$AA@ 0000000180005498     libucrt:lcidtoname_downlevel.obj
 0001:000044a8       ??_C@_1M@FBDHPPGD@?$AAe?$AAs?$AA?9?$AAm?$AAx?$AA?$AA@ 00000001800054a8     libucrt:lcidtoname_downlevel.obj
 0001:000044b8       ??_C@_1M@DPAGLNDH@?$AAe?$AAs?$AA?9?$AAn?$AAi?$AA?$AA@ 00000001800054b8     libucrt:lcidtoname_downlevel.obj
 0001:000044c8       ??_C@_1M@MDGOPGDD@?$AAe?$AAs?$AA?9?$AAp?$AAa?$AA?$AA@ 00000001800054c8     libucrt:lcidtoname_downlevel.obj
 0001:000044d8       ??_C@_1M@EMAMGBGE@?$AAe?$AAs?$AA?9?$AAp?$AAe?$AA?$AA@ 00000001800054d8     libucrt:lcidtoname_downlevel.obj
 0001:000044e8       ??_C@_1M@IBMCAOEC@?$AAe?$AAs?$AA?9?$AAp?$AAr?$AA?$AA@ 00000001800054e8     libucrt:lcidtoname_downlevel.obj
 0001:000044f8       ??_C@_1M@FGMDIJED@?$AAe?$AAs?$AA?9?$AAp?$AAy?$AA?$AA@ 00000001800054f8     libucrt:lcidtoname_downlevel.obj
 0001:00004508       ??_C@_1M@IIDEOLLL@?$AAe?$AAs?$AA?9?$AAs?$AAv?$AA?$AA@ 0000000180005508     libucrt:lcidtoname_downlevel.obj
 0001:00004518       ??_C@_1M@GAOBIPA@?$AAe?$AAs?$AA?9?$AAu?$AAy?$AA?$AA@ 0000000180005518     libucrt:lcidtoname_downlevel.obj
 0001:00004528       ??_C@_1M@JKFFICHJ@?$AAe?$AAs?$AA?9?$AAv?$AAe?$AA?$AA@ 0000000180005528     libucrt:lcidtoname_downlevel.obj
 0001:00004538       ??_C@_1M@PNMLOJDF@?$AAe?$AAt?$AA?9?$AAe?$AAe?$AA?$AA@ 0000000180005538     libucrt:lcidtoname_downlevel.obj
 0001:00004548       ??_C@_1M@GHHLIKEI@?$AAe?$AAu?$AA?9?$AAe?$AAs?$AA?$AA@ 0000000180005548     libucrt:lcidtoname_downlevel.obj
 0001:00004558       ??_C@_1M@PBNONODE@?$AAf?$AAa?$AA?9?$AAi?$AAr?$AA?$AA@ 0000000180005558     libucrt:lcidtoname_downlevel.obj
 0001:00004568       ??_C@_1M@JEEHPMIL@?$AAf?$AAi?$AA?9?$AAf?$AAi?$AA?$AA@ 0000000180005568     libucrt:lcidtoname_downlevel.obj
 0001:00004578       ??_C@_1M@LMDCNDBA@?$AAf?$AAo?$AA?9?$AAf?$AAo?$AA?$AA@ 0000000180005578     libucrt:lcidtoname_downlevel.obj
 0001:00004588       ??_C@_1M@JKEOHLDK@?$AAf?$AAr?$AA?9?$AAb?$AAe?$AA?$AA@ 0000000180005588     libucrt:lcidtoname_downlevel.obj
 0001:00004598       ??_C@_1M@NOHADPMI@?$AAf?$AAr?$AA?9?$AAc?$AAa?$AA?$AA@ 0000000180005598     libucrt:lcidtoname_downlevel.obj
 0001:000045a8       ??_C@_1M@KDHIHAEC@?$AAf?$AAr?$AA?9?$AAc?$AAh?$AA?$AA@ 00000001800055a8     libucrt:lcidtoname_downlevel.obj
 0001:000045b8       ??_C@_1M@MMBBFGAK@?$AAf?$AAr?$AA?9?$AAf?$AAr?$AA?$AA@ 00000001800055b8     libucrt:lcidtoname_downlevel.obj
 0001:000045c8       ??_C@_1M@PAFNENNF@?$AAf?$AAr?$AA?9?$AAl?$AAu?$AA?$AA@ 00000001800055c8     libucrt:lcidtoname_downlevel.obj
 0001:000045d8       ??_C@_1M@EOHDJGDD@?$AAf?$AAr?$AA?9?$AAm?$AAc?$AA?$AA@ 00000001800055d8     libucrt:lcidtoname_downlevel.obj
 0001:000045e8       ??_C@_1M@FAPLLOPF@?$AAg?$AAl?$AA?9?$AAe?$AAs?$AA?$AA@ 00000001800055e8     libucrt:lcidtoname_downlevel.obj
 0001:000045f8       ??_C@_1M@FOPBFLOO@?$AAg?$AAu?$AA?9?$AAi?$AAn?$AA?$AA@ 00000001800055f8     libucrt:lcidtoname_downlevel.obj
 0001:00004608       ??_C@_1M@KBMCINPM@?$AAh?$AAe?$AA?9?$AAi?$AAl?$AA?$AA@ 0000000180005608     libucrt:lcidtoname_downlevel.obj
 0001:00004618       ??_C@_1M@BBPHKFPJ@?$AAh?$AAi?$AA?9?$AAi?$AAn?$AA?$AA@ 0000000180005618     libucrt:lcidtoname_downlevel.obj
 0001:00004628       ??_C@_1M@PMBNDPHD@?$AAh?$AAr?$AA?9?$AAb?$AAa?$AA?$AA@ 0000000180005628     libucrt:lcidtoname_downlevel.obj
 0001:00004638       ??_C@_1M@BPCKOEGE@?$AAh?$AAr?$AA?9?$AAh?$AAr?$AA?$AA@ 0000000180005638     libucrt:lcidtoname_downlevel.obj
 0001:00004648       ??_C@_1M@GACBMHKE@?$AAh?$AAu?$AA?9?$AAh?$AAu?$AA?$AA@ 0000000180005648     libucrt:lcidtoname_downlevel.obj
 0001:00004658       ??_C@_1M@MILPAJJC@?$AAh?$AAy?$AA?9?$AAa?$AAm?$AA?$AA@ 0000000180005658     libucrt:lcidtoname_downlevel.obj
 0001:00004668       ??_C@_1M@BABBICEC@?$AAi?$AAd?$AA?9?$AAi?$AAd?$AA?$AA@ 0000000180005668     libucrt:lcidtoname_downlevel.obj
 0001:00004678       ??_C@_1M@BIKNHHPF@?$AAi?$AAs?$AA?9?$AAi?$AAs?$AA?$AA@ 0000000180005678     libucrt:lcidtoname_downlevel.obj
 0001:00004688       ??_C@_1M@NMPCJPHE@?$AAi?$AAt?$AA?9?$AAc?$AAh?$AA?$AA@ 0000000180005688     libucrt:lcidtoname_downlevel.obj
 0001:00004698       ??_C@_1M@GHKGFEDF@?$AAi?$AAt?$AA?9?$AAi?$AAt?$AA?$AA@ 0000000180005698     libucrt:lcidtoname_downlevel.obj
 0001:000046a8       ??_C@_1M@NIEJCJJA@?$AAj?$AAa?$AA?9?$AAj?$AAp?$AA?$AA@ 00000001800056a8     libucrt:lcidtoname_downlevel.obj
 0001:000046b8       ??_C@_1M@JILFNBIM@?$AAk?$AAa?$AA?9?$AAg?$AAe?$AA?$AA@ 00000001800056b8     libucrt:lcidtoname_downlevel.obj
 0001:000046c8       ??_C@_1M@PACPMGPH@?$AAk?$AAk?$AA?9?$AAk?$AAz?$AA?$AA@ 00000001800056c8     libucrt:lcidtoname_downlevel.obj
 0001:000046d8       ??_C@_1M@IELFGMHA@?$AAk?$AAn?$AA?9?$AAi?$AAn?$AA?$AA@ 00000001800056d8     libucrt:lcidtoname_downlevel.obj
 0001:000046e8       ??_C@_1O@IBBJHCH@?$AAk?$AAo?$AAk?$AA?9?$AAi?$AAn?$AA?$AA@ 00000001800056e8     libucrt:lcidtoname_downlevel.obj
 0001:000046f8       ??_C@_1M@DMHAEOGC@?$AAk?$AAo?$AA?9?$AAk?$AAr?$AA?$AA@ 00000001800056f8     libucrt:lcidtoname_downlevel.obj
 0001:00004708       ??_C@_1M@HBAHBIGA@?$AAk?$AAy?$AA?9?$AAk?$AAg?$AA?$AA@ 0000000180005708     libucrt:lcidtoname_downlevel.obj
 0001:00004718       ??_C@_1M@KPMILCJG@?$AAl?$AAt?$AA?9?$AAl?$AAt?$AA?$AA@ 0000000180005718     libucrt:lcidtoname_downlevel.obj
 0001:00004728       ??_C@_1M@BDEKKCA@?$AAl?$AAv?$AA?9?$AAl?$AAv?$AA?$AA@ 0000000180005728     libucrt:lcidtoname_downlevel.obj
 0001:00004738       ??_C@_1M@ELCKCCJJ@?$AAm?$AAi?$AA?9?$AAn?$AAz?$AA?$AA@ 0000000180005738     libucrt:lcidtoname_downlevel.obj
 0001:00004748       ??_C@_1M@CBOOLAPA@?$AAm?$AAk?$AA?9?$AAm?$AAk?$AA?$AA@ 0000000180005748     libucrt:lcidtoname_downlevel.obj
 0001:00004758       ??_C@_1M@GPHNBJKN@?$AAm?$AAl?$AA?9?$AAi?$AAn?$AA?$AA@ 0000000180005758     libucrt:lcidtoname_downlevel.obj
 0001:00004768       ??_C@_1M@PABJILIG@?$AAm?$AAn?$AA?9?$AAm?$AAn?$AA?$AA@ 0000000180005768     libucrt:lcidtoname_downlevel.obj
 0001:00004778       ??_C@_1M@FGBKKIPG@?$AAm?$AAr?$AA?9?$AAi?$AAn?$AA?$AA@ 0000000180005778     libucrt:lcidtoname_downlevel.obj
 0001:00004788       ??_C@_1M@NDBPDDAL@?$AAm?$AAs?$AA?9?$AAb?$AAn?$AA?$AA@ 0000000180005788     libucrt:lcidtoname_downlevel.obj
 0001:00004798       ??_C@_1M@OPIHOOPI@?$AAm?$AAs?$AA?9?$AAm?$AAy?$AA?$AA@ 0000000180005798     libucrt:lcidtoname_downlevel.obj
 0001:000047a8       ??_C@_1M@PPDBCNFM@?$AAm?$AAt?$AA?9?$AAm?$AAt?$AA?$AA@ 00000001800057a8     libucrt:lcidtoname_downlevel.obj
 0001:000047b8       ??_C@_1M@KDJDKMDD@?$AAn?$AAb?$AA?9?$AAn?$AAo?$AA?$AA@ 00000001800057b8     libucrt:lcidtoname_downlevel.obj
 0001:000047c8       ??_C@_1M@KFCFLMJP@?$AAn?$AAl?$AA?9?$AAb?$AAe?$AA?$AA@ 00000001800057c8     libucrt:lcidtoname_downlevel.obj
 0001:000047d8       ??_C@_1M@KPOPDDGO@?$AAn?$AAl?$AA?9?$AAn?$AAl?$AA?$AA@ 00000001800057d8     libucrt:lcidtoname_downlevel.obj
 0001:000047e8       ??_C@_1M@LJKPEMLN@?$AAn?$AAn?$AA?9?$AAn?$AAo?$AA?$AA@ 00000001800057e8     libucrt:lcidtoname_downlevel.obj
 0001:000047f8       ??_C@_1M@BDGHHBFL@?$AAn?$AAs?$AA?9?$AAz?$AAa?$AA?$AA@ 00000001800057f8     libucrt:lcidtoname_downlevel.obj
 0001:00004808       ??_C@_1M@IDEHOAP@?$AAp?$AAa?$AA?9?$AAi?$AAn?$AA?$AA@ 0000000180005808     libucrt:lcidtoname_downlevel.obj
 0001:00004818       ??_C@_1M@HDBKGOGH@?$AAp?$AAl?$AA?9?$AAp?$AAl?$AA?$AA@ 0000000180005818     libucrt:lcidtoname_downlevel.obj
 0001:00004828       ??_C@_1M@LJLLCMEH@?$AAp?$AAt?$AA?9?$AAb?$AAr?$AA?$AA@ 0000000180005828     libucrt:lcidtoname_downlevel.obj
 0001:00004838       ??_C@_1M@NCMONAAL@?$AAp?$AAt?$AA?9?$AAp?$AAt?$AA?$AA@ 0000000180005838     libucrt:lcidtoname_downlevel.obj
 0001:00004848       ??_C@_1O@EAKMAJDN@?$AAq?$AAu?$AAz?$AA?9?$AAb?$AAo?$AA?$AA@ 0000000180005848     libucrt:lcidtoname_downlevel.obj
 0001:00004858       ??_C@_1O@BHHPIGDN@?$AAq?$AAu?$AAz?$AA?9?$AAe?$AAc?$AA?$AA@ 0000000180005858     libucrt:lcidtoname_downlevel.obj
 0001:00004868       ??_C@_1O@GBAPEKMJ@?$AAq?$AAu?$AAz?$AA?9?$AAp?$AAe?$AA?$AA@ 0000000180005868     libucrt:lcidtoname_downlevel.obj
 0001:00004878       ??_C@_1M@CLGLEFBO@?$AAr?$AAo?$AA?9?$AAr?$AAo?$AA?$AA@ 0000000180005878     libucrt:lcidtoname_downlevel.obj
 0001:00004888       ??_C@_1M@CEEDODME@?$AAr?$AAu?$AA?9?$AAr?$AAu?$AA?$AA@ 0000000180005888     libucrt:lcidtoname_downlevel.obj
 0001:00004898       ??_C@_1M@HPKKKMPP@?$AAs?$AAa?$AA?9?$AAi?$AAn?$AA?$AA@ 0000000180005898     libucrt:lcidtoname_downlevel.obj
 0001:000048a8       ??_C@_1M@BKMAIGOJ@?$AAs?$AAe?$AA?9?$AAf?$AAi?$AA?$AA@ 00000001800058a8     libucrt:lcidtoname_downlevel.obj
 0001:000048b8       ??_C@_1M@NDPIFLFI@?$AAs?$AAe?$AA?9?$AAn?$AAo?$AA?$AA@ 00000001800058b8     libucrt:lcidtoname_downlevel.obj
 0001:000048c8       ??_C@_1M@DANKKHJ@?$AAs?$AAe?$AA?9?$AAs?$AAe?$AA?$AA@ 00000001800058c8     libucrt:lcidtoname_downlevel.obj
 0001:000048d8       ??_C@_1M@PNBLONPJ@?$AAs?$AAk?$AA?9?$AAs?$AAk?$AA?$AA@ 00000001800058d8     libucrt:lcidtoname_downlevel.obj
 0001:000048e8       ??_C@_1M@LFMODOAL@?$AAs?$AAl?$AA?9?$AAs?$AAi?$AA?$AA@ 00000001800058e8     libucrt:lcidtoname_downlevel.obj
 0001:000048f8       ??_C@_1O@DFKOMPG@?$AAs?$AAm?$AAa?$AA?9?$AAn?$AAo?$AA?$AA@ 00000001800058f8     libucrt:lcidtoname_downlevel.obj
 0001:00004908       ??_C@_1O@NDKPBNNH@?$AAs?$AAm?$AAa?$AA?9?$AAs?$AAe?$AA?$AA@ 0000000180005908     libucrt:lcidtoname_downlevel.obj
 0001:00004918       ??_C@_1O@PLLKBHAB@?$AAs?$AAm?$AAj?$AA?9?$AAn?$AAo?$AA?$AA@ 0000000180005918     libucrt:lcidtoname_downlevel.obj
 0001:00004928       ??_C@_1O@CLEPOGCA@?$AAs?$AAm?$AAj?$AA?9?$AAs?$AAe?$AA?$AA@ 0000000180005928     libucrt:lcidtoname_downlevel.obj
 0001:00004938       ??_C@_1O@DLGJGKMK@?$AAs?$AAm?$AAn?$AA?9?$AAf?$AAi?$AA?$AA@ 0000000180005938     libucrt:lcidtoname_downlevel.obj
 0001:00004948       ??_C@_1O@OJDJGAJC@?$AAs?$AAm?$AAs?$AA?9?$AAf?$AAi?$AA?$AA@ 0000000180005948     libucrt:lcidtoname_downlevel.obj
 0001:00004958       ??_C@_1M@BOFOGHPB@?$AAs?$AAq?$AA?9?$AAa?$AAl?$AA?$AA@ 0000000180005958     libucrt:lcidtoname_downlevel.obj
 0001:00004968       ??_C@_1BG@LJBBIPGB@?$AAs?$AAr?$AA?9?$AAb?$AAa?$AA?9?$AAc?$AAy?$AAr?$AAl?$AA?$AA@ 0000000180005968     libucrt:lcidtoname_downlevel.obj
 0001:00004980       ??_C@_1BG@JLBENFOE@?$AAs?$AAr?$AA?9?$AAb?$AAa?$AA?9?$AAl?$AAa?$AAt?$AAn?$AA?$AA@ 0000000180005980     libucrt:lcidtoname_downlevel.obj
 0001:00004998       ??_C@_1BG@KODPNHE@?$AAs?$AAr?$AA?9?$AAs?$AAp?$AA?9?$AAc?$AAy?$AAr?$AAl?$AA?$AA@ 0000000180005998     libucrt:lcidtoname_downlevel.obj
 0001:000049b0       ??_C@_1BG@CIOGKHPB@?$AAs?$AAr?$AA?9?$AAs?$AAp?$AA?9?$AAl?$AAa?$AAt?$AAn?$AA?$AA@ 00000001800059b0     libucrt:lcidtoname_downlevel.obj
 0001:000049c8       ??_C@_1M@NGFJLMAC@?$AAs?$AAv?$AA?9?$AAf?$AAi?$AA?$AA@ 00000001800059c8     libucrt:lcidtoname_downlevel.obj
 0001:000049d8       ??_C@_1M@MPJEJAJC@?$AAs?$AAv?$AA?9?$AAs?$AAe?$AA?$AA@ 00000001800059d8     libucrt:lcidtoname_downlevel.obj
 0001:000049e8       ??_C@_1M@MPNDHLFK@?$AAs?$AAw?$AA?9?$AAk?$AAe?$AA?$AA@ 00000001800059e8     libucrt:lcidtoname_downlevel.obj
[...]
 0003:00000cc0       $pdata$??$?RV<lambda_f2e299630e499de9f9a165e60fcd3db5>@@AEAV<lambda_2ae9d31cdba2644fcbeaf08da7c24588>@@V<lambda_40d01ff24d0e7b3814fdbdcee8eab3c7>@@@?$__crt_seh_guarded_call@X@@QEAAX$$QEAV<lambda_f2e299630e499de9f9a165e60fcd3db5>@@AEAV<lambda_2ae9d31cdba2644fcbeaf08da7c24588>@@$$QEAV<lambda_40d01ff24d0e7b3814fdbdcee8eab3c7>@@@Z 0000000180020cc0     libucrt:per_thread_data.obj
 0003:00000ca8       $pdata$??$?RV<lambda_2d41944a1d46af3157314b8a01080d33>@@AEAV<lambda_8f455de75cd7d7f24b4096f044d8b9e6>@@V<lambda_aa500f224e6afead328df44964fe2772>@@@?$__crt_seh_guarded_call@X@@QEAAX$$QEAV<lambda_2d41944a1d46af3157314b8a01080d33>@@AEAV<lambda_8f455de75cd7d7f24b4096f044d8b9e6>@@$$QEAV<lambda_aa500f224e6afead328df44964fe2772>@@@Z 0000000180020ca8     libucrt:per_thread_data.obj
 0003:00000d44       $pdata$__acrt_get_process_end_policy 0000000180020d44     libucrt:win_policies.obj
 0003:00000d68       $pdata$_invalid_parameter_noinfo 0000000180020d68     libucrt:invalid_parameter.obj
 0003:00000d74       $pdata$_invoke_watson      0000000180020d74     libucrt:invalid_parameter.obj
 0003:00000d50       $pdata$__acrt_call_reportfault 0000000180020d50     libucrt:invalid_parameter.obj
 0003:00000d5c       $pdata$_invalid_parameter  0000000180020d5c     libucrt:invalid_parameter.obj
 0003:00000d98       $pdata$_errno              0000000180020d98     libucrt:errno.obj
 0003:00000d8c       $pdata$__doserrno          0000000180020d8c     libucrt:errno.obj
 0003:00000d80       $pdata$__acrt_errno_map_os_error 0000000180020d80     libucrt:errno.obj
 0003:00000da4       $pdata$_calloc_base        0000000180020da4     libucrt:calloc_base.obj
 0003:00000db0       $pdata$??$common_expand_argv_wildcards@D@@YAHQEAPEADQEAPEAPEAD@Z 0000000180020db0     libucrt:argv_wildcards.obj
 0003:00000dbc       $pdata$??$copy_and_add_argument_to_buffer@D@@YAHQEBD0_KAEAV?$argument_list@D@?A0x5f5c8891@@@Z 0000000180020dbc     libucrt:argv_wildcards.obj
 0003:00000dc8       $pdata$??$expand_argument_wildcards@D@@YAHQEAD0AEAV?$argument_list@D@?A0x5f5c8891@@@Z 0000000180020dc8     libucrt:argv_wildcards.obj
 0003:00000e28       $pdata$__acrt_update_thread_multibyte_data 0000000180020e28     libucrt:mbctype.obj
 0003:00000e1c       $pdata$__acrt_initialize_multibyte 0000000180020e1c     libucrt:mbctype.obj
 0003:00000e34       $pdata$_setmbcp_nolock     0000000180020e34     libucrt:mbctype.obj
 0003:00000de0       $pdata$?getSystemCP@@YAHH@Z 0000000180020de0     libucrt:mbctype.obj
 0003:00000dec       $pdata$?setSBCS@@YAXPEAU__crt_multibyte_data@@@Z 0000000180020dec     libucrt:mbctype.obj
 0003:00000e10       $pdata$?update_thread_multibyte_data_internal@@YAPEAU__crt_multibyte_data@@QEAU__acrt_ptd@@QEAPEAU1@@Z 0000000180020e10     libucrt:mbctype.obj
 0003:0000141c       $pdata$?fin$0@?0??update_thread_multibyte_data_internal@@YAPEAU__crt_multibyte_data@@QEAU__acrt_ptd@@QEAPEAU1@@Z@4HA 000000018002141c     libucrt:mbctype.obj
 0003:00000e04       $pdata$?setmbcp_internal@@YAHH_NQEAU__acrt_ptd@@QEAPEAU__crt_multibyte_data@@@Z 0000000180020e04     libucrt:mbctype.obj
 0003:00000df8       $pdata$?setSBUpLow@@YAXPEAU__crt_multibyte_data@@@Z 0000000180020df8     libucrt:mbctype.obj
 0003:00000dd4       $pdata$??$?RV<lambda_efdfa57d1f175319df784efa44bb7b81>@@AEAV<lambda_5f0a4c1567f8adc6734073e5d1e1b35c>@@V<lambda_2e8a7d3640ea6ccb4c2413664c2db6fd>@@@?$__crt_seh_guarded_call@X@@QEAAX$$QEAV<lambda_efdfa57d1f175319df784efa44bb7b81>@@AEAV<lambda_5f0a4c1567f8adc6734073e5d1e1b35c>@@$$QEAV<lambda_2e8a7d3640ea6ccb4c2413664c2db6fd>@@@Z 0000000180020dd4     libucrt:mbctype.obj
 0003:00000e40       $pdata$?x_ismbbtype_l@@YAHPEAU__crt_locale_pointers@@IHH@Z 0000000180020e40     libucrt:ismbbyte.obj
 0003:00000e4c       $pdata$__acrt_initialize_command_line 0000000180020e4c     libucrt:argv_data.obj
 0003:00000e58       $pdata$wcscpy_s            0000000180020e58     libucrt:wcscpy_s.obj
 0003:00000e64       $pdata$__dcrt_get_narrow_environment_from_os 0000000180020e64     libucrt:get_environment_from_os.obj
 0003:00000e70       $pdata$_recalloc_base      0000000180020e70     libucrt:recalloc.obj
 0003:00000ee8       $pdata$__acrt_initialize_winapi_thunks 0000000180020ee8     libucrt:winapi_thunks.obj
 0003:00000ef4       $pdata$__acrt_uninitialize_winapi_thunks 0000000180020ef4     libucrt:winapi_thunks.obj
 0003:00000e94       $pdata$__acrt_FlsAlloc     0000000180020e94     libucrt:winapi_thunks.obj
 0003:00000ea0       $pdata$__acrt_FlsFree      0000000180020ea0     libucrt:winapi_thunks.obj
 0003:00000eac       $pdata$__acrt_FlsGetValue  0000000180020eac     libucrt:winapi_thunks.obj
 0003:00000eb8       $pdata$__acrt_FlsSetValue  0000000180020eb8     libucrt:winapi_thunks.obj
 0003:00000ec4       $pdata$__acrt_InitializeCriticalSectionEx 0000000180020ec4     libucrt:winapi_thunks.obj
 0003:00000ed0       $pdata$__acrt_LCMapStringEx 0000000180020ed0     libucrt:winapi_thunks.obj
 0003:00000edc       $pdata$__acrt_LocaleNameToLCID 0000000180020edc     libucrt:winapi_thunks.obj
 0003:00000e88       $pdata$__acrt_AppPolicyGetProcessTerminationMethodInternal 0000000180020e88     libucrt:winapi_thunks.obj
 0003:00000e7c       $pdata$?try_get_function@@YAPEAXW4function_id@?A0x391cf84c@@QEBDQEBW4module_id@2@2@Z 0000000180020e7c     libucrt:winapi_thunks.obj
 0003:00000f00       $pdata$__acrt_initialize_heap 0000000180020f00     libucrt:heap_handle.obj
 0003:00000f24       $pdata$__acrt_initialize_lowio 0000000180020f24     libucrt:ioinit.obj
 0003:00001428       $pdata$__acrt_lowio_ensure_fh_exists$fin$0 0000000180021428     libucrt:osfinfo.obj
 0003:00001428       $pdata$__acrt_initialize_lowio$fin$0 0000000180021428     libucrt:ioinit.obj
 0003:00000f30       $pdata$__acrt_uninitialize_lowio 0000000180020f30     libucrt:ioinit.obj
 0003:00000f0c       $pdata$?initialize_inherited_file_handles_nolock@@YAXXZ 0000000180020f0c     libucrt:ioinit.obj
 0003:00000f18       $pdata$?initialize_stdio_handles_nolock@@YAXXZ 0000000180020f18     libucrt:ioinit.obj
 0003:00000f3c       $pdata$__acrt_execute_initializers 0000000180020f3c     libucrt:shared_initialization.obj
 0003:00000f48       $pdata$__acrt_execute_uninitializers 0000000180020f48     libucrt:shared_initialization.obj
 0003:00000f60       $pdata$__acrt_get_sigabrt_handler 0000000180020f60     libucrt:signal.obj
 0003:00000f6c       $pdata$raise               0000000180020f6c     libucrt:signal.obj
 0003:00001434       $pdata$raise$fin$0         0000000180021434     libucrt:signal.obj
 0003:00000f54       $pdata$??$?RV<lambda_450d765d439847d4c735a33c368b5fc0>@@AEAV<lambda_44731a7d0e6d81c3e6aa82d741081786>@@V<lambda_601a2a7da3b7a96e9554ac7215c4b07c>@@@?$__crt_seh_guarded_call@P6AXH@Z@@QEAAP6AXH@Z$$QEAV<lambda_450d765d439847d4c735a33c368b5fc0>@@AEAV<lambda_44731a7d0e6d81c3e6aa82d741081786>@@$$QEAV<lambda_601a2a7da3b7a96e9554ac7215c4b07c>@@@Z 0000000180020f54     libucrt:signal.obj
 0003:00000fa8       $pdata$_fflush_nolock      0000000180020fa8     libucrt:fflush.obj
 0003:00000f9c       $pdata$__acrt_stdio_flush_nolock 0000000180020f9c     libucrt:fflush.obj
 0003:00000f90       $pdata$?common_flush_all@@YAH_N@Z 0000000180020f90     libucrt:fflush.obj
 0003:00000f78       $pdata$??$?RV<lambda_842d9ff0dc9ef11c61343bbaebe7f885>@@AEAV<lambda_c5860995281e5c4ce005b3de8f5874ee>@@V<lambda_d90129c13df834fdcbf8d2b88dafcf2d>@@@?$__crt_seh_guarded_call@X@@QEAAX$$QEAV<lambda_842d9ff0dc9ef11c61343bbaebe7f885>@@AEAV<lambda_c5860995281e5c4ce005b3de8f5874ee>@@$$QEAV<lambda_d90129c13df834fdcbf8d2b88dafcf2d>@@@Z 0000000180020f78     libucrt:fflush.obj
 0003:00001440       $pdata$?fin$0@?0???$?RV<lambda_842d9ff0dc9ef11c61343bbaebe7f885>@@AEAV<lambda_c5860995281e5c4ce005b3de8f5874ee>@@V<lambda_d90129c13df834fdcbf8d2b88dafcf2d>@@@?$__crt_seh_guarded_call@X@@QEAAX$$QEAV<lambda_842d9ff0dc9ef11c61343bbaebe7f885>@@AEAV<lambda_c5860995281e5c4ce005b3de8f5874ee>@@$$QEAV<lambda_d90129c13df834fdcbf8d2b88dafcf2d>@@@Z@4HA 0000000180021440     libucrt:fflush.obj
 0003:00000f84       $pdata$??$?RV<lambda_886d6c58226a84441f68b9f2b8217b83>@@AEAV<lambda_ab61a845afdef5b7c387490eaf3616ee>@@V<lambda_f7f22ab5edc0698d5f6905b0d3f44752>@@@?$__crt_seh_guarded_call@X@@QEAAX$$QEAV<lambda_886d6c58226a84441f68b9f2b8217b83>@@AEAV<lambda_ab61a845afdef5b7c387490eaf3616ee>@@$$QEAV<lambda_f7f22ab5edc0698d5f6905b0d3f44752>@@@Z 0000000180020f84     libucrt:fflush.obj
 0003:0000144c       $pdata$?fin$0@?0???$?RV<lambda_886d6c58226a84441f68b9f2b8217b83>@@AEAV<lambda_ab61a845afdef5b7c387490eaf3616ee>@@V<lambda_f7f22ab5edc0698d5f6905b0d3f44752>@@@?$__crt_seh_guarded_call@X@@QEAAX$$QEAV<lambda_886d6c58226a84441f68b9f2b8217b83>@@AEAV<lambda_ab61a845afdef5b7c387490eaf3616ee>@@$$QEAV<lambda_f7f22ab5edc0698d5f6905b0d3f44752>@@@Z@4HA 000000018002144c     libucrt:fflush.obj
 0003:00000fb4       $pdata$__acrt_initialize_stdio 0000000180020fb4     libucrt:_file.obj
 0003:00000fc0       $pdata$__acrt_uninitialize_stdio 0000000180020fc0     libucrt:_file.obj
 0003:00000fcc       $pdata$_mbtowc_l           0000000180020fcc     libucrt:mbtowc.obj
 0003:00000fd8       $pdata$__acrt_update_locale_info 0000000180020fd8     libucrt:locale_update.obj
 0003:00000fe4       $pdata$__acrt_update_multibyte_info 0000000180020fe4     libucrt:locale_update.obj
 0003:00000ff0       $pdata$_fileno             0000000180020ff0     libucrt:fileno.obj
 0003:00001008       $pdata$__acrt_uninitialize_locale 0000000180021008     libucrt:wsetlocale.obj
 0003:00000ffc       $pdata$??$?RV<lambda_410d79af7f07d98d83a3f525b3859a53>@@AEAV<lambda_3e16ef9562a7dcce91392c22ab16ea36>@@V<lambda_38119f0e861e05405d8a144b9b982f0a>@@@?$__crt_seh_guarded_call@X@@QEAAX$$QEAV<lambda_410d79af7f07d98d83a3f525b3859a53>@@AEAV<lambda_3e16ef9562a7dcce91392c22ab16ea36>@@$$QEAV<lambda_38119f0e861e05405d8a144b9b982f0a>@@@Z 0000000180020ffc     libucrt:wsetlocale.obj
 0003:00001458       $pdata$?fin$0@?0???$?RV<lambda_410d79af7f07d98d83a3f525b3859a53>@@AEAV<lambda_3e16ef9562a7dcce91392c22ab16ea36>@@V<lambda_38119f0e861e05405d8a144b9b982f0a>@@@?$__crt_seh_guarded_call@X@@QEAAX$$QEAV<lambda_410d79af7f07d98d83a3f525b3859a53>@@AEAV<lambda_3e16ef9562a7dcce91392c22ab16ea36>@@$$QEAV<lambda_38119f0e861e05405d8a144b9b982f0a>@@@Z@4HA 0000000180021458     libucrt:wsetlocale.obj
 0003:00001014       $pdata$__pctype_func       0000000180021014     libucrt:ctype.obj
 0003:00001038       $pdata$__acrt_release_locale_ref 0000000180021038     libucrt:locale_refcounting.obj
 0003:00001020       $pdata$__acrt_free_locale  0000000180021020     libucrt:locale_refcounting.obj
 0003:0000102c       $pdata$__acrt_locale_free_lc_time_if_unreferenced 000000018002102c     libucrt:locale_refcounting.obj
 0003:00001044       $pdata$__acrt_update_thread_locale_data 0000000180021044     libucrt:locale_refcounting.obj
 0003:00001464       $pdata$__acrt_update_thread_locale_data$fin$0 0000000180021464     libucrt:locale_refcounting.obj
 0003:00001050       $pdata$_updatetlocinfoEx_nolock 0000000180021050     libucrt:locale_refcounting.obj
 0003:0000105c       $pdata$qsort               000000018002105c     libucrt:qsort.obj
 0003:00001068       $pdata$4$qsort             0000000180021068     libucrt:qsort.obj
 0003:00001074       $pdata$5$qsort             0000000180021074     libucrt:qsort.obj
 0003:00001080       $pdata$strncpy_s           0000000180021080     libucrt:strncpy_s.obj
 0003:00001098       $pdata$strpbrk             0000000180021098     libucrt:strpbrk.obj
 0003:0000108c       $pdata$fallbackMethod      000000018002108c     libucrt:strpbrk.obj
 0003:000010a4       $pdata$_mbsdec_l           00000001800210a4     libucrt:mbsdec.obj
 0003:000010b0       $pdata$?initialize_multibyte@@YAHXZ 00000001800210b0     libucrt:multibyte_initializer.obj
 0003:000010bc       $pdata$__acrt_GetStringTypeA 00000001800210bc     libucrt:getstringtypea.obj
 0003:000010d4       $pdata$__acrt_LCMapStringA 00000001800210d4     libucrt:lcmapstringa.obj
 0003:000010c8       $pdata$?__acrt_LCMapStringA_stat@@YAHPEAU__crt_locale_pointers@@PEB_WKPEBDHPEADHHH@Z 00000001800210c8     libucrt:lcmapstringa.obj
 0003:000010e0       $pdata$_msize_base         00000001800210e0     libucrt:msize.obj
 0003:000010f8       $pdata$__acrt_DownlevelLocaleNameToLCID 00000001800210f8     libucrt:lcidtoname_downlevel.obj
 0003:000010ec       $pdata$?GetTableIndexFromLocaleName@@YAHPEB_W@Z 00000001800210ec     libucrt:lcidtoname_downlevel.obj
 0003:00001134       $pdata$_get_osfhandle      0000000180021134     libucrt:osfinfo.obj
 0003:00001128       $pdata$_free_osfhnd        0000000180021128     libucrt:osfinfo.obj
 0003:00001104       $pdata$__acrt_lowio_create_handle_array 0000000180021104     libucrt:osfinfo.obj
 0003:00001110       $pdata$__acrt_lowio_destroy_handle_array 0000000180021110     libucrt:osfinfo.obj
 0003:0000111c       $pdata$__acrt_lowio_ensure_fh_exists 000000018002111c     libucrt:osfinfo.obj
 0003:0000114c       $pdata$_commit             000000018002114c     libucrt:commit.obj
 0003:00001140       $pdata$??$?RV<lambda_a37b2b86f63e897a80ea819b0eb08c01>@@AEAV<lambda_38ce7e780aa69e748d6df282ebc68efe>@@V<lambda_99fb1378e971ab6e7edea83e3a7a83a2>@@@?$__crt_seh_guarded_call@H@@QEAAH$$QEAV<lambda_a37b2b86f63e897a80ea819b0eb08c01>@@AEAV<lambda_38ce7e780aa69e748d6df282ebc68efe>@@$$QEAV<lambda_99fb1378e971ab6e7edea83e3a7a83a2>@@@Z 0000000180021140     libucrt:commit.obj
 0003:00001470       $pdata$?fin$0@?0???$?RV<lambda_751a882b2c74d4b022dec766aa51a29a>@@AEAV<lambda_628dfdc04ba53c8bfc02c9951375f3f5>@@V<lambda_f6c7be5f7998530c34de24c7437d6b54>@@@?$__crt_seh_guarded_call@H@@QEAAH$$QEAV<lambda_751a882b2c74d4b022dec766aa51a29a>@@AEAV<lambda_628dfdc04ba53c8bfc02c9951375f3f5>@@$$QEAV<lambda_f6c7be5f7998530c34de24c7437d6b54>@@@Z@4HA 0000000180021470     libucrt:close.obj
 0003:00001470       $pdata$?fin$0@?0???$?RV<lambda_a37b2b86f63e897a80ea819b0eb08c01>@@AEAV<lambda_38ce7e780aa69e748d6df282ebc68efe>@@V<lambda_99fb1378e971ab6e7edea83e3a7a83a2>@@@?$__crt_seh_guarded_call@H@@QEAAH$$QEAV<lambda_a37b2b86f63e897a80ea819b0eb08c01>@@AEAV<lambda_38ce7e780aa69e748d6df282ebc68efe>@@$$QEAV<lambda_99fb1378e971ab6e7edea83e3a7a83a2>@@@Z@4HA 0000000180021470     libucrt:commit.obj
 0003:00001188       $pdata$_write              0000000180021188     libucrt:write.obj
 0003:0000147c       $pdata$_write$fin$0        000000018002147c     libucrt:write.obj
 0003:00001194       $pdata$_write_nolock       0000000180021194     libucrt:write.obj
 0003:00001158       $pdata$?write_double_translated_ansi_nolock@@YA?AUwrite_result@?A0x17268360@@HQEBDI@Z 0000000180021158     libucrt:write.obj
 0003:00001164       $pdata$?write_text_ansi_nolock@@YA?AUwrite_result@?A0x17268360@@HQEBDI@Z 0000000180021164     libucrt:write.obj
 0003:00001170       $pdata$?write_text_utf16le_nolock@@YA?AUwrite_result@?A0x17268360@@HQEBDI@Z 0000000180021170     libucrt:write.obj
 0003:0000117c       $pdata$?write_text_utf8_nolock@@YA?AUwrite_result@?A0x17268360@@HQEBDI@Z 000000018002117c     libucrt:write.obj
 0003:000011a0       $pdata$_fcloseall          00000001800211a0     libucrt:closeall.obj
 0003:00001488       $pdata$_fcloseall$fin$0    0000000180021488     libucrt:closeall.obj
 0003:000011ac       $pdata$__acrt_stdio_free_buffer_nolock 00000001800211ac     libucrt:_freebuf.obj
 0003:000011b8       $pdata$_isatty             00000001800211b8     libucrt:isatty.obj
 0003:000011c4       $pdata$_isleadbyte_l       00000001800211c4     libucrt:_wctype.obj
 0003:000011d0       $pdata$__acrt_locale_free_monetary 00000001800211d0     libucrt:initmon.obj
 0003:000011dc       $pdata$__acrt_locale_free_numeric 00000001800211dc     libucrt:initnum.obj
 0003:000011f4       $pdata$__acrt_locale_free_time 00000001800211f4     libucrt:inittime.obj
 0003:000011e8       $pdata$?free_crt_array_internal@@YAXQEAPEBX_K@Z 00000001800211e8     libucrt:inittime.obj
 0003:00001200       $pdata$??$common_lseek_nolock@_J@@YA_JH_JH@Z 0000000180021200     libucrt:lseek.obj
 0003:0000120c       $pdata$_putwch_nolock      000000018002120c     libucrt:putwch.obj
 0003:00001224       $pdata$fclose              0000000180021224     libucrt:fclose.obj
 0003:00001494       $pdata$fclose$fin$0        0000000180021494     libucrt:fclose.obj
 0003:00001218       $pdata$_fclose_nolock      0000000180021218     libucrt:fclose.obj
 0003:0000123c       $pdata$__dcrt_lowio_ensure_console_output_initialized 000000018002123c     libucrt:initcon.obj
 0003:00001254       $pdata$__dcrt_write_console_w 0000000180021254     libucrt:initcon.obj
 0003:00001248       $pdata$__dcrt_terminate_console_output 0000000180021248     libucrt:initcon.obj
 0003:0000126c       $pdata$_close              000000018002126c     libucrt:close.obj
 0003:00001278       $pdata$_close_nolock       0000000180021278     libucrt:close.obj
 0003:00001260       $pdata$??$?RV<lambda_751a882b2c74d4b022dec766aa51a29a>@@AEAV<lambda_628dfdc04ba53c8bfc02c9951375f3f5>@@V<lambda_f6c7be5f7998530c34de24c7437d6b54>@@@?$__crt_seh_guarded_call@H@@QEAAH$$QEAV<lambda_751a882b2c74d4b022dec766aa51a29a>@@AEAV<lambda_628dfdc04ba53c8bfc02c9951375f3f5>@@$$QEAV<lambda_f6c7be5f7998530c34de24c7437d6b54>@@@Z 0000000180021260     libucrt:close.obj
 0003:00001284       $pdata$_call_matherr       0000000180021284     libucrt:libm_error.obj
 0003:00001290       $pdata$_exception_enabled  0000000180021290     libucrt:libm_error.obj
 0003:0000129c       $pdata$_handle_error       000000018002129c     libucrt:libm_error.obj
 0003:000012a8       $pdata$__acrt_initialize_fma3 00000001800212a8     libucrt:fma3_available.obj
 0003:000012c0       $pdata$_log_special_common 00000001800212c0     libucrt:log_special.obj
 0003:000012b4       $pdata$_log10_special      00000001800212b4     libucrt:log_special.obj
 0003:000012f0       $pdata$_set_errno_from_matherr 00000001800212f0     libucrt:fpexcept.obj
 0003:000012d8       $pdata$_raise_exc          00000001800212d8     libucrt:fpexcept.obj
 0003:000012e4       $pdata$_raise_exc_ex       00000001800212e4     libucrt:fpexcept.obj
 0003:000012fc       $pdata$_clrfp              00000001800212fc     libucrt:fpctrl.obj
 0003:00001308       $pdata$_ctrlfp             0000000180021308     libucrt:fpctrl.obj
 0003:000014a0       $pdata$_ctrlfp$filt$0      00000001800214a0     libucrt:fpctrl.obj
 0003:00001320       $pdata$_statfp             0000000180021320     libucrt:fpctrl.obj
 0003:00001314       $pdata$_set_statfp         0000000180021314     libucrt:fpctrl.obj
 0003:0000132c       $pdata$_IsNonwritableInCurrentImage 000000018002132c     LIBCMT:pesect.obj
 0003:000014ac       $pdata$_IsNonwritableInCurrentImage$filt$0 00000001800214ac     LIBCMT:pesect.obj
 0003:00001344       $pdata$__GSHandlerCheckCommon 0000000180021344     LIBCMT:_gshandler_.obj
 0003:00001338       $pdata$__GSHandlerCheck    0000000180021338     LIBCMT:_gshandler_.obj
 0003:00001380       $pdata$__report_securityfailure 0000000180021380     LIBCMT:gs_report.obj
 0003:00001374       $pdata$__report_rangecheckfailure 0000000180021374     LIBCMT:gs_report.obj
 0003:00001368       $pdata$__report_gsfailure  0000000180021368     LIBCMT:gs_report.obj
 0003:0000138c       $pdata$capture_current_context 000000018002138c     LIBCMT:gs_report.obj
 0003:00001398       $pdata$capture_previous_context 0000000180021398     LIBCMT:gs_report.obj
 0003:0000135c       $pdata$__raise_securityfailure 000000018002135c     LIBCMT:gs_report.obj
 0004:00000808       .idata$6                   0000000180022808     kernel32:KERNEL32.dll
 0004:00000824       .idata$6                   0000000180022824     user32:USER32.dll
 0004:0000084e       .idata$6                   000000018002284e     advapi32:ADVAPI32.dll
 0004:000008f8       .idata$6                   00000001800228f8     mpr:MPR.dll
 0004:00000924       .idata$6                   0000000180022924     Netapi32:NETAPI32.dll
 0005:00000060       $R000000                   0000000180023060     Network.res
