 Compare

 Timestamp is 5c3fd6a0 (Thu Jan 17 04:13:04 2019)

 Preferred load address is 0000000180000000

 Start         Length     Name                   Class
 0001:00000000 00000008H .CRT$XCA                CODE
 0001:00000008 00000008H .CRT$XCZ                CODE
 0001:00000010 00000008H .CRT$XIA                CODE
 0001:00000018 00000018H .CRT$XIC                CODE
 0001:00000030 00000008H .CRT$XIZ                CODE
 0001:00000038 00000008H .CRT$XPA                CODE
 0001:00000040 00000010H .CRT$XPX                CODE
 0001:00000050 00000008H .CRT$XPXA               CODE
 0001:00000058 00000008H .CRT$XPZ                CODE
 0001:00000060 00000008H .CRT$XTA                CODE
 0001:00000068 00000008H .CRT$XTZ                CODE
 0001:00000070 00000000H .gfids$y                CODE
 0001:00000070 00007400H .rdata                  CODE
 0001:00007470 000001f4H .rdata$r                CODE
 0001:00007664 000002b4H .rdata$zzzdbg           CODE
 0001:00007918 00000008H .rtc$IAA                CODE
 0001:00007920 00000008H .rtc$IZZ                CODE
 0001:00007928 00000008H .rtc$TAA                CODE
 0001:00007930 00000010H .rtc$TZZ                CODE
 0001:00007940 0000d530H .text$mn                CODE
 0001:00014e70 00000020H .text$mn$00             CODE
 0001:00014e90 00000250H .text$x                 CODE
 0001:000150e0 00000cd0H .xdata                  CODE
 0001:00015db0 000000f0H .xdata$x                CODE
 0001:00015ea0 00000090H .edata                  CODE
 0002:00000000 00000c38H .data                   DATA
 0002:00000c38 000000a8H .data$r                 DATA
 0002:00000ce0 000014e0H .bss                    DATA
 0003:00000000 00000f0cH .pdata                  DATA
 0004:00000000 00000280H .idata$5                DATA
 0004:00000280 00000010H .00cfg                  DATA
 0004:00000290 00000014H .idata$2                DATA
 0004:000002a4 00000014H .idata$3                DATA
 0004:000002b8 00000280H .idata$4                DATA
 0004:00000538 000005b4H .idata$6                DATA
 0005:00000000 00000060H .rsrc$01                DATA
 0005:00000060 00000380H .rsrc$02                DATA

  Address         Publics by Value              Rva+Base               Lib:Object

 0000:00000000       __guard_iat_count          0000000000000000     <absolute>
 0000:00000000       __dynamic_value_reloc_table 0000000000000000     <absolute>
 0000:00000000       __hybrid_code_map          0000000000000000     <absolute>
 0000:00000000       __hybrid_code_map_count    0000000000000000     <absolute>
 0000:00000000       __guard_iat_table          0000000000000000     <absolute>
 0000:00000000       __hybrid_auxiliary_iat     0000000000000000     <absolute>
 0000:00000000       __guard_longjmp_table      0000000000000000     <absolute>
 0000:00000000       __guard_longjmp_count      0000000000000000     <absolute>
 0000:00000000       __guard_fids_count         0000000000000000     <absolute>
 0000:00000000       __enclave_config           0000000000000000     <absolute>
 0000:00000000       ___safe_se_handler_table   0000000000000000     <absolute>
 0000:00000000       ___safe_se_handler_count   0000000000000000     <absolute>
 0000:00000000       __guard_fids_table         0000000000000000     <absolute>
 0000:00000100       __guard_flags              0000000000000100     <absolute>
 0000:00000000       __ImageBase                0000000180000000     <linker-defined>
 0001:00000000       __xc_a                     0000000180001000     LIBCMT:initializers.obj
 0001:00000008       __xc_z                     0000000180001008     LIBCMT:initializers.obj
 0001:00000010       __xi_a                     0000000180001010     LIBCMT:initializers.obj
 0001:00000018       __acrt_multibyte_initializer 0000000180001018     libucrt:multibyte_initializer.obj
 0001:00000020       __acrt_stdio_initializer   0000000180001020     libucrt:stdio_initializer.obj
 0001:00000028       __acrt_tran_fma3_initializer 0000000180001028     libucrt:fma3_initializer.obj
 0001:00000030       __xi_z                     0000000180001030     LIBCMT:initializers.obj
 0001:00000038       __xp_a                     0000000180001038     LIBCMT:initializers.obj
 0001:00000040       __acrt_locale_terminator   0000000180001040     libucrt:locale_initializer.obj
 0001:00000048       __dcrt_console_output_terminator 0000000180001048     libucrt:console_output_initializer.obj
 0001:00000050       __acrt_stdio_terminator    0000000180001050     libucrt:stdio_initializer.obj
 0001:00000058       __xp_z                     0000000180001058     LIBCMT:initializers.obj
 0001:00000060       __xt_a                     0000000180001060     LIBCMT:initializers.obj
 0001:00000068       __xt_z                     0000000180001068     LIBCMT:initializers.obj
 0001:00000080       MainGuid                   0000000180001080     Compare.obj
 0001:00000090       MenuGuid                   0000000180001090     Compare.obj
 0001:000000a0       DialogGuid                 00000001800010a0     Compare.obj
 0001:000000b0       ??_C@_11LOCGONAA@?$AA?$AA@ 00000001800010b0     Compare.obj
 0001:000000b8       ??_C@_17LGKOMLJ@?$AA?4?$AA?4?$AA?4?$AA?$AA@ 00000001800010b8     Compare.obj
 0001:000000c0       ??_C@_1CE@FBOAEKEI@?$AAP?$AAr?$AAo?$AAc?$AAe?$AAs?$AAs?$AAS?$AAu?$AAb?$AAf?$AAo?$AAl?$AAd?$AAe?$AAr?$AAs?$AA?$AA@ 00000001800010c0     Compare.obj
 0001:000000e8       ??_C@_1CA@KJDAALFO@?$AAU?$AAs?$AAe?$AAM?$AAa?$AAx?$AAS?$AAc?$AAa?$AAn?$AAD?$AAe?$AAp?$AAt?$AAh?$AA?$AA@ 00000001800010e8     Compare.obj
 0001:00000108       ??_C@_1BK@GGEMFANC@?$AAM?$AAa?$AAx?$AAS?$AAc?$AAa?$AAn?$AAD?$AAe?$AAp?$AAt?$AAh?$AA?$AA@ 0000000180001108     Compare.obj
 0001:00000128       ??_C@_1CA@MDABALAC@?$AAP?$AAr?$AAo?$AAc?$AAe?$AAs?$AAs?$AAS?$AAe?$AAl?$AAe?$AAc?$AAt?$AAe?$AAd?$AA?$AA@ 0000000180001128     Compare.obj
 0001:00000148       ??_C@_1BI@HJKFLAP@?$AAC?$AAo?$AAm?$AAp?$AAa?$AAr?$AAe?$AAT?$AAi?$AAm?$AAe?$AA?$AA@ 0000000180001148     Compare.obj
 0001:00000160       ??_C@_1CC@GIIFACBC@?$AAL?$AAo?$AAw?$AAP?$AAr?$AAe?$AAc?$AAi?$AAs?$AAi?$AAo?$AAn?$AAT?$AAi?$AAm?$AAe?$AA?$AA@ 0000000180001160     Compare.obj
 0001:00000190       ??_C@_1EE@EFHMKIOD@?$AAI?$AAg?$AAn?$AAo?$AAr?$AAe?$AAP?$AAo?$AAs?$AAs?$AAi?$AAb?$AAl?$AAe?$AAT?$AAi?$AAm?$AAe?$AAZ?$AAo?$AAn?$AAe?$AAD?$AAi?$AAf?$AAf?$AAe?$AAr?$AAe?$AAn?$AAc?$AAe@ 0000000180001190     Compare.obj
 0001:000001d8       ??_C@_1BI@PLJFHCFF@?$AAC?$AAo?$AAm?$AAp?$AAa?$AAr?$AAe?$AAS?$AAi?$AAz?$AAe?$AA?$AA@ 00000001800011d8     Compare.obj
 0001:000001f0       ??_C@_1CA@JKHJMABM@?$AAC?$AAo?$AAm?$AAp?$AAa?$AAr?$AAe?$AAC?$AAo?$AAn?$AAt?$AAe?$AAn?$AAt?$AAs?$AA?$AA@ 00000001800011f0     Compare.obj
 0001:00000210       ??_C@_1CM@MCIOEKOG@?$AAC?$AAo?$AAm?$AAp?$AAa?$AAr?$AAe?$AAC?$AAo?$AAn?$AAt?$AAe?$AAn?$AAt?$AAs?$AAI?$AAg?$AAn?$AAo?$AAr?$AAe?$AA?$AA@ 0000000180001210     Compare.obj
 0001:00000240       ??_C@_1BO@PEKJDKMD@?$AAI?$AAg?$AAn?$AAo?$AAr?$AAe?$AAN?$AAe?$AAw?$AAL?$AAi?$AAn?$AAe?$AAs?$AA?$AA@ 0000000180001240     Compare.obj
 0001:00000260       ??_C@_1CC@EJJKPBBK@?$AAI?$AAg?$AAn?$AAo?$AAr?$AAe?$AAW?$AAh?$AAi?$AAt?$AAe?$AAs?$AAp?$AAa?$AAc?$AAe?$AA?$AA@ 0000000180001260     Compare.obj
 0001:00000288       ??_C@_1CE@FJPIMCHB@?$AAM?$AAe?$AAs?$AAs?$AAa?$AAg?$AAe?$AAW?$AAh?$AAe?$AAn?$AAN?$AAo?$AAD?$AAi?$AAf?$AAf?$AA?$AA@ 0000000180001288     Compare.obj
 0001:000002b0       ??_C@_1M@KNJIDFOP@?$AA9?$AA9?$AA9?$AA9?$AA9?$AA?$AA@ 00000001800012b0     Compare.obj
 0001:000002c0       ??_C@_1BC@ENICKDH@?$AAC?$AAo?$AAn?$AAt?$AAe?$AAn?$AAt?$AAs?$AA?$AA@ 00000001800012c0     Compare.obj
 0001:000002d8       ??_C@_1BG@EEJFCAOO@?$AAS?$AAh?$AAo?$AAw?$AAH?$AAi?$AAd?$AAd?$AAe?$AAn?$AA?$AA@ 00000001800012d8     Compare.obj
 0001:000002f0       ??_C@_17FPIFMLJN@?$AAE?$AAs?$AAc?$AA?$AA@ 00000001800012f0     Compare.obj
 0001:000002f8       ??_C@_19MJCDBCKE@?$AA?2?$AA?2?$AA?$DP?$AA?2?$AA?$AA@ 00000001800012f8     Compare.obj
 0001:00000304       ??_C@_15DDHGOCBH@?$AA?4?$AA?4?$AA?$AA@ 0000000180001304     Compare.obj
 0001:0000030c       ??_C@_13JOFGPIOO@?$AA?4?$AA?$AA@ 000000018000130c     Compare.obj
 0001:00000310       ??_C@_15PKPONJIK@?$AA?2?$AA?$CK?$AA?$AA@ 0000000180001310     Compare.obj
 0001:00000318       ??_C@_13BBDEGPLJ@?$AA?$CK?$AA?$AA@ 0000000180001318     Compare.obj
 0001:00000320       ??_C@_1BA@NIFMCONN@?$AAC?$AAo?$AAm?$AAp?$AAa?$AAr?$AAe?$AA?$AA@ 0000000180001320     Compare.obj
 0001:00000330       ??_C@_1EM@KDLPMJGE@?$AAA?$AAd?$AAv?$AAa?$AAn?$AAc?$AAe?$AAd?$AA?5?$AAF?$AAi?$AAl?$AAe?$AA?5?$AAC?$AAo?$AAm?$AAp?$AAa?$AAr?$AAe?$AA?5?$AAf?$AAo?$AAr?$AA?5?$AAF?$AAa?$AAr?$AA?5?$AAM?$AAa@ 0000000180001330     Compare.obj
 0001:00000380       ??_C@_1DE@BGKMIKPD@?$AAE?$AAu?$AAg?$AAe?$AAn?$AAe?$AA?5?$AAR?$AAo?$AAs?$AAh?$AAa?$AAl?$AA?5?$AA?$CG?$AA?5?$AAF?$AAa?$AAr?$AA?5?$AAG?$AAr?$AAo?$AAu?$AAp?$AA?$AA@ 0000000180001380     Compare.obj
 0001:000003b8       ??_C@_1O@PNMIMBDD@?$AAC?$AAO?$AAN?$AAI?$AAN?$AA$?$AA?$AA@ 00000001800013b8     Compare.obj
 0001:000003c8       ??_C@_1CE@FMMDKAAJ@?$AAC?$AAo?$AAm?$AAp?$AAa?$AAr?$AAe?$AAB?$AAu?$AAf?$AAf?$AAe?$AAr?$AAS?$AAi?$AAz?$AAe?$AA?$AA@ 00000001800013c8     Compare.obj
 0001:000003f0       _pRawDllMain               00000001800013f0     LIBCMT:dll_dllmain.obj
 0001:000003f0       _pDefaultRawDllMain        00000001800013f0     LIBCMT:dll_dllmain.obj
 0001:00000400       ??_7exception@std@@6B@     0000000180001400     LIBCMT:throw_bad_alloc.obj
 0001:00000410       ??_C@_0BC@EOODALEL@Unknown?5exception?$AA@ 0000000180001410     LIBCMT:throw_bad_alloc.obj
 0001:00000430       ??_7bad_alloc@std@@6B@     0000000180001430     LIBCMT:throw_bad_alloc.obj
 0001:00000440       ??_C@_0P@GHFPNOJB@bad?5allocation?$AA@ 0000000180001440     LIBCMT:throw_bad_alloc.obj
 0001:00000458       ??_7bad_array_new_length@std@@6B@ 0000000180001458     LIBCMT:throw_bad_alloc.obj
 0001:00000468       ??_C@_0BF@KINCDENJ@bad?5array?5new?5length?$AA@ 0000000180001468     LIBCMT:throw_bad_alloc.obj
 0001:00000488       ??_7type_info@@6B@         0000000180001488     LIBCMT:std_type_info_static.obj
 0001:00000800       ??_C@_08EHJDFFNH@__based?$CI?$AA@ 0000000180001800     libvcruntime:undname.obj
 0001:00000810       ??_C@_07KOLFKCDI@__cdecl?$AA@ 0000000180001810     libvcruntime:undname.obj
 0001:00000818       ??_C@_08GHMPAG@__pascal?$AA@ 0000000180001818     libvcruntime:undname.obj
 0001:00000828       ??_C@_09IFJBGAPI@__stdcall?$AA@ 0000000180001828     libvcruntime:undname.obj
 0001:00000838       ??_C@_0L@NPHFGOKO@__thiscall?$AA@ 0000000180001838     libvcruntime:undname.obj
 0001:00000848       ??_C@_0L@JMKHOMEK@__fastcall?$AA@ 0000000180001848     libvcruntime:undname.obj
 0001:00000858       ??_C@_0N@BCKKPABJ@__vectorcall?$AA@ 0000000180001858     libvcruntime:undname.obj
 0001:00000868       ??_C@_09HIJEGCPM@__clrcall?$AA@ 0000000180001868     libvcruntime:undname.obj
 0001:00000874       ??_C@_06GHPCKEAG@__eabi?$AA@ 0000000180001874     libvcruntime:undname.obj
 0001:00000880       ??_C@_07EECFKIPL@__swift?$AA@ 0000000180001880     libvcruntime:undname.obj
 0001:00000888       ??_C@_07JOMMBBKO@__ptr64?$AA@ 0000000180001888     libvcruntime:undname.obj
 0001:00000890       ??_C@_0L@PILCLIHE@__restrict?$AA@ 0000000180001890     libvcruntime:undname.obj
 0001:000008a0       ??_C@_0M@GFIIJFMG@__unaligned?$AA@ 00000001800018a0     libvcruntime:undname.obj
 0001:000008b0       ??_C@_09DHDLOLLB@restrict?$CI?$AA@ 00000001800018b0     libvcruntime:undname.obj
 0001:000008ba       ??_C@_00CNPNBAHC@?$AA@     00000001800018ba     libvcruntime:undname.obj
 0001:000008bc       ??_C@_04NIHEBCM@?5new?$AA@ 00000001800018bc     libvcruntime:undname.obj
 0001:000008c8       ??_C@_07FPCDHGMM@?5delete?$AA@ 00000001800018c8     libvcruntime:undname.obj
 0001:000008d0       ??_C@_01NEMOKFLO@?$DN?$AA@ 00000001800018d0     libvcruntime:undname.obj
 0001:000008d4       ??_C@_02GPIOPFAK@?$DO?$DO?$AA@ 00000001800018d4     libvcruntime:undname.obj
 0001:000008d8       ??_C@_02FODMEDOG@?$DM?$DM?$AA@ 00000001800018d8     libvcruntime:undname.obj
 0001:000008dc       ??_C@_01DCLJPIOD@?$CB?$AA@ 00000001800018dc     libvcruntime:undname.obj
 0001:000008e0       ??_C@_02EGOFBIJA@?$DN?$DN?$AA@ 00000001800018e0     libvcruntime:undname.obj
 0001:000008e4       ??_C@_02FDNJECIE@?$CB?$DN?$AA@ 00000001800018e4     libvcruntime:undname.obj
 0001:000008e8       ??_C@_02GPECMEKF@?$FL?$FN?$AA@ 00000001800018e8     libvcruntime:undname.obj
 0001:000008f0       ??_C@_08LHJFAFGD@operator?$AA@ 00000001800018f0     libvcruntime:undname.obj
 0001:000008fc       ??_C@_02HBOOOICD@?9?$DO?$AA@ 00000001800018fc     libvcruntime:undname.obj
 0001:00000900       ??_C@_01NBENCBCI@?$CK?$AA@ 0000000180001900     libvcruntime:undname.obj
 0001:00000904       ??_C@_02ECNGHCIF@?$CL?$CL?$AA@ 0000000180001904     libvcruntime:undname.obj
 0001:00000908       ??_C@_02BAABKJLB@?9?9?$AA@ 0000000180001908     libvcruntime:undname.obj
 0001:0000090c       ??_C@_01JOAMLHOP@?9?$AA@   000000018000190c     libvcruntime:undname.obj
 0001:00000910       ??_C@_01MIFGBAGJ@?$CL?$AA@ 0000000180001910     libvcruntime:undname.obj
 0001:00000914       ??_C@_01HNPIGOCE@?$CG?$AA@ 0000000180001914     libvcruntime:undname.obj
 0001:00000918       ??_C@_03MNHNFDLC@?9?$DO?$CK?$AA@ 0000000180001918     libvcruntime:undname.obj
 0001:0000091c       ??_C@_01KMDKNFGN@?1?$AA@   000000018000191c     libvcruntime:undname.obj
 0001:00000920       ??_C@_01FGNFDNOH@?$CF?$AA@ 0000000180001920     libvcruntime:undname.obj
 0001:00000924       ??_C@_01MNNFJEPP@?$DM?$AA@ 0000000180001924     libvcruntime:undname.obj
 0001:00000928       ??_C@_02EHCHHCKH@?$DM?$DN?$AA@ 0000000180001928     libvcruntime:undname.obj
 0001:0000092c       ??_C@_01PPODPGHN@?$DO?$AA@ 000000018000192c     libvcruntime:undname.obj
 0001:00000930       ??_C@_02EEKDKGMJ@?$DO?$DN?$AA@ 0000000180001930     libvcruntime:undname.obj
 0001:00000934       ??_C@_01IHBHIGKO@?0?$AA@   0000000180001934     libvcruntime:undname.obj
 0001:00000938       ??_C@_02HCKGKOFO@?$CI?$CJ?$AA@ 0000000180001938     libvcruntime:undname.obj
 0001:0000093c       ??_C@_01PJKLJHI@?$HO?$AA@  000000018000193c     libvcruntime:undname.obj
 0001:00000940       ??_C@_01JKBOJNNK@?$FO?$AA@ 0000000180001940     libvcruntime:undname.obj
 0001:00000944       ??_C@_01DNKMNLPK@?$HM?$AA@ 0000000180001944     libvcruntime:undname.obj
 0001:00000948       ??_C@_02PPKAJPJL@?$CG?$CG?$AA@ 0000000180001948     libvcruntime:undname.obj
 0001:0000094c       ??_C@_02NONPIBCD@?$HM?$HM?$AA@ 000000018000194c     libvcruntime:undname.obj
 0001:00000950       ??_C@_02FPIMKNGF@?$CK?$DN?$AA@ 0000000180001950     libvcruntime:undname.obj
 0001:00000954       ??_C@_02FOEOMHFC@?$CL?$DN?$AA@ 0000000180001954     libvcruntime:undname.obj
 0001:00000958       ??_C@_02FKMDLLOA@?9?$DN?$AA@ 0000000180001958     libvcruntime:undname.obj
 0001:0000095c       ??_C@_02FJEHGPIO@?1?$DN?$AA@ 000000018000195c     libvcruntime:undname.obj
 0001:00000960       ??_C@_02FENAOKFI@?$CF?$DN?$AA@ 0000000180001960     libvcruntime:undname.obj
 0001:00000964       ??_C@_03IKFCCPFF@?$DO?$DO?$DN?$AA@ 0000000180001964     libvcruntime:undname.obj
 0001:00000968       ??_C@_03CDNPDDLA@?$DM?$DM?$DN?$AA@ 0000000180001968     libvcruntime:undname.obj
 0001:0000096c       ??_C@_02FGJGFEAB@?$CG?$DN?$AA@ 000000018000196c     libvcruntime:undname.obj
 0001:00000970       ??_C@_02DHLNPPGH@?$HM?$DN?$AA@ 0000000180001970     libvcruntime:undname.obj
 0001:00000974       ??_C@_02MHEGNOJ@?$FO?$DN?$AA@ 0000000180001974     libvcruntime:undname.obj
 0001:00000978       ??_C@_09IFPLHPGF@?$GAvftable?8?$AA@ 0000000180001978     libvcruntime:undname.obj
 0001:00000988       ??_C@_09BLBHBJP@?$GAvbtable?8?$AA@ 0000000180001988     libvcruntime:undname.obj
 0001:00000998       ??_C@_07FEEIOKP@?$GAvcall?8?$AA@ 0000000180001998     libvcruntime:undname.obj
 0001:000009a0       ??_C@_08LLFFHHDJ@?$GAtypeof?8?$AA@ 00000001800019a0     libvcruntime:undname.obj
 0001:000009b0       ??_C@_0BF@KDPPACIK@?$GAlocal?5static?5guard?8?$AA@ 00000001800019b0     libvcruntime:undname.obj
 0001:000009c8       ??_C@_08OBABFOLI@?$GAstring?8?$AA@ 00000001800019c8     libvcruntime:undname.obj
 0001:000009d8       ??_C@_0BD@JDLKDPAB@?$GAvbase?5destructor?8?$AA@ 00000001800019d8     libvcruntime:undname.obj
 0001:000009f0       ??_C@_0BN@DEGPLNFK@?$GAvector?5deleting?5destructor?8?$AA@ 00000001800019f0     libvcruntime:undname.obj
 0001:00000a10       ??_C@_0BO@OBMKPJIG@?$GAdefault?5constructor?5closure?8?$AA@ 0000000180001a10     libvcruntime:undname.obj
 0001:00000a30       ??_C@_0BN@IMDCHIKM@?$GAscalar?5deleting?5destructor?8?$AA@ 0000000180001a30     libvcruntime:undname.obj
 0001:00000a50       ??_C@_0BO@PFGOCPJJ@?$GAvector?5constructor?5iterator?8?$AA@ 0000000180001a50     libvcruntime:undname.obj
 0001:00000a70       ??_C@_0BN@LFPFMEDL@?$GAvector?5destructor?5iterator?8?$AA@ 0000000180001a70     libvcruntime:undname.obj
 0001:00000a90       ??_C@_0CE@IKBNEHA@?$GAvector?5vbase?5constructor?5iterat@ 0000000180001a90     libvcruntime:undname.obj
 0001:00000ab8       ??_C@_0BL@NILFHHPC@?$GAvirtual?5displacement?5map?8?$AA@ 0000000180001ab8     libvcruntime:undname.obj
 0001:00000ad8       ??_C@_0CB@JONCMFFK@?$GAeh?5vector?5constructor?5iterator?8@ 0000000180001ad8     libvcruntime:undname.obj
 0001:00000b00       ??_C@_0CA@GCEOPDGL@?$GAeh?5vector?5destructor?5iterator?8?$AA@ 0000000180001b00     libvcruntime:undname.obj
 0001:00000b20       ??_C@_0CH@OOJPLCPH@?$GAeh?5vector?5vbase?5constructor?5ite@ 0000000180001b20     libvcruntime:undname.obj
 0001:00000b48       ??_C@_0BL@LLKPOHJI@?$GAcopy?5constructor?5closure?8?$AA@ 0000000180001b48     libvcruntime:undname.obj
 0001:00000b68       ??_C@_0BA@KBCDOMBN@?$GAudt?5returning?8?$AA@ 0000000180001b68     libvcruntime:undname.obj
 0001:00000b78       ??_C@_03KLGMFNMG@?$GAEH?$AA@ 0000000180001b78     libvcruntime:undname.obj
 0001:00000b7c       ??_C@_05KHLCHHI@?$GARTTI?$AA@ 0000000180001b7c     libvcruntime:undname.obj
 0001:00000b88       ??_C@_0BA@KKLDJDLB@?$GAlocal?5vftable?8?$AA@ 0000000180001b88     libvcruntime:undname.obj
 0001:00000b98       ??_C@_0CE@IIHCMGGL@?$GAlocal?5vftable?5constructor?5closu@ 0000000180001b98     libvcruntime:undname.obj
 0001:00000bbc       ??_C@_06FHBGPFGH@?5new?$FL?$FN?$AA@ 0000000180001bbc     libvcruntime:undname.obj
 0001:00000bc8       ??_C@_09LBNFPBCA@?5delete?$FL?$FN?$AA@ 0000000180001bc8     libvcruntime:undname.obj
 0001:00000bd8       ??_C@_0P@HJKNJFNN@?$GAomni?5callsig?8?$AA@ 0000000180001bd8     libvcruntime:undname.obj
 0001:00000be8       ??_C@_0BL@CNOONJFP@?$GAplacement?5delete?5closure?8?$AA@ 0000000180001be8     libvcruntime:undname.obj
 0001:00000c08       ??_C@_0BN@CKNJLHMB@?$GAplacement?5delete?$FL?$FN?5closure?8?$AA@ 0000000180001c08     libvcruntime:undname.obj
 0001:00000c28       ??_C@_0CG@CFDHKGGD@?$GAmanaged?5vector?5constructor?5iter@ 0000000180001c28     libvcruntime:undname.obj
 0001:00000c50       ??_C@_0CF@IMGKMJNO@?$GAmanaged?5vector?5destructor?5itera@ 0000000180001c50     libvcruntime:undname.obj
 0001:00000c78       ??_C@_0CG@HLDDJMAG@?$GAeh?5vector?5copy?5constructor?5iter@ 0000000180001c78     libvcruntime:undname.obj
 0001:00000ca0       ??_C@_0CM@FCBBDIGB@?$GAeh?5vector?5vbase?5copy?5constructo@ 0000000180001ca0     libvcruntime:undname.obj
 0001:00000cd0       ??_C@_0BL@CLIPGLGB@?$GAdynamic?5initializer?5for?5?8?$AA@ 0000000180001cd0     libvcruntime:undname.obj
 0001:00000cf0       ??_C@_0CB@PDBIFEP@?$GAdynamic?5atexit?5destructor?5for?5?8@ 0000000180001cf0     libvcruntime:undname.obj
 0001:00000d18       ??_C@_0CD@CGAJBKEJ@?$GAvector?5copy?5constructor?5iterato@ 0000000180001d18     libvcruntime:undname.obj
 0001:00000d40       ??_C@_0CJ@GJELGAMM@?$GAvector?5vbase?5copy?5constructor?5i@ 0000000180001d40     libvcruntime:undname.obj
 0001:00000d70       ??_C@_0CL@FGIJHLCE@?$GAmanaged?5vector?5copy?5constructor@ 0000000180001d70     libvcruntime:undname.obj
 0001:00000da0       ??_C@_0BM@PMGGMLDN@?$GAlocal?5static?5thread?5guard?8?$AA@ 0000000180001da0     libvcruntime:undname.obj
 0001:00000dc0       ??_C@_0N@BDNMDMOL@operator?5?$CC?$CC?5?$AA@ 0000000180001dc0     libvcruntime:undname.obj
 0001:00000dd0       ??_C@_0BC@GGEBGALA@operator?5co_await?$AA@ 0000000180001dd0     libvcruntime:undname.obj
 0001:00000de8       ??_C@_0BC@DAFEJGAK@?5Type?5Descriptor?8?$AA@ 0000000180001de8     libvcruntime:undname.obj
 0001:00000e00       ??_C@_0BM@LDKODKLH@?5Base?5Class?5Descriptor?5at?5?$CI?$AA@ 0000000180001e00     libvcruntime:undname.obj
 0001:00000e20       ??_C@_0BD@LGICGFMM@?5Base?5Class?5Array?8?$AA@ 0000000180001e20     libvcruntime:undname.obj
 0001:00000e38       ??_C@_0BN@MECKDCOJ@?5Class?5Hierarchy?5Descriptor?8?$AA@ 0000000180001e38     libvcruntime:undname.obj
 0001:00000e58       ??_C@_0BK@CFCOFLF@?5Complete?5Object?5Locator?8?$AA@ 0000000180001e58     libvcruntime:undname.obj
 0001:00000e90       ??_C@_1DM@KHCHBNEB@?$AAa?$AAp?$AAi?$AA?9?$AAm?$AAs?$AA?9?$AAw?$AAi?$AAn?$AA?9?$AAc?$AAo?$AAr?$AAe?$AA?9?$AAf?$AAi?$AAb?$AAe?$AAr?$AAs?$AA?9?$AAl?$AA1?$AA?9?$AA1?$AA?9?$AA1?$AA?$AA@ 0000000180001e90     libvcruntime:winapi_downlevel.obj
 0001:00000ed0       ??_C@_1DK@LPPGFMPP@?$AAa?$AAp?$AAi?$AA?9?$AAm?$AAs?$AA?9?$AAw?$AAi?$AAn?$AA?9?$AAc?$AAo?$AAr?$AAe?$AA?9?$AAs?$AAy?$AAn?$AAc?$AAh?$AA?9?$AAl?$AA1?$AA?9?$AA2?$AA?9?$AA0?$AA?$AA@ 0000000180001ed0     libvcruntime:winapi_downlevel.obj
 0001:00000f10       ??_C@_1BC@GDMECMAK@?$AAk?$AAe?$AAr?$AAn?$AAe?$AAl?$AA3?$AA2?$AA?$AA@ 0000000180001f10     libvcruntime:winapi_downlevel.obj
 0001:00000f28       ??_C@_1BA@PFFKHIOG@?$AAa?$AAp?$AAi?$AA?9?$AAm?$AAs?$AA?9?$AA?$AA@ 0000000180001f28     libvcruntime:winapi_downlevel.obj
 0001:00000f38       ??_C@_1BA@IAIFMGEF@?$AAe?$AAx?$AAt?$AA?9?$AAm?$AAs?$AA?9?$AA?$AA@ 0000000180001f38     libvcruntime:winapi_downlevel.obj
 0001:00000f50       ??_C@_08KNHFBNJ@FlsAlloc?$AA@ 0000000180001f50     libvcruntime:winapi_downlevel.obj
 0001:00000f68       ??_C@_07PEJMOBNF@FlsFree?$AA@ 0000000180001f68     libvcruntime:winapi_downlevel.obj
 0001:00000f78       ??_C@_0M@GDNOONDI@FlsGetValue?$AA@ 0000000180001f78     libvcruntime:winapi_downlevel.obj
 0001:00000f90       ??_C@_0M@JCPCPOEF@FlsSetValue?$AA@ 0000000180001f90     libvcruntime:winapi_downlevel.obj
 0001:00000fa8       ??_C@_0BM@HCFOFFN@InitializeCriticalSectionEx?$AA@ 0000000180001fa8     libvcruntime:winapi_downlevel.obj
 0001:00000fc8       _pDestructExceptionObject  0000000180001fc8     libvcruntime:ehhelpers.obj
 0001:00000fd0       __acrt_exception_action_table 0000000180001fd0     libucrt:exception_filter.obj
 0001:00001090       __acrt_signal_action_table_count 0000000180002090     libucrt:exception_filter.obj
 0001:00001098       __acrt_signal_action_first_fpe_index 0000000180002098     libucrt:exception_filter.obj
 0001:000010a0       __acrt_signal_action_fpe_count 00000001800020a0     libucrt:exception_filter.obj
 0001:000010a8       ??_C@_1BI@BGOHAHKC@?$AAm?$AAs?$AAc?$AAo?$AAr?$AAe?$AAe?$AA?4?$AAd?$AAl?$AAl?$AA?$AA@ 00000001800020a8     libucrt:exit.obj
 0001:000010c0       ??_C@_0P@MIGLKIOC@CorExitProcess?$AA@ 00000001800020c0     libucrt:exit.obj
 0001:000011d0       __newctype                 00000001800021d0     libucrt:ctype.obj
 0001:000014d0       __newclmap                 00000001800024d0     libucrt:ctype.obj
 0001:00001650       __newcumap                 0000000180002650     libucrt:ctype.obj
 0001:000017d0       __lc_time_c                00000001800027d0     libucrt:nlsdata.obj
 0001:00001a90       ??_C@_03KOEHGMDN@Sun?$AA@  0000000180002a90     libucrt:nlsdata.obj
 0001:00001a94       ??_C@_03PDAGKDH@Mon?$AA@   0000000180002a94     libucrt:nlsdata.obj
 0001:00001a98       ??_C@_03NAGEINEP@Tue?$AA@  0000000180002a98     libucrt:nlsdata.obj
 0001:00001a9c       ??_C@_03MHOMLAJA@Wed?$AA@  0000000180002a9c     libucrt:nlsdata.obj
 0001:00001aa0       ??_C@_03IOFIKPDN@Thu?$AA@  0000000180002aa0     libucrt:nlsdata.obj
 0001:00001aa4       ??_C@_03IDIOELNC@Fri?$AA@  0000000180002aa4     libucrt:nlsdata.obj
 0001:00001aa8       ??_C@_03FEFJNEK@Sat?$AA@   0000000180002aa8     libucrt:nlsdata.obj
 0001:00001aac       ??_C@_06OOPIFAJ@Sunday?$AA@ 0000000180002aac     libucrt:nlsdata.obj
 0001:00001ab4       ??_C@_06JLEDEDGH@Monday?$AA@ 0000000180002ab4     libucrt:nlsdata.obj
 0001:00001ac0       ??_C@_07BAAGCFCM@Tuesday?$AA@ 0000000180002ac0     libucrt:nlsdata.obj
 0001:00001ac8       ??_C@_09DLIGFAKA@Wednesday?$AA@ 0000000180002ac8     libucrt:nlsdata.obj
 0001:00001ad8       ??_C@_08HACCIKIA@Thursday?$AA@ 0000000180002ad8     libucrt:nlsdata.obj
 0001:00001ae4       ??_C@_06JECMNKMI@Friday?$AA@ 0000000180002ae4     libucrt:nlsdata.obj
 0001:00001af0       ??_C@_08INBOOONO@Saturday?$AA@ 0000000180002af0     libucrt:nlsdata.obj
 0001:00001afc       ??_C@_03JIHJHPIE@Jan?$AA@  0000000180002afc     libucrt:nlsdata.obj
 0001:00001b00       ??_C@_03HJBDCHOM@Feb?$AA@  0000000180002b00     libucrt:nlsdata.obj
 0001:00001b04       ??_C@_03ODNJBKGA@Mar?$AA@  0000000180002b04     libucrt:nlsdata.obj
 0001:00001b08       ??_C@_03LEOLGMJP@Apr?$AA@  0000000180002b08     libucrt:nlsdata.obj
 0001:00001b0c       ??_C@_03CNMDKL@May?$AA@    0000000180002b0c     libucrt:nlsdata.obj
 0001:00001b10       ??_C@_03IDFGHECI@Jun?$AA@  0000000180002b10     libucrt:nlsdata.obj
 0001:00001b14       ??_C@_03LBGABGKK@Jul?$AA@  0000000180002b14     libucrt:nlsdata.obj
 0001:00001b18       ??_C@_03IFJFEIGA@Aug?$AA@  0000000180002b18     libucrt:nlsdata.obj
 0001:00001b1c       ??_C@_03GGCAPAJC@Sep?$AA@  0000000180002b1c     libucrt:nlsdata.obj
 0001:00001b20       ??_C@_03BMAOKBAD@Oct?$AA@  0000000180002b20     libucrt:nlsdata.obj
 0001:00001b24       ??_C@_03JPJOFNIA@Nov?$AA@  0000000180002b24     libucrt:nlsdata.obj
 0001:00001b28       ??_C@_03MKABNOCG@Dec?$AA@  0000000180002b28     libucrt:nlsdata.obj
 0001:00001b30       ??_C@_07CGJPFGJA@January?$AA@ 0000000180002b30     libucrt:nlsdata.obj
 0001:00001b38       ??_C@_08GNJGEPFN@February?$AA@ 0000000180002b38     libucrt:nlsdata.obj
 0001:00001b44       ??_C@_05HPCKOFNC@March?$AA@ 0000000180002b44     libucrt:nlsdata.obj
 0001:00001b4c       ??_C@_05DMJDNLEJ@April?$AA@ 0000000180002b4c     libucrt:nlsdata.obj
 0001:00001b54       ??_C@_04CNLMGBGM@June?$AA@ 0000000180002b54     libucrt:nlsdata.obj
 0001:00001b5c       ??_C@_04MIEPOIFP@July?$AA@ 0000000180002b5c     libucrt:nlsdata.obj
 0001:00001b64       ??_C@_06LBBHFDDG@August?$AA@ 0000000180002b64     libucrt:nlsdata.obj
 0001:00001b70       ??_C@_09BHHEALKD@September?$AA@ 0000000180002b70     libucrt:nlsdata.obj
 0001:00001b80       ??_C@_07JJNFCEND@October?$AA@ 0000000180002b80     libucrt:nlsdata.obj
 0001:00001b88       ??_C@_08HCHEGEOA@November?$AA@ 0000000180002b88     libucrt:nlsdata.obj
 0001:00001b98       ??_C@_08EDHMEBNP@December?$AA@ 0000000180002b98     libucrt:nlsdata.obj
 0001:00001ba4       ??_C@_02DEDBPAFC@AM?$AA@   0000000180002ba4     libucrt:nlsdata.obj
 0001:00001ba8       ??_C@_02CJNFDJBF@PM?$AA@   0000000180002ba8     libucrt:nlsdata.obj
 0001:00001bb0       ??_C@_08BPBNCDIB@MM?1dd?1yy?$AA@ 0000000180002bb0     libucrt:nlsdata.obj
 0001:00001bc0       ??_C@_0BE@CKGJFCPC@dddd?0?5MMMM?5dd?0?5yyyy?$AA@ 0000000180002bc0     libucrt:nlsdata.obj
 0001:00001bd8       ??_C@_08JCCMCCIL@HH?3mm?3ss?$AA@ 0000000180002bd8     libucrt:nlsdata.obj
 0001:00001be8       ??_C@_17MBGCMIPB@?$AAS?$AAu?$AAn?$AA?$AA@ 0000000180002be8     libucrt:nlsdata.obj
 0001:00001bf0       ??_C@_17KBOMKBF@?$AAM?$AAo?$AAn?$AA?$AA@ 0000000180002bf0     libucrt:nlsdata.obj
 0001:00001bf8       ??_C@_17BMKGEGOJ@?$AAT?$AAu?$AAe?$AA?$AA@ 0000000180002bf8     libucrt:nlsdata.obj
 0001:00001c00       ??_C@_17CJEDCEPE@?$AAW?$AAe?$AAd?$AA?$AA@ 0000000180002c00     libucrt:nlsdata.obj
 0001:00001c08       ??_C@_17PDPHAADD@?$AAT?$AAh?$AAu?$AA?$AA@ 0000000180002c08     libucrt:nlsdata.obj
 0001:00001c10       ??_C@_17HFOLPPLP@?$AAF?$AAr?$AAi?$AA?$AA@ 0000000180002c10     libucrt:nlsdata.obj
 0001:00001c18       ??_C@_17GGIBDPIH@?$AAS?$AAa?$AAt?$AA?$AA@ 0000000180002c18     libucrt:nlsdata.obj
 0001:00001c20       ??_C@_1O@IHNHDHPB@?$AAS?$AAu?$AAn?$AAd?$AAa?$AAy?$AA?$AA@ 0000000180002c20     libucrt:nlsdata.obj
 0001:00001c30       ??_C@_1O@MMNBFLIA@?$AAM?$AAo?$AAn?$AAd?$AAa?$AAy?$AA?$AA@ 0000000180002c30     libucrt:nlsdata.obj
 0001:00001c40       ??_C@_1BA@ENFBFFEK@?$AAT?$AAu?$AAe?$AAs?$AAd?$AAa?$AAy?$AA?$AA@ 0000000180002c40     libucrt:nlsdata.obj
 0001:00001c50       ??_C@_1BE@EBOGMDOH@?$AAW?$AAe?$AAd?$AAn?$AAe?$AAs?$AAd?$AAa?$AAy?$AA?$AA@ 0000000180002c50     libucrt:nlsdata.obj
 0001:00001c68       ??_C@_1BC@HHMNLIHE@?$AAT?$AAh?$AAu?$AAr?$AAs?$AAd?$AAa?$AAy?$AA?$AA@ 0000000180002c68     libucrt:nlsdata.obj
 0001:00001c80       ??_C@_1O@PDICJHAG@?$AAF?$AAr?$AAi?$AAd?$AAa?$AAy?$AA?$AA@ 0000000180002c80     libucrt:nlsdata.obj
 0001:00001c90       ??_C@_1BC@ENMNNPAJ@?$AAS?$AAa?$AAt?$AAu?$AAr?$AAd?$AAa?$AAy?$AA?$AA@ 0000000180002c90     libucrt:nlsdata.obj
 0001:00001ca8       ??_C@_17DKNBKCHM@?$AAJ?$AAa?$AAn?$AA?$AA@ 0000000180002ca8     libucrt:nlsdata.obj
 0001:00001cb0       ??_C@_17LMDJEKJN@?$AAF?$AAe?$AAb?$AA?$AA@ 0000000180002cb0     libucrt:nlsdata.obj
 0001:00001cb8       ??_C@_17CKNLEDEC@?$AAM?$AAa?$AAr?$AA?$AA@ 0000000180002cb8     libucrt:nlsdata.obj
 0001:00001cc0       ??_C@_17LFPOIHDD@?$AAA?$AAp?$AAr?$AA?$AA@ 0000000180002cc0     libucrt:nlsdata.obj
 0001:00001cc8       ??_C@_17PNNKMEED@?$AAM?$AAa?$AAy?$AA?$AA@ 0000000180002cc8     libucrt:nlsdata.obj
 0001:00001cd0       ??_C@_17KCJGOCPB@?$AAJ?$AAu?$AAn?$AA?$AA@ 0000000180002cd0     libucrt:nlsdata.obj
 0001:00001cd8       ??_C@_17IJPCKHK@?$AAJ?$AAu?$AAl?$AA?$AA@ 0000000180002cd8     libucrt:nlsdata.obj
 0001:00001ce0       ??_C@_17ICPELBCN@?$AAA?$AAu?$AAg?$AA?$AA@ 0000000180002ce0     libucrt:nlsdata.obj
 0001:00001ce8       ??_C@_17HCHCOKMG@?$AAS?$AAe?$AAp?$AA?$AA@ 0000000180002ce8     libucrt:nlsdata.obj
 0001:00001cf0       ??_C@_17FNLKOI@?$AAO?$AAc?$AAt?$AA?$AA@ 0000000180002cf0     libucrt:nlsdata.obj
 0001:00001cf8       ??_C@_17BBDMLCIG@?$AAN?$AAo?$AAv?$AA?$AA@ 0000000180002cf8     libucrt:nlsdata.obj
 0001:00001d00       ??_C@_17EGKACKIF@?$AAD?$AAe?$AAc?$AA?$AA@ 0000000180002d00     libucrt:nlsdata.obj
 0001:00001d08       ??_C@_1BA@EFMEIEBA@?$AAJ?$AAa?$AAn?$AAu?$AAa?$AAr?$AAy?$AA?$AA@ 0000000180002d08     libucrt:nlsdata.obj
 0001:00001d18       ??_C@_1BC@JGDDFFAM@?$AAF?$AAe?$AAb?$AAr?$AAu?$AAa?$AAr?$AAy?$AA?$AA@ 0000000180002d18     libucrt:nlsdata.obj
 0001:00001d30       ??_C@_1M@IKEENEDF@?$AAM?$AAa?$AAr?$AAc?$AAh?$AA?$AA@ 0000000180002d30     libucrt:nlsdata.obj
 0001:00001d40       ??_C@_1M@GJNLMHFD@?$AAA?$AAp?$AAr?$AAi?$AAl?$AA?$AA@ 0000000180002d40     libucrt:nlsdata.obj
 0001:00001d50       ??_C@_19EPFLPGAP@?$AAJ?$AAu?$AAn?$AAe?$AA?$AA@ 0000000180002d50     libucrt:nlsdata.obj
 0001:00001d60       ??_C@_19BIFMLPCD@?$AAJ?$AAu?$AAl?$AAy?$AA?$AA@ 0000000180002d60     libucrt:nlsdata.obj
 0001:00001d70       ??_C@_1O@PAHLKOAC@?$AAA?$AAu?$AAg?$AAu?$AAs?$AAt?$AA?$AA@ 0000000180002d70     libucrt:nlsdata.obj
 0001:00001d80       ??_C@_1BE@DKAAMBJL@?$AAS?$AAe?$AAp?$AAt?$AAe?$AAm?$AAb?$AAe?$AAr?$AA?$AA@ 0000000180002d80     libucrt:nlsdata.obj
 0001:00001d98       ??_C@_1BA@EPANDLNG@?$AAO?$AAc?$AAt?$AAo?$AAb?$AAe?$AAr?$AA?$AA@ 0000000180002d98     libucrt:nlsdata.obj
 0001:00001da8       ??_C@_1BC@BGLIFPF@?$AAN?$AAo?$AAv?$AAe?$AAm?$AAb?$AAe?$AAr?$AA?$AA@ 0000000180002da8     libucrt:nlsdata.obj
 0001:00001dc0       ??_C@_1BC@FEMKIFH@?$AAD?$AAe?$AAc?$AAe?$AAm?$AAb?$AAe?$AAr?$AA?$AA@ 0000000180002dc0     libucrt:nlsdata.obj
 0001:00001dd4       ??_C@_15ODEHAHHF@?$AAA?$AAM?$AA?$AA@ 0000000180002dd4     libucrt:nlsdata.obj
 0001:00001ddc       ??_C@_15CLMNNGEL@?$AAP?$AAM?$AA?$AA@ 0000000180002ddc     libucrt:nlsdata.obj
 0001:00001de8       ??_C@_1BC@IEBCMHCM@?$AAM?$AAM?$AA?1?$AAd?$AAd?$AA?1?$AAy?$AAy?$AA?$AA@ 0000000180002de8     libucrt:nlsdata.obj
 0001:00001e00       ??_C@_1CI@KNAKOEBC@?$AAd?$AAd?$AAd?$AAd?$AA?0?$AA?5?$AAM?$AAM?$AAM?$AAM?$AA?5?$AAd?$AAd?$AA?0?$AA?5?$AAy?$AAy?$AAy?$AAy?$AA?$AA@ 0000000180002e00     libucrt:nlsdata.obj
 0001:00001e28       ??_C@_1BC@GDGBMEMK@?$AAH?$AAH?$AA?3?$AAm?$AAm?$AA?3?$AAs?$AAs?$AA?$AA@ 0000000180002e28     libucrt:nlsdata.obj
 0001:00001e40       ??_C@_1M@BMHNFIME@?$AAe?$AAn?$AA?9?$AAU?$AAS?$AA?$AA@ 0000000180002e40     libucrt:nlsdata.obj
 0001:00001fd0       ??_C@_1M@HPNHIDJI@?$AAj?$AAa?$AA?9?$AAJ?$AAP?$AA?$AA@ 0000000180002fd0     libucrt:mbctype.obj
 0001:00001fe0       ??_C@_1M@BIBDDEMK@?$AAz?$AAh?$AA?9?$AAC?$AAN?$AA?$AA@ 0000000180002fe0     libucrt:mbctype.obj
 0001:00001ff0       ??_C@_1M@JLOOOEGK@?$AAk?$AAo?$AA?9?$AAK?$AAR?$AA?$AA@ 0000000180002ff0     libucrt:mbctype.obj
 0001:00002000       ??_C@_1M@CLNBBOPM@?$AAz?$AAh?$AA?9?$AAT?$AAW?$AA?$AA@ 0000000180003000     libucrt:mbctype.obj
 0001:000020b0       ??_C@_1EA@JGEFHKEI@?$AAa?$AAp?$AAi?$AA?9?$AAm?$AAs?$AA?9?$AAw?$AAi?$AAn?$AA?9?$AAc?$AAo?$AAr?$AAe?$AA?9?$AAd?$AAa?$AAt?$AAe?$AAt?$AAi?$AAm?$AAe?$AA?9?$AAl?$AA1?$AA?9?$AA1?$AA?9?$AA1?$AA?$AA@ 00000001800030b0     libucrt:winapi_thunks.obj
 0001:000020f0       ??_C@_1DI@IJCEHOCB@?$AAa?$AAp?$AAi?$AA?9?$AAm?$AAs?$AA?9?$AAw?$AAi?$AAn?$AA?9?$AAc?$AAo?$AAr?$AAe?$AA?9?$AAf?$AAi?$AAl?$AAe?$AA?9?$AAl?$AA1?$AA?9?$AA2?$AA?9?$AA2?$AA?$AA@ 00000001800030f0     libucrt:winapi_thunks.obj
 0001:00002130       ??_C@_1EI@MPIAOHOC@?$AAa?$AAp?$AAi?$AA?9?$AAm?$AAs?$AA?9?$AAw?$AAi?$AAn?$AA?9?$AAc?$AAo?$AAr?$AAe?$AA?9?$AAl?$AAo?$AAc?$AAa?$AAl?$AAi?$AAz?$AAa?$AAt?$AAi?$AAo?$AAn?$AA?9?$AAl?$AA1?$AA?9@ 0000000180003130     libucrt:winapi_thunks.obj
 0001:00002180       ??_C@_1FK@FPHCKFIE@?$AAa?$AAp?$AAi?$AA?9?$AAm?$AAs?$AA?9?$AAw?$AAi?$AAn?$AA?9?$AAc?$AAo?$AAr?$AAe?$AA?9?$AAl?$AAo?$AAc?$AAa?$AAl?$AAi?$AAz?$AAa?$AAt?$AAi?$AAo?$AAn?$AA?9?$AAo?$AAb?$AAs@ 0000000180003180     libucrt:winapi_thunks.obj
 0001:000021e0       ??_C@_1EM@DILCGIIO@?$AAa?$AAp?$AAi?$AA?9?$AAm?$AAs?$AA?9?$AAw?$AAi?$AAn?$AA?9?$AAc?$AAo?$AAr?$AAe?$AA?9?$AAp?$AAr?$AAo?$AAc?$AAe?$AAs?$AAs?$AAt?$AAh?$AAr?$AAe?$AAa?$AAd?$AAs?$AA?9?$AAl@ 00000001800031e0     libucrt:winapi_thunks.obj
 0001:00002230       ??_C@_1DM@LNCGDDPN@?$AAa?$AAp?$AAi?$AA?9?$AAm?$AAs?$AA?9?$AAw?$AAi?$AAn?$AA?9?$AAc?$AAo?$AAr?$AAe?$AA?9?$AAs?$AAt?$AAr?$AAi?$AAn?$AAg?$AA?9?$AAl?$AA1?$AA?9?$AA1?$AA?9?$AA0?$AA?$AA@ 0000000180003230     libucrt:winapi_thunks.obj
 0001:00002270       ??_C@_1DO@FPAPJEMD@?$AAa?$AAp?$AAi?$AA?9?$AAm?$AAs?$AA?9?$AAw?$AAi?$AAn?$AA?9?$AAc?$AAo?$AAr?$AAe?$AA?9?$AAs?$AAy?$AAs?$AAi?$AAn?$AAf?$AAo?$AA?9?$AAl?$AA1?$AA?9?$AA2?$AA?9?$AA1?$AA?$AA@ 0000000180003270     libucrt:winapi_thunks.obj
 0001:000022b0       ??_C@_1DK@NDHNAHIO@?$AAa?$AAp?$AAi?$AA?9?$AAm?$AAs?$AA?9?$AAw?$AAi?$AAn?$AA?9?$AAc?$AAo?$AAr?$AAe?$AA?9?$AAw?$AAi?$AAn?$AAr?$AAt?$AA?9?$AAl?$AA1?$AA?9?$AA1?$AA?9?$AA0?$AA?$AA@ 00000001800032b0     libucrt:winapi_thunks.obj
 0001:000022f0       ??_C@_1DM@KGHDGBCM@?$AAa?$AAp?$AAi?$AA?9?$AAm?$AAs?$AA?9?$AAw?$AAi?$AAn?$AA?9?$AAc?$AAo?$AAr?$AAe?$AA?9?$AAx?$AAs?$AAt?$AAa?$AAt?$AAe?$AA?9?$AAl?$AA2?$AA?9?$AA1?$AA?9?$AA0?$AA?$AA@ 00000001800032f0     libucrt:winapi_thunks.obj
 0001:00002330       ??_C@_1EO@IJIOEFOH@?$AAa?$AAp?$AAi?$AA?9?$AAm?$AAs?$AA?9?$AAw?$AAi?$AAn?$AA?9?$AAr?$AAt?$AAc?$AAo?$AAr?$AAe?$AA?9?$AAn?$AAt?$AAu?$AAs?$AAe?$AAr?$AA?9?$AAw?$AAi?$AAn?$AAd?$AAo?$AAw?$AA?9@ 0000000180003330     libucrt:winapi_thunks.obj
 0001:00002380       ??_C@_1FG@HHGEKANL@?$AAa?$AAp?$AAi?$AA?9?$AAm?$AAs?$AA?9?$AAw?$AAi?$AAn?$AA?9?$AAs?$AAe?$AAc?$AAu?$AAr?$AAi?$AAt?$AAy?$AA?9?$AAs?$AAy?$AAs?$AAt?$AAe?$AAm?$AAf?$AAu?$AAn?$AAc?$AAt?$AAi@ 0000000180003380     libucrt:winapi_thunks.obj
 0001:000023e0       ??_C@_1EG@DBIOJECG@?$AAe?$AAx?$AAt?$AA?9?$AAm?$AAs?$AA?9?$AAw?$AAi?$AAn?$AA?9?$AAn?$AAt?$AAu?$AAs?$AAe?$AAr?$AA?9?$AAd?$AAi?$AAa?$AAl?$AAo?$AAg?$AAb?$AAo?$AAx?$AA?9?$AAl?$AA1?$AA?9?$AA1@ 00000001800033e0     libucrt:winapi_thunks.obj
 0001:00002430       ??_C@_1EO@FIHMJCLF@?$AAe?$AAx?$AAt?$AA?9?$AAm?$AAs?$AA?9?$AAw?$AAi?$AAn?$AA?9?$AAn?$AAt?$AAu?$AAs?$AAe?$AAr?$AA?9?$AAw?$AAi?$AAn?$AAd?$AAo?$AAw?$AAs?$AAt?$AAa?$AAt?$AAi?$AAo?$AAn?$AA?9@ 0000000180003430     libucrt:winapi_thunks.obj
 0001:00002480       ??_C@_1BC@DNHGCMLG@?$AAa?$AAd?$AAv?$AAa?$AAp?$AAi?$AA3?$AA2?$AA?$AA@ 0000000180003480     libucrt:winapi_thunks.obj
 0001:00002498       ??_C@_1M@OAIMIKLP@?$AAn?$AAt?$AAd?$AAl?$AAl?$AA?$AA@ 0000000180003498     libucrt:winapi_thunks.obj
 0001:000024b0       ??_C@_1EG@DPGNFKGC@?$AAa?$AAp?$AAi?$AA?9?$AAm?$AAs?$AA?9?$AAw?$AAi?$AAn?$AA?9?$AAa?$AAp?$AAp?$AAm?$AAo?$AAd?$AAe?$AAl?$AA?9?$AAr?$AAu?$AAn?$AAt?$AAi?$AAm?$AAe?$AA?9?$AAl?$AA1?$AA?9?$AA1@ 00000001800034b0     libucrt:winapi_thunks.obj
 0001:000024f8       ??_C@_1O@BCCLBEOE@?$AAu?$AAs?$AAe?$AAr?$AA3?$AA2?$AA?$AA@ 00000001800034f8     libucrt:winapi_thunks.obj
 0001:00002538       ??_C@_0O@KKBNKAPF@LCMapStringEx?$AA@ 0000000180003538     libucrt:winapi_thunks.obj
 0001:00002550       ??_C@_0BB@HBDEELFH@LocaleNameToLCID?$AA@ 0000000180003550     libucrt:winapi_thunks.obj
 0001:00002568       ??_C@_0CF@OJOFEIGO@AppPolicyGetProcessTerminationMe@ 0000000180003568     libucrt:winapi_thunks.obj
 0001:00002590       ??_C@_15PJPFLCCM@?$AAu?$AAk?$AA?$AA@ 0000000180003590     libucrt:get_qualified_locale.obj
 0001:00002598       ??_C@_1M@BJNKEDC@?$AAc?$AAa?$AA?9?$AAE?$AAS?$AA?$AA@ 0000000180003598     libucrt:lcidtoname_downlevel.obj
 0001:000025a8       ??_C@_1M@IJJHFJHA@?$AAc?$AAs?$AA?9?$AAC?$AAZ?$AA?$AA@ 00000001800035a8     libucrt:lcidtoname_downlevel.obj
 0001:000025b8       ??_C@_1M@CLPEOBGI@?$AAd?$AAa?$AA?9?$AAD?$AAK?$AA?$AA@ 00000001800035b8     libucrt:lcidtoname_downlevel.obj
 0001:000025c8       ??_C@_1M@MCMADGCB@?$AAd?$AAe?$AA?9?$AAD?$AAE?$AA?$AA@ 00000001800035c8     libucrt:lcidtoname_downlevel.obj
 0001:000025d8       ??_C@_1M@OOCKEMAM@?$AAe?$AAl?$AA?9?$AAG?$AAR?$AA?$AA@ 00000001800035d8     libucrt:lcidtoname_downlevel.obj
 0001:000025e8       ??_C@_1M@DDNJFGID@?$AAf?$AAi?$AA?9?$AAF?$AAI?$AA?$AA@ 00000001800035e8     libucrt:lcidtoname_downlevel.obj
 0001:000025f8       ??_C@_1M@GLIPPMAC@?$AAf?$AAr?$AA?9?$AAF?$AAR?$AA?$AA@ 00000001800035f8     libucrt:lcidtoname_downlevel.obj
 0001:00002608       ??_C@_1M@GFMCHPE@?$AAh?$AAe?$AA?9?$AAI?$AAL?$AA?$AA@ 0000000180003608     libucrt:lcidtoname_downlevel.obj
 0001:00002618       ??_C@_1M@MHLPGNKM@?$AAh?$AAu?$AA?9?$AAH?$AAU?$AA?$AA@ 0000000180003618     libucrt:lcidtoname_downlevel.obj
 0001:00002628       ??_C@_1M@LPDDNNPN@?$AAi?$AAs?$AA?9?$AAI?$AAS?$AA?$AA@ 0000000180003628     libucrt:lcidtoname_downlevel.obj
 0001:00002638       ??_C@_1M@MADIPODN@?$AAi?$AAt?$AA?9?$AAI?$AAT?$AA?$AA@ 0000000180003638     libucrt:lcidtoname_downlevel.obj
 0001:00002648       ??_C@_1M@IHBJJGG@?$AAn?$AAl?$AA?9?$AAN?$AAL?$AA?$AA@ 0000000180003648     libucrt:lcidtoname_downlevel.obj
 0001:00002658       ??_C@_1M@EANAGDL@?$AAn?$AAb?$AA?9?$AAN?$AAO?$AA?$AA@ 0000000180003658     libucrt:lcidtoname_downlevel.obj
 0001:00002668       ??_C@_1M@NEIEMEGP@?$AAp?$AAl?$AA?9?$AAP?$AAL?$AA?$AA@ 0000000180003668     libucrt:lcidtoname_downlevel.obj
 0001:00002678       ??_C@_1M@BOCFIGEP@?$AAp?$AAt?$AA?9?$AAB?$AAR?$AA?$AA@ 0000000180003678     libucrt:lcidtoname_downlevel.obj
 0001:00002688       ??_C@_1M@IMPFOPBG@?$AAr?$AAo?$AA?9?$AAR?$AAO?$AA?$AA@ 0000000180003688     libucrt:lcidtoname_downlevel.obj
 0001:00002698       ??_C@_1M@IDNNEJMM@?$AAr?$AAu?$AA?9?$AAR?$AAU?$AA?$AA@ 0000000180003698     libucrt:lcidtoname_downlevel.obj
 0001:000026a8       ??_C@_1M@LILEEOGM@?$AAh?$AAr?$AA?9?$AAH?$AAR?$AA?$AA@ 00000001800036a8     libucrt:lcidtoname_downlevel.obj
 0001:000026b8       ??_C@_1M@FKIFEHPB@?$AAs?$AAk?$AA?9?$AAS?$AAK?$AA?$AA@ 00000001800036b8     libucrt:lcidtoname_downlevel.obj
 0001:000026c8       ??_C@_1M@LJMAMNPJ@?$AAs?$AAq?$AA?9?$AAA?$AAL?$AA?$AA@ 00000001800036c8     libucrt:lcidtoname_downlevel.obj
 0001:000026d8       ??_C@_1M@GIAKDKJK@?$AAs?$AAv?$AA?9?$AAS?$AAE?$AA?$AA@ 00000001800036d8     libucrt:lcidtoname_downlevel.obj
 0001:000026e8       ??_C@_1M@MKJKIKCL@?$AAt?$AAh?$AA?9?$AAT?$AAH?$AA?$AA@ 00000001800036e8     libucrt:lcidtoname_downlevel.obj
 0001:000026f8       ??_C@_1M@MFLCCMPB@?$AAt?$AAr?$AA?9?$AAT?$AAR?$AA?$AA@ 00000001800036f8     libucrt:lcidtoname_downlevel.obj
 0001:00002708       ??_C@_1M@OIJHDKJN@?$AAu?$AAr?$AA?9?$AAP?$AAK?$AA?$AA@ 0000000180003708     libucrt:lcidtoname_downlevel.obj
 0001:00002718       ??_C@_1M@LHIPCIEK@?$AAi?$AAd?$AA?9?$AAI?$AAD?$AA?$AA@ 0000000180003718     libucrt:lcidtoname_downlevel.obj
 0001:00002728       ??_C@_1M@MFMOBGI@?$AAu?$AAk?$AA?9?$AAU?$AAA?$AA?$AA@ 0000000180003728     libucrt:lcidtoname_downlevel.obj
 0001:00002738       ??_C@_1M@OBGLJIPL@?$AAb?$AAe?$AA?9?$AAB?$AAY?$AA?$AA@ 0000000180003738     libucrt:lcidtoname_downlevel.obj
 0001:00002748       ??_C@_1M@BCFAJEAD@?$AAs?$AAl?$AA?9?$AAS?$AAI?$AA?$AA@ 0000000180003748     libucrt:lcidtoname_downlevel.obj
 0001:00002758       ??_C@_1M@FKFFEDDN@?$AAe?$AAt?$AA?9?$AAE?$AAE?$AA?$AA@ 0000000180003758     libucrt:lcidtoname_downlevel.obj
 0001:00002768       ??_C@_1M@KGKKAACI@?$AAl?$AAv?$AA?9?$AAL?$AAV?$AA?$AA@ 0000000180003768     libucrt:lcidtoname_downlevel.obj
 0001:00002778       ??_C@_1M@IFGBIJO@?$AAl?$AAt?$AA?9?$AAL?$AAT?$AA?$AA@ 0000000180003778     libucrt:lcidtoname_downlevel.obj
 0001:00002788       ??_C@_1M@FGEAHEDM@?$AAf?$AAa?$AA?9?$AAI?$AAR?$AA?$AA@ 0000000180003788     libucrt:lcidtoname_downlevel.obj
 0001:00002798       ??_C@_1M@KBMAIBFN@?$AAv?$AAi?$AA?9?$AAV?$AAN?$AA?$AA@ 0000000180003798     libucrt:lcidtoname_downlevel.obj
 0001:000027a8       ??_C@_1M@GPCBKDJK@?$AAh?$AAy?$AA?9?$AAA?$AAM?$AA?$AA@ 00000001800037a8     libucrt:lcidtoname_downlevel.obj
 0001:000027b8       ??_C@_1BG@BECMDDJB@?$AAa?$AAz?$AA?9?$AAA?$AAZ?$AA?9?$AAL?$AAa?$AAt?$AAn?$AA?$AA@ 00000001800037b8     libucrt:lcidtoname_downlevel.obj
 0001:000027d0       ??_C@_1M@MAOFCAEA@?$AAe?$AAu?$AA?9?$AAE?$AAS?$AA?$AA@ 00000001800037d0     libucrt:lcidtoname_downlevel.obj
 0001:000027e0       ??_C@_1M@IGHABKPI@?$AAm?$AAk?$AA?9?$AAM?$AAK?$AA?$AA@ 00000001800037e0     libucrt:lcidtoname_downlevel.obj
 0001:000027f0       ??_C@_1M@IAIGNEJG@?$AAt?$AAn?$AA?9?$AAZ?$AAA?$AA?$AA@ 00000001800037f0     libucrt:lcidtoname_downlevel.obj
 0001:00002800       ??_C@_1M@IIJCOJFA@?$AAx?$AAh?$AA?9?$AAZ?$AAA?$AA?$AA@ 0000000180003800     libucrt:lcidtoname_downlevel.obj
 0001:00002810       ??_C@_1M@LGPJHNJH@?$AAz?$AAu?$AA?9?$AAZ?$AAA?$AA?$AA@ 0000000180003810     libucrt:lcidtoname_downlevel.obj
 0001:00002820       ??_C@_1M@HOKAOIO@?$AAa?$AAf?$AA?9?$AAZ?$AAA?$AA?$AA@ 0000000180003820     libucrt:lcidtoname_downlevel.obj
 0001:00002830       ??_C@_1M@DPCLHLIE@?$AAk?$AAa?$AA?9?$AAG?$AAE?$AA?$AA@ 0000000180003830     libucrt:lcidtoname_downlevel.obj
 0001:00002840       ??_C@_1M@BLKMHJBI@?$AAf?$AAo?$AA?9?$AAF?$AAO?$AA?$AA@ 0000000180003840     libucrt:lcidtoname_downlevel.obj
 0001:00002850       ??_C@_1M@LGGJAPPB@?$AAh?$AAi?$AA?9?$AAI?$AAN?$AA?$AA@ 0000000180003850     libucrt:lcidtoname_downlevel.obj
 0001:00002860       ??_C@_1M@FIKPIHFE@?$AAm?$AAt?$AA?9?$AAM?$AAT?$AA?$AA@ 0000000180003860     libucrt:lcidtoname_downlevel.obj
 0001:00002870       ??_C@_1M@HEGGPBFA@?$AAs?$AAe?$AA?9?$AAN?$AAO?$AA?$AA@ 0000000180003870     libucrt:lcidtoname_downlevel.obj
 0001:00002880       ??_C@_1M@EIBJEEPA@?$AAm?$AAs?$AA?9?$AAM?$AAY?$AA?$AA@ 0000000180003880     libucrt:lcidtoname_downlevel.obj
 0001:00002890       ??_C@_1M@FHLBGMPP@?$AAk?$AAk?$AA?9?$AAK?$AAZ?$AA?$AA@ 0000000180003890     libucrt:lcidtoname_downlevel.obj
 0001:000028a0       ??_C@_1M@NGJJLCGI@?$AAk?$AAy?$AA?9?$AAK?$AAG?$AA?$AA@ 00000001800038a0     libucrt:lcidtoname_downlevel.obj
 0001:000028b0       ??_C@_1M@GIENNBFC@?$AAs?$AAw?$AA?9?$AAK?$AAE?$AA?$AA@ 00000001800038b0     libucrt:lcidtoname_downlevel.obj
 0001:000028c0       ??_C@_1BG@NDGMJIMJ@?$AAu?$AAz?$AA?9?$AAU?$AAZ?$AA?9?$AAL?$AAa?$AAt?$AAn?$AA?$AA@ 00000001800038c0     libucrt:lcidtoname_downlevel.obj
 0001:000028d8       ??_C@_1M@IDCCIHBC@?$AAt?$AAt?$AA?9?$AAR?$AAU?$AA?$AA@ 00000001800038d8     libucrt:lcidtoname_downlevel.obj
 0001:000028e8       ??_C@_1M@LOICPMOJ@?$AAb?$AAn?$AA?9?$AAI?$AAN?$AA?$AA@ 00000001800038e8     libucrt:lcidtoname_downlevel.obj
 0001:000028f8       ??_C@_1M@KPKKNEAH@?$AAp?$AAa?$AA?9?$AAI?$AAN?$AA?$AA@ 00000001800038f8     libucrt:lcidtoname_downlevel.obj
 0001:00002908       ??_C@_1M@PJGPPBOG@?$AAg?$AAu?$AA?9?$AAI?$AAN?$AA?$AA@ 0000000180003908     libucrt:lcidtoname_downlevel.obj
 0001:00002918       ??_C@_1M@KMKMOPHI@?$AAt?$AAa?$AA?9?$AAI?$AAN?$AA?$AA@ 0000000180003918     libucrt:lcidtoname_downlevel.obj
 0001:00002928       ??_C@_1M@KFEHEPAC@?$AAt?$AAe?$AA?9?$AAI?$AAN?$AA?$AA@ 0000000180003928     libucrt:lcidtoname_downlevel.obj
 0001:00002938       ??_C@_1M@CDCLMGHI@?$AAk?$AAn?$AA?9?$AAI?$AAN?$AA?$AA@ 0000000180003938     libucrt:lcidtoname_downlevel.obj
 0001:00002948       ??_C@_1M@MIODLDKF@?$AAm?$AAl?$AA?9?$AAI?$AAN?$AA?$AA@ 0000000180003948     libucrt:lcidtoname_downlevel.obj
 0001:00002958       ??_C@_1M@PBIEACPO@?$AAm?$AAr?$AA?9?$AAI?$AAN?$AA?$AA@ 0000000180003958     libucrt:lcidtoname_downlevel.obj
 0001:00002968       ??_C@_1M@NIDEAGPH@?$AAs?$AAa?$AA?9?$AAI?$AAN?$AA?$AA@ 0000000180003968     libucrt:lcidtoname_downlevel.obj
 0001:00002978       ??_C@_1M@FHIHCBIO@?$AAm?$AAn?$AA?9?$AAM?$AAN?$AA?$AA@ 0000000180003978     libucrt:lcidtoname_downlevel.obj
 0001:00002988       ??_C@_1M@JAIJPENP@?$AAc?$AAy?$AA?9?$AAG?$AAB?$AA?$AA@ 0000000180003988     libucrt:lcidtoname_downlevel.obj
 0001:00002998       ??_C@_1M@PHGFBEPN@?$AAg?$AAl?$AA?9?$AAE?$AAS?$AA?$AA@ 0000000180003998     libucrt:lcidtoname_downlevel.obj
 0001:000029a8       ??_C@_1O@KPIPDNCP@?$AAk?$AAo?$AAk?$AA?9?$AAI?$AAN?$AA?$AA@ 00000001800039a8     libucrt:lcidtoname_downlevel.obj
 0001:000029b8       ??_C@_1O@KNHJLDJA@?$AAs?$AAy?$AAr?$AA?9?$AAS?$AAY?$AA?$AA@ 00000001800039b8     libucrt:lcidtoname_downlevel.obj
 0001:000029c8       ??_C@_1O@MKEKBLAH@?$AAd?$AAi?$AAv?$AA?9?$AAM?$AAV?$AA?$AA@ 00000001800039c8     libucrt:lcidtoname_downlevel.obj
 0001:000029d8       ??_C@_1O@OHDCKDDF@?$AAq?$AAu?$AAz?$AA?9?$AAB?$AAO?$AA?$AA@ 00000001800039d8     libucrt:lcidtoname_downlevel.obj
 0001:000029e8       ??_C@_1M@LEPJNLFD@?$AAn?$AAs?$AA?9?$AAZ?$AAA?$AA?$AA@ 00000001800039e8     libucrt:lcidtoname_downlevel.obj
 0001:000029f8       ??_C@_1M@OMLEIIJB@?$AAm?$AAi?$AA?9?$AAN?$AAZ?$AA?$AA@ 00000001800039f8     libucrt:lcidtoname_downlevel.obj
 0001:00002a08       ??_C@_1M@PMPEAILG@?$AAa?$AAr?$AA?9?$AAI?$AAQ?$AA?$AA@ 0000000180003a08     libucrt:lcidtoname_downlevel.obj
 0001:00002a18       ??_C@_1M@CNKPNOEE@?$AAd?$AAe?$AA?9?$AAC?$AAH?$AA?$AA@ 0000000180003a18     libucrt:lcidtoname_downlevel.obj
 0001:00002a28       ??_C@_1M@LKMGMLKO@?$AAe?$AAn?$AA?9?$AAG?$AAB?$AA?$AA@ 0000000180003a28     libucrt:lcidtoname_downlevel.obj
 0001:00002a38       ??_C@_1M@PGKJFFGL@?$AAe?$AAs?$AA?9?$AAM?$AAX?$AA?$AA@ 0000000180003a38     libucrt:lcidtoname_downlevel.obj
 0001:00002a48       ??_C@_1M@DNNANBDC@?$AAf?$AAr?$AA?9?$AAB?$AAE?$AA?$AA@ 0000000180003a48     libucrt:lcidtoname_downlevel.obj
 0001:00002a58       ??_C@_1M@HLGMDFHM@?$AAi?$AAt?$AA?9?$AAC?$AAH?$AA?$AA@ 0000000180003a58     libucrt:lcidtoname_downlevel.obj
 0001:00002a68       ??_C@_1M@CLLBGJH@?$AAn?$AAl?$AA?9?$AAB?$AAE?$AA?$AA@ 0000000180003a68     libucrt:lcidtoname_downlevel.obj
 0001:00002a78       ??_C@_1M@BODBOGLF@?$AAn?$AAn?$AA?9?$AAN?$AAO?$AA?$AA@ 0000000180003a78     libucrt:lcidtoname_downlevel.obj
 0001:00002a88       ??_C@_1M@HFFAHKAD@?$AAp?$AAt?$AA?9?$AAP?$AAT?$AA?$AA@ 0000000180003a88     libucrt:lcidtoname_downlevel.obj
 0001:00002a98       ??_C@_1BG@LNOAKHIE@?$AAs?$AAr?$AA?9?$AAS?$AAP?$AA?9?$AAL?$AAa?$AAt?$AAn?$AA?$AA@ 0000000180003a98     libucrt:lcidtoname_downlevel.obj
 0001:00002ab0       ??_C@_1M@HBMHBGAK@?$AAs?$AAv?$AA?9?$AAF?$AAI?$AA?$AA@ 0000000180003ab0     libucrt:lcidtoname_downlevel.obj
 0001:00002ac0       ??_C@_1BG@DGCJGJBE@?$AAa?$AAz?$AA?9?$AAA?$AAZ?$AA?9?$AAC?$AAy?$AAr?$AAl?$AA?$AA@ 0000000180003ac0     libucrt:lcidtoname_downlevel.obj
 0001:00002ad8       ??_C@_1M@KEJDAAHB@?$AAs?$AAe?$AA?9?$AAS?$AAE?$AA?$AA@ 0000000180003ad8     libucrt:lcidtoname_downlevel.obj
 0001:00002ae8       ??_C@_1M@HEIBJJAD@?$AAm?$AAs?$AA?9?$AAB?$AAN?$AA?$AA@ 0000000180003ae8     libucrt:lcidtoname_downlevel.obj
 0001:00002af8       ??_C@_1BG@PBGJMCEM@?$AAu?$AAz?$AA?9?$AAU?$AAZ?$AA?9?$AAC?$AAy?$AAr?$AAl?$AA?$AA@ 0000000180003af8     libucrt:lcidtoname_downlevel.obj
 0001:00002b10       ??_C@_1O@LAOBCMDF@?$AAq?$AAu?$AAz?$AA?9?$AAE?$AAC?$AA?$AA@ 0000000180003b10     libucrt:lcidtoname_downlevel.obj
 0001:00002b20       ??_C@_1M@POEEMAIO@?$AAa?$AAr?$AA?9?$AAE?$AAG?$AA?$AA@ 0000000180003b20     libucrt:lcidtoname_downlevel.obj
 0001:00002b30       ??_C@_1M@EFAKDEDL@?$AAz?$AAh?$AA?9?$AAH?$AAK?$AA?$AA@ 0000000180003b30     libucrt:lcidtoname_downlevel.obj
 0001:00002b40       ??_C@_1M@HKKIJHGI@?$AAd?$AAe?$AA?9?$AAA?$AAT?$AA?$AA@ 0000000180003b40     libucrt:lcidtoname_downlevel.obj
 0001:00002b50       ??_C@_1M@KBFBEHJF@?$AAe?$AAn?$AA?9?$AAA?$AAU?$AA?$AA@ 0000000180003b50     libucrt:lcidtoname_downlevel.obj
 0001:00002b60       ??_C@_1M@MNPLFAAH@?$AAe?$AAs?$AA?9?$AAE?$AAS?$AA?$AA@ 0000000180003b60     libucrt:lcidtoname_downlevel.obj
 0001:00002b70       ??_C@_1M@HJOOJFMA@?$AAf?$AAr?$AA?9?$AAC?$AAA?$AA?$AA@ 0000000180003b70     libucrt:lcidtoname_downlevel.obj
 0001:00002b80       ??_C@_1BG@JPOFPNAB@?$AAs?$AAr?$AA?9?$AAS?$AAP?$AA?9?$AAC?$AAy?$AAr?$AAl?$AA?$AA@ 0000000180003b80     libucrt:lcidtoname_downlevel.obj
 0001:00002b98       ??_C@_1M@LNFOCMOB@?$AAs?$AAe?$AA?9?$AAF?$AAI?$AA?$AA@ 0000000180003b98     libucrt:lcidtoname_downlevel.obj
 0001:00002ba8       ??_C@_1O@MGJBOAMB@?$AAq?$AAu?$AAz?$AA?9?$AAP?$AAE?$AA?$AA@ 0000000180003ba8     libucrt:lcidtoname_downlevel.obj
 0001:00002bb8       ??_C@_1M@GJINLBOK@?$AAa?$AAr?$AA?9?$AAL?$AAY?$AA?$AA@ 0000000180003bb8     libucrt:lcidtoname_downlevel.obj
 0001:00002bc8       ??_C@_1M@GGMNHJNL@?$AAz?$AAh?$AA?9?$AAS?$AAG?$AA?$AA@ 0000000180003bc8     libucrt:lcidtoname_downlevel.obj
 0001:00002bd8       ??_C@_1M@HOIKODND@?$AAd?$AAe?$AA?9?$AAL?$AAU?$AA?$AA@ 0000000180003bd8     libucrt:lcidtoname_downlevel.obj
 0001:00002be8       ??_C@_1M@DDOCCGFG@?$AAe?$AAn?$AA?9?$AAC?$AAA?$AA?$AA@ 0000000180003be8     libucrt:lcidtoname_downlevel.obj
 0001:00002bf8       ??_C@_1M@BNOEMJLF@?$AAe?$AAs?$AA?9?$AAG?$AAT?$AA?$AA@ 0000000180003bf8     libucrt:lcidtoname_downlevel.obj
 0001:00002c08       ??_C@_1M@EOGNKEK@?$AAf?$AAr?$AA?9?$AAC?$AAH?$AA?$AA@ 0000000180003c08     libucrt:lcidtoname_downlevel.obj
 0001:00002c18       ??_C@_1M@FLIDJFHL@?$AAh?$AAr?$AA?9?$AAB?$AAA?$AA?$AA@ 0000000180003c18     libucrt:lcidtoname_downlevel.obj
 0001:00002c28       ??_C@_1O@FMCELNAJ@?$AAs?$AAm?$AAj?$AA?9?$AAN?$AAO?$AA?$AA@ 0000000180003c28     libucrt:lcidtoname_downlevel.obj
 0001:00002c38       ??_C@_1M@JHGLJMGJ@?$AAa?$AAr?$AA?9?$AAD?$AAZ?$AA?$AA@ 0000000180003c38     libucrt:lcidtoname_downlevel.obj
 0001:00002c48       ??_C@_1M@JKKFDCNP@?$AAz?$AAh?$AA?9?$AAM?$AAO?$AA?$AA@ 0000000180003c48     libucrt:lcidtoname_downlevel.obj
 0001:00002c58       ??_C@_1M@GEEFALPE@?$AAd?$AAe?$AA?9?$AAL?$AAI?$AA?$AA@ 0000000180003c58     libucrt:lcidtoname_downlevel.obj
 0001:00002c68       ??_C@_1M@IGEOFBG@?$AAe?$AAn?$AA?9?$AAN?$AAZ?$AA?$AA@ 0000000180003c68     libucrt:lcidtoname_downlevel.obj
 0001:00002c78       ??_C@_1M@KDBONEHP@?$AAe?$AAs?$AA?9?$AAC?$AAR?$AA?$AA@ 0000000180003c78     libucrt:lcidtoname_downlevel.obj
 0001:00002c88       ??_C@_1M@FHMDOHNN@?$AAf?$AAr?$AA?9?$AAL?$AAU?$AA?$AA@ 0000000180003c88     libucrt:lcidtoname_downlevel.obj
 0001:00002c98       ??_C@_1BG@NFKKMAFG@?$AAb?$AAs?$AA?9?$AAB?$AAA?$AA?9?$AAL?$AAa?$AAt?$AAn?$AA?$AA@ 0000000180003c98     libucrt:lcidtoname_downlevel.obj
 0001:00002cb0       ??_C@_1O@IMNBEMCI@?$AAs?$AAm?$AAj?$AA?9?$AAS?$AAE?$AA?$AA@ 0000000180003cb0     libucrt:lcidtoname_downlevel.obj
 0001:00002cc0       ??_C@_1M@DHHMBNDP@?$AAa?$AAr?$AA?9?$AAM?$AAA?$AA?$AA@ 0000000180003cc0     libucrt:lcidtoname_downlevel.obj
 0001:00002cd0       ??_C@_1M@BNBLJCGH@?$AAe?$AAn?$AA?9?$AAI?$AAE?$AA?$AA@ 0000000180003cd0     libucrt:lcidtoname_downlevel.obj
 0001:00002ce0       ??_C@_1M@GEPAFMDL@?$AAe?$AAs?$AA?9?$AAP?$AAA?$AA?$AA@ 0000000180003ce0     libucrt:lcidtoname_downlevel.obj
 0001:00002cf0       ??_C@_1M@OJONDMDL@?$AAf?$AAr?$AA?9?$AAM?$AAC?$AA?$AA@ 0000000180003cf0     libucrt:lcidtoname_downlevel.obj
 0001:00002d00       ??_C@_1BG@OBCNFJB@?$AAs?$AAr?$AA?9?$AAB?$AAA?$AA?9?$AAL?$AAa?$AAt?$AAn?$AA?$AA@ 0000000180003d00     libucrt:lcidtoname_downlevel.obj
 0001:00002d18       ??_C@_1O@KEMEEGPO@?$AAs?$AAm?$AAa?$AA?9?$AAN?$AAO?$AA?$AA@ 0000000180003d18     libucrt:lcidtoname_downlevel.obj
 0001:00002d28       ??_C@_1M@ELMGFODK@?$AAa?$AAr?$AA?9?$AAT?$AAN?$AA?$AA@ 0000000180003d28     libucrt:lcidtoname_downlevel.obj
 0001:00002d38       ??_C@_1M@BHDLHFAF@?$AAe?$AAn?$AA?9?$AAZ?$AAA?$AA?$AA@ 0000000180003d38     libucrt:lcidtoname_downlevel.obj
 0001:00002d48       ??_C@_1M@BMGIGLIF@?$AAe?$AAs?$AA?9?$AAD?$AAO?$AA?$AA@ 0000000180003d48     libucrt:lcidtoname_downlevel.obj
 0001:00002d58       ??_C@_1BG@CMBHIPBE@?$AAs?$AAr?$AA?9?$AAB?$AAA?$AA?9?$AAC?$AAy?$AAr?$AAl?$AA?$AA@ 0000000180003d58     libucrt:lcidtoname_downlevel.obj
 0001:00002d70       ??_C@_1O@HEDBLHNP@?$AAs?$AAm?$AAa?$AA?9?$AAS?$AAE?$AA?$AA@ 0000000180003d70     libucrt:lcidtoname_downlevel.obj
 0001:00002d80       ??_C@_1M@DAGCADIM@?$AAa?$AAr?$AA?9?$AAO?$AAM?$AA?$AA@ 0000000180003d80     libucrt:lcidtoname_downlevel.obj
 0001:00002d90       ??_C@_1M@FODLMICG@?$AAe?$AAn?$AA?9?$AAJ?$AAM?$AA?$AA@ 0000000180003d90     libucrt:lcidtoname_downlevel.obj
 0001:00002da0       ??_C@_1M@DNMLCIHB@?$AAe?$AAs?$AA?9?$AAV?$AAE?$AA?$AA@ 0000000180003da0     libucrt:lcidtoname_downlevel.obj
 0001:00002db0       ??_C@_1O@EOKHMKJK@?$AAs?$AAm?$AAs?$AA?9?$AAF?$AAI?$AA?$AA@ 0000000180003db0     libucrt:lcidtoname_downlevel.obj
 0001:00002dc0       ??_C@_1M@CAFJMKOF@?$AAa?$AAr?$AA?9?$AAY?$AAE?$AA?$AA@ 0000000180003dc0     libucrt:lcidtoname_downlevel.obj
 0001:00002dd0       ??_C@_1M@CBFHIJLI@?$AAe?$AAn?$AA?9?$AAC?$AAB?$AA?$AA@ 0000000180003dd0     libucrt:lcidtoname_downlevel.obj
 0001:00002de0       ??_C@_1M@BGNFLDN@?$AAe?$AAs?$AA?9?$AAC?$AAO?$AA?$AA@ 0000000180003de0     libucrt:lcidtoname_downlevel.obj
 0001:00002df0       ??_C@_1O@JMPHMAMC@?$AAs?$AAm?$AAn?$AA?9?$AAF?$AAI?$AA?$AA@ 0000000180003df0     libucrt:lcidtoname_downlevel.obj
 0001:00002e00       ??_C@_1M@JLANABKE@?$AAa?$AAr?$AA?9?$AAS?$AAY?$AA?$AA@ 0000000180003e00     libucrt:lcidtoname_downlevel.obj
 0001:00002e10       ??_C@_1M@HPKGCFGN@?$AAe?$AAn?$AA?9?$AAB?$AAZ?$AA?$AA@ 0000000180003e10     libucrt:lcidtoname_downlevel.obj
 0001:00002e20       ??_C@_1M@OLJCMLGM@?$AAe?$AAs?$AA?9?$AAP?$AAE?$AA?$AA@ 0000000180003e20     libucrt:lcidtoname_downlevel.obj
 0001:00002e30       ??_C@_1M@MKKGFKLE@?$AAa?$AAr?$AA?9?$AAJ?$AAO?$AA?$AA@ 0000000180003e30     libucrt:lcidtoname_downlevel.obj
 0001:00002e40       ??_C@_1M@EKPGLDNI@?$AAe?$AAn?$AA?9?$AAT?$AAT?$AA?$AA@ 0000000180003e40     libucrt:lcidtoname_downlevel.obj
 0001:00002e50       ??_C@_1M@OONGHFHE@?$AAe?$AAs?$AA?9?$AAA?$AAR?$AA?$AA@ 0000000180003e50     libucrt:lcidtoname_downlevel.obj
 0001:00002e60       ??_C@_1M@OOJFGBHE@?$AAa?$AAr?$AA?9?$AAL?$AAB?$AA?$AA@ 0000000180003e60     libucrt:lcidtoname_downlevel.obj
 0001:00002e70       ??_C@_1M@GCEJHNEG@?$AAe?$AAn?$AA?9?$AAZ?$AAW?$AA?$AA@ 0000000180003e70     libucrt:lcidtoname_downlevel.obj
 0001:00002e80       ??_C@_1M@JNOCAHJI@?$AAe?$AAs?$AA?9?$AAE?$AAC?$AA?$AA@ 0000000180003e80     libucrt:lcidtoname_downlevel.obj
 0001:00002e90       ??_C@_1M@JEFHPGGB@?$AAa?$AAr?$AA?9?$AAK?$AAW?$AA?$AA@ 0000000180003e90     libucrt:lcidtoname_downlevel.obj
 0001:00002ea0       ??_C@_1M@MLKIBJOJ@?$AAe?$AAn?$AA?9?$AAP?$AAH?$AA?$AA@ 0000000180003ea0     libucrt:lcidtoname_downlevel.obj
 0001:00002eb0       ??_C@_1M@BDNIPEND@?$AAe?$AAs?$AA?9?$AAC?$AAL?$AA?$AA@ 0000000180003eb0     libucrt:lcidtoname_downlevel.obj
 0001:00002ec0       ??_C@_1M@MPNMEKBD@?$AAa?$AAr?$AA?9?$AAA?$AAE?$AA?$AA@ 0000000180003ec0     libucrt:lcidtoname_downlevel.obj
 0001:00002ed0       ??_C@_1M@KBJALCPI@?$AAe?$AAs?$AA?9?$AAU?$AAY?$AA?$AA@ 0000000180003ed0     libucrt:lcidtoname_downlevel.obj
 0001:00002ee0       ??_C@_1M@LLCCOAGA@?$AAa?$AAr?$AA?9?$AAB?$AAH?$AA?$AA@ 0000000180003ee0     libucrt:lcidtoname_downlevel.obj
 0001:00002ef0       ??_C@_1M@PBFNCDEL@?$AAe?$AAs?$AA?9?$AAP?$AAY?$AA?$AA@ 0000000180003ef0     libucrt:lcidtoname_downlevel.obj
 0001:00002f00       ??_C@_1M@EDGINPNP@?$AAa?$AAr?$AA?9?$AAQ?$AAA?$AA?$AA@ 0000000180003f00     libucrt:lcidtoname_downlevel.obj
 0001:00002f10       ??_C@_1M@MKDBIIJI@?$AAe?$AAs?$AA?9?$AAB?$AAO?$AA?$AA@ 0000000180003f10     libucrt:lcidtoname_downlevel.obj
 0001:00002f20       ??_C@_1M@CPKKEBLD@?$AAe?$AAs?$AA?9?$AAS?$AAV?$AA?$AA@ 0000000180003f20     libucrt:lcidtoname_downlevel.obj
 0001:00002f30       ??_C@_1M@NDBGMMJL@?$AAe?$AAs?$AA?9?$AAH?$AAN?$AA?$AA@ 0000000180003f30     libucrt:lcidtoname_downlevel.obj
 0001:00002f40       ??_C@_1M@JIJIBHDP@?$AAe?$AAs?$AA?9?$AAN?$AAI?$AA?$AA@ 0000000180003f40     libucrt:lcidtoname_downlevel.obj
 0001:00002f50       ??_C@_1M@CGFMKEEK@?$AAe?$AAs?$AA?9?$AAP?$AAR?$AA?$AA@ 0000000180003f50     libucrt:lcidtoname_downlevel.obj
 0001:00002f60       ??_C@_1O@ICJHKIIK@?$AAz?$AAh?$AA?9?$AAC?$AAH?$AAT?$AA?$AA@ 0000000180003f60     libucrt:lcidtoname_downlevel.obj
 0001:00002f70       ??_C@_15CLNEJCE@?$AAs?$AAr?$AA?$AA@ 0000000180003f70     libucrt:lcidtoname_downlevel.obj
 0001:00003dc0       ??_C@_1M@KAHEKEIG@?$AAa?$AAf?$AA?9?$AAz?$AAa?$AA?$AA@ 0000000180004dc0     libucrt:lcidtoname_downlevel.obj
 0001:00003dd0       ??_C@_1M@GIECOABL@?$AAa?$AAr?$AA?9?$AAa?$AAe?$AA?$AA@ 0000000180004dd0     libucrt:lcidtoname_downlevel.obj
 0001:00003de0       ??_C@_1M@BMLMEKGI@?$AAa?$AAr?$AA?9?$AAb?$AAh?$AA?$AA@ 0000000180004de0     libucrt:lcidtoname_downlevel.obj
 0001:00003df0       ??_C@_1M@DAPFDGGB@?$AAa?$AAr?$AA?9?$AAd?$AAz?$AA?$AA@ 0000000180004df0     libucrt:lcidtoname_downlevel.obj
 0001:00003e00       ??_C@_1M@FJNKGKIG@?$AAa?$AAr?$AA?9?$AAe?$AAg?$AA?$AA@ 0000000180004e00     libucrt:lcidtoname_downlevel.obj
 0001:00003e10       ??_C@_1M@FLGKKCLO@?$AAa?$AAr?$AA?9?$AAi?$AAq?$AA?$AA@ 0000000180004e10     libucrt:lcidtoname_downlevel.obj
 0001:00003e20       ??_C@_1M@GNDIPALM@?$AAa?$AAr?$AA?9?$AAj?$AAo?$AA?$AA@ 0000000180004e20     libucrt:lcidtoname_downlevel.obj
 0001:00003e30       ??_C@_1M@DDMJFMGJ@?$AAa?$AAr?$AA?9?$AAk?$AAw?$AA?$AA@ 0000000180004e30     libucrt:lcidtoname_downlevel.obj
 0001:00003e40       ??_C@_1M@EJALMLHM@?$AAa?$AAr?$AA?9?$AAl?$AAb?$AA?$AA@ 0000000180004e40     libucrt:lcidtoname_downlevel.obj
 0001:00003e50       ??_C@_1M@MOBDBLOC@?$AAa?$AAr?$AA?9?$AAl?$AAy?$AA?$AA@ 0000000180004e50     libucrt:lcidtoname_downlevel.obj
 0001:00003e60       ??_C@_1M@JAOCLHDH@?$AAa?$AAr?$AA?9?$AAm?$AAa?$AA?$AA@ 0000000180004e60     libucrt:lcidtoname_downlevel.obj
 0001:00003e70       ??_C@_1M@JHPMKJIE@?$AAa?$AAr?$AA?9?$AAo?$AAm?$AA?$AA@ 0000000180004e70     libucrt:lcidtoname_downlevel.obj
 0001:00003e80       ??_C@_1M@OEPGHFNH@?$AAa?$AAr?$AA?9?$AAq?$AAa?$AA?$AA@ 0000000180004e80     libucrt:lcidtoname_downlevel.obj
 0001:00003e90       ??_C@_1M@KJDONENM@?$AAa?$AAr?$AA?9?$AAs?$AAa?$AA?$AA@ 0000000180004e90     libucrt:lcidtoname_downlevel.obj
 0001:00003ea0       ??_C@_1M@DMJDKLKM@?$AAa?$AAr?$AA?9?$AAs?$AAy?$AA?$AA@ 0000000180004ea0     libucrt:lcidtoname_downlevel.obj
 0001:00003eb0       ??_C@_1M@OMFIPEDC@?$AAa?$AAr?$AA?9?$AAt?$AAn?$AA?$AA@ 0000000180004eb0     libucrt:lcidtoname_downlevel.obj
 0001:00003ec0       ??_C@_1M@IHMHGAON@?$AAa?$AAr?$AA?9?$AAy?$AAe?$AA?$AA@ 0000000180004ec0     libucrt:lcidtoname_downlevel.obj
 0001:00003ed0       ??_C@_1BG@KDCPGJGB@?$AAa?$AAz?$AA?9?$AAa?$AAz?$AA?9?$AAc?$AAy?$AAr?$AAl?$AA?$AA@ 0000000180004ed0     libucrt:lcidtoname_downlevel.obj
 0001:00003ee8       ??_C@_1BG@IBCKDDOE@?$AAa?$AAz?$AA?9?$AAa?$AAz?$AA?9?$AAl?$AAa?$AAt?$AAn?$AA?$AA@ 0000000180004ee8     libucrt:lcidtoname_downlevel.obj
 0001:00003f00       ??_C@_1M@EGPFDCPD@?$AAb?$AAe?$AA?9?$AAb?$AAy?$AA?$AA@ 0000000180004f00     libucrt:lcidtoname_downlevel.obj
 0001:00003f10       ??_C@_1M@PCMGMCGC@?$AAb?$AAg?$AA?9?$AAb?$AAg?$AA?$AA@ 0000000180004f10     libucrt:lcidtoname_downlevel.obj
 0001:00003f20       ??_C@_1M@BJBMFGOB@?$AAb?$AAn?$AA?9?$AAi?$AAn?$AA?$AA@ 0000000180004f20     libucrt:lcidtoname_downlevel.obj
 0001:00003f30       ??_C@_1BG@EAKMMACD@?$AAb?$AAs?$AA?9?$AAb?$AAa?$AA?9?$AAl?$AAa?$AAt?$AAn?$AA?$AA@ 0000000180004f30     libucrt:lcidtoname_downlevel.obj
 0001:00003f48       ??_C@_1M@KGADAODK@?$AAc?$AAa?$AA?9?$AAe?$AAs?$AA?$AA@ 0000000180004f48     libucrt:lcidtoname_downlevel.obj
 0001:00003f58       ??_C@_1M@COAJPDHI@?$AAc?$AAs?$AA?9?$AAc?$AAz?$AA?$AA@ 0000000180004f58     libucrt:lcidtoname_downlevel.obj
 0001:00003f68       ??_C@_1M@DHBHFONH@?$AAc?$AAy?$AA?9?$AAg?$AAb?$AA?$AA@ 0000000180004f68     libucrt:lcidtoname_downlevel.obj
 0001:00003f78       ??_C@_1M@IMGKELGA@?$AAd?$AAa?$AA?9?$AAd?$AAk?$AA?$AA@ 0000000180004f78     libucrt:lcidtoname_downlevel.obj
 0001:00003f88       ??_C@_1M@NNDGDNGA@?$AAd?$AAe?$AA?9?$AAa?$AAt?$AA?$AA@ 0000000180004f88     libucrt:lcidtoname_downlevel.obj
 0001:00003f98       ??_C@_1M@IKDBHEEM@?$AAd?$AAe?$AA?9?$AAc?$AAh?$AA?$AA@ 0000000180004f98     libucrt:lcidtoname_downlevel.obj
 0001:00003fa8       ??_C@_1M@GFFOJMCJ@?$AAd?$AAe?$AA?9?$AAd?$AAe?$AA?$AA@ 0000000180004fa8     libucrt:lcidtoname_downlevel.obj
 0001:00003fb8       ??_C@_1M@MDNLKBPM@?$AAd?$AAe?$AA?9?$AAl?$AAi?$AA?$AA@ 0000000180004fb8     libucrt:lcidtoname_downlevel.obj
 0001:00003fc8       ??_C@_1M@NJBEEJNL@?$AAd?$AAe?$AA?9?$AAl?$AAu?$AA?$AA@ 0000000180004fc8     libucrt:lcidtoname_downlevel.obj
 0001:00003fd8       ??_C@_1O@GNNELBAP@?$AAd?$AAi?$AAv?$AA?9?$AAm?$AAv?$AA?$AA@ 0000000180004fd8     libucrt:lcidtoname_downlevel.obj
 0001:00003fe8       ??_C@_1M@EJLEOGAE@?$AAe?$AAl?$AA?9?$AAg?$AAr?$AA?$AA@ 0000000180004fe8     libucrt:lcidtoname_downlevel.obj
 0001:00003ff8       ??_C@_1M@GMPONJN@?$AAe?$AAn?$AA?9?$AAa?$AAu?$AA?$AA@ 0000000180004ff8     libucrt:lcidtoname_downlevel.obj
 0001:00004008       ??_C@_1M@NIDIIPGF@?$AAe?$AAn?$AA?9?$AAb?$AAz?$AA?$AA@ 0000000180005008     libucrt:lcidtoname_downlevel.obj
 0001:00004018       ??_C@_1M@JEHMIMFO@?$AAe?$AAn?$AA?9?$AAc?$AAa?$AA?$AA@ 0000000180005018     libucrt:lcidtoname_downlevel.obj
 0001:00004028       ??_C@_1M@IGMJCDLA@?$AAe?$AAn?$AA?9?$AAc?$AAb?$AA?$AA@ 0000000180005028     libucrt:lcidtoname_downlevel.obj
 0001:00004038       ??_C@_1M@BNFIGBKG@?$AAe?$AAn?$AA?9?$AAg?$AAb?$AA?$AA@ 0000000180005038     libucrt:lcidtoname_downlevel.obj
 0001:00004048       ??_C@_1M@LKIFDIGP@?$AAe?$AAn?$AA?9?$AAi?$AAe?$AA?$AA@ 0000000180005048     libucrt:lcidtoname_downlevel.obj
 0001:00004058       ??_C@_1M@PJKFGCCO@?$AAe?$AAn?$AA?9?$AAj?$AAm?$AA?$AA@ 0000000180005058     libucrt:lcidtoname_downlevel.obj
 0001:00004068       ??_C@_1M@KPPKEPBO@?$AAe?$AAn?$AA?9?$AAn?$AAz?$AA?$AA@ 0000000180005068     libucrt:lcidtoname_downlevel.obj
 0001:00004078       ??_C@_1M@GMDGLDOB@?$AAe?$AAn?$AA?9?$AAp?$AAh?$AA?$AA@ 0000000180005078     libucrt:lcidtoname_downlevel.obj
 0001:00004088       ??_C@_1M@ONGIBJNA@?$AAe?$AAn?$AA?9?$AAt?$AAt?$AA?$AA@ 0000000180005088     libucrt:lcidtoname_downlevel.obj
 0001:00004098       ??_C@_1M@LLODPCMM@?$AAe?$AAn?$AA?9?$AAu?$AAs?$AA?$AA@ 0000000180005098     libucrt:lcidtoname_downlevel.obj
 0001:000040a8       ??_C@_1M@LAKFNPAN@?$AAe?$AAn?$AA?9?$AAz?$AAa?$AA?$AA@ 00000001800050a8     libucrt:lcidtoname_downlevel.obj
 0001:000040b8       ??_C@_1M@MFNHNHEO@?$AAe?$AAn?$AA?9?$AAz?$AAw?$AA?$AA@ 00000001800050b8     libucrt:lcidtoname_downlevel.obj
 0001:000040c8       ??_C@_1M@EJEINPHM@?$AAe?$AAs?$AA?9?$AAa?$AAr?$AA?$AA@ 00000001800050c8     libucrt:lcidtoname_downlevel.obj
 0001:000040d8       ??_C@_1M@GNKPCCJA@?$AAe?$AAs?$AA?9?$AAb?$AAo?$AA?$AA@ 00000001800050d8     libucrt:lcidtoname_downlevel.obj
 0001:000040e8       ??_C@_1M@LEEGFONL@?$AAe?$AAs?$AA?9?$AAc?$AAl?$AA?$AA@ 00000001800050e8     libucrt:lcidtoname_downlevel.obj
 0001:000040f8       ??_C@_1M@KGPDPBDF@?$AAe?$AAs?$AA?9?$AAc?$AAo?$AA?$AA@ 00000001800050f8     libucrt:lcidtoname_downlevel.obj
 0001:00004108       ??_C@_1M@EIAHOHH@?$AAe?$AAs?$AA?9?$AAc?$AAr?$AA?$AA@ 0000000180005108     libucrt:lcidtoname_downlevel.obj
 0001:00004118       ??_C@_1M@LLPGMBIN@?$AAe?$AAs?$AA?9?$AAd?$AAo?$AA?$AA@ 0000000180005118     libucrt:lcidtoname_downlevel.obj
 0001:00004128       ??_C@_1M@DKHMKNJA@?$AAe?$AAs?$AA?9?$AAe?$AAc?$AA?$AA@ 0000000180005128     libucrt:lcidtoname_downlevel.obj
 0001:00004138       ??_C@_1M@GKGFPKAP@?$AAe?$AAs?$AA?9?$AAe?$AAs?$AA?$AA@ 0000000180005138     libucrt:lcidtoname_downlevel.obj
 0001:00004148       ??_C@_1M@LKHKGDLN@?$AAe?$AAs?$AA?9?$AAg?$AAt?$AA?$AA@ 0000000180005148     libucrt:lcidtoname_downlevel.obj
 0001:00004158       ??_C@_1M@HEIIGGJD@?$AAe?$AAs?$AA?9?$AAh?$AAn?$AA?$AA@ 0000000180005158     libucrt:lcidtoname_downlevel.obj
 0001:00004168       ??_C@_1M@FBDHPPGD@?$AAe?$AAs?$AA?9?$AAm?$AAx?$AA?$AA@ 0000000180005168     libucrt:lcidtoname_downlevel.obj
 0001:00004178       ??_C@_1M@DPAGLNDH@?$AAe?$AAs?$AA?9?$AAn?$AAi?$AA?$AA@ 0000000180005178     libucrt:lcidtoname_downlevel.obj
 0001:00004188       ??_C@_1M@MDGOPGDD@?$AAe?$AAs?$AA?9?$AAp?$AAa?$AA?$AA@ 0000000180005188     libucrt:lcidtoname_downlevel.obj
 0001:00004198       ??_C@_1M@EMAMGBGE@?$AAe?$AAs?$AA?9?$AAp?$AAe?$AA?$AA@ 0000000180005198     libucrt:lcidtoname_downlevel.obj
 0001:000041a8       ??_C@_1M@IBMCAOEC@?$AAe?$AAs?$AA?9?$AAp?$AAr?$AA?$AA@ 00000001800051a8     libucrt:lcidtoname_downlevel.obj
 0001:000041b8       ??_C@_1M@FGMDIJED@?$AAe?$AAs?$AA?9?$AAp?$AAy?$AA?$AA@ 00000001800051b8     libucrt:lcidtoname_downlevel.obj
 0001:000041c8       ??_C@_1M@IIDEOLLL@?$AAe?$AAs?$AA?9?$AAs?$AAv?$AA?$AA@ 00000001800051c8     libucrt:lcidtoname_downlevel.obj
 0001:000041d8       ??_C@_1M@GAOBIPA@?$AAe?$AAs?$AA?9?$AAu?$AAy?$AA?$AA@ 00000001800051d8     libucrt:lcidtoname_downlevel.obj
 0001:000041e8       ??_C@_1M@JKFFICHJ@?$AAe?$AAs?$AA?9?$AAv?$AAe?$AA?$AA@ 00000001800051e8     libucrt:lcidtoname_downlevel.obj
 0001:000041f8       ??_C@_1M@PNMLOJDF@?$AAe?$AAt?$AA?9?$AAe?$AAe?$AA?$AA@ 00000001800051f8     libucrt:lcidtoname_downlevel.obj
 0001:00004208       ??_C@_1M@GHHLIKEI@?$AAe?$AAu?$AA?9?$AAe?$AAs?$AA?$AA@ 0000000180005208     libucrt:lcidtoname_downlevel.obj
 0001:00004218       ??_C@_1M@PBNONODE@?$AAf?$AAa?$AA?9?$AAi?$AAr?$AA?$AA@ 0000000180005218     libucrt:lcidtoname_downlevel.obj
 0001:00004228       ??_C@_1M@JEEHPMIL@?$AAf?$AAi?$AA?9?$AAf?$AAi?$AA?$AA@ 0000000180005228     libucrt:lcidtoname_downlevel.obj
 0001:00004238       ??_C@_1M@LMDCNDBA@?$AAf?$AAo?$AA?9?$AAf?$AAo?$AA?$AA@ 0000000180005238     libucrt:lcidtoname_downlevel.obj
 0001:00004248       ??_C@_1M@JKEOHLDK@?$AAf?$AAr?$AA?9?$AAb?$AAe?$AA?$AA@ 0000000180005248     libucrt:lcidtoname_downlevel.obj
 0001:00004258       ??_C@_1M@NOHADPMI@?$AAf?$AAr?$AA?9?$AAc?$AAa?$AA?$AA@ 0000000180005258     libucrt:lcidtoname_downlevel.obj
 0001:00004268       ??_C@_1M@KDHIHAEC@?$AAf?$AAr?$AA?9?$AAc?$AAh?$AA?$AA@ 0000000180005268     libucrt:lcidtoname_downlevel.obj
 0001:00004278       ??_C@_1M@MMBBFGAK@?$AAf?$AAr?$AA?9?$AAf?$AAr?$AA?$AA@ 0000000180005278     libucrt:lcidtoname_downlevel.obj
 0001:00004288       ??_C@_1M@PAFNENNF@?$AAf?$AAr?$AA?9?$AAl?$AAu?$AA?$AA@ 0000000180005288     libucrt:lcidtoname_downlevel.obj
 0001:00004298       ??_C@_1M@EOHDJGDD@?$AAf?$AAr?$AA?9?$AAm?$AAc?$AA?$AA@ 0000000180005298     libucrt:lcidtoname_downlevel.obj
 0001:000042a8       ??_C@_1M@FAPLLOPF@?$AAg?$AAl?$AA?9?$AAe?$AAs?$AA?$AA@ 00000001800052a8     libucrt:lcidtoname_downlevel.obj
 0001:000042b8       ??_C@_1M@FOPBFLOO@?$AAg?$AAu?$AA?9?$AAi?$AAn?$AA?$AA@ 00000001800052b8     libucrt:lcidtoname_downlevel.obj
 0001:000042c8       ??_C@_1M@KBMCINPM@?$AAh?$AAe?$AA?9?$AAi?$AAl?$AA?$AA@ 00000001800052c8     libucrt:lcidtoname_downlevel.obj
 0001:000042d8       ??_C@_1M@BBPHKFPJ@?$AAh?$AAi?$AA?9?$AAi?$AAn?$AA?$AA@ 00000001800052d8     libucrt:lcidtoname_downlevel.obj
 0001:000042e8       ??_C@_1M@PMBNDPHD@?$AAh?$AAr?$AA?9?$AAb?$AAa?$AA?$AA@ 00000001800052e8     libucrt:lcidtoname_downlevel.obj
 0001:000042f8       ??_C@_1M@BPCKOEGE@?$AAh?$AAr?$AA?9?$AAh?$AAr?$AA?$AA@ 00000001800052f8     libucrt:lcidtoname_downlevel.obj
 0001:00004308       ??_C@_1M@GACBMHKE@?$AAh?$AAu?$AA?9?$AAh?$AAu?$AA?$AA@ 0000000180005308     libucrt:lcidtoname_downlevel.obj
 0001:00004318       ??_C@_1M@MILPAJJC@?$AAh?$AAy?$AA?9?$AAa?$AAm?$AA?$AA@ 0000000180005318     libucrt:lcidtoname_downlevel.obj
 0001:00004328       ??_C@_1M@BABBICEC@?$AAi?$AAd?$AA?9?$AAi?$AAd?$AA?$AA@ 0000000180005328     libucrt:lcidtoname_downlevel.obj
 0001:00004338       ??_C@_1M@BIKNHHPF@?$AAi?$AAs?$AA?9?$AAi?$AAs?$AA?$AA@ 0000000180005338     libucrt:lcidtoname_downlevel.obj
 0001:00004348       ??_C@_1M@NMPCJPHE@?$AAi?$AAt?$AA?9?$AAc?$AAh?$AA?$AA@ 0000000180005348     libucrt:lcidtoname_downlevel.obj
 0001:00004358       ??_C@_1M@GHKGFEDF@?$AAi?$AAt?$AA?9?$AAi?$AAt?$AA?$AA@ 0000000180005358     libucrt:lcidtoname_downlevel.obj
 0001:00004368       ??_C@_1M@NIEJCJJA@?$AAj?$AAa?$AA?9?$AAj?$AAp?$AA?$AA@ 0000000180005368     libucrt:lcidtoname_downlevel.obj
 0001:00004378       ??_C@_1M@JILFNBIM@?$AAk?$AAa?$AA?9?$AAg?$AAe?$AA?$AA@ 0000000180005378     libucrt:lcidtoname_downlevel.obj
 0001:00004388       ??_C@_1M@PACPMGPH@?$AAk?$AAk?$AA?9?$AAk?$AAz?$AA?$AA@ 0000000180005388     libucrt:lcidtoname_downlevel.obj
 0001:00004398       ??_C@_1M@IELFGMHA@?$AAk?$AAn?$AA?9?$AAi?$AAn?$AA?$AA@ 0000000180005398     libucrt:lcidtoname_downlevel.obj
 0001:000043a8       ??_C@_1O@IBBJHCH@?$AAk?$AAo?$AAk?$AA?9?$AAi?$AAn?$AA?$AA@ 00000001800053a8     libucrt:lcidtoname_downlevel.obj
 0001:000043b8       ??_C@_1M@DMHAEOGC@?$AAk?$AAo?$AA?9?$AAk?$AAr?$AA?$AA@ 00000001800053b8     libucrt:lcidtoname_downlevel.obj
 0001:000043c8       ??_C@_1M@HBAHBIGA@?$AAk?$AAy?$AA?9?$AAk?$AAg?$AA?$AA@ 00000001800053c8     libucrt:lcidtoname_downlevel.obj
 0001:000043d8       ??_C@_1M@KPMILCJG@?$AAl?$AAt?$AA?9?$AAl?$AAt?$AA?$AA@ 00000001800053d8     libucrt:lcidtoname_downlevel.obj
 0001:000043e8       ??_C@_1M@BDEKKCA@?$AAl?$AAv?$AA?9?$AAl?$AAv?$AA?$AA@ 00000001800053e8     libucrt:lcidtoname_downlevel.obj
 0001:000043f8       ??_C@_1M@ELCKCCJJ@?$AAm?$AAi?$AA?9?$AAn?$AAz?$AA?$AA@ 00000001800053f8     libucrt:lcidtoname_downlevel.obj
 0001:00004408       ??_C@_1M@CBOOLAPA@?$AAm?$AAk?$AA?9?$AAm?$AAk?$AA?$AA@ 0000000180005408     libucrt:lcidtoname_downlevel.obj
 0001:00004418       ??_C@_1M@GPHNBJKN@?$AAm?$AAl?$AA?9?$AAi?$AAn?$AA?$AA@ 0000000180005418     libucrt:lcidtoname_downlevel.obj
 0001:00004428       ??_C@_1M@PABJILIG@?$AAm?$AAn?$AA?9?$AAm?$AAn?$AA?$AA@ 0000000180005428     libucrt:lcidtoname_downlevel.obj
 0001:00004438       ??_C@_1M@FGBKKIPG@?$AAm?$AAr?$AA?9?$AAi?$AAn?$AA?$AA@ 0000000180005438     libucrt:lcidtoname_downlevel.obj
 0001:00004448       ??_C@_1M@NDBPDDAL@?$AAm?$AAs?$AA?9?$AAb?$AAn?$AA?$AA@ 0000000180005448     libucrt:lcidtoname_downlevel.obj
 0001:00004458       ??_C@_1M@OPIHOOPI@?$AAm?$AAs?$AA?9?$AAm?$AAy?$AA?$AA@ 0000000180005458     libucrt:lcidtoname_downlevel.obj
 0001:00004468       ??_C@_1M@PPDBCNFM@?$AAm?$AAt?$AA?9?$AAm?$AAt?$AA?$AA@ 0000000180005468     libucrt:lcidtoname_downlevel.obj
 0001:00004478       ??_C@_1M@KDJDKMDD@?$AAn?$AAb?$AA?9?$AAn?$AAo?$AA?$AA@ 0000000180005478     libucrt:lcidtoname_downlevel.obj
 0001:00004488       ??_C@_1M@KFCFLMJP@?$AAn?$AAl?$AA?9?$AAb?$AAe?$AA?$AA@ 0000000180005488     libucrt:lcidtoname_downlevel.obj
 0001:00004498       ??_C@_1M@KPOPDDGO@?$AAn?$AAl?$AA?9?$AAn?$AAl?$AA?$AA@ 0000000180005498     libucrt:lcidtoname_downlevel.obj
 0001:000044a8       ??_C@_1M@LJKPEMLN@?$AAn?$AAn?$AA?9?$AAn?$AAo?$AA?$AA@ 00000001800054a8     libucrt:lcidtoname_downlevel.obj
 0001:000044b8       ??_C@_1M@BDGHHBFL@?$AAn?$AAs?$AA?9?$AAz?$AAa?$AA?$AA@ 00000001800054b8     libucrt:lcidtoname_downlevel.obj
 0001:000044c8       ??_C@_1M@IDEHOAP@?$AAp?$AAa?$AA?9?$AAi?$AAn?$AA?$AA@ 00000001800054c8     libucrt:lcidtoname_downlevel.obj
 0001:000044d8       ??_C@_1M@HDBKGOGH@?$AAp?$AAl?$AA?9?$AAp?$AAl?$AA?$AA@ 00000001800054d8     libucrt:lcidtoname_downlevel.obj
 0001:000044e8       ??_C@_1M@LJLLCMEH@?$AAp?$AAt?$AA?9?$AAb?$AAr?$AA?$AA@ 00000001800054e8     libucrt:lcidtoname_downlevel.obj
 0001:000044f8       ??_C@_1M@NCMONAAL@?$AAp?$AAt?$AA?9?$AAp?$AAt?$AA?$AA@ 00000001800054f8     libucrt:lcidtoname_downlevel.obj
 0001:00004508       ??_C@_1O@EAKMAJDN@?$AAq?$AAu?$AAz?$AA?9?$AAb?$AAo?$AA?$AA@ 0000000180005508     libucrt:lcidtoname_downlevel.obj
 0001:00004518       ??_C@_1O@BHHPIGDN@?$AAq?$AAu?$AAz?$AA?9?$AAe?$AAc?$AA?$AA@ 0000000180005518     libucrt:lcidtoname_downlevel.obj
 0001:00004528       ??_C@_1O@GBAPEKMJ@?$AAq?$AAu?$AAz?$AA?9?$AAp?$AAe?$AA?$AA@ 0000000180005528     libucrt:lcidtoname_downlevel.obj
 0001:00004538       ??_C@_1M@CLGLEFBO@?$AAr?$AAo?$AA?9?$AAr?$AAo?$AA?$AA@ 0000000180005538     libucrt:lcidtoname_downlevel.obj
 0001:00004548       ??_C@_1M@CEEDODME@?$AAr?$AAu?$AA?9?$AAr?$AAu?$AA?$AA@ 0000000180005548     libucrt:lcidtoname_downlevel.obj
 0001:00004558       ??_C@_1M@HPKKKMPP@?$AAs?$AAa?$AA?9?$AAi?$AAn?$AA?$AA@ 0000000180005558     libucrt:lcidtoname_downlevel.obj
 0001:00004568       ??_C@_1M@BKMAIGOJ@?$AAs?$AAe?$AA?9?$AAf?$AAi?$AA?$AA@ 0000000180005568     libucrt:lcidtoname_downlevel.obj
 0001:00004578       ??_C@_1M@NDPIFLFI@?$AAs?$AAe?$AA?9?$AAn?$AAo?$AA?$AA@ 0000000180005578     libucrt:lcidtoname_downlevel.obj
 0001:00004588       ??_C@_1M@DANKKHJ@?$AAs?$AAe?$AA?9?$AAs?$AAe?$AA?$AA@ 0000000180005588     libucrt:lcidtoname_downlevel.obj
 0001:00004598       ??_C@_1M@PNBLONPJ@?$AAs?$AAk?$AA?9?$AAs?$AAk?$AA?$AA@ 0000000180005598     libucrt:lcidtoname_downlevel.obj
 0001:000045a8       ??_C@_1M@LFMODOAL@?$AAs?$AAl?$AA?9?$AAs?$AAi?$AA?$AA@ 00000001800055a8     libucrt:lcidtoname_downlevel.obj
 0001:000045b8       ??_C@_1O@DFKOMPG@?$AAs?$AAm?$AAa?$AA?9?$AAn?$AAo?$AA?$AA@ 00000001800055b8     libucrt:lcidtoname_downlevel.obj
 0001:000045c8       ??_C@_1O@NDKPBNNH@?$AAs?$AAm?$AAa?$AA?9?$AAs?$AAe?$AA?$AA@ 00000001800055c8     libucrt:lcidtoname_downlevel.obj
 0001:000045d8       ??_C@_1O@PLLKBHAB@?$AAs?$AAm?$AAj?$AA?9?$AAn?$AAo?$AA?$AA@ 00000001800055d8     libucrt:lcidtoname_downlevel.obj
 0001:000045e8       ??_C@_1O@CLEPOGCA@?$AAs?$AAm?$AAj?$AA?9?$AAs?$AAe?$AA?$AA@ 00000001800055e8     libucrt:lcidtoname_downlevel.obj
 0001:000045f8       ??_C@_1O@DLGJGKMK@?$AAs?$AAm?$AAn?$AA?9?$AAf?$AAi?$AA?$AA@ 00000001800055f8     libucrt:lcidtoname_downlevel.obj
 0001:00004608       ??_C@_1O@OJDJGAJC@?$AAs?$AAm?$AAs?$AA?9?$AAf?$AAi?$AA?$AA@ 0000000180005608     libucrt:lcidtoname_downlevel.obj
 0001:00004618       ??_C@_1M@BOFOGHPB@?$AAs?$AAq?$AA?9?$AAa?$AAl?$AA?$AA@ 0000000180005618     libucrt:lcidtoname_downlevel.obj
 0001:00004628       ??_C@_1BG@LJBBIPGB@?$AAs?$AAr?$AA?9?$AAb?$AAa?$AA?9?$AAc?$AAy?$AAr?$AAl?$AA?$AA@ 0000000180005628     libucrt:lcidtoname_downlevel.obj
 0001:00004640       ??_C@_1BG@JLBENFOE@?$AAs?$AAr?$AA?9?$AAb?$AAa?$AA?9?$AAl?$AAa?$AAt?$AAn?$AA?$AA@ 0000000180005640     libucrt:lcidtoname_downlevel.obj
 0001:00004658       ??_C@_1BG@KODPNHE@?$AAs?$AAr?$AA?9?$AAs?$AAp?$AA?9?$AAc?$AAy?$AAr?$AAl?$AA?$AA@ 0000000180005658     libucrt:lcidtoname_downlevel.obj
 0001:00004670       ??_C@_1BG@CIOGKHPB@?$AAs?$AAr?$AA?9?$AAs?$AAp?$AA?9?$AAl?$AAa?$AAt?$AAn?$AA?$AA@ 0000000180005670     libucrt:lcidtoname_downlevel.obj
 0001:00004688       ??_C@_1M@NGFJLMAC@?$AAs?$AAv?$AA?9?$AAf?$AAi?$AA?$AA@ 0000000180005688     libucrt:lcidtoname_downlevel.obj
 0001:00004698       ??_C@_1M@MPJEJAJC@?$AAs?$AAv?$AA?9?$AAs?$AAe?$AA?$AA@ 0000000180005698     libucrt:lcidtoname_downlevel.obj
 0001:000046a8       ??_C@_1M@MPNDHLFK@?$AAs?$AAw?$AA?9?$AAk?$AAe?$AA?$AA@ 00000001800056a8     libucrt:lcidtoname_downlevel.obj
 0001:000046b8       ??_C@_1O@KOHBJJI@?$AAs?$AAy?$AAr?$AA?9?$AAs?$AAy?$AA?$AA@ 00000001800056b8     libucrt:lcidtoname_downlevel.obj
 0001:000046c8       ??_C@_1M@LDCEFHA@?$AAt?$AAa?$AA?9?$AAi?$AAn?$AA?$AA@ 00000001800056c8     libucrt:lcidtoname_downlevel.obj
 0001:000046d8       ??_C@_1M@CNJOFAK@?$AAt?$AAe?$AA?9?$AAi?$AAn?$AA?$AA@ 00000001800056d8     libucrt:lcidtoname_downlevel.obj
 0001:000046e8       ??_C@_1M@GNAECACD@?$AAt?$AAh?$AA?9?$AAt?$AAh?$AA?$AA@ 00000001800056e8     libucrt:lcidtoname_downlevel.obj
 0001:000046f8       ??_C@_1M@CHBIHOJO@?$AAt?$AAn?$AA?9?$AAz?$AAa?$AA?$AA@ 00000001800056f8     libucrt:lcidtoname_downlevel.obj
 0001:00004708       ??_C@_1M@GCCMIGPJ@?$AAt?$AAr?$AA?9?$AAt?$AAr?$AA?$AA@ 0000000180005708     libucrt:lcidtoname_downlevel.obj
 0001:00004718       ??_C@_1M@CELMCNBK@?$AAt?$AAt?$AA?9?$AAr?$AAu?$AA?$AA@ 0000000180005718     libucrt:lcidtoname_downlevel.obj
 0001:00004728       ??_C@_1M@KLMCELGA@?$AAu?$AAk?$AA?9?$AAu?$AAa?$AA?$AA@ 0000000180005728     libucrt:lcidtoname_downlevel.obj
 0001:00004738       ??_C@_1M@EPAJJAJF@?$AAu?$AAr?$AA?9?$AAp?$AAk?$AA?$AA@ 0000000180005738     libucrt:lcidtoname_downlevel.obj
 0001:00004748       ??_C@_1BG@GEGPMCDJ@?$AAu?$AAz?$AA?9?$AAu?$AAz?$AA?9?$AAc?$AAy?$AAr?$AAl?$AA?$AA@ 0000000180005748     libucrt:lcidtoname_downlevel.obj
 0001:00004760       ??_C@_1BG@EGGKJILM@?$AAu?$AAz?$AA?9?$AAu?$AAz?$AA?9?$AAl?$AAa?$AAt?$AAn?$AA?$AA@ 0000000180005760     libucrt:lcidtoname_downlevel.obj
 0001:00004778       ??_C@_1M@GFOCLFF@?$AAv?$AAi?$AA?9?$AAv?$AAn?$AA?$AA@ 0000000180005778     libucrt:lcidtoname_downlevel.obj
 0001:00004788       ??_C@_1M@CPAMEDFI@?$AAx?$AAh?$AA?9?$AAz?$AAa?$AA?$AA@ 0000000180005788     libucrt:lcidtoname_downlevel.obj
 0001:00004798       ??_C@_1O@EBKIFIGN@?$AAz?$AAh?$AA?9?$AAc?$AAh?$AAs?$AA?$AA@ 0000000180005798     libucrt:lcidtoname_downlevel.obj
 0001:000047a8       ??_C@_1O@NMHPGANE@?$AAz?$AAh?$AA?9?$AAc?$AAh?$AAt?$AA?$AA@ 00000001800057a8     libucrt:lcidtoname_downlevel.obj
 0001:000047b8       ??_C@_1M@LPINJOMC@?$AAz?$AAh?$AA?9?$AAc?$AAn?$AA?$AA@ 00000001800057b8     libucrt:lcidtoname_downlevel.obj
 0001:000047c8       ??_C@_1M@OCJEJODD@?$AAz?$AAh?$AA?9?$AAh?$AAk?$AA?$AA@ 00000001800057c8     libucrt:lcidtoname_downlevel.obj
 0001:000047d8       ??_C@_1M@DNDLJINH@?$AAz?$AAh?$AA?9?$AAm?$AAo?$AA?$AA@ 00000001800057d8     libucrt:lcidtoname_downlevel.obj
 0001:000047e8       ??_C@_1M@MBFDNDND@?$AAz?$AAh?$AA?9?$AAs?$AAg?$AA?$AA@ 00000001800057e8     libucrt:lcidtoname_downlevel.obj
 0001:000047f8       ??_C@_1M@IMEPLEPE@?$AAz?$AAh?$AA?9?$AAt?$AAw?$AA?$AA@ 00000001800057f8     libucrt:lcidtoname_downlevel.obj
 0001:00004808       ??_C@_1M@BBGHNHJP@?$AAz?$AAu?$AA?9?$AAz?$AAa?$AA?$AA@ 0000000180005808     libucrt:lcidtoname_downlevel.obj
 0001:00005660       ??_C@_15EMKDOKLE@?$AAa?$AAr?$AA?$AA@ 0000000180006660     libucrt:lcidtoname_downlevel.obj
 0001:00005668       ??_C@_15KNPADPLH@?$AAb?$AAg?$AA?$AA@ 0000000180006668     libucrt:lcidtoname_downlevel.obj
 0001:00005670       ??_C@_15EDMHLDMO@?$AAc?$AAa?$AA?$AA@ 0000000180006670     libucrt:lcidtoname_downlevel.obj
 0001:00005678       ??_C@_1O@BPEAJADD@?$AAz?$AAh?$AA?9?$AAC?$AAH?$AAS?$AA?$AA@ 0000000180006678     libucrt:lcidtoname_downlevel.obj
 0001:00005688       ??_C@_15LJNHCMNK@?$AAc?$AAs?$AA?$AA@ 0000000180006688     libucrt:lcidtoname_downlevel.obj
 0001:00005690       ??_C@_15FOMCIDHG@?$AAd?$AAa?$AA?$AA@ 0000000180006690     libucrt:lcidtoname_downlevel.obj
 0001:00005698       ??_C@_15NBKABECB@?$AAd?$AAe?$AA?$AA@ 0000000180006698     libucrt:lcidtoname_downlevel.obj
 0001:000056a0       ??_C@_15GHPEIIAO@?$AAe?$AAl?$AA?$AA@ 00000001800066a0     libucrt:lcidtoname_downlevel.obj
 0001:000056a8       ??_C@_15MNPNEAIF@?$AAe?$AAn?$AA?$AA@ 00000001800066a8     libucrt:lcidtoname_downlevel.obj
 0001:000056b0       ??_C@_15GPIOMPMH@?$AAe?$AAs?$AA?$AA@ 00000001800066b0     libucrt:lcidtoname_downlevel.obj
 0001:000056b8       ??_C@_15NGLOAKJC@?$AAf?$AAi?$AA?$AA@ 00000001800066b8     libucrt:lcidtoname_downlevel.obj
 0001:000056c0       ??_C@_15FBKGNKAM@?$AAf?$AAr?$AA?$AA@ 00000001800066c0     libucrt:lcidtoname_downlevel.obj
 0001:000056c8       ??_C@_15KGGCNEFK@?$AAh?$AAe?$AA?$AA@ 00000001800066c8     libucrt:lcidtoname_downlevel.obj
 0001:000056d0       ??_C@_15PGHLIDMF@?$AAh?$AAu?$AA?$AA@ 00000001800066d0     libucrt:lcidtoname_downlevel.obj
 0001:000056d8       ??_C@_15BIEMAPLM@?$AAi?$AAs?$AA?$AA@ 00000001800066d8     libucrt:lcidtoname_downlevel.obj
[...]
 0003:00000714       $pdata$??$?RV<lambda_f2e299630e499de9f9a165e60fcd3db5>@@AEAV<lambda_2ae9d31cdba2644fcbeaf08da7c24588>@@V<lambda_40d01ff24d0e7b3814fdbdcee8eab3c7>@@@?$__crt_seh_guarded_call@X@@QEAAX$$QEAV<lambda_f2e299630e499de9f9a165e60fcd3db5>@@AEAV<lambda_2ae9d31cdba2644fcbeaf08da7c24588>@@$$QEAV<lambda_40d01ff24d0e7b3814fdbdcee8eab3c7>@@@Z 000000018001a714     libucrt:per_thread_data.obj
 0003:000006fc       $pdata$??$?RV<lambda_2d41944a1d46af3157314b8a01080d33>@@AEAV<lambda_8f455de75cd7d7f24b4096f044d8b9e6>@@V<lambda_aa500f224e6afead328df44964fe2772>@@@?$__crt_seh_guarded_call@X@@QEAAX$$QEAV<lambda_2d41944a1d46af3157314b8a01080d33>@@AEAV<lambda_8f455de75cd7d7f24b4096f044d8b9e6>@@$$QEAV<lambda_aa500f224e6afead328df44964fe2772>@@@Z 000000018001a6fc     libucrt:per_thread_data.obj
 0003:00000798       $pdata$__acrt_update_locale_info 000000018001a798     libucrt:locale_update.obj
 0003:000007a4       $pdata$__acrt_update_multibyte_info 000000018001a7a4     libucrt:locale_update.obj
 0003:000007bc       $pdata$__acrt_uninitialize_locale 000000018001a7bc     libucrt:wsetlocale.obj
 0003:000007b0       $pdata$??$?RV<lambda_410d79af7f07d98d83a3f525b3859a53>@@AEAV<lambda_3e16ef9562a7dcce91392c22ab16ea36>@@V<lambda_38119f0e861e05405d8a144b9b982f0a>@@@?$__crt_seh_guarded_call@X@@QEAAX$$QEAV<lambda_410d79af7f07d98d83a3f525b3859a53>@@AEAV<lambda_3e16ef9562a7dcce91392c22ab16ea36>@@$$QEAV<lambda_38119f0e861e05405d8a144b9b982f0a>@@@Z 000000018001a7b0     libucrt:wsetlocale.obj
 0003:00000e70       $pdata$?fin$0@?0???$?RV<lambda_410d79af7f07d98d83a3f525b3859a53>@@AEAV<lambda_3e16ef9562a7dcce91392c22ab16ea36>@@V<lambda_38119f0e861e05405d8a144b9b982f0a>@@@?$__crt_seh_guarded_call@X@@QEAAX$$QEAV<lambda_410d79af7f07d98d83a3f525b3859a53>@@AEAV<lambda_3e16ef9562a7dcce91392c22ab16ea36>@@$$QEAV<lambda_38119f0e861e05405d8a144b9b982f0a>@@@Z@4HA 000000018001ae70     libucrt:wsetlocale.obj
 0003:000007c8       $pdata$__acrt_initialize_locks 000000018001a7c8     libucrt:locks.obj
 0003:000007d4       $pdata$__acrt_uninitialize_locks 000000018001a7d4     libucrt:locks.obj
 0003:000007e0       $pdata$__acrt_get_process_end_policy 000000018001a7e0     libucrt:win_policies.obj
 0003:00000804       $pdata$_invalid_parameter_noinfo 000000018001a804     libucrt:invalid_parameter.obj
 0003:00000810       $pdata$_invoke_watson      000000018001a810     libucrt:invalid_parameter.obj
 0003:000007ec       $pdata$__acrt_call_reportfault 000000018001a7ec     libucrt:invalid_parameter.obj
 0003:000007f8       $pdata$_invalid_parameter  000000018001a7f8     libucrt:invalid_parameter.obj
 0003:00000834       $pdata$_errno              000000018001a834     libucrt:errno.obj
 0003:00000828       $pdata$__doserrno          000000018001a828     libucrt:errno.obj
 0003:0000081c       $pdata$__acrt_errno_map_os_error 000000018001a81c     libucrt:errno.obj
 0003:00000840       $pdata$_calloc_base        000000018001a840     libucrt:calloc_base.obj
 0003:0000084c       $pdata$??$common_expand_argv_wildcards@D@@YAHQEAPEADQEAPEAPEAD@Z 000000018001a84c     libucrt:argv_wildcards.obj
 0003:00000858       $pdata$??$copy_and_add_argument_to_buffer@D@@YAHQEBD0_KAEAV?$argument_list@D@?A0x5f5c8891@@@Z 000000018001a858     libucrt:argv_wildcards.obj
 0003:00000864       $pdata$??$expand_argument_wildcards@D@@YAHQEAD0AEAV?$argument_list@D@?A0x5f5c8891@@@Z 000000018001a864     libucrt:argv_wildcards.obj
 0003:000008c4       $pdata$__acrt_update_thread_multibyte_data 000000018001a8c4     libucrt:mbctype.obj
 0003:000008b8       $pdata$__acrt_initialize_multibyte 000000018001a8b8     libucrt:mbctype.obj
 0003:000008d0       $pdata$_setmbcp_nolock     000000018001a8d0     libucrt:mbctype.obj
 0003:0000087c       $pdata$?getSystemCP@@YAHH@Z 000000018001a87c     libucrt:mbctype.obj
 0003:00000888       $pdata$?setSBCS@@YAXPEAU__crt_multibyte_data@@@Z 000000018001a888     libucrt:mbctype.obj
 0003:000008ac       $pdata$?update_thread_multibyte_data_internal@@YAPEAU__crt_multibyte_data@@QEAU__acrt_ptd@@QEAPEAU1@@Z 000000018001a8ac     libucrt:mbctype.obj
 0003:00000e7c       $pdata$?fin$0@?0??update_thread_multibyte_data_internal@@YAPEAU__crt_multibyte_data@@QEAU__acrt_ptd@@QEAPEAU1@@Z@4HA 000000018001ae7c     libucrt:mbctype.obj
 0003:000008a0       $pdata$?setmbcp_internal@@YAHH_NQEAU__acrt_ptd@@QEAPEAU__crt_multibyte_data@@@Z 000000018001a8a0     libucrt:mbctype.obj
 0003:00000894       $pdata$?setSBUpLow@@YAXPEAU__crt_multibyte_data@@@Z 000000018001a894     libucrt:mbctype.obj
 0003:00000870       $pdata$??$?RV<lambda_efdfa57d1f175319df784efa44bb7b81>@@AEAV<lambda_5f0a4c1567f8adc6734073e5d1e1b35c>@@V<lambda_2e8a7d3640ea6ccb4c2413664c2db6fd>@@@?$__crt_seh_guarded_call@X@@QEAAX$$QEAV<lambda_efdfa57d1f175319df784efa44bb7b81>@@AEAV<lambda_5f0a4c1567f8adc6734073e5d1e1b35c>@@$$QEAV<lambda_2e8a7d3640ea6ccb4c2413664c2db6fd>@@@Z 000000018001a870     libucrt:mbctype.obj
 0003:000008dc       $pdata$?x_ismbbtype_l@@YAHPEAU__crt_locale_pointers@@IHH@Z 000000018001a8dc     libucrt:ismbbyte.obj
 0003:000008e8       $pdata$__acrt_initialize_command_line 000000018001a8e8     libucrt:argv_data.obj
 0003:000008f4       $pdata$wcscpy_s            000000018001a8f4     libucrt:wcscpy_s.obj
 0003:00000900       $pdata$__dcrt_get_narrow_environment_from_os 000000018001a900     libucrt:get_environment_from_os.obj
 0003:0000090c       $pdata$_recalloc_base      000000018001a90c     libucrt:recalloc.obj
 0003:00000984       $pdata$__acrt_initialize_winapi_thunks 000000018001a984     libucrt:winapi_thunks.obj
 0003:00000990       $pdata$__acrt_uninitialize_winapi_thunks 000000018001a990     libucrt:winapi_thunks.obj
 0003:00000930       $pdata$__acrt_FlsAlloc     000000018001a930     libucrt:winapi_thunks.obj
 0003:0000093c       $pdata$__acrt_FlsFree      000000018001a93c     libucrt:winapi_thunks.obj
 0003:00000948       $pdata$__acrt_FlsGetValue  000000018001a948     libucrt:winapi_thunks.obj
 0003:00000954       $pdata$__acrt_FlsSetValue  000000018001a954     libucrt:winapi_thunks.obj
 0003:00000960       $pdata$__acrt_InitializeCriticalSectionEx 000000018001a960     libucrt:winapi_thunks.obj
 0003:0000096c       $pdata$__acrt_LCMapStringEx 000000018001a96c     libucrt:winapi_thunks.obj
 0003:00000978       $pdata$__acrt_LocaleNameToLCID 000000018001a978     libucrt:winapi_thunks.obj
 0003:00000924       $pdata$__acrt_AppPolicyGetProcessTerminationMethodInternal 000000018001a924     libucrt:winapi_thunks.obj
 0003:00000918       $pdata$?try_get_function@@YAPEAXW4function_id@?A0x391cf84c@@QEBDQEBW4module_id@2@2@Z 000000018001a918     libucrt:winapi_thunks.obj
 0003:0000099c       $pdata$__acrt_initialize_heap 000000018001a99c     libucrt:heap_handle.obj
 0003:000009c0       $pdata$__acrt_initialize_lowio 000000018001a9c0     libucrt:ioinit.obj
 0003:00000e88       $pdata$__acrt_lowio_ensure_fh_exists$fin$0 000000018001ae88     libucrt:osfinfo.obj
 0003:00000e88       $pdata$__acrt_initialize_lowio$fin$0 000000018001ae88     libucrt:ioinit.obj
 0003:000009cc       $pdata$__acrt_uninitialize_lowio 000000018001a9cc     libucrt:ioinit.obj
 0003:000009a8       $pdata$?initialize_inherited_file_handles_nolock@@YAXXZ 000000018001a9a8     libucrt:ioinit.obj
 0003:000009b4       $pdata$?initialize_stdio_handles_nolock@@YAXXZ 000000018001a9b4     libucrt:ioinit.obj
 0003:000009d8       $pdata$__acrt_execute_initializers 000000018001a9d8     libucrt:shared_initialization.obj
 0003:000009e4       $pdata$__acrt_execute_uninitializers 000000018001a9e4     libucrt:shared_initialization.obj
 0003:000009fc       $pdata$__acrt_get_sigabrt_handler 000000018001a9fc     libucrt:signal.obj
 0003:00000a08       $pdata$raise               000000018001aa08     libucrt:signal.obj
 0003:00000e94       $pdata$raise$fin$0         000000018001ae94     libucrt:signal.obj
 0003:000009f0       $pdata$??$?RV<lambda_450d765d439847d4c735a33c368b5fc0>@@AEAV<lambda_44731a7d0e6d81c3e6aa82d741081786>@@V<lambda_601a2a7da3b7a96e9554ac7215c4b07c>@@@?$__crt_seh_guarded_call@P6AXH@Z@@QEAAP6AXH@Z$$QEAV<lambda_450d765d439847d4c735a33c368b5fc0>@@AEAV<lambda_44731a7d0e6d81c3e6aa82d741081786>@@$$QEAV<lambda_601a2a7da3b7a96e9554ac7215c4b07c>@@@Z 000000018001a9f0     libucrt:signal.obj
 0003:00000a44       $pdata$_fflush_nolock      000000018001aa44     libucrt:fflush.obj
 0003:00000a38       $pdata$__acrt_stdio_flush_nolock 000000018001aa38     libucrt:fflush.obj
 0003:00000a2c       $pdata$?common_flush_all@@YAH_N@Z 000000018001aa2c     libucrt:fflush.obj
 0003:00000a14       $pdata$??$?RV<lambda_842d9ff0dc9ef11c61343bbaebe7f885>@@AEAV<lambda_c5860995281e5c4ce005b3de8f5874ee>@@V<lambda_d90129c13df834fdcbf8d2b88dafcf2d>@@@?$__crt_seh_guarded_call@X@@QEAAX$$QEAV<lambda_842d9ff0dc9ef11c61343bbaebe7f885>@@AEAV<lambda_c5860995281e5c4ce005b3de8f5874ee>@@$$QEAV<lambda_d90129c13df834fdcbf8d2b88dafcf2d>@@@Z 000000018001aa14     libucrt:fflush.obj
 0003:00000ea0       $pdata$?fin$0@?0???$?RV<lambda_842d9ff0dc9ef11c61343bbaebe7f885>@@AEAV<lambda_c5860995281e5c4ce005b3de8f5874ee>@@V<lambda_d90129c13df834fdcbf8d2b88dafcf2d>@@@?$__crt_seh_guarded_call@X@@QEAAX$$QEAV<lambda_842d9ff0dc9ef11c61343bbaebe7f885>@@AEAV<lambda_c5860995281e5c4ce005b3de8f5874ee>@@$$QEAV<lambda_d90129c13df834fdcbf8d2b88dafcf2d>@@@Z@4HA 000000018001aea0     libucrt:fflush.obj
 0003:00000a20       $pdata$??$?RV<lambda_886d6c58226a84441f68b9f2b8217b83>@@AEAV<lambda_ab61a845afdef5b7c387490eaf3616ee>@@V<lambda_f7f22ab5edc0698d5f6905b0d3f44752>@@@?$__crt_seh_guarded_call@X@@QEAAX$$QEAV<lambda_886d6c58226a84441f68b9f2b8217b83>@@AEAV<lambda_ab61a845afdef5b7c387490eaf3616ee>@@$$QEAV<lambda_f7f22ab5edc0698d5f6905b0d3f44752>@@@Z 000000018001aa20     libucrt:fflush.obj
 0003:00000eac       $pdata$?fin$0@?0???$?RV<lambda_886d6c58226a84441f68b9f2b8217b83>@@AEAV<lambda_ab61a845afdef5b7c387490eaf3616ee>@@V<lambda_f7f22ab5edc0698d5f6905b0d3f44752>@@@?$__crt_seh_guarded_call@X@@QEAAX$$QEAV<lambda_886d6c58226a84441f68b9f2b8217b83>@@AEAV<lambda_ab61a845afdef5b7c387490eaf3616ee>@@$$QEAV<lambda_f7f22ab5edc0698d5f6905b0d3f44752>@@@Z@4HA 000000018001aeac     libucrt:fflush.obj
 0003:00000a50       $pdata$__acrt_initialize_stdio 000000018001aa50     libucrt:_file.obj
 0003:00000a5c       $pdata$__acrt_uninitialize_stdio 000000018001aa5c     libucrt:_file.obj
 0003:00000a68       $pdata$_mbtowc_l           000000018001aa68     libucrt:mbtowc.obj
 0003:00000a74       $pdata$_fileno             000000018001aa74     libucrt:fileno.obj
 0003:00000a80       $pdata$_isleadbyte_l       000000018001aa80     libucrt:_wctype.obj
 0003:00000a8c       $pdata$__acrt_GetStringTypeA 000000018001aa8c     libucrt:getstringtypea.obj
 0003:00000ab0       $pdata$__acrt_release_locale_ref 000000018001aab0     libucrt:locale_refcounting.obj
 0003:00000a98       $pdata$__acrt_free_locale  000000018001aa98     libucrt:locale_refcounting.obj
 0003:00000aa4       $pdata$__acrt_locale_free_lc_time_if_unreferenced 000000018001aaa4     libucrt:locale_refcounting.obj
 0003:00000abc       $pdata$__acrt_update_thread_locale_data 000000018001aabc     libucrt:locale_refcounting.obj
 0003:00000eb8       $pdata$__acrt_update_thread_locale_data$fin$0 000000018001aeb8     libucrt:locale_refcounting.obj
 0003:00000ac8       $pdata$_updatetlocinfoEx_nolock 000000018001aac8     libucrt:locale_refcounting.obj
 0003:00000ad4       $pdata$__acrt_locale_free_monetary 000000018001aad4     libucrt:initmon.obj
 0003:00000ae0       $pdata$__acrt_locale_free_numeric 000000018001aae0     libucrt:initnum.obj
 0003:00000af8       $pdata$__acrt_locale_free_time 000000018001aaf8     libucrt:inittime.obj
 0003:00000aec       $pdata$?free_crt_array_internal@@YAXQEAPEBX_K@Z 000000018001aaec     libucrt:inittime.obj
 0003:00000b04       $pdata$qsort               000000018001ab04     libucrt:qsort.obj
 0003:00000b10       $pdata$4$qsort             000000018001ab10     libucrt:qsort.obj
 0003:00000b1c       $pdata$5$qsort             000000018001ab1c     libucrt:qsort.obj
 0003:00000b28       $pdata$strncpy_s           000000018001ab28     libucrt:strncpy_s.obj
 0003:00000b40       $pdata$strpbrk             000000018001ab40     libucrt:strpbrk.obj
 0003:00000b34       $pdata$fallbackMethod      000000018001ab34     libucrt:strpbrk.obj
 0003:00000b4c       $pdata$_mbsdec_l           000000018001ab4c     libucrt:mbsdec.obj
 0003:00000b58       $pdata$?initialize_multibyte@@YAHXZ 000000018001ab58     libucrt:multibyte_initializer.obj
 0003:00000b70       $pdata$__acrt_LCMapStringA 000000018001ab70     libucrt:lcmapstringa.obj
 0003:00000b64       $pdata$?__acrt_LCMapStringA_stat@@YAHPEAU__crt_locale_pointers@@PEB_WKPEBDHPEADHHH@Z 000000018001ab64     libucrt:lcmapstringa.obj
 0003:00000b7c       $pdata$_msize_base         000000018001ab7c     libucrt:msize.obj
 0003:00000b94       $pdata$__acrt_DownlevelLocaleNameToLCID 000000018001ab94     libucrt:lcidtoname_downlevel.obj
 0003:00000b88       $pdata$?GetTableIndexFromLocaleName@@YAHPEB_W@Z 000000018001ab88     libucrt:lcidtoname_downlevel.obj
 0003:00000bd0       $pdata$_get_osfhandle      000000018001abd0     libucrt:osfinfo.obj
 0003:00000bc4       $pdata$_free_osfhnd        000000018001abc4     libucrt:osfinfo.obj
 0003:00000ba0       $pdata$__acrt_lowio_create_handle_array 000000018001aba0     libucrt:osfinfo.obj
 0003:00000bac       $pdata$__acrt_lowio_destroy_handle_array 000000018001abac     libucrt:osfinfo.obj
 0003:00000bb8       $pdata$__acrt_lowio_ensure_fh_exists 000000018001abb8     libucrt:osfinfo.obj
 0003:00000be8       $pdata$_commit             000000018001abe8     libucrt:commit.obj
 0003:00000bdc       $pdata$??$?RV<lambda_a37b2b86f63e897a80ea819b0eb08c01>@@AEAV<lambda_38ce7e780aa69e748d6df282ebc68efe>@@V<lambda_99fb1378e971ab6e7edea83e3a7a83a2>@@@?$__crt_seh_guarded_call@H@@QEAAH$$QEAV<lambda_a37b2b86f63e897a80ea819b0eb08c01>@@AEAV<lambda_38ce7e780aa69e748d6df282ebc68efe>@@$$QEAV<lambda_99fb1378e971ab6e7edea83e3a7a83a2>@@@Z 000000018001abdc     libucrt:commit.obj
 0003:00000ec4       $pdata$?fin$0@?0???$?RV<lambda_751a882b2c74d4b022dec766aa51a29a>@@AEAV<lambda_628dfdc04ba53c8bfc02c9951375f3f5>@@V<lambda_f6c7be5f7998530c34de24c7437d6b54>@@@?$__crt_seh_guarded_call@H@@QEAAH$$QEAV<lambda_751a882b2c74d4b022dec766aa51a29a>@@AEAV<lambda_628dfdc04ba53c8bfc02c9951375f3f5>@@$$QEAV<lambda_f6c7be5f7998530c34de24c7437d6b54>@@@Z@4HA 000000018001aec4     libucrt:close.obj
 0003:00000ec4       $pdata$?fin$0@?0???$?RV<lambda_a37b2b86f63e897a80ea819b0eb08c01>@@AEAV<lambda_38ce7e780aa69e748d6df282ebc68efe>@@V<lambda_99fb1378e971ab6e7edea83e3a7a83a2>@@@?$__crt_seh_guarded_call@H@@QEAAH$$QEAV<lambda_a37b2b86f63e897a80ea819b0eb08c01>@@AEAV<lambda_38ce7e780aa69e748d6df282ebc68efe>@@$$QEAV<lambda_99fb1378e971ab6e7edea83e3a7a83a2>@@@Z@4HA 000000018001aec4     libucrt:commit.obj
 0003:00000c24       $pdata$_write              000000018001ac24     libucrt:write.obj
 0003:00000ed0       $pdata$_write$fin$0        000000018001aed0     libucrt:write.obj
 0003:00000c30       $pdata$_write_nolock       000000018001ac30     libucrt:write.obj
 0003:00000bf4       $pdata$?write_double_translated_ansi_nolock@@YA?AUwrite_result@?A0x17268360@@HQEBDI@Z 000000018001abf4     libucrt:write.obj
 0003:00000c00       $pdata$?write_text_ansi_nolock@@YA?AUwrite_result@?A0x17268360@@HQEBDI@Z 000000018001ac00     libucrt:write.obj
 0003:00000c0c       $pdata$?write_text_utf16le_nolock@@YA?AUwrite_result@?A0x17268360@@HQEBDI@Z 000000018001ac0c     libucrt:write.obj
 0003:00000c18       $pdata$?write_text_utf8_nolock@@YA?AUwrite_result@?A0x17268360@@HQEBDI@Z 000000018001ac18     libucrt:write.obj
 0003:00000c3c       $pdata$_fcloseall          000000018001ac3c     libucrt:closeall.obj
 0003:00000edc       $pdata$_fcloseall$fin$0    000000018001aedc     libucrt:closeall.obj
 0003:00000c48       $pdata$__acrt_stdio_free_buffer_nolock 000000018001ac48     libucrt:_freebuf.obj
 0003:00000c54       $pdata$_isatty             000000018001ac54     libucrt:isatty.obj
 0003:00000c60       $pdata$??$common_lseek_nolock@_J@@YA_JH_JH@Z 000000018001ac60     libucrt:lseek.obj
 0003:00000c6c       $pdata$_putwch_nolock      000000018001ac6c     libucrt:putwch.obj
 0003:00000c84       $pdata$fclose              000000018001ac84     libucrt:fclose.obj
 0003:00000ee8       $pdata$fclose$fin$0        000000018001aee8     libucrt:fclose.obj
 0003:00000c78       $pdata$_fclose_nolock      000000018001ac78     libucrt:fclose.obj
 0003:00000c9c       $pdata$__dcrt_lowio_ensure_console_output_initialized 000000018001ac9c     libucrt:initcon.obj
 0003:00000cb4       $pdata$__dcrt_write_console_w 000000018001acb4     libucrt:initcon.obj
 0003:00000ca8       $pdata$__dcrt_terminate_console_output 000000018001aca8     libucrt:initcon.obj
 0003:00000ccc       $pdata$_close              000000018001accc     libucrt:close.obj
 0003:00000cd8       $pdata$_close_nolock       000000018001acd8     libucrt:close.obj
 0003:00000cc0       $pdata$??$?RV<lambda_751a882b2c74d4b022dec766aa51a29a>@@AEAV<lambda_628dfdc04ba53c8bfc02c9951375f3f5>@@V<lambda_f6c7be5f7998530c34de24c7437d6b54>@@@?$__crt_seh_guarded_call@H@@QEAAH$$QEAV<lambda_751a882b2c74d4b022dec766aa51a29a>@@AEAV<lambda_628dfdc04ba53c8bfc02c9951375f3f5>@@$$QEAV<lambda_f6c7be5f7998530c34de24c7437d6b54>@@@Z 000000018001acc0     libucrt:close.obj
 0003:00000ce4       $pdata$_call_matherr       000000018001ace4     libucrt:libm_error.obj
 0003:00000cf0       $pdata$_exception_enabled  000000018001acf0     libucrt:libm_error.obj
 0003:00000cfc       $pdata$_handle_error       000000018001acfc     libucrt:libm_error.obj
 0003:00000d08       $pdata$__acrt_initialize_fma3 000000018001ad08     libucrt:fma3_available.obj
 0003:00000d20       $pdata$_log_special_common 000000018001ad20     libucrt:log_special.obj
 0003:00000d14       $pdata$_log10_special      000000018001ad14     libucrt:log_special.obj
 0003:00000d50       $pdata$_set_errno_from_matherr 000000018001ad50     libucrt:fpexcept.obj
 0003:00000d38       $pdata$_raise_exc          000000018001ad38     libucrt:fpexcept.obj
 0003:00000d44       $pdata$_raise_exc_ex       000000018001ad44     libucrt:fpexcept.obj
 0003:00000d5c       $pdata$_clrfp              000000018001ad5c     libucrt:fpctrl.obj
 0003:00000d68       $pdata$_ctrlfp             000000018001ad68     libucrt:fpctrl.obj
 0003:00000ef4       $pdata$_ctrlfp$filt$0      000000018001aef4     libucrt:fpctrl.obj
 0003:00000d80       $pdata$_statfp             000000018001ad80     libucrt:fpctrl.obj
 0003:00000d74       $pdata$_set_statfp         000000018001ad74     libucrt:fpctrl.obj
 0003:00000d8c       $pdata$_IsNonwritableInCurrentImage 000000018001ad8c     LIBCMT:pesect.obj
 0003:00000f00       $pdata$_IsNonwritableInCurrentImage$filt$0 000000018001af00     LIBCMT:pesect.obj
 0003:00000da4       $pdata$__GSHandlerCheckCommon 000000018001ada4     LIBCMT:_gshandler_.obj
 0003:00000d98       $pdata$__GSHandlerCheck    000000018001ad98     LIBCMT:_gshandler_.obj
 0003:00000de0       $pdata$__report_securityfailure 000000018001ade0     LIBCMT:gs_report.obj
 0003:00000dd4       $pdata$__report_rangecheckfailure 000000018001add4     LIBCMT:gs_report.obj
 0003:00000dc8       $pdata$__report_gsfailure  000000018001adc8     LIBCMT:gs_report.obj
 0003:00000dec       $pdata$capture_current_context 000000018001adec     LIBCMT:gs_report.obj
 0003:00000df8       $pdata$capture_previous_context 000000018001adf8     LIBCMT:gs_report.obj
 0003:00000dbc       $pdata$__raise_securityfailure 000000018001adbc     LIBCMT:gs_report.obj
 0004:0000061e       .idata$6                   000000018001b61e     kernel32:KERNEL32.dll
 0005:00000060       $R000000                   000000018001c060     Compare.res
