 FarCmds

 Timestamp is 5c3fd6c5 (Thu Jan 17 04:13:41 2019)

 Preferred load address is 0000000180000000

 Start         Length     Name                   Class
 0001:00000000 00000008H .CRT$XCA                CODE
 0001:00000008 00000008H .CRT$XCZ                CODE
 0001:00000010 00000008H .CRT$XIA                CODE
 0001:00000018 00000018H .CRT$XIC                CODE
 0001:00000030 00000008H .CRT$XIZ                CODE
 0001:00000038 00000008H .CRT$XPA                CODE
 0001:00000040 00000010H .CRT$XPX                CODE
 0001:00000050 00000008H .CRT$XPXA               CODE
 0001:00000058 00000008H .CRT$XPZ                CODE
 0001:00000060 00000008H .CRT$XTA                CODE
 0001:00000068 00000008H .CRT$XTZ                CODE
 0001:00000070 00000000H .gfids$y                CODE
 0001:00000070 00007690H .rdata                  CODE
 0001:00007700 000001f4H .rdata$r                CODE
 0001:000078f4 000002b4H .rdata$zzzdbg           CODE
 0001:00007ba8 00000008H .rtc$IAA                CODE
 0001:00007bb0 00000008H .rtc$IZZ                CODE
 0001:00007bb8 00000008H .rtc$TAA                CODE
 0001:00007bc0 00000010H .rtc$TZZ                CODE
 0001:00007bd0 00010560H .text$mn                CODE
 0001:00018130 00000020H .text$mn$00             CODE
 0001:00018150 00000250H .text$x                 CODE
 0001:000183a0 00000fb8H .xdata                  CODE
 0001:00019358 000000f8H .xdata$x                CODE
 0001:00019450 000000a5H .edata                  CODE
 0002:00000000 00000a08H .data                   DATA
 0002:00000a08 000000a8H .data$r                 DATA
 0002:00000ab0 000028d0H .bss                    DATA
 0003:00000000 000011d0H .pdata                  DATA
 0004:00000000 00000368H .idata$5                DATA
 0004:00000368 00000010H .00cfg                  DATA
 0004:00000378 00000064H .idata$2                DATA
 0004:000003dc 00000014H .idata$3                DATA
 0004:000003f0 00000368H .idata$4                DATA
 0004:00000758 000007f2H .idata$6                DATA
 0005:00000000 00000060H .rsrc$01                DATA
 0005:00000060 00000378H .rsrc$02                DATA

  Address         Publics by Value              Rva+Base               Lib:Object

 0000:00000000       __guard_iat_count          0000000000000000     <absolute>
 0000:00000000       __dynamic_value_reloc_table 0000000000000000     <absolute>
 0000:00000000       __hybrid_code_map          0000000000000000     <absolute>
 0000:00000000       __hybrid_code_map_count    0000000000000000     <absolute>
 0000:00000000       __guard_iat_table          0000000000000000     <absolute>
 0000:00000000       __guard_longjmp_table      0000000000000000     <absolute>
 0000:00000000       __guard_longjmp_count      0000000000000000     <absolute>
 0000:00000000       __hybrid_auxiliary_iat     0000000000000000     <absolute>
 0000:00000000       __guard_fids_count         0000000000000000     <absolute>
 0000:00000000       __enclave_config           0000000000000000     <absolute>
 0000:00000000       ___safe_se_handler_table   0000000000000000     <absolute>
 0000:00000000       ___safe_se_handler_count   0000000000000000     <absolute>
 0000:00000000       __guard_fids_table         0000000000000000     <absolute>
 0000:00000100       __guard_flags              0000000000000100     <absolute>
 0000:00000000       __ImageBase                0000000180000000     <linker-defined>
 0001:00000000       __xc_a                     0000000180001000     LIBCMT:initializers.obj
 0001:00000008       __xc_z                     0000000180001008     LIBCMT:initializers.obj
 0001:00000010       __xi_a                     0000000180001010     LIBCMT:initializers.obj
 0001:00000018       __acrt_multibyte_initializer 0000000180001018     libucrt:multibyte_initializer.obj
 0001:00000020       __acrt_stdio_initializer   0000000180001020     libucrt:stdio_initializer.obj
 0001:00000028       __acrt_tran_fma3_initializer 0000000180001028     libucrt:fma3_initializer.obj
 0001:00000030       __xi_z                     0000000180001030     LIBCMT:initializers.obj
 0001:00000038       __xp_a                     0000000180001038     LIBCMT:initializers.obj
 0001:00000040       __acrt_locale_terminator   0000000180001040     libucrt:locale_initializer.obj
 0001:00000048       __dcrt_console_output_terminator 0000000180001048     libucrt:console_output_initializer.obj
 0001:00000050       __acrt_stdio_terminator    0000000180001050     libucrt:stdio_initializer.obj
 0001:00000058       __xp_z                     0000000180001058     LIBCMT:initializers.obj
 0001:00000060       __xt_a                     0000000180001060     LIBCMT:initializers.obj
 0001:00000068       __xt_z                     0000000180001068     LIBCMT:initializers.obj
 0001:00000070       MainGuid                   0000000180001070     FARCmds.obj
 0001:00000080       ConfigMenuGuid             0000000180001080     FARCmds.obj
 0001:00000090       DialogGuid                 0000000180001090     FARCmds.obj
 0001:000000a0       ??_C@_1BM@IEHCKIMD@?$AAS?$AAh?$AAo?$AAw?$AAC?$AAm?$AAd?$AAO?$AAu?$AAt?$AAp?$AAu?$AAt?$AA?$AA@ 00000001800010a0     FARCmds.obj
 0001:000000c0       ??_C@_1BE@EKEFMMPP@?$AAC?$AAa?$AAt?$AAc?$AAh?$AAM?$AAo?$AAd?$AAe?$AA?$AA@ 00000001800010c0     FARCmds.obj
 0001:000000d8       ??_C@_1BM@BMDAMABJ@?$AAV?$AAi?$AAe?$AAw?$AAZ?$AAe?$AAr?$AAo?$AAF?$AAi?$AAl?$AAe?$AAs?$AA?$AA@ 00000001800010d8     FARCmds.obj
 0001:000000f8       ??_C@_1BK@LOJIPNKK@?$AAE?$AAd?$AAi?$AAt?$AAN?$AAe?$AAw?$AAF?$AAi?$AAl?$AAe?$AAs?$AA?$AA@ 00000001800010f8     FARCmds.obj
 0001:00000118       ??_C@_1BI@BKNCFIOG@?$AAM?$AAa?$AAx?$AAD?$AAa?$AAt?$AAa?$AAS?$AAi?$AAz?$AAe?$AA?$AA@ 0000000180001118     FARCmds.obj
 0001:00000130       ??_C@_1BE@KBOCGMKN@?$AAS?$AAe?$AAp?$AAa?$AAr?$AAa?$AAt?$AAo?$AAr?$AA?$AA@ 0000000180001130     FARCmds.obj
 0001:00000148       ??_7?$DialogItemBinding@UFarDialogItem@@@@6B@ 0000000180001148     FARCmds.obj
 0001:00000158       ??_7PluginCheckBoxBinding@@6B@ 0000000180001158     FARCmds.obj
 0001:00000168       ??_7PluginRadioButtonBinding@@6B@ 0000000180001168     FARCmds.obj
 0001:00000178       ??_7PluginIntEditFieldBinding@@6B@ 0000000180001178     FARCmds.obj
 0001:00000188       ??_C@_15EFLNJKHH@?$AA?$CF?$AAu?$AA?$AA@ 0000000180001188     FARCmds.obj
 0001:00000190       ??_7PluginUIntEditFieldBinding@@6B@ 0000000180001190     FARCmds.obj
 0001:000001a0       ??_7?$DialogBuilderBase@UFarDialogItem@@@@6B@ 00000001800011a0     FARCmds.obj
 0001:000001e8       ??_7PluginDialogBuilder@@6B@ 00000001800011e8     FARCmds.obj
 0001:00000230       ??_C@_11LOCGONAA@?$AA?$AA@ 0000000180001230     FARCmds.obj
 0001:00000238       ??_C@_1BA@LGNBLCFH@?$AAF?$AAA?$AAR?$AAC?$AAm?$AAd?$AAs?$AA?$AA@ 0000000180001238     FARCmds.obj
 0001:00000250       ??_C@_1EI@IHKPBHMH@?$AAF?$AAA?$AAR?$AA?5?$AAC?$AAo?$AAm?$AAm?$AAa?$AAn?$AAd?$AAs?$AA?5?$AAP?$AAl?$AAu?$AAg?$AAi?$AAn?$AA?5?$AAf?$AAo?$AAr?$AA?5?$AAF?$AAa?$AAr?$AA?5?$AAM?$AAa?$AAn?$AAa@ 0000000180001250     FARCmds.obj
 0001:00000298       ??_C@_1DE@BGKMIKPD@?$AAE?$AAu?$AAg?$AAe?$AAn?$AAe?$AA?5?$AAR?$AAo?$AAs?$AAh?$AAa?$AAl?$AA?5?$AA?$CG?$AA?5?$AAF?$AAa?$AAr?$AA?5?$AAG?$AAr?$AAo?$AAu?$AAp?$AA?$AA@ 0000000180001298     FARCmds.obj
 0001:000002cc       ??_C@_13HOIJIPNN@?$AA?5?$AA?$AA@ 00000001800012cc     FARCmds.obj
 0001:000002d0       ??_C@_1GC@PBJAIBOO@?$AAv?$AAi?$AAe?$AAw?$AA?3?$AAe?$AAd?$AAi?$AAt?$AA?3?$AAg?$AAo?$AAt?$AAo?$AA?3?$AAc?$AAl?$AAi?$AAp?$AA?3?$AAw?$AAh?$AAe?$AAr?$AAe?$AAi?$AAs?$AA?3?$AAl?$AAi?$AAn?$AAk@ 00000001800012d0     FARCmds.obj
 0001:00000338       ??_C@_1O@BJPKKLLM@?$AAC?$AAo?$AAn?$AAf?$AAi?$AAg?$AA?$AA@ 0000000180001338     FARCmds.obj
 0001:00000350       __xmm@00000008000000070000000600000005 0000000180001350     FARCmds.obj
 0001:00000360       __xmm@ffffffffffffffff0000000000000002 0000000180001360     FARCmds.obj
 0001:00000370       __xmm@ffffffffffffffffffffffffffffffff 0000000180001370     FARCmds.obj
 0001:00000380       ??_C@_1BE@EKCMLKPN@?$AA?$CF?$AAC?$AAO?$AAM?$AAS?$AAP?$AAE?$AAC?$AA?$CF?$AA?$AA@ 0000000180001380     Mix.obj
 0001:00000394       ??_C@_15BNIPFGCG@?$AA$?$AA?$CK?$AA?$AA@ 0000000180001394     Mix.obj
 0001:000003a0       ??_C@_0BC@KFCLBIA@?$AB?$BE?$AC?$AA?$AA?$AA?$AA?$AA?$MA?$AA?$AA?$AA?$AA?$AA?$AAF?$JL?$AA@ 00000001800013a0     Mix.obj
 0001:000003b8       ??_C@_19BKJMDJK@?$AA?2?$AA?2?$AA?4?$AA?2?$AA?$AA@ 00000001800013b8     OpenCmd.obj
 0001:000003c8       ??_C@_1CE@JKDBMIKG@?$AA?2?$AA?2?$AA?4?$AA?2?$AAP?$AAh?$AAy?$AAs?$AAi?$AAc?$AAa?$AAl?$AAD?$AAr?$AAi?$AAv?$AAe?$AA?$AA@ 00000001800013c8     OpenCmd.obj
 0001:000003f0       ??_C@_1BE@BNONMOPA@?$AA?2?$AA?2?$AA?4?$AA?2?$AAc?$AAd?$AAr?$AAo?$AAm?$AA?$AA@ 00000001800013f0     OpenCmd.obj
 0001:00000404       ??_C@_13FPGAJAPJ@?$AA?2?$AA?$AA@ 0000000180001404     OpenCmd.obj
 0001:00000408       ??_C@_1BA@EIPEFBMB@?$AA?$CF?$AAl?$AAu?$AA?1?$AA?$CF?$AAl?$AAu?$AA?$AA@ 0000000180001408     OpenCmd.obj
 0001:00000418       ??_C@_17IJMNDCL@?$AA?$CF?$AAl?$AAu?$AA?$AA@ 0000000180001418     OpenCmd.obj
 0001:00000428       ??_C@_1BM@MDBPDFDA@?$AA?$CF?$AAC?$AAO?$AAM?$AAS?$AAP?$AAE?$AAC?$AA?$CF?$AA?5?$AA?1?$AAc?$AA?5?$AA?$AA@ 0000000180001428     OpenCmd.obj
 0001:00000444       ??_C@_13NEIAEHFG@?$AA?$CC?$AA?$AA@ 0000000180001444     OpenCmd.obj
 0001:00000448       ??_C@_1BA@IBNPAI@?$AAF?$AAA?$AAR?$AAH?$AAO?$AAM?$AAE?$AA?$AA@ 0000000180001448     OpenCmd.obj
 0001:00000458       ??_C@_19IJOJOJIB@?$AAP?$AAA?$AAT?$AAH?$AA?$AA@ 0000000180001458     OpenCmd.obj
 0001:00000468       ??_C@_1BA@HAHEJCII@?$AAP?$AAA?$AAT?$AAH?$AAE?$AAX?$AAT?$AA?$AA@ 0000000180001468     OpenCmd.obj
 0001:00000478       ??_C@_13PJJBFPED@?$AA?$DL?$AA?$AA@ 0000000180001478     OpenCmd.obj
 0001:00000480       ??_C@_1GK@PPEHOOAL@?$AAS?$AAO?$AAF?$AAT?$AAW?$AAA?$AAR?$AAE?$AA?2?$AAM?$AAi?$AAc?$AAr?$AAo?$AAs?$AAo?$AAf?$AAt?$AA?2?$AAW?$AAi?$AAn?$AAd?$AAo?$AAw?$AAs?$AA?2?$AAC?$AAu?$AAr?$AAr?$AAe@ 0000000180001480     OpenCmd.obj
 0001:000004f0       ??_C@_19JMGCACDF@?$AA?1?$AAM?$AAS?$AAG?$AA?$AA@ 00000001800014f0     OpenCmd.obj
 0001:000004fc       ??_C@_15MDAMMGLB@?$AA?1?$AAN?$AA?$AA@ 00000001800014fc     OpenCmd.obj
 0001:00000504       ??_C@_15GBHPEJPD@?$AA?1?$AAS?$AA?$AA@ 0000000180001504     OpenCmd.obj
 0001:00000510       ??_C@_17KKFGGCGH@?$AAR?$AAU?$AAN?$AA?$AA@ 0000000180001510     OpenCmd.obj
 0001:00000518       ??_C@_17NMIMIGP@?$AAR?$AAu?$AAn?$AA?$AA@ 0000000180001518     OpenCmd.obj
 0001:00000520       ??_C@_19JHOCBEIE@?$AAV?$AAI?$AAE?$AAW?$AA?$AA@ 0000000180001520     OpenCmd.obj
 0001:00000530       ??_C@_19MJAKNMNK@?$AAV?$AAi?$AAe?$AAw?$AA?$AA@ 0000000180001530     OpenCmd.obj
 0001:00000540       ??_C@_19PEJAKIIO@?$AAC?$AAL?$AAI?$AAP?$AA?$AA@ 0000000180001540     OpenCmd.obj
 0001:00000550       ??_C@_19KKHIGANA@?$AAC?$AAl?$AAi?$AAp?$AA?$AA@ 0000000180001550     OpenCmd.obj
 0001:00000560       ??_C@_1BA@NBLHMMII@?$AAW?$AAH?$AAE?$AAR?$AAE?$AAI?$AAS?$AA?$AA@ 0000000180001560     OpenCmd.obj
 0001:00000570       ??_C@_1BA@BCPLKBBA@?$AAW?$AAh?$AAe?$AAr?$AAe?$AAI?$AAs?$AA?$AA@ 0000000180001570     OpenCmd.obj
 0001:00000580       ??_C@_19KFAJFECL@?$AAE?$AAD?$AAI?$AAT?$AA?$AA@ 0000000180001580     OpenCmd.obj
 0001:00000590       ??_C@_19PLOBJMHF@?$AAE?$AAd?$AAi?$AAt?$AA?$AA@ 0000000180001590     OpenCmd.obj
 0001:000005a0       ??_C@_19MEMGFJJL@?$AAG?$AAO?$AAT?$AAO?$AA?$AA@ 00000001800015a0     OpenCmd.obj
 0001:000005b0       ??_C@_19JKCOJBMF@?$AAG?$AAo?$AAt?$AAo?$AA?$AA@ 00000001800015b0     OpenCmd.obj
 0001:000005c0       ??_C@_19NHGGBNEB@?$AAL?$AAI?$AAN?$AAK?$AA?$AA@ 00000001800015c0     OpenCmd.obj
 0001:000005d0       ??_C@_19IJIONFBP@?$AAL?$AAi?$AAn?$AAk?$AA?$AA@ 00000001800015d0     OpenCmd.obj
 0001:000005e0       ??_C@_19LIDMLGEF@?$AAL?$AAO?$AAA?$AAD?$AA?$AA@ 00000001800015e0     OpenCmd.obj
 0001:000005f0       ??_C@_19OGNEHOBL@?$AAL?$AAo?$AAa?$AAd?$AA?$AA@ 00000001800015f0     OpenCmd.obj
 0001:00000600       ??_C@_1O@PAPHGGOK@?$AAU?$AAN?$AAL?$AAO?$AAA?$AAD?$AA?$AA@ 0000000180001600     OpenCmd.obj
 0001:00000610       ??_C@_1O@PJHDHGJM@?$AAU?$AAn?$AAl?$AAo?$AAa?$AAd?$AA?$AA@ 0000000180001610     OpenCmd.obj
 0001:00000620       ??_C@_1BC@ENICKDH@?$AAC?$AAo?$AAn?$AAt?$AAe?$AAn?$AAt?$AAs?$AA?$AA@ 0000000180001620     OpenCmd.obj
 0001:00000640       __xmm@ffffffff80000002ffffffff80000001 0000000180001640     OpenCmd.obj
 0001:00000650       IID_IShellLinkW            0000000180001650     shell32:shguid.obj
 0001:00000660       IID_IPersistFile           0000000180001660     uuid:objidl_i.obj
 0001:00000670       CLSID_ShellLink            0000000180001670     uuid:shguids2.obj
 0001:00000680       _pDefaultRawDllMain        0000000180001680     LIBCMT:dll_dllmain.obj
 0001:00000680       _pRawDllMain               0000000180001680     LIBCMT:dll_dllmain.obj
 0001:00000690       ??_7exception@std@@6B@     0000000180001690     LIBCMT:throw_bad_alloc.obj
 0001:000006a0       ??_C@_0BC@EOODALEL@Unknown?5exception?$AA@ 00000001800016a0     LIBCMT:throw_bad_alloc.obj
 0001:000006c0       ??_7bad_alloc@std@@6B@     00000001800016c0     LIBCMT:throw_bad_alloc.obj
 0001:000006d0       ??_C@_0P@GHFPNOJB@bad?5allocation?$AA@ 00000001800016d0     LIBCMT:throw_bad_alloc.obj
 0001:000006e8       ??_7bad_array_new_length@std@@6B@ 00000001800016e8     LIBCMT:throw_bad_alloc.obj
 0001:000006f8       ??_C@_0BF@KINCDENJ@bad?5array?5new?5length?$AA@ 00000001800016f8     LIBCMT:throw_bad_alloc.obj
 0001:00000718       ??_7type_info@@6B@         0000000180001718     LIBCMT:std_type_info_static.obj
 0001:00000a90       ??_C@_08EHJDFFNH@__based?$CI?$AA@ 0000000180001a90     libvcruntime:undname.obj
 0001:00000aa0       ??_C@_07KOLFKCDI@__cdecl?$AA@ 0000000180001aa0     libvcruntime:undname.obj
 0001:00000aa8       ??_C@_08GHMPAG@__pascal?$AA@ 0000000180001aa8     libvcruntime:undname.obj
 0001:00000ab8       ??_C@_09IFJBGAPI@__stdcall?$AA@ 0000000180001ab8     libvcruntime:undname.obj
 0001:00000ac8       ??_C@_0L@NPHFGOKO@__thiscall?$AA@ 0000000180001ac8     libvcruntime:undname.obj
 0001:00000ad8       ??_C@_0L@JMKHOMEK@__fastcall?$AA@ 0000000180001ad8     libvcruntime:undname.obj
 0001:00000ae8       ??_C@_0N@BCKKPABJ@__vectorcall?$AA@ 0000000180001ae8     libvcruntime:undname.obj
 0001:00000af8       ??_C@_09HIJEGCPM@__clrcall?$AA@ 0000000180001af8     libvcruntime:undname.obj
 0001:00000b04       ??_C@_06GHPCKEAG@__eabi?$AA@ 0000000180001b04     libvcruntime:undname.obj
 0001:00000b10       ??_C@_07EECFKIPL@__swift?$AA@ 0000000180001b10     libvcruntime:undname.obj
 0001:00000b18       ??_C@_07JOMMBBKO@__ptr64?$AA@ 0000000180001b18     libvcruntime:undname.obj
 0001:00000b20       ??_C@_0L@PILCLIHE@__restrict?$AA@ 0000000180001b20     libvcruntime:undname.obj
 0001:00000b30       ??_C@_0M@GFIIJFMG@__unaligned?$AA@ 0000000180001b30     libvcruntime:undname.obj
 0001:00000b40       ??_C@_09DHDLOLLB@restrict?$CI?$AA@ 0000000180001b40     libvcruntime:undname.obj
 0001:00000b4a       ??_C@_00CNPNBAHC@?$AA@     0000000180001b4a     libvcruntime:undname.obj
 0001:00000b4c       ??_C@_04NIHEBCM@?5new?$AA@ 0000000180001b4c     libvcruntime:undname.obj
 0001:00000b58       ??_C@_07FPCDHGMM@?5delete?$AA@ 0000000180001b58     libvcruntime:undname.obj
 0001:00000b60       ??_C@_01NEMOKFLO@?$DN?$AA@ 0000000180001b60     libvcruntime:undname.obj
 0001:00000b64       ??_C@_02GPIOPFAK@?$DO?$DO?$AA@ 0000000180001b64     libvcruntime:undname.obj
 0001:00000b68       ??_C@_02FODMEDOG@?$DM?$DM?$AA@ 0000000180001b68     libvcruntime:undname.obj
 0001:00000b6c       ??_C@_01DCLJPIOD@?$CB?$AA@ 0000000180001b6c     libvcruntime:undname.obj
 0001:00000b70       ??_C@_02EGOFBIJA@?$DN?$DN?$AA@ 0000000180001b70     libvcruntime:undname.obj
 0001:00000b74       ??_C@_02FDNJECIE@?$CB?$DN?$AA@ 0000000180001b74     libvcruntime:undname.obj
 0001:00000b78       ??_C@_02GPECMEKF@?$FL?$FN?$AA@ 0000000180001b78     libvcruntime:undname.obj
 0001:00000b80       ??_C@_08LHJFAFGD@operator?$AA@ 0000000180001b80     libvcruntime:undname.obj
 0001:00000b8c       ??_C@_02HBOOOICD@?9?$DO?$AA@ 0000000180001b8c     libvcruntime:undname.obj
 0001:00000b90       ??_C@_01NBENCBCI@?$CK?$AA@ 0000000180001b90     libvcruntime:undname.obj
 0001:00000b94       ??_C@_02ECNGHCIF@?$CL?$CL?$AA@ 0000000180001b94     libvcruntime:undname.obj
 0001:00000b98       ??_C@_02BAABKJLB@?9?9?$AA@ 0000000180001b98     libvcruntime:undname.obj
 0001:00000b9c       ??_C@_01JOAMLHOP@?9?$AA@   0000000180001b9c     libvcruntime:undname.obj
 0001:00000ba0       ??_C@_01MIFGBAGJ@?$CL?$AA@ 0000000180001ba0     libvcruntime:undname.obj
 0001:00000ba4       ??_C@_01HNPIGOCE@?$CG?$AA@ 0000000180001ba4     libvcruntime:undname.obj
 0001:00000ba8       ??_C@_03MNHNFDLC@?9?$DO?$CK?$AA@ 0000000180001ba8     libvcruntime:undname.obj
 0001:00000bac       ??_C@_01KMDKNFGN@?1?$AA@   0000000180001bac     libvcruntime:undname.obj
 0001:00000bb0       ??_C@_01FGNFDNOH@?$CF?$AA@ 0000000180001bb0     libvcruntime:undname.obj
 0001:00000bb4       ??_C@_01MNNFJEPP@?$DM?$AA@ 0000000180001bb4     libvcruntime:undname.obj
 0001:00000bb8       ??_C@_02EHCHHCKH@?$DM?$DN?$AA@ 0000000180001bb8     libvcruntime:undname.obj
 0001:00000bbc       ??_C@_01PPODPGHN@?$DO?$AA@ 0000000180001bbc     libvcruntime:undname.obj
 0001:00000bc0       ??_C@_02EEKDKGMJ@?$DO?$DN?$AA@ 0000000180001bc0     libvcruntime:undname.obj
 0001:00000bc4       ??_C@_01IHBHIGKO@?0?$AA@   0000000180001bc4     libvcruntime:undname.obj
 0001:00000bc8       ??_C@_02HCKGKOFO@?$CI?$CJ?$AA@ 0000000180001bc8     libvcruntime:undname.obj
 0001:00000bcc       ??_C@_01PJKLJHI@?$HO?$AA@  0000000180001bcc     libvcruntime:undname.obj
 0001:00000bd0       ??_C@_01JKBOJNNK@?$FO?$AA@ 0000000180001bd0     libvcruntime:undname.obj
 0001:00000bd4       ??_C@_01DNKMNLPK@?$HM?$AA@ 0000000180001bd4     libvcruntime:undname.obj
 0001:00000bd8       ??_C@_02PPKAJPJL@?$CG?$CG?$AA@ 0000000180001bd8     libvcruntime:undname.obj
 0001:00000bdc       ??_C@_02NONPIBCD@?$HM?$HM?$AA@ 0000000180001bdc     libvcruntime:undname.obj
 0001:00000be0       ??_C@_02FPIMKNGF@?$CK?$DN?$AA@ 0000000180001be0     libvcruntime:undname.obj
 0001:00000be4       ??_C@_02FOEOMHFC@?$CL?$DN?$AA@ 0000000180001be4     libvcruntime:undname.obj
 0001:00000be8       ??_C@_02FKMDLLOA@?9?$DN?$AA@ 0000000180001be8     libvcruntime:undname.obj
 0001:00000bec       ??_C@_02FJEHGPIO@?1?$DN?$AA@ 0000000180001bec     libvcruntime:undname.obj
 0001:00000bf0       ??_C@_02FENAOKFI@?$CF?$DN?$AA@ 0000000180001bf0     libvcruntime:undname.obj
 0001:00000bf4       ??_C@_03IKFCCPFF@?$DO?$DO?$DN?$AA@ 0000000180001bf4     libvcruntime:undname.obj
 0001:00000bf8       ??_C@_03CDNPDDLA@?$DM?$DM?$DN?$AA@ 0000000180001bf8     libvcruntime:undname.obj
 0001:00000bfc       ??_C@_02FGJGFEAB@?$CG?$DN?$AA@ 0000000180001bfc     libvcruntime:undname.obj
 0001:00000c00       ??_C@_02DHLNPPGH@?$HM?$DN?$AA@ 0000000180001c00     libvcruntime:undname.obj
 0001:00000c04       ??_C@_02MHEGNOJ@?$FO?$DN?$AA@ 0000000180001c04     libvcruntime:undname.obj
 0001:00000c08       ??_C@_09IFPLHPGF@?$GAvftable?8?$AA@ 0000000180001c08     libvcruntime:undname.obj
 0001:00000c18       ??_C@_09BLBHBJP@?$GAvbtable?8?$AA@ 0000000180001c18     libvcruntime:undname.obj
 0001:00000c28       ??_C@_07FEEIOKP@?$GAvcall?8?$AA@ 0000000180001c28     libvcruntime:undname.obj
 0001:00000c30       ??_C@_08LLFFHHDJ@?$GAtypeof?8?$AA@ 0000000180001c30     libvcruntime:undname.obj
 0001:00000c40       ??_C@_0BF@KDPPACIK@?$GAlocal?5static?5guard?8?$AA@ 0000000180001c40     libvcruntime:undname.obj
 0001:00000c58       ??_C@_08OBABFOLI@?$GAstring?8?$AA@ 0000000180001c58     libvcruntime:undname.obj
 0001:00000c68       ??_C@_0BD@JDLKDPAB@?$GAvbase?5destructor?8?$AA@ 0000000180001c68     libvcruntime:undname.obj
 0001:00000c80       ??_C@_0BN@DEGPLNFK@?$GAvector?5deleting?5destructor?8?$AA@ 0000000180001c80     libvcruntime:undname.obj
 0001:00000ca0       ??_C@_0BO@OBMKPJIG@?$GAdefault?5constructor?5closure?8?$AA@ 0000000180001ca0     libvcruntime:undname.obj
 0001:00000cc0       ??_C@_0BN@IMDCHIKM@?$GAscalar?5deleting?5destructor?8?$AA@ 0000000180001cc0     libvcruntime:undname.obj
 0001:00000ce0       ??_C@_0BO@PFGOCPJJ@?$GAvector?5constructor?5iterator?8?$AA@ 0000000180001ce0     libvcruntime:undname.obj
 0001:00000d00       ??_C@_0BN@LFPFMEDL@?$GAvector?5destructor?5iterator?8?$AA@ 0000000180001d00     libvcruntime:undname.obj
 0001:00000d20       ??_C@_0CE@IKBNEHA@?$GAvector?5vbase?5constructor?5iterat@ 0000000180001d20     libvcruntime:undname.obj
 0001:00000d48       ??_C@_0BL@NILFHHPC@?$GAvirtual?5displacement?5map?8?$AA@ 0000000180001d48     libvcruntime:undname.obj
 0001:00000d68       ??_C@_0CB@JONCMFFK@?$GAeh?5vector?5constructor?5iterator?8@ 0000000180001d68     libvcruntime:undname.obj
 0001:00000d90       ??_C@_0CA@GCEOPDGL@?$GAeh?5vector?5destructor?5iterator?8?$AA@ 0000000180001d90     libvcruntime:undname.obj
 0001:00000db0       ??_C@_0CH@OOJPLCPH@?$GAeh?5vector?5vbase?5constructor?5ite@ 0000000180001db0     libvcruntime:undname.obj
 0001:00000dd8       ??_C@_0BL@LLKPOHJI@?$GAcopy?5constructor?5closure?8?$AA@ 0000000180001dd8     libvcruntime:undname.obj
 0001:00000df8       ??_C@_0BA@KBCDOMBN@?$GAudt?5returning?8?$AA@ 0000000180001df8     libvcruntime:undname.obj
 0001:00000e08       ??_C@_03KLGMFNMG@?$GAEH?$AA@ 0000000180001e08     libvcruntime:undname.obj
 0001:00000e0c       ??_C@_05KHLCHHI@?$GARTTI?$AA@ 0000000180001e0c     libvcruntime:undname.obj
 0001:00000e18       ??_C@_0BA@KKLDJDLB@?$GAlocal?5vftable?8?$AA@ 0000000180001e18     libvcruntime:undname.obj
 0001:00000e28       ??_C@_0CE@IIHCMGGL@?$GAlocal?5vftable?5constructor?5closu@ 0000000180001e28     libvcruntime:undname.obj
 0001:00000e4c       ??_C@_06FHBGPFGH@?5new?$FL?$FN?$AA@ 0000000180001e4c     libvcruntime:undname.obj
 0001:00000e58       ??_C@_09LBNFPBCA@?5delete?$FL?$FN?$AA@ 0000000180001e58     libvcruntime:undname.obj
 0001:00000e68       ??_C@_0P@HJKNJFNN@?$GAomni?5callsig?8?$AA@ 0000000180001e68     libvcruntime:undname.obj
 0001:00000e78       ??_C@_0BL@CNOONJFP@?$GAplacement?5delete?5closure?8?$AA@ 0000000180001e78     libvcruntime:undname.obj
 0001:00000e98       ??_C@_0BN@CKNJLHMB@?$GAplacement?5delete?$FL?$FN?5closure?8?$AA@ 0000000180001e98     libvcruntime:undname.obj
 0001:00000eb8       ??_C@_0CG@CFDHKGGD@?$GAmanaged?5vector?5constructor?5iter@ 0000000180001eb8     libvcruntime:undname.obj
 0001:00000ee0       ??_C@_0CF@IMGKMJNO@?$GAmanaged?5vector?5destructor?5itera@ 0000000180001ee0     libvcruntime:undname.obj
 0001:00000f08       ??_C@_0CG@HLDDJMAG@?$GAeh?5vector?5copy?5constructor?5iter@ 0000000180001f08     libvcruntime:undname.obj
 0001:00000f30       ??_C@_0CM@FCBBDIGB@?$GAeh?5vector?5vbase?5copy?5constructo@ 0000000180001f30     libvcruntime:undname.obj
 0001:00000f60       ??_C@_0BL@CLIPGLGB@?$GAdynamic?5initializer?5for?5?8?$AA@ 0000000180001f60     libvcruntime:undname.obj
 0001:00000f80       ??_C@_0CB@PDBIFEP@?$GAdynamic?5atexit?5destructor?5for?5?8@ 0000000180001f80     libvcruntime:undname.obj
 0001:00000fa8       ??_C@_0CD@CGAJBKEJ@?$GAvector?5copy?5constructor?5iterato@ 0000000180001fa8     libvcruntime:undname.obj
 0001:00000fd0       ??_C@_0CJ@GJELGAMM@?$GAvector?5vbase?5copy?5constructor?5i@ 0000000180001fd0     libvcruntime:undname.obj
 0001:00001000       ??_C@_0CL@FGIJHLCE@?$GAmanaged?5vector?5copy?5constructor@ 0000000180002000     libvcruntime:undname.obj
 0001:00001030       ??_C@_0BM@PMGGMLDN@?$GAlocal?5static?5thread?5guard?8?$AA@ 0000000180002030     libvcruntime:undname.obj
 0001:00001050       ??_C@_0N@BDNMDMOL@operator?5?$CC?$CC?5?$AA@ 0000000180002050     libvcruntime:undname.obj
 0001:00001060       ??_C@_0BC@GGEBGALA@operator?5co_await?$AA@ 0000000180002060     libvcruntime:undname.obj
 0001:00001078       ??_C@_0BC@DAFEJGAK@?5Type?5Descriptor?8?$AA@ 0000000180002078     libvcruntime:undname.obj
 0001:00001090       ??_C@_0BM@LDKODKLH@?5Base?5Class?5Descriptor?5at?5?$CI?$AA@ 0000000180002090     libvcruntime:undname.obj
 0001:000010b0       ??_C@_0BD@LGICGFMM@?5Base?5Class?5Array?8?$AA@ 00000001800020b0     libvcruntime:undname.obj
 0001:000010c8       ??_C@_0BN@MECKDCOJ@?5Class?5Hierarchy?5Descriptor?8?$AA@ 00000001800020c8     libvcruntime:undname.obj
 0001:000010e8       ??_C@_0BK@CFCOFLF@?5Complete?5Object?5Locator?8?$AA@ 00000001800020e8     libvcruntime:undname.obj
 0001:00001120       ??_C@_1DM@KHCHBNEB@?$AAa?$AAp?$AAi?$AA?9?$AAm?$AAs?$AA?9?$AAw?$AAi?$AAn?$AA?9?$AAc?$AAo?$AAr?$AAe?$AA?9?$AAf?$AAi?$AAb?$AAe?$AAr?$AAs?$AA?9?$AAl?$AA1?$AA?9?$AA1?$AA?9?$AA1?$AA?$AA@ 0000000180002120     libvcruntime:winapi_downlevel.obj
 0001:00001160       ??_C@_1DK@LPPGFMPP@?$AAa?$AAp?$AAi?$AA?9?$AAm?$AAs?$AA?9?$AAw?$AAi?$AAn?$AA?9?$AAc?$AAo?$AAr?$AAe?$AA?9?$AAs?$AAy?$AAn?$AAc?$AAh?$AA?9?$AAl?$AA1?$AA?9?$AA2?$AA?9?$AA0?$AA?$AA@ 0000000180002160     libvcruntime:winapi_downlevel.obj
 0001:000011a0       ??_C@_1BC@GDMECMAK@?$AAk?$AAe?$AAr?$AAn?$AAe?$AAl?$AA3?$AA2?$AA?$AA@ 00000001800021a0     libvcruntime:winapi_downlevel.obj
 0001:000011b8       ??_C@_1BA@PFFKHIOG@?$AAa?$AAp?$AAi?$AA?9?$AAm?$AAs?$AA?9?$AA?$AA@ 00000001800021b8     libvcruntime:winapi_downlevel.obj
 0001:000011c8       ??_C@_1BA@IAIFMGEF@?$AAe?$AAx?$AAt?$AA?9?$AAm?$AAs?$AA?9?$AA?$AA@ 00000001800021c8     libvcruntime:winapi_downlevel.obj
 0001:000011e0       ??_C@_08KNHFBNJ@FlsAlloc?$AA@ 00000001800021e0     libvcruntime:winapi_downlevel.obj
 0001:000011f8       ??_C@_07PEJMOBNF@FlsFree?$AA@ 00000001800021f8     libvcruntime:winapi_downlevel.obj
 0001:00001208       ??_C@_0M@GDNOONDI@FlsGetValue?$AA@ 0000000180002208     libvcruntime:winapi_downlevel.obj
 0001:00001220       ??_C@_0M@JCPCPOEF@FlsSetValue?$AA@ 0000000180002220     libvcruntime:winapi_downlevel.obj
 0001:00001238       ??_C@_0BM@HCFOFFN@InitializeCriticalSectionEx?$AA@ 0000000180002238     libvcruntime:winapi_downlevel.obj
 0001:00001258       _pDestructExceptionObject  0000000180002258     libvcruntime:ehhelpers.obj
 0001:00001260       __acrt_exception_action_table 0000000180002260     libucrt:exception_filter.obj
 0001:00001320       __acrt_signal_action_table_count 0000000180002320     libucrt:exception_filter.obj
 0001:00001328       __acrt_signal_action_first_fpe_index 0000000180002328     libucrt:exception_filter.obj
 0001:00001330       __acrt_signal_action_fpe_count 0000000180002330     libucrt:exception_filter.obj
 0001:00001338       ??_C@_1BI@BGOHAHKC@?$AAm?$AAs?$AAc?$AAo?$AAr?$AAe?$AAe?$AA?4?$AAd?$AAl?$AAl?$AA?$AA@ 0000000180002338     libucrt:exit.obj
 0001:00001350       ??_C@_0P@MIGLKIOC@CorExitProcess?$AA@ 0000000180002350     libucrt:exit.obj
 0001:000015c0       __lc_time_c                00000001800025c0     libucrt:nlsdata.obj
 0001:00001880       ??_C@_03KOEHGMDN@Sun?$AA@  0000000180002880     libucrt:nlsdata.obj
 0001:00001884       ??_C@_03PDAGKDH@Mon?$AA@   0000000180002884     libucrt:nlsdata.obj
 0001:00001888       ??_C@_03NAGEINEP@Tue?$AA@  0000000180002888     libucrt:nlsdata.obj
 0001:0000188c       ??_C@_03MHOMLAJA@Wed?$AA@  000000018000288c     libucrt:nlsdata.obj
 0001:00001890       ??_C@_03IOFIKPDN@Thu?$AA@  0000000180002890     libucrt:nlsdata.obj
 0001:00001894       ??_C@_03IDIOELNC@Fri?$AA@  0000000180002894     libucrt:nlsdata.obj
 0001:00001898       ??_C@_03FEFJNEK@Sat?$AA@   0000000180002898     libucrt:nlsdata.obj
 0001:0000189c       ??_C@_06OOPIFAJ@Sunday?$AA@ 000000018000289c     libucrt:nlsdata.obj
 0001:000018a4       ??_C@_06JLEDEDGH@Monday?$AA@ 00000001800028a4     libucrt:nlsdata.obj
 0001:000018b0       ??_C@_07BAAGCFCM@Tuesday?$AA@ 00000001800028b0     libucrt:nlsdata.obj
 0001:000018b8       ??_C@_09DLIGFAKA@Wednesday?$AA@ 00000001800028b8     libucrt:nlsdata.obj
 0001:000018c8       ??_C@_08HACCIKIA@Thursday?$AA@ 00000001800028c8     libucrt:nlsdata.obj
 0001:000018d4       ??_C@_06JECMNKMI@Friday?$AA@ 00000001800028d4     libucrt:nlsdata.obj
 0001:000018e0       ??_C@_08INBOOONO@Saturday?$AA@ 00000001800028e0     libucrt:nlsdata.obj
 0001:000018ec       ??_C@_03JIHJHPIE@Jan?$AA@  00000001800028ec     libucrt:nlsdata.obj
 0001:000018f0       ??_C@_03HJBDCHOM@Feb?$AA@  00000001800028f0     libucrt:nlsdata.obj
 0001:000018f4       ??_C@_03ODNJBKGA@Mar?$AA@  00000001800028f4     libucrt:nlsdata.obj
 0001:000018f8       ??_C@_03LEOLGMJP@Apr?$AA@  00000001800028f8     libucrt:nlsdata.obj
 0001:000018fc       ??_C@_03CNMDKL@May?$AA@    00000001800028fc     libucrt:nlsdata.obj
 0001:00001900       ??_C@_03IDFGHECI@Jun?$AA@  0000000180002900     libucrt:nlsdata.obj
 0001:00001904       ??_C@_03LBGABGKK@Jul?$AA@  0000000180002904     libucrt:nlsdata.obj
 0001:00001908       ??_C@_03IFJFEIGA@Aug?$AA@  0000000180002908     libucrt:nlsdata.obj
 0001:0000190c       ??_C@_03GGCAPAJC@Sep?$AA@  000000018000290c     libucrt:nlsdata.obj
 0001:00001910       ??_C@_03BMAOKBAD@Oct?$AA@  0000000180002910     libucrt:nlsdata.obj
 0001:00001914       ??_C@_03JPJOFNIA@Nov?$AA@  0000000180002914     libucrt:nlsdata.obj
 0001:00001918       ??_C@_03MKABNOCG@Dec?$AA@  0000000180002918     libucrt:nlsdata.obj
 0001:00001920       ??_C@_07CGJPFGJA@January?$AA@ 0000000180002920     libucrt:nlsdata.obj
 0001:00001928       ??_C@_08GNJGEPFN@February?$AA@ 0000000180002928     libucrt:nlsdata.obj
 0001:00001934       ??_C@_05HPCKOFNC@March?$AA@ 0000000180002934     libucrt:nlsdata.obj
 0001:0000193c       ??_C@_05DMJDNLEJ@April?$AA@ 000000018000293c     libucrt:nlsdata.obj
 0001:00001944       ??_C@_04CNLMGBGM@June?$AA@ 0000000180002944     libucrt:nlsdata.obj
 0001:0000194c       ??_C@_04MIEPOIFP@July?$AA@ 000000018000294c     libucrt:nlsdata.obj
 0001:00001954       ??_C@_06LBBHFDDG@August?$AA@ 0000000180002954     libucrt:nlsdata.obj
 0001:00001960       ??_C@_09BHHEALKD@September?$AA@ 0000000180002960     libucrt:nlsdata.obj
 0001:00001970       ??_C@_07JJNFCEND@October?$AA@ 0000000180002970     libucrt:nlsdata.obj
 0001:00001978       ??_C@_08HCHEGEOA@November?$AA@ 0000000180002978     libucrt:nlsdata.obj
 0001:00001988       ??_C@_08EDHMEBNP@December?$AA@ 0000000180002988     libucrt:nlsdata.obj
 0001:00001994       ??_C@_02DEDBPAFC@AM?$AA@   0000000180002994     libucrt:nlsdata.obj
 0001:00001998       ??_C@_02CJNFDJBF@PM?$AA@   0000000180002998     libucrt:nlsdata.obj
 0001:000019a0       ??_C@_08BPBNCDIB@MM?1dd?1yy?$AA@ 00000001800029a0     libucrt:nlsdata.obj
 0001:000019b0       ??_C@_0BE@CKGJFCPC@dddd?0?5MMMM?5dd?0?5yyyy?$AA@ 00000001800029b0     libucrt:nlsdata.obj
 0001:000019c8       ??_C@_08JCCMCCIL@HH?3mm?3ss?$AA@ 00000001800029c8     libucrt:nlsdata.obj
 0001:000019d8       ??_C@_17MBGCMIPB@?$AAS?$AAu?$AAn?$AA?$AA@ 00000001800029d8     libucrt:nlsdata.obj
 0001:000019e0       ??_C@_17KBOMKBF@?$AAM?$AAo?$AAn?$AA?$AA@ 00000001800029e0     libucrt:nlsdata.obj
 0001:000019e8       ??_C@_17BMKGEGOJ@?$AAT?$AAu?$AAe?$AA?$AA@ 00000001800029e8     libucrt:nlsdata.obj
 0001:000019f0       ??_C@_17CJEDCEPE@?$AAW?$AAe?$AAd?$AA?$AA@ 00000001800029f0     libucrt:nlsdata.obj
 0001:000019f8       ??_C@_17PDPHAADD@?$AAT?$AAh?$AAu?$AA?$AA@ 00000001800029f8     libucrt:nlsdata.obj
 0001:00001a00       ??_C@_17HFOLPPLP@?$AAF?$AAr?$AAi?$AA?$AA@ 0000000180002a00     libucrt:nlsdata.obj
 0001:00001a08       ??_C@_17GGIBDPIH@?$AAS?$AAa?$AAt?$AA?$AA@ 0000000180002a08     libucrt:nlsdata.obj
 0001:00001a10       ??_C@_1O@IHNHDHPB@?$AAS?$AAu?$AAn?$AAd?$AAa?$AAy?$AA?$AA@ 0000000180002a10     libucrt:nlsdata.obj
 0001:00001a20       ??_C@_1O@MMNBFLIA@?$AAM?$AAo?$AAn?$AAd?$AAa?$AAy?$AA?$AA@ 0000000180002a20     libucrt:nlsdata.obj
 0001:00001a30       ??_C@_1BA@ENFBFFEK@?$AAT?$AAu?$AAe?$AAs?$AAd?$AAa?$AAy?$AA?$AA@ 0000000180002a30     libucrt:nlsdata.obj
 0001:00001a40       ??_C@_1BE@EBOGMDOH@?$AAW?$AAe?$AAd?$AAn?$AAe?$AAs?$AAd?$AAa?$AAy?$AA?$AA@ 0000000180002a40     libucrt:nlsdata.obj
 0001:00001a58       ??_C@_1BC@HHMNLIHE@?$AAT?$AAh?$AAu?$AAr?$AAs?$AAd?$AAa?$AAy?$AA?$AA@ 0000000180002a58     libucrt:nlsdata.obj
 0001:00001a70       ??_C@_1O@PDICJHAG@?$AAF?$AAr?$AAi?$AAd?$AAa?$AAy?$AA?$AA@ 0000000180002a70     libucrt:nlsdata.obj
 0001:00001a80       ??_C@_1BC@ENMNNPAJ@?$AAS?$AAa?$AAt?$AAu?$AAr?$AAd?$AAa?$AAy?$AA?$AA@ 0000000180002a80     libucrt:nlsdata.obj
 0001:00001a98       ??_C@_17DKNBKCHM@?$AAJ?$AAa?$AAn?$AA?$AA@ 0000000180002a98     libucrt:nlsdata.obj
 0001:00001aa0       ??_C@_17LMDJEKJN@?$AAF?$AAe?$AAb?$AA?$AA@ 0000000180002aa0     libucrt:nlsdata.obj
 0001:00001aa8       ??_C@_17CKNLEDEC@?$AAM?$AAa?$AAr?$AA?$AA@ 0000000180002aa8     libucrt:nlsdata.obj
 0001:00001ab0       ??_C@_17LFPOIHDD@?$AAA?$AAp?$AAr?$AA?$AA@ 0000000180002ab0     libucrt:nlsdata.obj
 0001:00001ab8       ??_C@_17PNNKMEED@?$AAM?$AAa?$AAy?$AA?$AA@ 0000000180002ab8     libucrt:nlsdata.obj
 0001:00001ac0       ??_C@_17KCJGOCPB@?$AAJ?$AAu?$AAn?$AA?$AA@ 0000000180002ac0     libucrt:nlsdata.obj
 0001:00001ac8       ??_C@_17IJPCKHK@?$AAJ?$AAu?$AAl?$AA?$AA@ 0000000180002ac8     libucrt:nlsdata.obj
 0001:00001ad0       ??_C@_17ICPELBCN@?$AAA?$AAu?$AAg?$AA?$AA@ 0000000180002ad0     libucrt:nlsdata.obj
 0001:00001ad8       ??_C@_17HCHCOKMG@?$AAS?$AAe?$AAp?$AA?$AA@ 0000000180002ad8     libucrt:nlsdata.obj
 0001:00001ae0       ??_C@_17FNLKOI@?$AAO?$AAc?$AAt?$AA?$AA@ 0000000180002ae0     libucrt:nlsdata.obj
 0001:00001ae8       ??_C@_17BBDMLCIG@?$AAN?$AAo?$AAv?$AA?$AA@ 0000000180002ae8     libucrt:nlsdata.obj
 0001:00001af0       ??_C@_17EGKACKIF@?$AAD?$AAe?$AAc?$AA?$AA@ 0000000180002af0     libucrt:nlsdata.obj
 0001:00001af8       ??_C@_1BA@EFMEIEBA@?$AAJ?$AAa?$AAn?$AAu?$AAa?$AAr?$AAy?$AA?$AA@ 0000000180002af8     libucrt:nlsdata.obj
 0001:00001b08       ??_C@_1BC@JGDDFFAM@?$AAF?$AAe?$AAb?$AAr?$AAu?$AAa?$AAr?$AAy?$AA?$AA@ 0000000180002b08     libucrt:nlsdata.obj
 0001:00001b20       ??_C@_1M@IKEENEDF@?$AAM?$AAa?$AAr?$AAc?$AAh?$AA?$AA@ 0000000180002b20     libucrt:nlsdata.obj
 0001:00001b30       ??_C@_1M@GJNLMHFD@?$AAA?$AAp?$AAr?$AAi?$AAl?$AA?$AA@ 0000000180002b30     libucrt:nlsdata.obj
 0001:00001b40       ??_C@_19EPFLPGAP@?$AAJ?$AAu?$AAn?$AAe?$AA?$AA@ 0000000180002b40     libucrt:nlsdata.obj
 0001:00001b50       ??_C@_19BIFMLPCD@?$AAJ?$AAu?$AAl?$AAy?$AA?$AA@ 0000000180002b50     libucrt:nlsdata.obj
 0001:00001b60       ??_C@_1O@PAHLKOAC@?$AAA?$AAu?$AAg?$AAu?$AAs?$AAt?$AA?$AA@ 0000000180002b60     libucrt:nlsdata.obj
 0001:00001b70       ??_C@_1BE@DKAAMBJL@?$AAS?$AAe?$AAp?$AAt?$AAe?$AAm?$AAb?$AAe?$AAr?$AA?$AA@ 0000000180002b70     libucrt:nlsdata.obj
 0001:00001b88       ??_C@_1BA@EPANDLNG@?$AAO?$AAc?$AAt?$AAo?$AAb?$AAe?$AAr?$AA?$AA@ 0000000180002b88     libucrt:nlsdata.obj
 0001:00001b98       ??_C@_1BC@BGLIFPF@?$AAN?$AAo?$AAv?$AAe?$AAm?$AAb?$AAe?$AAr?$AA?$AA@ 0000000180002b98     libucrt:nlsdata.obj
 0001:00001bb0       ??_C@_1BC@FEMKIFH@?$AAD?$AAe?$AAc?$AAe?$AAm?$AAb?$AAe?$AAr?$AA?$AA@ 0000000180002bb0     libucrt:nlsdata.obj
 0001:00001bc4       ??_C@_15ODEHAHHF@?$AAA?$AAM?$AA?$AA@ 0000000180002bc4     libucrt:nlsdata.obj
 0001:00001bcc       ??_C@_15CLMNNGEL@?$AAP?$AAM?$AA?$AA@ 0000000180002bcc     libucrt:nlsdata.obj
 0001:00001bd8       ??_C@_1BC@IEBCMHCM@?$AAM?$AAM?$AA?1?$AAd?$AAd?$AA?1?$AAy?$AAy?$AA?$AA@ 0000000180002bd8     libucrt:nlsdata.obj
 0001:00001bf0       ??_C@_1CI@KNAKOEBC@?$AAd?$AAd?$AAd?$AAd?$AA?0?$AA?5?$AAM?$AAM?$AAM?$AAM?$AA?5?$AAd?$AAd?$AA?0?$AA?5?$AAy?$AAy?$AAy?$AAy?$AA?$AA@ 0000000180002bf0     libucrt:nlsdata.obj
 0001:00001c18       ??_C@_1BC@GDGBMEMK@?$AAH?$AAH?$AA?3?$AAm?$AAm?$AA?3?$AAs?$AAs?$AA?$AA@ 0000000180002c18     libucrt:nlsdata.obj
 0001:00001c30       ??_C@_1M@BMHNFIME@?$AAe?$AAn?$AA?9?$AAU?$AAS?$AA?$AA@ 0000000180002c30     libucrt:nlsdata.obj
 0001:00001c60       ??_C@_1M@HPNHIDJI@?$AAj?$AAa?$AA?9?$AAJ?$AAP?$AA?$AA@ 0000000180002c60     libucrt:mbctype.obj
 0001:00001c70       ??_C@_1M@BIBDDEMK@?$AAz?$AAh?$AA?9?$AAC?$AAN?$AA?$AA@ 0000000180002c70     libucrt:mbctype.obj
 0001:00001c80       ??_C@_1M@JLOOOEGK@?$AAk?$AAo?$AA?9?$AAK?$AAR?$AA?$AA@ 0000000180002c80     libucrt:mbctype.obj
 0001:00001c90       ??_C@_1M@CLNBBOPM@?$AAz?$AAh?$AA?9?$AAT?$AAW?$AA?$AA@ 0000000180002c90     libucrt:mbctype.obj
 0001:00001d40       ??_C@_1EA@JGEFHKEI@?$AAa?$AAp?$AAi?$AA?9?$AAm?$AAs?$AA?9?$AAw?$AAi?$AAn?$AA?9?$AAc?$AAo?$AAr?$AAe?$AA?9?$AAd?$AAa?$AAt?$AAe?$AAt?$AAi?$AAm?$AAe?$AA?9?$AAl?$AA1?$AA?9?$AA1?$AA?9?$AA1?$AA?$AA@ 0000000180002d40     libucrt:winapi_thunks.obj
 0001:00001d80       ??_C@_1DI@IJCEHOCB@?$AAa?$AAp?$AAi?$AA?9?$AAm?$AAs?$AA?9?$AAw?$AAi?$AAn?$AA?9?$AAc?$AAo?$AAr?$AAe?$AA?9?$AAf?$AAi?$AAl?$AAe?$AA?9?$AAl?$AA1?$AA?9?$AA2?$AA?9?$AA2?$AA?$AA@ 0000000180002d80     libucrt:winapi_thunks.obj
 0001:00001dc0       ??_C@_1EI@MPIAOHOC@?$AAa?$AAp?$AAi?$AA?9?$AAm?$AAs?$AA?9?$AAw?$AAi?$AAn?$AA?9?$AAc?$AAo?$AAr?$AAe?$AA?9?$AAl?$AAo?$AAc?$AAa?$AAl?$AAi?$AAz?$AAa?$AAt?$AAi?$AAo?$AAn?$AA?9?$AAl?$AA1?$AA?9@ 0000000180002dc0     libucrt:winapi_thunks.obj
 0001:00001e10       ??_C@_1FK@FPHCKFIE@?$AAa?$AAp?$AAi?$AA?9?$AAm?$AAs?$AA?9?$AAw?$AAi?$AAn?$AA?9?$AAc?$AAo?$AAr?$AAe?$AA?9?$AAl?$AAo?$AAc?$AAa?$AAl?$AAi?$AAz?$AAa?$AAt?$AAi?$AAo?$AAn?$AA?9?$AAo?$AAb?$AAs@ 0000000180002e10     libucrt:winapi_thunks.obj
 0001:00001e70       ??_C@_1EM@DILCGIIO@?$AAa?$AAp?$AAi?$AA?9?$AAm?$AAs?$AA?9?$AAw?$AAi?$AAn?$AA?9?$AAc?$AAo?$AAr?$AAe?$AA?9?$AAp?$AAr?$AAo?$AAc?$AAe?$AAs?$AAs?$AAt?$AAh?$AAr?$AAe?$AAa?$AAd?$AAs?$AA?9?$AAl@ 0000000180002e70     libucrt:winapi_thunks.obj
 0001:00001ec0       ??_C@_1DM@LNCGDDPN@?$AAa?$AAp?$AAi?$AA?9?$AAm?$AAs?$AA?9?$AAw?$AAi?$AAn?$AA?9?$AAc?$AAo?$AAr?$AAe?$AA?9?$AAs?$AAt?$AAr?$AAi?$AAn?$AAg?$AA?9?$AAl?$AA1?$AA?9?$AA1?$AA?9?$AA0?$AA?$AA@ 0000000180002ec0     libucrt:winapi_thunks.obj
 0001:00001f00       ??_C@_1DO@FPAPJEMD@?$AAa?$AAp?$AAi?$AA?9?$AAm?$AAs?$AA?9?$AAw?$AAi?$AAn?$AA?9?$AAc?$AAo?$AAr?$AAe?$AA?9?$AAs?$AAy?$AAs?$AAi?$AAn?$AAf?$AAo?$AA?9?$AAl?$AA1?$AA?9?$AA2?$AA?9?$AA1?$AA?$AA@ 0000000180002f00     libucrt:winapi_thunks.obj
 0001:00001f40       ??_C@_1DK@NDHNAHIO@?$AAa?$AAp?$AAi?$AA?9?$AAm?$AAs?$AA?9?$AAw?$AAi?$AAn?$AA?9?$AAc?$AAo?$AAr?$AAe?$AA?9?$AAw?$AAi?$AAn?$AAr?$AAt?$AA?9?$AAl?$AA1?$AA?9?$AA1?$AA?9?$AA0?$AA?$AA@ 0000000180002f40     libucrt:winapi_thunks.obj
 0001:00001f80       ??_C@_1DM@KGHDGBCM@?$AAa?$AAp?$AAi?$AA?9?$AAm?$AAs?$AA?9?$AAw?$AAi?$AAn?$AA?9?$AAc?$AAo?$AAr?$AAe?$AA?9?$AAx?$AAs?$AAt?$AAa?$AAt?$AAe?$AA?9?$AAl?$AA2?$AA?9?$AA1?$AA?9?$AA0?$AA?$AA@ 0000000180002f80     libucrt:winapi_thunks.obj
 0001:00001fc0       ??_C@_1EO@IJIOEFOH@?$AAa?$AAp?$AAi?$AA?9?$AAm?$AAs?$AA?9?$AAw?$AAi?$AAn?$AA?9?$AAr?$AAt?$AAc?$AAo?$AAr?$AAe?$AA?9?$AAn?$AAt?$AAu?$AAs?$AAe?$AAr?$AA?9?$AAw?$AAi?$AAn?$AAd?$AAo?$AAw?$AA?9@ 0000000180002fc0     libucrt:winapi_thunks.obj
 0001:00002010       ??_C@_1FG@HHGEKANL@?$AAa?$AAp?$AAi?$AA?9?$AAm?$AAs?$AA?9?$AAw?$AAi?$AAn?$AA?9?$AAs?$AAe?$AAc?$AAu?$AAr?$AAi?$AAt?$AAy?$AA?9?$AAs?$AAy?$AAs?$AAt?$AAe?$AAm?$AAf?$AAu?$AAn?$AAc?$AAt?$AAi@ 0000000180003010     libucrt:winapi_thunks.obj
 0001:00002070       ??_C@_1EG@DBIOJECG@?$AAe?$AAx?$AAt?$AA?9?$AAm?$AAs?$AA?9?$AAw?$AAi?$AAn?$AA?9?$AAn?$AAt?$AAu?$AAs?$AAe?$AAr?$AA?9?$AAd?$AAi?$AAa?$AAl?$AAo?$AAg?$AAb?$AAo?$AAx?$AA?9?$AAl?$AA1?$AA?9?$AA1@ 0000000180003070     libucrt:winapi_thunks.obj
 0001:000020c0       ??_C@_1EO@FIHMJCLF@?$AAe?$AAx?$AAt?$AA?9?$AAm?$AAs?$AA?9?$AAw?$AAi?$AAn?$AA?9?$AAn?$AAt?$AAu?$AAs?$AAe?$AAr?$AA?9?$AAw?$AAi?$AAn?$AAd?$AAo?$AAw?$AAs?$AAt?$AAa?$AAt?$AAi?$AAo?$AAn?$AA?9@ 00000001800030c0     libucrt:winapi_thunks.obj
 0001:00002110       ??_C@_1BC@DNHGCMLG@?$AAa?$AAd?$AAv?$AAa?$AAp?$AAi?$AA3?$AA2?$AA?$AA@ 0000000180003110     libucrt:winapi_thunks.obj
 0001:00002128       ??_C@_1M@OAIMIKLP@?$AAn?$AAt?$AAd?$AAl?$AAl?$AA?$AA@ 0000000180003128     libucrt:winapi_thunks.obj
 0001:00002140       ??_C@_1EG@DPGNFKGC@?$AAa?$AAp?$AAi?$AA?9?$AAm?$AAs?$AA?9?$AAw?$AAi?$AAn?$AA?9?$AAa?$AAp?$AAp?$AAm?$AAo?$AAd?$AAe?$AAl?$AA?9?$AAr?$AAu?$AAn?$AAt?$AAi?$AAm?$AAe?$AA?9?$AAl?$AA1?$AA?9?$AA1@ 0000000180003140     libucrt:winapi_thunks.obj
 0001:00002188       ??_C@_1O@BCCLBEOE@?$AAu?$AAs?$AAe?$AAr?$AA3?$AA2?$AA?$AA@ 0000000180003188     libucrt:winapi_thunks.obj
 0001:000021c8       ??_C@_0O@KKBNKAPF@LCMapStringEx?$AA@ 00000001800031c8     libucrt:winapi_thunks.obj
 0001:000021e0       ??_C@_0BB@HBDEELFH@LocaleNameToLCID?$AA@ 00000001800031e0     libucrt:winapi_thunks.obj
 0001:000021f8       ??_C@_0CF@OJOFEIGO@AppPolicyGetProcessTerminationMe@ 00000001800031f8     libucrt:winapi_thunks.obj
 0001:00002220       __newctype                 0000000180003220     libucrt:ctype.obj
 0001:00002520       __newclmap                 0000000180003520     libucrt:ctype.obj
 0001:000026a0       __newcumap                 00000001800036a0     libucrt:ctype.obj
 0001:00002820       ??_C@_15PJPFLCCM@?$AAu?$AAk?$AA?$AA@ 0000000180003820     libucrt:get_qualified_locale.obj
 0001:00002828       ??_C@_1M@BJNKEDC@?$AAc?$AAa?$AA?9?$AAE?$AAS?$AA?$AA@ 0000000180003828     libucrt:lcidtoname_downlevel.obj
 0001:00002838       ??_C@_1M@IJJHFJHA@?$AAc?$AAs?$AA?9?$AAC?$AAZ?$AA?$AA@ 0000000180003838     libucrt:lcidtoname_downlevel.obj
 0001:00002848       ??_C@_1M@CLPEOBGI@?$AAd?$AAa?$AA?9?$AAD?$AAK?$AA?$AA@ 0000000180003848     libucrt:lcidtoname_downlevel.obj
 0001:00002858       ??_C@_1M@MCMADGCB@?$AAd?$AAe?$AA?9?$AAD?$AAE?$AA?$AA@ 0000000180003858     libucrt:lcidtoname_downlevel.obj
 0001:00002868       ??_C@_1M@OOCKEMAM@?$AAe?$AAl?$AA?9?$AAG?$AAR?$AA?$AA@ 0000000180003868     libucrt:lcidtoname_downlevel.obj
 0001:00002878       ??_C@_1M@DDNJFGID@?$AAf?$AAi?$AA?9?$AAF?$AAI?$AA?$AA@ 0000000180003878     libucrt:lcidtoname_downlevel.obj
 0001:00002888       ??_C@_1M@GLIPPMAC@?$AAf?$AAr?$AA?9?$AAF?$AAR?$AA?$AA@ 0000000180003888     libucrt:lcidtoname_downlevel.obj
 0001:00002898       ??_C@_1M@GFMCHPE@?$AAh?$AAe?$AA?9?$AAI?$AAL?$AA?$AA@ 0000000180003898     libucrt:lcidtoname_downlevel.obj
 0001:000028a8       ??_C@_1M@MHLPGNKM@?$AAh?$AAu?$AA?9?$AAH?$AAU?$AA?$AA@ 00000001800038a8     libucrt:lcidtoname_downlevel.obj
 0001:000028b8       ??_C@_1M@LPDDNNPN@?$AAi?$AAs?$AA?9?$AAI?$AAS?$AA?$AA@ 00000001800038b8     libucrt:lcidtoname_downlevel.obj
 0001:000028c8       ??_C@_1M@MADIPODN@?$AAi?$AAt?$AA?9?$AAI?$AAT?$AA?$AA@ 00000001800038c8     libucrt:lcidtoname_downlevel.obj
 0001:000028d8       ??_C@_1M@IHBJJGG@?$AAn?$AAl?$AA?9?$AAN?$AAL?$AA?$AA@ 00000001800038d8     libucrt:lcidtoname_downlevel.obj
 0001:000028e8       ??_C@_1M@EANAGDL@?$AAn?$AAb?$AA?9?$AAN?$AAO?$AA?$AA@ 00000001800038e8     libucrt:lcidtoname_downlevel.obj
 0001:000028f8       ??_C@_1M@NEIEMEGP@?$AAp?$AAl?$AA?9?$AAP?$AAL?$AA?$AA@ 00000001800038f8     libucrt:lcidtoname_downlevel.obj
 0001:00002908       ??_C@_1M@BOCFIGEP@?$AAp?$AAt?$AA?9?$AAB?$AAR?$AA?$AA@ 0000000180003908     libucrt:lcidtoname_downlevel.obj
 0001:00002918       ??_C@_1M@IMPFOPBG@?$AAr?$AAo?$AA?9?$AAR?$AAO?$AA?$AA@ 0000000180003918     libucrt:lcidtoname_downlevel.obj
 0001:00002928       ??_C@_1M@IDNNEJMM@?$AAr?$AAu?$AA?9?$AAR?$AAU?$AA?$AA@ 0000000180003928     libucrt:lcidtoname_downlevel.obj
 0001:00002938       ??_C@_1M@LILEEOGM@?$AAh?$AAr?$AA?9?$AAH?$AAR?$AA?$AA@ 0000000180003938     libucrt:lcidtoname_downlevel.obj
 0001:00002948       ??_C@_1M@FKIFEHPB@?$AAs?$AAk?$AA?9?$AAS?$AAK?$AA?$AA@ 0000000180003948     libucrt:lcidtoname_downlevel.obj
 0001:00002958       ??_C@_1M@LJMAMNPJ@?$AAs?$AAq?$AA?9?$AAA?$AAL?$AA?$AA@ 0000000180003958     libucrt:lcidtoname_downlevel.obj
 0001:00002968       ??_C@_1M@GIAKDKJK@?$AAs?$AAv?$AA?9?$AAS?$AAE?$AA?$AA@ 0000000180003968     libucrt:lcidtoname_downlevel.obj
 0001:00002978       ??_C@_1M@MKJKIKCL@?$AAt?$AAh?$AA?9?$AAT?$AAH?$AA?$AA@ 0000000180003978     libucrt:lcidtoname_downlevel.obj
 0001:00002988       ??_C@_1M@MFLCCMPB@?$AAt?$AAr?$AA?9?$AAT?$AAR?$AA?$AA@ 0000000180003988     libucrt:lcidtoname_downlevel.obj
 0001:00002998       ??_C@_1M@OIJHDKJN@?$AAu?$AAr?$AA?9?$AAP?$AAK?$AA?$AA@ 0000000180003998     libucrt:lcidtoname_downlevel.obj
 0001:000029a8       ??_C@_1M@LHIPCIEK@?$AAi?$AAd?$AA?9?$AAI?$AAD?$AA?$AA@ 00000001800039a8     libucrt:lcidtoname_downlevel.obj
 0001:000029b8       ??_C@_1M@MFMOBGI@?$AAu?$AAk?$AA?9?$AAU?$AAA?$AA?$AA@ 00000001800039b8     libucrt:lcidtoname_downlevel.obj
 0001:000029c8       ??_C@_1M@OBGLJIPL@?$AAb?$AAe?$AA?9?$AAB?$AAY?$AA?$AA@ 00000001800039c8     libucrt:lcidtoname_downlevel.obj
 0001:000029d8       ??_C@_1M@BCFAJEAD@?$AAs?$AAl?$AA?9?$AAS?$AAI?$AA?$AA@ 00000001800039d8     libucrt:lcidtoname_downlevel.obj
 0001:000029e8       ??_C@_1M@FKFFEDDN@?$AAe?$AAt?$AA?9?$AAE?$AAE?$AA?$AA@ 00000001800039e8     libucrt:lcidtoname_downlevel.obj
 0001:000029f8       ??_C@_1M@KGKKAACI@?$AAl?$AAv?$AA?9?$AAL?$AAV?$AA?$AA@ 00000001800039f8     libucrt:lcidtoname_downlevel.obj
 0001:00002a08       ??_C@_1M@IFGBIJO@?$AAl?$AAt?$AA?9?$AAL?$AAT?$AA?$AA@ 0000000180003a08     libucrt:lcidtoname_downlevel.obj
 0001:00002a18       ??_C@_1M@FGEAHEDM@?$AAf?$AAa?$AA?9?$AAI?$AAR?$AA?$AA@ 0000000180003a18     libucrt:lcidtoname_downlevel.obj
 0001:00002a28       ??_C@_1M@KBMAIBFN@?$AAv?$AAi?$AA?9?$AAV?$AAN?$AA?$AA@ 0000000180003a28     libucrt:lcidtoname_downlevel.obj
 0001:00002a38       ??_C@_1M@GPCBKDJK@?$AAh?$AAy?$AA?9?$AAA?$AAM?$AA?$AA@ 0000000180003a38     libucrt:lcidtoname_downlevel.obj
 0001:00002a48       ??_C@_1BG@BECMDDJB@?$AAa?$AAz?$AA?9?$AAA?$AAZ?$AA?9?$AAL?$AAa?$AAt?$AAn?$AA?$AA@ 0000000180003a48     libucrt:lcidtoname_downlevel.obj
 0001:00002a60       ??_C@_1M@MAOFCAEA@?$AAe?$AAu?$AA?9?$AAE?$AAS?$AA?$AA@ 0000000180003a60     libucrt:lcidtoname_downlevel.obj
 0001:00002a70       ??_C@_1M@IGHABKPI@?$AAm?$AAk?$AA?9?$AAM?$AAK?$AA?$AA@ 0000000180003a70     libucrt:lcidtoname_downlevel.obj
 0001:00002a80       ??_C@_1M@IAIGNEJG@?$AAt?$AAn?$AA?9?$AAZ?$AAA?$AA?$AA@ 0000000180003a80     libucrt:lcidtoname_downlevel.obj
 0001:00002a90       ??_C@_1M@IIJCOJFA@?$AAx?$AAh?$AA?9?$AAZ?$AAA?$AA?$AA@ 0000000180003a90     libucrt:lcidtoname_downlevel.obj
 0001:00002aa0       ??_C@_1M@LGPJHNJH@?$AAz?$AAu?$AA?9?$AAZ?$AAA?$AA?$AA@ 0000000180003aa0     libucrt:lcidtoname_downlevel.obj
 0001:00002ab0       ??_C@_1M@HOKAOIO@?$AAa?$AAf?$AA?9?$AAZ?$AAA?$AA?$AA@ 0000000180003ab0     libucrt:lcidtoname_downlevel.obj
 0001:00002ac0       ??_C@_1M@DPCLHLIE@?$AAk?$AAa?$AA?9?$AAG?$AAE?$AA?$AA@ 0000000180003ac0     libucrt:lcidtoname_downlevel.obj
 0001:00002ad0       ??_C@_1M@BLKMHJBI@?$AAf?$AAo?$AA?9?$AAF?$AAO?$AA?$AA@ 0000000180003ad0     libucrt:lcidtoname_downlevel.obj
 0001:00002ae0       ??_C@_1M@LGGJAPPB@?$AAh?$AAi?$AA?9?$AAI?$AAN?$AA?$AA@ 0000000180003ae0     libucrt:lcidtoname_downlevel.obj
 0001:00002af0       ??_C@_1M@FIKPIHFE@?$AAm?$AAt?$AA?9?$AAM?$AAT?$AA?$AA@ 0000000180003af0     libucrt:lcidtoname_downlevel.obj
 0001:00002b00       ??_C@_1M@HEGGPBFA@?$AAs?$AAe?$AA?9?$AAN?$AAO?$AA?$AA@ 0000000180003b00     libucrt:lcidtoname_downlevel.obj
 0001:00002b10       ??_C@_1M@EIBJEEPA@?$AAm?$AAs?$AA?9?$AAM?$AAY?$AA?$AA@ 0000000180003b10     libucrt:lcidtoname_downlevel.obj
 0001:00002b20       ??_C@_1M@FHLBGMPP@?$AAk?$AAk?$AA?9?$AAK?$AAZ?$AA?$AA@ 0000000180003b20     libucrt:lcidtoname_downlevel.obj
 0001:00002b30       ??_C@_1M@NGJJLCGI@?$AAk?$AAy?$AA?9?$AAK?$AAG?$AA?$AA@ 0000000180003b30     libucrt:lcidtoname_downlevel.obj
 0001:00002b40       ??_C@_1M@GIENNBFC@?$AAs?$AAw?$AA?9?$AAK?$AAE?$AA?$AA@ 0000000180003b40     libucrt:lcidtoname_downlevel.obj
 0001:00002b50       ??_C@_1BG@NDGMJIMJ@?$AAu?$AAz?$AA?9?$AAU?$AAZ?$AA?9?$AAL?$AAa?$AAt?$AAn?$AA?$AA@ 0000000180003b50     libucrt:lcidtoname_downlevel.obj
 0001:00002b68       ??_C@_1M@IDCCIHBC@?$AAt?$AAt?$AA?9?$AAR?$AAU?$AA?$AA@ 0000000180003b68     libucrt:lcidtoname_downlevel.obj
 0001:00002b78       ??_C@_1M@LOICPMOJ@?$AAb?$AAn?$AA?9?$AAI?$AAN?$AA?$AA@ 0000000180003b78     libucrt:lcidtoname_downlevel.obj
 0001:00002b88       ??_C@_1M@KPKKNEAH@?$AAp?$AAa?$AA?9?$AAI?$AAN?$AA?$AA@ 0000000180003b88     libucrt:lcidtoname_downlevel.obj
 0001:00002b98       ??_C@_1M@PJGPPBOG@?$AAg?$AAu?$AA?9?$AAI?$AAN?$AA?$AA@ 0000000180003b98     libucrt:lcidtoname_downlevel.obj
 0001:00002ba8       ??_C@_1M@KMKMOPHI@?$AAt?$AAa?$AA?9?$AAI?$AAN?$AA?$AA@ 0000000180003ba8     libucrt:lcidtoname_downlevel.obj
 0001:00002bb8       ??_C@_1M@KFEHEPAC@?$AAt?$AAe?$AA?9?$AAI?$AAN?$AA?$AA@ 0000000180003bb8     libucrt:lcidtoname_downlevel.obj
 0001:00002bc8       ??_C@_1M@CDCLMGHI@?$AAk?$AAn?$AA?9?$AAI?$AAN?$AA?$AA@ 0000000180003bc8     libucrt:lcidtoname_downlevel.obj
 0001:00002bd8       ??_C@_1M@MIODLDKF@?$AAm?$AAl?$AA?9?$AAI?$AAN?$AA?$AA@ 0000000180003bd8     libucrt:lcidtoname_downlevel.obj
 0001:00002be8       ??_C@_1M@PBIEACPO@?$AAm?$AAr?$AA?9?$AAI?$AAN?$AA?$AA@ 0000000180003be8     libucrt:lcidtoname_downlevel.obj
 0001:00002bf8       ??_C@_1M@NIDEAGPH@?$AAs?$AAa?$AA?9?$AAI?$AAN?$AA?$AA@ 0000000180003bf8     libucrt:lcidtoname_downlevel.obj
 0001:00002c08       ??_C@_1M@FHIHCBIO@?$AAm?$AAn?$AA?9?$AAM?$AAN?$AA?$AA@ 0000000180003c08     libucrt:lcidtoname_downlevel.obj
 0001:00002c18       ??_C@_1M@JAIJPENP@?$AAc?$AAy?$AA?9?$AAG?$AAB?$AA?$AA@ 0000000180003c18     libucrt:lcidtoname_downlevel.obj
 0001:00002c28       ??_C@_1M@PHGFBEPN@?$AAg?$AAl?$AA?9?$AAE?$AAS?$AA?$AA@ 0000000180003c28     libucrt:lcidtoname_downlevel.obj
 0001:00002c38       ??_C@_1O@KPIPDNCP@?$AAk?$AAo?$AAk?$AA?9?$AAI?$AAN?$AA?$AA@ 0000000180003c38     libucrt:lcidtoname_downlevel.obj
 0001:00002c48       ??_C@_1O@KNHJLDJA@?$AAs?$AAy?$AAr?$AA?9?$AAS?$AAY?$AA?$AA@ 0000000180003c48     libucrt:lcidtoname_downlevel.obj
 0001:00002c58       ??_C@_1O@MKEKBLAH@?$AAd?$AAi?$AAv?$AA?9?$AAM?$AAV?$AA?$AA@ 0000000180003c58     libucrt:lcidtoname_downlevel.obj
 0001:00002c68       ??_C@_1O@OHDCKDDF@?$AAq?$AAu?$AAz?$AA?9?$AAB?$AAO?$AA?$AA@ 0000000180003c68     libucrt:lcidtoname_downlevel.obj
 0001:00002c78       ??_C@_1M@LEPJNLFD@?$AAn?$AAs?$AA?9?$AAZ?$AAA?$AA?$AA@ 0000000180003c78     libucrt:lcidtoname_downlevel.obj
 0001:00002c88       ??_C@_1M@OMLEIIJB@?$AAm?$AAi?$AA?9?$AAN?$AAZ?$AA?$AA@ 0000000180003c88     libucrt:lcidtoname_downlevel.obj
 0001:00002c98       ??_C@_1M@PMPEAILG@?$AAa?$AAr?$AA?9?$AAI?$AAQ?$AA?$AA@ 0000000180003c98     libucrt:lcidtoname_downlevel.obj
 0001:00002ca8       ??_C@_1M@CNKPNOEE@?$AAd?$AAe?$AA?9?$AAC?$AAH?$AA?$AA@ 0000000180003ca8     libucrt:lcidtoname_downlevel.obj
 0001:00002cb8       ??_C@_1M@LKMGMLKO@?$AAe?$AAn?$AA?9?$AAG?$AAB?$AA?$AA@ 0000000180003cb8     libucrt:lcidtoname_downlevel.obj
 0001:00002cc8       ??_C@_1M@PGKJFFGL@?$AAe?$AAs?$AA?9?$AAM?$AAX?$AA?$AA@ 0000000180003cc8     libucrt:lcidtoname_downlevel.obj
 0001:00002cd8       ??_C@_1M@DNNANBDC@?$AAf?$AAr?$AA?9?$AAB?$AAE?$AA?$AA@ 0000000180003cd8     libucrt:lcidtoname_downlevel.obj
 0001:00002ce8       ??_C@_1M@HLGMDFHM@?$AAi?$AAt?$AA?9?$AAC?$AAH?$AA?$AA@ 0000000180003ce8     libucrt:lcidtoname_downlevel.obj
 0001:00002cf8       ??_C@_1M@CLLBGJH@?$AAn?$AAl?$AA?9?$AAB?$AAE?$AA?$AA@ 0000000180003cf8     libucrt:lcidtoname_downlevel.obj
 0001:00002d08       ??_C@_1M@BODBOGLF@?$AAn?$AAn?$AA?9?$AAN?$AAO?$AA?$AA@ 0000000180003d08     libucrt:lcidtoname_downlevel.obj
 0001:00002d18       ??_C@_1M@HFFAHKAD@?$AAp?$AAt?$AA?9?$AAP?$AAT?$AA?$AA@ 0000000180003d18     libucrt:lcidtoname_downlevel.obj
 0001:00002d28       ??_C@_1BG@LNOAKHIE@?$AAs?$AAr?$AA?9?$AAS?$AAP?$AA?9?$AAL?$AAa?$AAt?$AAn?$AA?$AA@ 0000000180003d28     libucrt:lcidtoname_downlevel.obj
 0001:00002d40       ??_C@_1M@HBMHBGAK@?$AAs?$AAv?$AA?9?$AAF?$AAI?$AA?$AA@ 0000000180003d40     libucrt:lcidtoname_downlevel.obj
 0001:00002d50       ??_C@_1BG@DGCJGJBE@?$AAa?$AAz?$AA?9?$AAA?$AAZ?$AA?9?$AAC?$AAy?$AAr?$AAl?$AA?$AA@ 0000000180003d50     libucrt:lcidtoname_downlevel.obj
 0001:00002d68       ??_C@_1M@KEJDAAHB@?$AAs?$AAe?$AA?9?$AAS?$AAE?$AA?$AA@ 0000000180003d68     libucrt:lcidtoname_downlevel.obj
 0001:00002d78       ??_C@_1M@HEIBJJAD@?$AAm?$AAs?$AA?9?$AAB?$AAN?$AA?$AA@ 0000000180003d78     libucrt:lcidtoname_downlevel.obj
 0001:00002d88       ??_C@_1BG@PBGJMCEM@?$AAu?$AAz?$AA?9?$AAU?$AAZ?$AA?9?$AAC?$AAy?$AAr?$AAl?$AA?$AA@ 0000000180003d88     libucrt:lcidtoname_downlevel.obj
 0001:00002da0       ??_C@_1O@LAOBCMDF@?$AAq?$AAu?$AAz?$AA?9?$AAE?$AAC?$AA?$AA@ 0000000180003da0     libucrt:lcidtoname_downlevel.obj
 0001:00002db0       ??_C@_1M@POEEMAIO@?$AAa?$AAr?$AA?9?$AAE?$AAG?$AA?$AA@ 0000000180003db0     libucrt:lcidtoname_downlevel.obj
 0001:00002dc0       ??_C@_1M@EFAKDEDL@?$AAz?$AAh?$AA?9?$AAH?$AAK?$AA?$AA@ 0000000180003dc0     libucrt:lcidtoname_downlevel.obj
 0001:00002dd0       ??_C@_1M@HKKIJHGI@?$AAd?$AAe?$AA?9?$AAA?$AAT?$AA?$AA@ 0000000180003dd0     libucrt:lcidtoname_downlevel.obj
 0001:00002de0       ??_C@_1M@KBFBEHJF@?$AAe?$AAn?$AA?9?$AAA?$AAU?$AA?$AA@ 0000000180003de0     libucrt:lcidtoname_downlevel.obj
 0001:00002df0       ??_C@_1M@MNPLFAAH@?$AAe?$AAs?$AA?9?$AAE?$AAS?$AA?$AA@ 0000000180003df0     libucrt:lcidtoname_downlevel.obj
 0001:00002e00       ??_C@_1M@HJOOJFMA@?$AAf?$AAr?$AA?9?$AAC?$AAA?$AA?$AA@ 0000000180003e00     libucrt:lcidtoname_downlevel.obj
 0001:00002e10       ??_C@_1BG@JPOFPNAB@?$AAs?$AAr?$AA?9?$AAS?$AAP?$AA?9?$AAC?$AAy?$AAr?$AAl?$AA?$AA@ 0000000180003e10     libucrt:lcidtoname_downlevel.obj
 0001:00002e28       ??_C@_1M@LNFOCMOB@?$AAs?$AAe?$AA?9?$AAF?$AAI?$AA?$AA@ 0000000180003e28     libucrt:lcidtoname_downlevel.obj
 0001:00002e38       ??_C@_1O@MGJBOAMB@?$AAq?$AAu?$AAz?$AA?9?$AAP?$AAE?$AA?$AA@ 0000000180003e38     libucrt:lcidtoname_downlevel.obj
 0001:00002e48       ??_C@_1M@GJINLBOK@?$AAa?$AAr?$AA?9?$AAL?$AAY?$AA?$AA@ 0000000180003e48     libucrt:lcidtoname_downlevel.obj
 0001:00002e58       ??_C@_1M@GGMNHJNL@?$AAz?$AAh?$AA?9?$AAS?$AAG?$AA?$AA@ 0000000180003e58     libucrt:lcidtoname_downlevel.obj
 0001:00002e68       ??_C@_1M@HOIKODND@?$AAd?$AAe?$AA?9?$AAL?$AAU?$AA?$AA@ 0000000180003e68     libucrt:lcidtoname_downlevel.obj
 0001:00002e78       ??_C@_1M@DDOCCGFG@?$AAe?$AAn?$AA?9?$AAC?$AAA?$AA?$AA@ 0000000180003e78     libucrt:lcidtoname_downlevel.obj
 0001:00002e88       ??_C@_1M@BNOEMJLF@?$AAe?$AAs?$AA?9?$AAG?$AAT?$AA?$AA@ 0000000180003e88     libucrt:lcidtoname_downlevel.obj
 0001:00002e98       ??_C@_1M@EOGNKEK@?$AAf?$AAr?$AA?9?$AAC?$AAH?$AA?$AA@ 0000000180003e98     libucrt:lcidtoname_downlevel.obj
 0001:00002ea8       ??_C@_1M@FLIDJFHL@?$AAh?$AAr?$AA?9?$AAB?$AAA?$AA?$AA@ 0000000180003ea8     libucrt:lcidtoname_downlevel.obj
 0001:00002eb8       ??_C@_1O@FMCELNAJ@?$AAs?$AAm?$AAj?$AA?9?$AAN?$AAO?$AA?$AA@ 0000000180003eb8     libucrt:lcidtoname_downlevel.obj
 0001:00002ec8       ??_C@_1M@JHGLJMGJ@?$AAa?$AAr?$AA?9?$AAD?$AAZ?$AA?$AA@ 0000000180003ec8     libucrt:lcidtoname_downlevel.obj
 0001:00002ed8       ??_C@_1M@JKKFDCNP@?$AAz?$AAh?$AA?9?$AAM?$AAO?$AA?$AA@ 0000000180003ed8     libucrt:lcidtoname_downlevel.obj
 0001:00002ee8       ??_C@_1M@GEEFALPE@?$AAd?$AAe?$AA?9?$AAL?$AAI?$AA?$AA@ 0000000180003ee8     libucrt:lcidtoname_downlevel.obj
 0001:00002ef8       ??_C@_1M@IGEOFBG@?$AAe?$AAn?$AA?9?$AAN?$AAZ?$AA?$AA@ 0000000180003ef8     libucrt:lcidtoname_downlevel.obj
 0001:00002f08       ??_C@_1M@KDBONEHP@?$AAe?$AAs?$AA?9?$AAC?$AAR?$AA?$AA@ 0000000180003f08     libucrt:lcidtoname_downlevel.obj
 0001:00002f18       ??_C@_1M@FHMDOHNN@?$AAf?$AAr?$AA?9?$AAL?$AAU?$AA?$AA@ 0000000180003f18     libucrt:lcidtoname_downlevel.obj
 0001:00002f28       ??_C@_1BG@NFKKMAFG@?$AAb?$AAs?$AA?9?$AAB?$AAA?$AA?9?$AAL?$AAa?$AAt?$AAn?$AA?$AA@ 0000000180003f28     libucrt:lcidtoname_downlevel.obj
 0001:00002f40       ??_C@_1O@IMNBEMCI@?$AAs?$AAm?$AAj?$AA?9?$AAS?$AAE?$AA?$AA@ 0000000180003f40     libucrt:lcidtoname_downlevel.obj
 0001:00002f50       ??_C@_1M@DHHMBNDP@?$AAa?$AAr?$AA?9?$AAM?$AAA?$AA?$AA@ 0000000180003f50     libucrt:lcidtoname_downlevel.obj
 0001:00002f60       ??_C@_1M@BNBLJCGH@?$AAe?$AAn?$AA?9?$AAI?$AAE?$AA?$AA@ 0000000180003f60     libucrt:lcidtoname_downlevel.obj
 0001:00002f70       ??_C@_1M@GEPAFMDL@?$AAe?$AAs?$AA?9?$AAP?$AAA?$AA?$AA@ 0000000180003f70     libucrt:lcidtoname_downlevel.obj
 0001:00002f80       ??_C@_1M@OJONDMDL@?$AAf?$AAr?$AA?9?$AAM?$AAC?$AA?$AA@ 0000000180003f80     libucrt:lcidtoname_downlevel.obj
 0001:00002f90       ??_C@_1BG@OBCNFJB@?$AAs?$AAr?$AA?9?$AAB?$AAA?$AA?9?$AAL?$AAa?$AAt?$AAn?$AA?$AA@ 0000000180003f90     libucrt:lcidtoname_downlevel.obj
 0001:00002fa8       ??_C@_1O@KEMEEGPO@?$AAs?$AAm?$AAa?$AA?9?$AAN?$AAO?$AA?$AA@ 0000000180003fa8     libucrt:lcidtoname_downlevel.obj
 0001:00002fb8       ??_C@_1M@ELMGFODK@?$AAa?$AAr?$AA?9?$AAT?$AAN?$AA?$AA@ 0000000180003fb8     libucrt:lcidtoname_downlevel.obj
 0001:00002fc8       ??_C@_1M@BHDLHFAF@?$AAe?$AAn?$AA?9?$AAZ?$AAA?$AA?$AA@ 0000000180003fc8     libucrt:lcidtoname_downlevel.obj
 0001:00002fd8       ??_C@_1M@BMGIGLIF@?$AAe?$AAs?$AA?9?$AAD?$AAO?$AA?$AA@ 0000000180003fd8     libucrt:lcidtoname_downlevel.obj
 0001:00002fe8       ??_C@_1BG@CMBHIPBE@?$AAs?$AAr?$AA?9?$AAB?$AAA?$AA?9?$AAC?$AAy?$AAr?$AAl?$AA?$AA@ 0000000180003fe8     libucrt:lcidtoname_downlevel.obj
 0001:00003000       ??_C@_1O@HEDBLHNP@?$AAs?$AAm?$AAa?$AA?9?$AAS?$AAE?$AA?$AA@ 0000000180004000     libucrt:lcidtoname_downlevel.obj
 0001:00003010       ??_C@_1M@DAGCADIM@?$AAa?$AAr?$AA?9?$AAO?$AAM?$AA?$AA@ 0000000180004010     libucrt:lcidtoname_downlevel.obj
 0001:00003020       ??_C@_1M@FODLMICG@?$AAe?$AAn?$AA?9?$AAJ?$AAM?$AA?$AA@ 0000000180004020     libucrt:lcidtoname_downlevel.obj
 0001:00003030       ??_C@_1M@DNMLCIHB@?$AAe?$AAs?$AA?9?$AAV?$AAE?$AA?$AA@ 0000000180004030     libucrt:lcidtoname_downlevel.obj
 0001:00003040       ??_C@_1O@EOKHMKJK@?$AAs?$AAm?$AAs?$AA?9?$AAF?$AAI?$AA?$AA@ 0000000180004040     libucrt:lcidtoname_downlevel.obj
 0001:00003050       ??_C@_1M@CAFJMKOF@?$AAa?$AAr?$AA?9?$AAY?$AAE?$AA?$AA@ 0000000180004050     libucrt:lcidtoname_downlevel.obj
 0001:00003060       ??_C@_1M@CBFHIJLI@?$AAe?$AAn?$AA?9?$AAC?$AAB?$AA?$AA@ 0000000180004060     libucrt:lcidtoname_downlevel.obj
 0001:00003070       ??_C@_1M@BGNFLDN@?$AAe?$AAs?$AA?9?$AAC?$AAO?$AA?$AA@ 0000000180004070     libucrt:lcidtoname_downlevel.obj
 0001:00003080       ??_C@_1O@JMPHMAMC@?$AAs?$AAm?$AAn?$AA?9?$AAF?$AAI?$AA?$AA@ 0000000180004080     libucrt:lcidtoname_downlevel.obj
 0001:00003090       ??_C@_1M@JLANABKE@?$AAa?$AAr?$AA?9?$AAS?$AAY?$AA?$AA@ 0000000180004090     libucrt:lcidtoname_downlevel.obj
 0001:000030a0       ??_C@_1M@HPKGCFGN@?$AAe?$AAn?$AA?9?$AAB?$AAZ?$AA?$AA@ 00000001800040a0     libucrt:lcidtoname_downlevel.obj
 0001:000030b0       ??_C@_1M@OLJCMLGM@?$AAe?$AAs?$AA?9?$AAP?$AAE?$AA?$AA@ 00000001800040b0     libucrt:lcidtoname_downlevel.obj
 0001:000030c0       ??_C@_1M@MKKGFKLE@?$AAa?$AAr?$AA?9?$AAJ?$AAO?$AA?$AA@ 00000001800040c0     libucrt:lcidtoname_downlevel.obj
 0001:000030d0       ??_C@_1M@EKPGLDNI@?$AAe?$AAn?$AA?9?$AAT?$AAT?$AA?$AA@ 00000001800040d0     libucrt:lcidtoname_downlevel.obj
 0001:000030e0       ??_C@_1M@OONGHFHE@?$AAe?$AAs?$AA?9?$AAA?$AAR?$AA?$AA@ 00000001800040e0     libucrt:lcidtoname_downlevel.obj
 0001:000030f0       ??_C@_1M@OOJFGBHE@?$AAa?$AAr?$AA?9?$AAL?$AAB?$AA?$AA@ 00000001800040f0     libucrt:lcidtoname_downlevel.obj
 0001:00003100       ??_C@_1M@GCEJHNEG@?$AAe?$AAn?$AA?9?$AAZ?$AAW?$AA?$AA@ 0000000180004100     libucrt:lcidtoname_downlevel.obj
 0001:00003110       ??_C@_1M@JNOCAHJI@?$AAe?$AAs?$AA?9?$AAE?$AAC?$AA?$AA@ 0000000180004110     libucrt:lcidtoname_downlevel.obj
 0001:00003120       ??_C@_1M@JEFHPGGB@?$AAa?$AAr?$AA?9?$AAK?$AAW?$AA?$AA@ 0000000180004120     libucrt:lcidtoname_downlevel.obj
 0001:00003130       ??_C@_1M@MLKIBJOJ@?$AAe?$AAn?$AA?9?$AAP?$AAH?$AA?$AA@ 0000000180004130     libucrt:lcidtoname_downlevel.obj
 0001:00003140       ??_C@_1M@BDNIPEND@?$AAe?$AAs?$AA?9?$AAC?$AAL?$AA?$AA@ 0000000180004140     libucrt:lcidtoname_downlevel.obj
 0001:00003150       ??_C@_1M@MPNMEKBD@?$AAa?$AAr?$AA?9?$AAA?$AAE?$AA?$AA@ 0000000180004150     libucrt:lcidtoname_downlevel.obj
 0001:00003160       ??_C@_1M@KBJALCPI@?$AAe?$AAs?$AA?9?$AAU?$AAY?$AA?$AA@ 0000000180004160     libucrt:lcidtoname_downlevel.obj
 0001:00003170       ??_C@_1M@LLCCOAGA@?$AAa?$AAr?$AA?9?$AAB?$AAH?$AA?$AA@ 0000000180004170     libucrt:lcidtoname_downlevel.obj
 0001:00003180       ??_C@_1M@PBFNCDEL@?$AAe?$AAs?$AA?9?$AAP?$AAY?$AA?$AA@ 0000000180004180     libucrt:lcidtoname_downlevel.obj
 0001:00003190       ??_C@_1M@EDGINPNP@?$AAa?$AAr?$AA?9?$AAQ?$AAA?$AA?$AA@ 0000000180004190     libucrt:lcidtoname_downlevel.obj
 0001:000031a0       ??_C@_1M@MKDBIIJI@?$AAe?$AAs?$AA?9?$AAB?$AAO?$AA?$AA@ 00000001800041a0     libucrt:lcidtoname_downlevel.obj
 0001:000031b0       ??_C@_1M@CPKKEBLD@?$AAe?$AAs?$AA?9?$AAS?$AAV?$AA?$AA@ 00000001800041b0     libucrt:lcidtoname_downlevel.obj
 0001:000031c0       ??_C@_1M@NDBGMMJL@?$AAe?$AAs?$AA?9?$AAH?$AAN?$AA?$AA@ 00000001800041c0     libucrt:lcidtoname_downlevel.obj
 0001:000031d0       ??_C@_1M@JIJIBHDP@?$AAe?$AAs?$AA?9?$AAN?$AAI?$AA?$AA@ 00000001800041d0     libucrt:lcidtoname_downlevel.obj
 0001:000031e0       ??_C@_1M@CGFMKEEK@?$AAe?$AAs?$AA?9?$AAP?$AAR?$AA?$AA@ 00000001800041e0     libucrt:lcidtoname_downlevel.obj
 0001:000031f0       ??_C@_1O@ICJHKIIK@?$AAz?$AAh?$AA?9?$AAC?$AAH?$AAT?$AA?$AA@ 00000001800041f0     libucrt:lcidtoname_downlevel.obj
 0001:00003200       ??_C@_15CLNEJCE@?$AAs?$AAr?$AA?$AA@ 0000000180004200     libucrt:lcidtoname_downlevel.obj
 0001:00004050       ??_C@_1M@KAHEKEIG@?$AAa?$AAf?$AA?9?$AAz?$AAa?$AA?$AA@ 0000000180005050     libucrt:lcidtoname_downlevel.obj
 0001:00004060       ??_C@_1M@GIECOABL@?$AAa?$AAr?$AA?9?$AAa?$AAe?$AA?$AA@ 0000000180005060     libucrt:lcidtoname_downlevel.obj
 0001:00004070       ??_C@_1M@BMLMEKGI@?$AAa?$AAr?$AA?9?$AAb?$AAh?$AA?$AA@ 0000000180005070     libucrt:lcidtoname_downlevel.obj
 0001:00004080       ??_C@_1M@DAPFDGGB@?$AAa?$AAr?$AA?9?$AAd?$AAz?$AA?$AA@ 0000000180005080     libucrt:lcidtoname_downlevel.obj
 0001:00004090       ??_C@_1M@FJNKGKIG@?$AAa?$AAr?$AA?9?$AAe?$AAg?$AA?$AA@ 0000000180005090     libucrt:lcidtoname_downlevel.obj
 0001:000040a0       ??_C@_1M@FLGKKCLO@?$AAa?$AAr?$AA?9?$AAi?$AAq?$AA?$AA@ 00000001800050a0     libucrt:lcidtoname_downlevel.obj
 0001:000040b0       ??_C@_1M@GNDIPALM@?$AAa?$AAr?$AA?9?$AAj?$AAo?$AA?$AA@ 00000001800050b0     libucrt:lcidtoname_downlevel.obj
 0001:000040c0       ??_C@_1M@DDMJFMGJ@?$AAa?$AAr?$AA?9?$AAk?$AAw?$AA?$AA@ 00000001800050c0     libucrt:lcidtoname_downlevel.obj
 0001:000040d0       ??_C@_1M@EJALMLHM@?$AAa?$AAr?$AA?9?$AAl?$AAb?$AA?$AA@ 00000001800050d0     libucrt:lcidtoname_downlevel.obj
 0001:000040e0       ??_C@_1M@MOBDBLOC@?$AAa?$AAr?$AA?9?$AAl?$AAy?$AA?$AA@ 00000001800050e0     libucrt:lcidtoname_downlevel.obj
 0001:000040f0       ??_C@_1M@JAOCLHDH@?$AAa?$AAr?$AA?9?$AAm?$AAa?$AA?$AA@ 00000001800050f0     libucrt:lcidtoname_downlevel.obj
 0001:00004100       ??_C@_1M@JHPMKJIE@?$AAa?$AAr?$AA?9?$AAo?$AAm?$AA?$AA@ 0000000180005100     libucrt:lcidtoname_downlevel.obj
 0001:00004110       ??_C@_1M@OEPGHFNH@?$AAa?$AAr?$AA?9?$AAq?$AAa?$AA?$AA@ 0000000180005110     libucrt:lcidtoname_downlevel.obj
 0001:00004120       ??_C@_1M@KJDONENM@?$AAa?$AAr?$AA?9?$AAs?$AAa?$AA?$AA@ 0000000180005120     libucrt:lcidtoname_downlevel.obj
 0001:00004130       ??_C@_1M@DMJDKLKM@?$AAa?$AAr?$AA?9?$AAs?$AAy?$AA?$AA@ 0000000180005130     libucrt:lcidtoname_downlevel.obj
 0001:00004140       ??_C@_1M@OMFIPEDC@?$AAa?$AAr?$AA?9?$AAt?$AAn?$AA?$AA@ 0000000180005140     libucrt:lcidtoname_downlevel.obj
 0001:00004150       ??_C@_1M@IHMHGAON@?$AAa?$AAr?$AA?9?$AAy?$AAe?$AA?$AA@ 0000000180005150     libucrt:lcidtoname_downlevel.obj
 0001:00004160       ??_C@_1BG@KDCPGJGB@?$AAa?$AAz?$AA?9?$AAa?$AAz?$AA?9?$AAc?$AAy?$AAr?$AAl?$AA?$AA@ 0000000180005160     libucrt:lcidtoname_downlevel.obj
 0001:00004178       ??_C@_1BG@IBCKDDOE@?$AAa?$AAz?$AA?9?$AAa?$AAz?$AA?9?$AAl?$AAa?$AAt?$AAn?$AA?$AA@ 0000000180005178     libucrt:lcidtoname_downlevel.obj
 0001:00004190       ??_C@_1M@EGPFDCPD@?$AAb?$AAe?$AA?9?$AAb?$AAy?$AA?$AA@ 0000000180005190     libucrt:lcidtoname_downlevel.obj
 0001:000041a0       ??_C@_1M@PCMGMCGC@?$AAb?$AAg?$AA?9?$AAb?$AAg?$AA?$AA@ 00000001800051a0     libucrt:lcidtoname_downlevel.obj
 0001:000041b0       ??_C@_1M@BJBMFGOB@?$AAb?$AAn?$AA?9?$AAi?$AAn?$AA?$AA@ 00000001800051b0     libucrt:lcidtoname_downlevel.obj
 0001:000041c0       ??_C@_1BG@EAKMMACD@?$AAb?$AAs?$AA?9?$AAb?$AAa?$AA?9?$AAl?$AAa?$AAt?$AAn?$AA?$AA@ 00000001800051c0     libucrt:lcidtoname_downlevel.obj
 0001:000041d8       ??_C@_1M@KGADAODK@?$AAc?$AAa?$AA?9?$AAe?$AAs?$AA?$AA@ 00000001800051d8     libucrt:lcidtoname_downlevel.obj
 0001:000041e8       ??_C@_1M@COAJPDHI@?$AAc?$AAs?$AA?9?$AAc?$AAz?$AA?$AA@ 00000001800051e8     libucrt:lcidtoname_downlevel.obj
 0001:000041f8       ??_C@_1M@DHBHFONH@?$AAc?$AAy?$AA?9?$AAg?$AAb?$AA?$AA@ 00000001800051f8     libucrt:lcidtoname_downlevel.obj
 0001:00004208       ??_C@_1M@IMGKELGA@?$AAd?$AAa?$AA?9?$AAd?$AAk?$AA?$AA@ 0000000180005208     libucrt:lcidtoname_downlevel.obj
 0001:00004218       ??_C@_1M@NNDGDNGA@?$AAd?$AAe?$AA?9?$AAa?$AAt?$AA?$AA@ 0000000180005218     libucrt:lcidtoname_downlevel.obj
 0001:00004228       ??_C@_1M@IKDBHEEM@?$AAd?$AAe?$AA?9?$AAc?$AAh?$AA?$AA@ 0000000180005228     libucrt:lcidtoname_downlevel.obj
 0001:00004238       ??_C@_1M@GFFOJMCJ@?$AAd?$AAe?$AA?9?$AAd?$AAe?$AA?$AA@ 0000000180005238     libucrt:lcidtoname_downlevel.obj
 0001:00004248       ??_C@_1M@MDNLKBPM@?$AAd?$AAe?$AA?9?$AAl?$AAi?$AA?$AA@ 0000000180005248     libucrt:lcidtoname_downlevel.obj
 0001:00004258       ??_C@_1M@NJBEEJNL@?$AAd?$AAe?$AA?9?$AAl?$AAu?$AA?$AA@ 0000000180005258     libucrt:lcidtoname_downlevel.obj
 0001:00004268       ??_C@_1O@GNNELBAP@?$AAd?$AAi?$AAv?$AA?9?$AAm?$AAv?$AA?$AA@ 0000000180005268     libucrt:lcidtoname_downlevel.obj
 0001:00004278       ??_C@_1M@EJLEOGAE@?$AAe?$AAl?$AA?9?$AAg?$AAr?$AA?$AA@ 0000000180005278     libucrt:lcidtoname_downlevel.obj
 0001:00004288       ??_C@_1M@GMPONJN@?$AAe?$AAn?$AA?9?$AAa?$AAu?$AA?$AA@ 0000000180005288     libucrt:lcidtoname_downlevel.obj
 0001:00004298       ??_C@_1M@NIDIIPGF@?$AAe?$AAn?$AA?9?$AAb?$AAz?$AA?$AA@ 0000000180005298     libucrt:lcidtoname_downlevel.obj
 0001:000042a8       ??_C@_1M@JEHMIMFO@?$AAe?$AAn?$AA?9?$AAc?$AAa?$AA?$AA@ 00000001800052a8     libucrt:lcidtoname_downlevel.obj
 0001:000042b8       ??_C@_1M@IGMJCDLA@?$AAe?$AAn?$AA?9?$AAc?$AAb?$AA?$AA@ 00000001800052b8     libucrt:lcidtoname_downlevel.obj
 0001:000042c8       ??_C@_1M@BNFIGBKG@?$AAe?$AAn?$AA?9?$AAg?$AAb?$AA?$AA@ 00000001800052c8     libucrt:lcidtoname_downlevel.obj
 0001:000042d8       ??_C@_1M@LKIFDIGP@?$AAe?$AAn?$AA?9?$AAi?$AAe?$AA?$AA@ 00000001800052d8     libucrt:lcidtoname_downlevel.obj
 0001:000042e8       ??_C@_1M@PJKFGCCO@?$AAe?$AAn?$AA?9?$AAj?$AAm?$AA?$AA@ 00000001800052e8     libucrt:lcidtoname_downlevel.obj
 0001:000042f8       ??_C@_1M@KPPKEPBO@?$AAe?$AAn?$AA?9?$AAn?$AAz?$AA?$AA@ 00000001800052f8     libucrt:lcidtoname_downlevel.obj
 0001:00004308       ??_C@_1M@GMDGLDOB@?$AAe?$AAn?$AA?9?$AAp?$AAh?$AA?$AA@ 0000000180005308     libucrt:lcidtoname_downlevel.obj
 0001:00004318       ??_C@_1M@ONGIBJNA@?$AAe?$AAn?$AA?9?$AAt?$AAt?$AA?$AA@ 0000000180005318     libucrt:lcidtoname_downlevel.obj
 0001:00004328       ??_C@_1M@LLODPCMM@?$AAe?$AAn?$AA?9?$AAu?$AAs?$AA?$AA@ 0000000180005328     libucrt:lcidtoname_downlevel.obj
 0001:00004338       ??_C@_1M@LAKFNPAN@?$AAe?$AAn?$AA?9?$AAz?$AAa?$AA?$AA@ 0000000180005338     libucrt:lcidtoname_downlevel.obj
 0001:00004348       ??_C@_1M@MFNHNHEO@?$AAe?$AAn?$AA?9?$AAz?$AAw?$AA?$AA@ 0000000180005348     libucrt:lcidtoname_downlevel.obj
 0001:00004358       ??_C@_1M@EJEINPHM@?$AAe?$AAs?$AA?9?$AAa?$AAr?$AA?$AA@ 0000000180005358     libucrt:lcidtoname_downlevel.obj
 0001:00004368       ??_C@_1M@GNKPCCJA@?$AAe?$AAs?$AA?9?$AAb?$AAo?$AA?$AA@ 0000000180005368     libucrt:lcidtoname_downlevel.obj
 0001:00004378       ??_C@_1M@LEEGFONL@?$AAe?$AAs?$AA?9?$AAc?$AAl?$AA?$AA@ 0000000180005378     libucrt:lcidtoname_downlevel.obj
 0001:00004388       ??_C@_1M@KGPDPBDF@?$AAe?$AAs?$AA?9?$AAc?$AAo?$AA?$AA@ 0000000180005388     libucrt:lcidtoname_downlevel.obj
 0001:00004398       ??_C@_1M@EIAHOHH@?$AAe?$AAs?$AA?9?$AAc?$AAr?$AA?$AA@ 0000000180005398     libucrt:lcidtoname_downlevel.obj
 0001:000043a8       ??_C@_1M@LLPGMBIN@?$AAe?$AAs?$AA?9?$AAd?$AAo?$AA?$AA@ 00000001800053a8     libucrt:lcidtoname_downlevel.obj
 0001:000043b8       ??_C@_1M@DKHMKNJA@?$AAe?$AAs?$AA?9?$AAe?$AAc?$AA?$AA@ 00000001800053b8     libucrt:lcidtoname_downlevel.obj
 0001:000043c8       ??_C@_1M@GKGFPKAP@?$AAe?$AAs?$AA?9?$AAe?$AAs?$AA?$AA@ 00000001800053c8     libucrt:lcidtoname_downlevel.obj
 0001:000043d8       ??_C@_1M@LKHKGDLN@?$AAe?$AAs?$AA?9?$AAg?$AAt?$AA?$AA@ 00000001800053d8     libucrt:lcidtoname_downlevel.obj
 0001:000043e8       ??_C@_1M@HEIIGGJD@?$AAe?$AAs?$AA?9?$AAh?$AAn?$AA?$AA@ 00000001800053e8     libucrt:lcidtoname_downlevel.obj
 0001:000043f8       ??_C@_1M@FBDHPPGD@?$AAe?$AAs?$AA?9?$AAm?$AAx?$AA?$AA@ 00000001800053f8     libucrt:lcidtoname_downlevel.obj
 0001:00004408       ??_C@_1M@DPAGLNDH@?$AAe?$AAs?$AA?9?$AAn?$AAi?$AA?$AA@ 0000000180005408     libucrt:lcidtoname_downlevel.obj
 0001:00004418       ??_C@_1M@MDGOPGDD@?$AAe?$AAs?$AA?9?$AAp?$AAa?$AA?$AA@ 0000000180005418     libucrt:lcidtoname_downlevel.obj
 0001:00004428       ??_C@_1M@EMAMGBGE@?$AAe?$AAs?$AA?9?$AAp?$AAe?$AA?$AA@ 0000000180005428     libucrt:lcidtoname_downlevel.obj
 0001:00004438       ??_C@_1M@IBMCAOEC@?$AAe?$AAs?$AA?9?$AAp?$AAr?$AA?$AA@ 0000000180005438     libucrt:lcidtoname_downlevel.obj
 0001:00004448       ??_C@_1M@FGMDIJED@?$AAe?$AAs?$AA?9?$AAp?$AAy?$AA?$AA@ 0000000180005448     libucrt:lcidtoname_downlevel.obj
 0001:00004458       ??_C@_1M@IIDEOLLL@?$AAe?$AAs?$AA?9?$AAs?$AAv?$AA?$AA@ 0000000180005458     libucrt:lcidtoname_downlevel.obj
 0001:00004468       ??_C@_1M@GAOBIPA@?$AAe?$AAs?$AA?9?$AAu?$AAy?$AA?$AA@ 0000000180005468     libucrt:lcidtoname_downlevel.obj
 0001:00004478       ??_C@_1M@JKFFICHJ@?$AAe?$AAs?$AA?9?$AAv?$AAe?$AA?$AA@ 0000000180005478     libucrt:lcidtoname_downlevel.obj
 0001:00004488       ??_C@_1M@PNMLOJDF@?$AAe?$AAt?$AA?9?$AAe?$AAe?$AA?$AA@ 0000000180005488     libucrt:lcidtoname_downlevel.obj
 0001:00004498       ??_C@_1M@GHHLIKEI@?$AAe?$AAu?$AA?9?$AAe?$AAs?$AA?$AA@ 0000000180005498     libucrt:lcidtoname_downlevel.obj
 0001:000044a8       ??_C@_1M@PBNONODE@?$AAf?$AAa?$AA?9?$AAi?$AAr?$AA?$AA@ 00000001800054a8     libucrt:lcidtoname_downlevel.obj
 0001:000044b8       ??_C@_1M@JEEHPMIL@?$AAf?$AAi?$AA?9?$AAf?$AAi?$AA?$AA@ 00000001800054b8     libucrt:lcidtoname_downlevel.obj
 0001:000044c8       ??_C@_1M@LMDCNDBA@?$AAf?$AAo?$AA?9?$AAf?$AAo?$AA?$AA@ 00000001800054c8     libucrt:lcidtoname_downlevel.obj
 0001:000044d8       ??_C@_1M@JKEOHLDK@?$AAf?$AAr?$AA?9?$AAb?$AAe?$AA?$AA@ 00000001800054d8     libucrt:lcidtoname_downlevel.obj
 0001:000044e8       ??_C@_1M@NOHADPMI@?$AAf?$AAr?$AA?9?$AAc?$AAa?$AA?$AA@ 00000001800054e8     libucrt:lcidtoname_downlevel.obj
 0001:000044f8       ??_C@_1M@KDHIHAEC@?$AAf?$AAr?$AA?9?$AAc?$AAh?$AA?$AA@ 00000001800054f8     libucrt:lcidtoname_downlevel.obj
 0001:00004508       ??_C@_1M@MMBBFGAK@?$AAf?$AAr?$AA?9?$AAf?$AAr?$AA?$AA@ 0000000180005508     libucrt:lcidtoname_downlevel.obj
 0001:00004518       ??_C@_1M@PAFNENNF@?$AAf?$AAr?$AA?9?$AAl?$AAu?$AA?$AA@ 0000000180005518     libucrt:lcidtoname_downlevel.obj
 0001:00004528       ??_C@_1M@EOHDJGDD@?$AAf?$AAr?$AA?9?$AAm?$AAc?$AA?$AA@ 0000000180005528     libucrt:lcidtoname_downlevel.obj
 0001:00004538       ??_C@_1M@FAPLLOPF@?$AAg?$AAl?$AA?9?$AAe?$AAs?$AA?$AA@ 0000000180005538     libucrt:lcidtoname_downlevel.obj
 0001:00004548       ??_C@_1M@FOPBFLOO@?$AAg?$AAu?$AA?9?$AAi?$AAn?$AA?$AA@ 0000000180005548     libucrt:lcidtoname_downlevel.obj
 0001:00004558       ??_C@_1M@KBMCINPM@?$AAh?$AAe?$AA?9?$AAi?$AAl?$AA?$AA@ 0000000180005558     libucrt:lcidtoname_downlevel.obj
 0001:00004568       ??_C@_1M@BBPHKFPJ@?$AAh?$AAi?$AA?9?$AAi?$AAn?$AA?$AA@ 0000000180005568     libucrt:lcidtoname_downlevel.obj
 0001:00004578       ??_C@_1M@PMBNDPHD@?$AAh?$AAr?$AA?9?$AAb?$AAa?$AA?$AA@ 0000000180005578     libucrt:lcidtoname_downlevel.obj
 0001:00004588       ??_C@_1M@BPCKOEGE@?$AAh?$AAr?$AA?9?$AAh?$AAr?$AA?$AA@ 0000000180005588     libucrt:lcidtoname_downlevel.obj
 0001:00004598       ??_C@_1M@GACBMHKE@?$AAh?$AAu?$AA?9?$AAh?$AAu?$AA?$AA@ 0000000180005598     libucrt:lcidtoname_downlevel.obj
 0001:000045a8       ??_C@_1M@MILPAJJC@?$AAh?$AAy?$AA?9?$AAa?$AAm?$AA?$AA@ 00000001800055a8     libucrt:lcidtoname_downlevel.obj
 0001:000045b8       ??_C@_1M@BABBICEC@?$AAi?$AAd?$AA?9?$AAi?$AAd?$AA?$AA@ 00000001800055b8     libucrt:lcidtoname_downlevel.obj
 0001:000045c8       ??_C@_1M@BIKNHHPF@?$AAi?$AAs?$AA?9?$AAi?$AAs?$AA?$AA@ 00000001800055c8     libucrt:lcidtoname_downlevel.obj
 0001:000045d8       ??_C@_1M@NMPCJPHE@?$AAi?$AAt?$AA?9?$AAc?$AAh?$AA?$AA@ 00000001800055d8     libucrt:lcidtoname_downlevel.obj
 0001:000045e8       ??_C@_1M@GHKGFEDF@?$AAi?$AAt?$AA?9?$AAi?$AAt?$AA?$AA@ 00000001800055e8     libucrt:lcidtoname_downlevel.obj
 0001:000045f8       ??_C@_1M@NIEJCJJA@?$AAj?$AAa?$AA?9?$AAj?$AAp?$AA?$AA@ 00000001800055f8     libucrt:lcidtoname_downlevel.obj
 0001:00004608       ??_C@_1M@JILFNBIM@?$AAk?$AAa?$AA?9?$AAg?$AAe?$AA?$AA@ 0000000180005608     libucrt:lcidtoname_downlevel.obj
 0001:00004618       ??_C@_1M@PACPMGPH@?$AAk?$AAk?$AA?9?$AAk?$AAz?$AA?$AA@ 0000000180005618     libucrt:lcidtoname_downlevel.obj
 0001:00004628       ??_C@_1M@IELFGMHA@?$AAk?$AAn?$AA?9?$AAi?$AAn?$AA?$AA@ 0000000180005628     libucrt:lcidtoname_downlevel.obj
 0001:00004638       ??_C@_1O@IBBJHCH@?$AAk?$AAo?$AAk?$AA?9?$AAi?$AAn?$AA?$AA@ 0000000180005638     libucrt:lcidtoname_downlevel.obj
 0001:00004648       ??_C@_1M@DMHAEOGC@?$AAk?$AAo?$AA?9?$AAk?$AAr?$AA?$AA@ 0000000180005648     libucrt:lcidtoname_downlevel.obj
 0001:00004658       ??_C@_1M@HBAHBIGA@?$AAk?$AAy?$AA?9?$AAk?$AAg?$AA?$AA@ 0000000180005658     libucrt:lcidtoname_downlevel.obj
 0001:00004668       ??_C@_1M@KPMILCJG@?$AAl?$AAt?$AA?9?$AAl?$AAt?$AA?$AA@ 0000000180005668     libucrt:lcidtoname_downlevel.obj
 0001:00004678       ??_C@_1M@BDEKKCA@?$AAl?$AAv?$AA?9?$AAl?$AAv?$AA?$AA@ 0000000180005678     libucrt:lcidtoname_downlevel.obj
 0001:00004688       ??_C@_1M@ELCKCCJJ@?$AAm?$AAi?$AA?9?$AAn?$AAz?$AA?$AA@ 0000000180005688     libucrt:lcidtoname_downlevel.obj
 0001:00004698       ??_C@_1M@CBOOLAPA@?$AAm?$AAk?$AA?9?$AAm?$AAk?$AA?$AA@ 0000000180005698     libucrt:lcidtoname_downlevel.obj
 0001:000046a8       ??_C@_1M@GPHNBJKN@?$AAm?$AAl?$AA?9?$AAi?$AAn?$AA?$AA@ 00000001800056a8     libucrt:lcidtoname_downlevel.obj
 0001:000046b8       ??_C@_1M@PABJILIG@?$AAm?$AAn?$AA?9?$AAm?$AAn?$AA?$AA@ 00000001800056b8     libucrt:lcidtoname_downlevel.obj
 0001:000046c8       ??_C@_1M@FGBKKIPG@?$AAm?$AAr?$AA?9?$AAi?$AAn?$AA?$AA@ 00000001800056c8     libucrt:lcidtoname_downlevel.obj
 0001:000046d8       ??_C@_1M@NDBPDDAL@?$AAm?$AAs?$AA?9?$AAb?$AAn?$AA?$AA@ 00000001800056d8     libucrt:lcidtoname_downlevel.obj
 0001:000046e8       ??_C@_1M@OPIHOOPI@?$AAm?$AAs?$AA?9?$AAm?$AAy?$AA?$AA@ 00000001800056e8     libucrt:lcidtoname_downlevel.obj
 0001:000046f8       ??_C@_1M@PPDBCNFM@?$AAm?$AAt?$AA?9?$AAm?$AAt?$AA?$AA@ 00000001800056f8     libucrt:lcidtoname_downlevel.obj
 0001:00004708       ??_C@_1M@KDJDKMDD@?$AAn?$AAb?$AA?9?$AAn?$AAo?$AA?$AA@ 0000000180005708     libucrt:lcidtoname_downlevel.obj
 0001:00004718       ??_C@_1M@KFCFLMJP@?$AAn?$AAl?$AA?9?$AAb?$AAe?$AA?$AA@ 0000000180005718     libucrt:lcidtoname_downlevel.obj
 0001:00004728       ??_C@_1M@KPOPDDGO@?$AAn?$AAl?$AA?9?$AAn?$AAl?$AA?$AA@ 0000000180005728     libucrt:lcidtoname_downlevel.obj
 0001:00004738       ??_C@_1M@LJKPEMLN@?$AAn?$AAn?$AA?9?$AAn?$AAo?$AA?$AA@ 0000000180005738     libucrt:lcidtoname_downlevel.obj
 0001:00004748       ??_C@_1M@BDGHHBFL@?$AAn?$AAs?$AA?9?$AAz?$AAa?$AA?$AA@ 0000000180005748     libucrt:lcidtoname_downlevel.obj
 0001:00004758       ??_C@_1M@IDEHOAP@?$AAp?$AAa?$AA?9?$AAi?$AAn?$AA?$AA@ 0000000180005758     libucrt:lcidtoname_downlevel.obj
 0001:00004768       ??_C@_1M@HDBKGOGH@?$AAp?$AAl?$AA?9?$AAp?$AAl?$AA?$AA@ 0000000180005768     libucrt:lcidtoname_downlevel.obj
 0001:00004778       ??_C@_1M@LJLLCMEH@?$AAp?$AAt?$AA?9?$AAb?$AAr?$AA?$AA@ 0000000180005778     libucrt:lcidtoname_downlevel.obj
 0001:00004788       ??_C@_1M@NCMONAAL@?$AAp?$AAt?$AA?9?$AAp?$AAt?$AA?$AA@ 0000000180005788     libucrt:lcidtoname_downlevel.obj
 0001:00004798       ??_C@_1O@EAKMAJDN@?$AAq?$AAu?$AAz?$AA?9?$AAb?$AAo?$AA?$AA@ 0000000180005798     libucrt:lcidtoname_downlevel.obj
 0001:000047a8       ??_C@_1O@BHHPIGDN@?$AAq?$AAu?$AAz?$AA?9?$AAe?$AAc?$AA?$AA@ 00000001800057a8     libucrt:lcidtoname_downlevel.obj
 0001:000047b8       ??_C@_1O@GBAPEKMJ@?$AAq?$AAu?$AAz?$AA?9?$AAp?$AAe?$AA?$AA@ 00000001800057b8     libucrt:lcidtoname_downlevel.obj
 0001:000047c8       ??_C@_1M@CLGLEFBO@?$AAr?$AAo?$AA?9?$AAr?$AAo?$AA?$AA@ 00000001800057c8     libucrt:lcidtoname_downlevel.obj
 0001:000047d8       ??_C@_1M@CEEDODME@?$AAr?$AAu?$AA?9?$AAr?$AAu?$AA?$AA@ 00000001800057d8     libucrt:lcidtoname_downlevel.obj
 0001:000047e8       ??_C@_1M@HPKKKMPP@?$AAs?$AAa?$AA?9?$AAi?$AAn?$AA?$AA@ 00000001800057e8     libucrt:lcidtoname_downlevel.obj
 0001:000047f8       ??_C@_1M@BKMAIGOJ@?$AAs?$AAe?$AA?9?$AAf?$AAi?$AA?$AA@ 00000001800057f8     libucrt:lcidtoname_downlevel.obj
 0001:00004808       ??_C@_1M@NDPIFLFI@?$AAs?$AAe?$AA?9?$AAn?$AAo?$AA?$AA@ 0000000180005808     libucrt:lcidtoname_downlevel.obj
 0001:00004818       ??_C@_1M@DANKKHJ@?$AAs?$AAe?$AA?9?$AAs?$AAe?$AA?$AA@ 0000000180005818     libucrt:lcidtoname_downlevel.obj
 0001:00004828       ??_C@_1M@PNBLONPJ@?$AAs?$AAk?$AA?9?$AAs?$AAk?$AA?$AA@ 0000000180005828     libucrt:lcidtoname_downlevel.obj
 0001:00004838       ??_C@_1M@LFMODOAL@?$AAs?$AAl?$AA?9?$AAs?$AAi?$AA?$AA@ 0000000180005838     libucrt:lcidtoname_downlevel.obj
 0001:00004848       ??_C@_1O@DFKOMPG@?$AAs?$AAm?$AAa?$AA?9?$AAn?$AAo?$AA?$AA@ 0000000180005848     libucrt:lcidtoname_downlevel.obj
 0001:00004858       ??_C@_1O@NDKPBNNH@?$AAs?$AAm?$AAa?$AA?9?$AAs?$AAe?$AA?$AA@ 0000000180005858     libucrt:lcidtoname_downlevel.obj
 0001:00004868       ??_C@_1O@PLLKBHAB@?$AAs?$AAm?$AAj?$AA?9?$AAn?$AAo?$AA?$AA@ 0000000180005868     libucrt:lcidtoname_downlevel.obj
 0001:00004878       ??_C@_1O@CLEPOGCA@?$AAs?$AAm?$AAj?$AA?9?$AAs?$AAe?$AA?$AA@ 0000000180005878     libucrt:lcidtoname_downlevel.obj
 0001:00004888       ??_C@_1O@DLGJGKMK@?$AAs?$AAm?$AAn?$AA?9?$AAf?$AAi?$AA?$AA@ 0000000180005888     libucrt:lcidtoname_downlevel.obj
 0001:00004898       ??_C@_1O@OJDJGAJC@?$AAs?$AAm?$AAs?$AA?9?$AAf?$AAi?$AA?$AA@ 0000000180005898     libucrt:lcidtoname_downlevel.obj
 0001:000048a8       ??_C@_1M@BOFOGHPB@?$AAs?$AAq?$AA?9?$AAa?$AAl?$AA?$AA@ 00000001800058a8     libucrt:lcidtoname_downlevel.obj
 0001:000048b8       ??_C@_1BG@LJBBIPGB@?$AAs?$AAr?$AA?9?$AAb?$AAa?$AA?9?$AAc?$AAy?$AAr?$AAl?$AA?$AA@ 00000001800058b8     libucrt:lcidtoname_downlevel.obj
 0001:000048d0       ??_C@_1BG@JLBENFOE@?$AAs?$AAr?$AA?9?$AAb?$AAa?$AA?9?$AAl?$AAa?$AAt?$AAn?$AA?$AA@ 00000001800058d0     libucrt:lcidtoname_downlevel.obj
 0001:000048e8       ??_C@_1BG@KODPNHE@?$AAs?$AAr?$AA?9?$AAs?$AAp?$AA?9?$AAc?$AAy?$AAr?$AAl?$AA?$AA@ 00000001800058e8     libucrt:lcidtoname_downlevel.obj
 0001:00004900       ??_C@_1BG@CIOGKHPB@?$AAs?$AAr?$AA?9?$AAs?$AAp?$AA?9?$AAl?$AAa?$AAt?$AAn?$AA?$AA@ 0000000180005900     libucrt:lcidtoname_downlevel.obj
 0001:00004918       ??_C@_1M@NGFJLMAC@?$AAs?$AAv?$AA?9?$AAf?$AAi?$AA?$AA@ 0000000180005918     libucrt:lcidtoname_downlevel.obj
 0001:00004928       ??_C@_1M@MPJEJAJC@?$AAs?$AAv?$AA?9?$AAs?$AAe?$AA?$AA@ 0000000180005928     libucrt:lcidtoname_downlevel.obj
 0001:00004938       ??_C@_1M@MPNDHLFK@?$AAs?$AAw?$AA?9?$AAk?$AAe?$AA?$AA@ 0000000180005938     libucrt:lcidtoname_downlevel.obj
 0001:00004948       ??_C@_1O@KOHBJJI@?$AAs?$AAy?$AAr?$AA?9?$AAs?$AAy?$AA?$AA@ 0000000180005948     libucrt:lcidtoname_downlevel.obj
 0001:00004958       ??_C@_1M@LDCEFHA@?$AAt?$AAa?$AA?9?$AAi?$AAn?$AA?$AA@ 0000000180005958     libucrt:lcidtoname_downlevel.obj
 0001:00004968       ??_C@_1M@CNJOFAK@?$AAt?$AAe?$AA?9?$AAi?$AAn?$AA?$AA@ 0000000180005968     libucrt:lcidtoname_downlevel.obj
 0001:00004978       ??_C@_1M@GNAECACD@?$AAt?$AAh?$AA?9?$AAt?$AAh?$AA?$AA@ 0000000180005978     libucrt:lcidtoname_downlevel.obj
 0001:00004988       ??_C@_1M@CHBIHOJO@?$AAt?$AAn?$AA?9?$AAz?$AAa?$AA?$AA@ 0000000180005988     libucrt:lcidtoname_downlevel.obj
 0001:00004998       ??_C@_1M@GCCMIGPJ@?$AAt?$AAr?$AA?9?$AAt?$AAr?$AA?$AA@ 0000000180005998     libucrt:lcidtoname_downlevel.obj
 0001:000049a8       ??_C@_1M@CELMCNBK@?$AAt?$AAt?$AA?9?$AAr?$AAu?$AA?$AA@ 00000001800059a8     libucrt:lcidtoname_downlevel.obj
 0001:000049b8       ??_C@_1M@KLMCELGA@?$AAu?$AAk?$AA?9?$AAu?$AAa?$AA?$AA@ 00000001800059b8     libucrt:lcidtoname_downlevel.obj
[...]
 0003:00000a08       $pdata$??$?RV<lambda_aa87e3671a710a21b5dc78c0bdf72e11>@@AEAV<lambda_92619d2358a28f41a33ba319515a20b9>@@V<lambda_6992ecaafeb10aed2b74cb1fae11a551>@@@?$__crt_seh_guarded_call@X@@QEAAX$$QEAV<lambda_aa87e3671a710a21b5dc78c0bdf72e11>@@AEAV<lambda_92619d2358a28f41a33ba319515a20b9>@@$$QEAV<lambda_6992ecaafeb10aed2b74cb1fae11a551>@@@Z 000000018001fa08     libucrt:per_thread_data.obj
 0003:00000a14       $pdata$??$?RV<lambda_f2e299630e499de9f9a165e60fcd3db5>@@AEAV<lambda_2ae9d31cdba2644fcbeaf08da7c24588>@@V<lambda_40d01ff24d0e7b3814fdbdcee8eab3c7>@@@?$__crt_seh_guarded_call@X@@QEAAX$$QEAV<lambda_f2e299630e499de9f9a165e60fcd3db5>@@AEAV<lambda_2ae9d31cdba2644fcbeaf08da7c24588>@@$$QEAV<lambda_40d01ff24d0e7b3814fdbdcee8eab3c7>@@@Z 000000018001fa14     libucrt:per_thread_data.obj
 0003:000009fc       $pdata$??$?RV<lambda_2d41944a1d46af3157314b8a01080d33>@@AEAV<lambda_8f455de75cd7d7f24b4096f044d8b9e6>@@V<lambda_aa500f224e6afead328df44964fe2772>@@@?$__crt_seh_guarded_call@X@@QEAAX$$QEAV<lambda_2d41944a1d46af3157314b8a01080d33>@@AEAV<lambda_8f455de75cd7d7f24b4096f044d8b9e6>@@$$QEAV<lambda_aa500f224e6afead328df44964fe2772>@@@Z 000000018001f9fc     libucrt:per_thread_data.obj
 0003:00000a98       $pdata$__acrt_update_locale_info 000000018001fa98     libucrt:locale_update.obj
 0003:00000aa4       $pdata$__acrt_update_multibyte_info 000000018001faa4     libucrt:locale_update.obj
 0003:00000abc       $pdata$__acrt_uninitialize_locale 000000018001fabc     libucrt:wsetlocale.obj
 0003:00000ab0       $pdata$??$?RV<lambda_410d79af7f07d98d83a3f525b3859a53>@@AEAV<lambda_3e16ef9562a7dcce91392c22ab16ea36>@@V<lambda_38119f0e861e05405d8a144b9b982f0a>@@@?$__crt_seh_guarded_call@X@@QEAAX$$QEAV<lambda_410d79af7f07d98d83a3f525b3859a53>@@AEAV<lambda_3e16ef9562a7dcce91392c22ab16ea36>@@$$QEAV<lambda_38119f0e861e05405d8a144b9b982f0a>@@@Z 000000018001fab0     libucrt:wsetlocale.obj
 0003:00001134       $pdata$?fin$0@?0???$?RV<lambda_410d79af7f07d98d83a3f525b3859a53>@@AEAV<lambda_3e16ef9562a7dcce91392c22ab16ea36>@@V<lambda_38119f0e861e05405d8a144b9b982f0a>@@@?$__crt_seh_guarded_call@X@@QEAAX$$QEAV<lambda_410d79af7f07d98d83a3f525b3859a53>@@AEAV<lambda_3e16ef9562a7dcce91392c22ab16ea36>@@$$QEAV<lambda_38119f0e861e05405d8a144b9b982f0a>@@@Z@4HA 0000000180020134     libucrt:wsetlocale.obj
 0003:00000ac8       $pdata$_realloc_base       000000018001fac8     libucrt:realloc_base.obj
 0003:00000ad4       $pdata$__acrt_initialize_locks 000000018001fad4     libucrt:locks.obj
 0003:00000ae0       $pdata$__acrt_uninitialize_locks 000000018001fae0     libucrt:locks.obj
 0003:00000aec       $pdata$__acrt_get_process_end_policy 000000018001faec     libucrt:win_policies.obj
 0003:00000af8       $pdata$_calloc_base        000000018001faf8     libucrt:calloc_base.obj
 0003:00000b04       $pdata$??$common_expand_argv_wildcards@D@@YAHQEAPEADQEAPEAPEAD@Z 000000018001fb04     libucrt:argv_wildcards.obj
 0003:00000b10       $pdata$??$copy_and_add_argument_to_buffer@D@@YAHQEBD0_KAEAV?$argument_list@D@?A0x5f5c8891@@@Z 000000018001fb10     libucrt:argv_wildcards.obj
 0003:00000b1c       $pdata$??$expand_argument_wildcards@D@@YAHQEAD0AEAV?$argument_list@D@?A0x5f5c8891@@@Z 000000018001fb1c     libucrt:argv_wildcards.obj
 0003:00000b7c       $pdata$__acrt_update_thread_multibyte_data 000000018001fb7c     libucrt:mbctype.obj
 0003:00000b70       $pdata$__acrt_initialize_multibyte 000000018001fb70     libucrt:mbctype.obj
 0003:00000b88       $pdata$_setmbcp_nolock     000000018001fb88     libucrt:mbctype.obj
 0003:00000b34       $pdata$?getSystemCP@@YAHH@Z 000000018001fb34     libucrt:mbctype.obj
 0003:00000b40       $pdata$?setSBCS@@YAXPEAU__crt_multibyte_data@@@Z 000000018001fb40     libucrt:mbctype.obj
 0003:00000b64       $pdata$?update_thread_multibyte_data_internal@@YAPEAU__crt_multibyte_data@@QEAU__acrt_ptd@@QEAPEAU1@@Z 000000018001fb64     libucrt:mbctype.obj
 0003:00001140       $pdata$?fin$0@?0??update_thread_multibyte_data_internal@@YAPEAU__crt_multibyte_data@@QEAU__acrt_ptd@@QEAPEAU1@@Z@4HA 0000000180020140     libucrt:mbctype.obj
 0003:00000b58       $pdata$?setmbcp_internal@@YAHH_NQEAU__acrt_ptd@@QEAPEAU__crt_multibyte_data@@@Z 000000018001fb58     libucrt:mbctype.obj
 0003:00000b4c       $pdata$?setSBUpLow@@YAXPEAU__crt_multibyte_data@@@Z 000000018001fb4c     libucrt:mbctype.obj
 0003:00000b28       $pdata$??$?RV<lambda_efdfa57d1f175319df784efa44bb7b81>@@AEAV<lambda_5f0a4c1567f8adc6734073e5d1e1b35c>@@V<lambda_2e8a7d3640ea6ccb4c2413664c2db6fd>@@@?$__crt_seh_guarded_call@X@@QEAAX$$QEAV<lambda_efdfa57d1f175319df784efa44bb7b81>@@AEAV<lambda_5f0a4c1567f8adc6734073e5d1e1b35c>@@$$QEAV<lambda_2e8a7d3640ea6ccb4c2413664c2db6fd>@@@Z 000000018001fb28     libucrt:mbctype.obj
 0003:00000b94       $pdata$?x_ismbbtype_l@@YAHPEAU__crt_locale_pointers@@IHH@Z 000000018001fb94     libucrt:ismbbyte.obj
 0003:00000ba0       $pdata$__acrt_initialize_command_line 000000018001fba0     libucrt:argv_data.obj
 0003:00000bac       $pdata$__dcrt_get_narrow_environment_from_os 000000018001fbac     libucrt:get_environment_from_os.obj
 0003:00000bb8       $pdata$_recalloc_base      000000018001fbb8     libucrt:recalloc.obj
 0003:00000c30       $pdata$__acrt_initialize_winapi_thunks 000000018001fc30     libucrt:winapi_thunks.obj
 0003:00000c3c       $pdata$__acrt_uninitialize_winapi_thunks 000000018001fc3c     libucrt:winapi_thunks.obj
 0003:00000bdc       $pdata$__acrt_FlsAlloc     000000018001fbdc     libucrt:winapi_thunks.obj
 0003:00000be8       $pdata$__acrt_FlsFree      000000018001fbe8     libucrt:winapi_thunks.obj
 0003:00000bf4       $pdata$__acrt_FlsGetValue  000000018001fbf4     libucrt:winapi_thunks.obj
 0003:00000c00       $pdata$__acrt_FlsSetValue  000000018001fc00     libucrt:winapi_thunks.obj
 0003:00000c0c       $pdata$__acrt_InitializeCriticalSectionEx 000000018001fc0c     libucrt:winapi_thunks.obj
 0003:00000c18       $pdata$__acrt_LCMapStringEx 000000018001fc18     libucrt:winapi_thunks.obj
 0003:00000c24       $pdata$__acrt_LocaleNameToLCID 000000018001fc24     libucrt:winapi_thunks.obj
 0003:00000bd0       $pdata$__acrt_AppPolicyGetProcessTerminationMethodInternal 000000018001fbd0     libucrt:winapi_thunks.obj
 0003:00000bc4       $pdata$?try_get_function@@YAPEAXW4function_id@?A0x391cf84c@@QEBDQEBW4module_id@2@2@Z 000000018001fbc4     libucrt:winapi_thunks.obj
 0003:00000c48       $pdata$__acrt_initialize_heap 000000018001fc48     libucrt:heap_handle.obj
 0003:00000c6c       $pdata$__acrt_initialize_lowio 000000018001fc6c     libucrt:ioinit.obj
 0003:0000114c       $pdata$__acrt_lowio_ensure_fh_exists$fin$0 000000018002014c     libucrt:osfinfo.obj
 0003:0000114c       $pdata$__acrt_initialize_lowio$fin$0 000000018002014c     libucrt:ioinit.obj
 0003:00000c78       $pdata$__acrt_uninitialize_lowio 000000018001fc78     libucrt:ioinit.obj
 0003:00000c54       $pdata$?initialize_inherited_file_handles_nolock@@YAXXZ 000000018001fc54     libucrt:ioinit.obj
 0003:00000c60       $pdata$?initialize_stdio_handles_nolock@@YAXXZ 000000018001fc60     libucrt:ioinit.obj
 0003:00000c84       $pdata$__acrt_execute_initializers 000000018001fc84     libucrt:shared_initialization.obj
 0003:00000c90       $pdata$__acrt_execute_uninitializers 000000018001fc90     libucrt:shared_initialization.obj
 0003:00000ca8       $pdata$__acrt_get_sigabrt_handler 000000018001fca8     libucrt:signal.obj
 0003:00000cb4       $pdata$raise               000000018001fcb4     libucrt:signal.obj
 0003:00001158       $pdata$raise$fin$0         0000000180020158     libucrt:signal.obj
 0003:00000c9c       $pdata$??$?RV<lambda_450d765d439847d4c735a33c368b5fc0>@@AEAV<lambda_44731a7d0e6d81c3e6aa82d741081786>@@V<lambda_601a2a7da3b7a96e9554ac7215c4b07c>@@@?$__crt_seh_guarded_call@P6AXH@Z@@QEAAP6AXH@Z$$QEAV<lambda_450d765d439847d4c735a33c368b5fc0>@@AEAV<lambda_44731a7d0e6d81c3e6aa82d741081786>@@$$QEAV<lambda_601a2a7da3b7a96e9554ac7215c4b07c>@@@Z 000000018001fc9c     libucrt:signal.obj
 0003:00000cf0       $pdata$_fflush_nolock      000000018001fcf0     libucrt:fflush.obj
 0003:00000ce4       $pdata$__acrt_stdio_flush_nolock 000000018001fce4     libucrt:fflush.obj
 0003:00000cd8       $pdata$?common_flush_all@@YAH_N@Z 000000018001fcd8     libucrt:fflush.obj
 0003:00000cc0       $pdata$??$?RV<lambda_842d9ff0dc9ef11c61343bbaebe7f885>@@AEAV<lambda_c5860995281e5c4ce005b3de8f5874ee>@@V<lambda_d90129c13df834fdcbf8d2b88dafcf2d>@@@?$__crt_seh_guarded_call@X@@QEAAX$$QEAV<lambda_842d9ff0dc9ef11c61343bbaebe7f885>@@AEAV<lambda_c5860995281e5c4ce005b3de8f5874ee>@@$$QEAV<lambda_d90129c13df834fdcbf8d2b88dafcf2d>@@@Z 000000018001fcc0     libucrt:fflush.obj
 0003:00001164       $pdata$?fin$0@?0???$?RV<lambda_842d9ff0dc9ef11c61343bbaebe7f885>@@AEAV<lambda_c5860995281e5c4ce005b3de8f5874ee>@@V<lambda_d90129c13df834fdcbf8d2b88dafcf2d>@@@?$__crt_seh_guarded_call@X@@QEAAX$$QEAV<lambda_842d9ff0dc9ef11c61343bbaebe7f885>@@AEAV<lambda_c5860995281e5c4ce005b3de8f5874ee>@@$$QEAV<lambda_d90129c13df834fdcbf8d2b88dafcf2d>@@@Z@4HA 0000000180020164     libucrt:fflush.obj
 0003:00000ccc       $pdata$??$?RV<lambda_886d6c58226a84441f68b9f2b8217b83>@@AEAV<lambda_ab61a845afdef5b7c387490eaf3616ee>@@V<lambda_f7f22ab5edc0698d5f6905b0d3f44752>@@@?$__crt_seh_guarded_call@X@@QEAAX$$QEAV<lambda_886d6c58226a84441f68b9f2b8217b83>@@AEAV<lambda_ab61a845afdef5b7c387490eaf3616ee>@@$$QEAV<lambda_f7f22ab5edc0698d5f6905b0d3f44752>@@@Z 000000018001fccc     libucrt:fflush.obj
 0003:00001170       $pdata$?fin$0@?0???$?RV<lambda_886d6c58226a84441f68b9f2b8217b83>@@AEAV<lambda_ab61a845afdef5b7c387490eaf3616ee>@@V<lambda_f7f22ab5edc0698d5f6905b0d3f44752>@@@?$__crt_seh_guarded_call@X@@QEAAX$$QEAV<lambda_886d6c58226a84441f68b9f2b8217b83>@@AEAV<lambda_ab61a845afdef5b7c387490eaf3616ee>@@$$QEAV<lambda_f7f22ab5edc0698d5f6905b0d3f44752>@@@Z@4HA 0000000180020170     libucrt:fflush.obj
 0003:00000cfc       $pdata$__acrt_initialize_stdio 000000018001fcfc     libucrt:_file.obj
 0003:00000d08       $pdata$__acrt_uninitialize_stdio 000000018001fd08     libucrt:_file.obj
 0003:00000d14       $pdata$_mbtowc_l           000000018001fd14     libucrt:mbtowc.obj
 0003:00000d20       $pdata$_fileno             000000018001fd20     libucrt:fileno.obj
 0003:00000d2c       $pdata$__pctype_func       000000018001fd2c     libucrt:ctype.obj
 0003:00000d38       $pdata$_isctype_l          000000018001fd38     libucrt:isctype.obj
 0003:00000d44       $pdata$_isleadbyte_l       000000018001fd44     libucrt:_wctype.obj
 0003:00000d5c       $pdata$__acrt_LCMapStringA 000000018001fd5c     libucrt:lcmapstringa.obj
 0003:00000d50       $pdata$?__acrt_LCMapStringA_stat@@YAHPEAU__crt_locale_pointers@@PEB_WKPEBDHPEADHHH@Z 000000018001fd50     libucrt:lcmapstringa.obj
 0003:00000d80       $pdata$__acrt_release_locale_ref 000000018001fd80     libucrt:locale_refcounting.obj
 0003:00000d68       $pdata$__acrt_free_locale  000000018001fd68     libucrt:locale_refcounting.obj
 0003:00000d74       $pdata$__acrt_locale_free_lc_time_if_unreferenced 000000018001fd74     libucrt:locale_refcounting.obj
 0003:00000d8c       $pdata$__acrt_update_thread_locale_data 000000018001fd8c     libucrt:locale_refcounting.obj
 0003:0000117c       $pdata$__acrt_update_thread_locale_data$fin$0 000000018002017c     libucrt:locale_refcounting.obj
 0003:00000d98       $pdata$_updatetlocinfoEx_nolock 000000018001fd98     libucrt:locale_refcounting.obj
 0003:00000da4       $pdata$__acrt_locale_free_monetary 000000018001fda4     libucrt:initmon.obj
 0003:00000db0       $pdata$__acrt_locale_free_numeric 000000018001fdb0     libucrt:initnum.obj
 0003:00000dc8       $pdata$__acrt_locale_free_time 000000018001fdc8     libucrt:inittime.obj
 0003:00000dbc       $pdata$?free_crt_array_internal@@YAXQEAPEBX_K@Z 000000018001fdbc     libucrt:inittime.obj
 0003:00000dd4       $pdata$__acrt_GetStringTypeA 000000018001fdd4     libucrt:getstringtypea.obj
 0003:00000de0       $pdata$qsort               000000018001fde0     libucrt:qsort.obj
 0003:00000dec       $pdata$4$qsort             000000018001fdec     libucrt:qsort.obj
 0003:00000df8       $pdata$5$qsort             000000018001fdf8     libucrt:qsort.obj
 0003:00000e04       $pdata$strncpy_s           000000018001fe04     libucrt:strncpy_s.obj
 0003:00000e1c       $pdata$strpbrk             000000018001fe1c     libucrt:strpbrk.obj
 0003:00000e10       $pdata$fallbackMethod      000000018001fe10     libucrt:strpbrk.obj
 0003:00000e28       $pdata$_mbsdec_l           000000018001fe28     libucrt:mbsdec.obj
 0003:00000e34       $pdata$?initialize_multibyte@@YAHXZ 000000018001fe34     libucrt:multibyte_initializer.obj
 0003:00000e40       $pdata$_msize_base         000000018001fe40     libucrt:msize.obj
 0003:00000e58       $pdata$__acrt_DownlevelLocaleNameToLCID 000000018001fe58     libucrt:lcidtoname_downlevel.obj
 0003:00000e4c       $pdata$?GetTableIndexFromLocaleName@@YAHPEB_W@Z 000000018001fe4c     libucrt:lcidtoname_downlevel.obj
 0003:00000e94       $pdata$_get_osfhandle      000000018001fe94     libucrt:osfinfo.obj
 0003:00000e88       $pdata$_free_osfhnd        000000018001fe88     libucrt:osfinfo.obj
 0003:00000e64       $pdata$__acrt_lowio_create_handle_array 000000018001fe64     libucrt:osfinfo.obj
 0003:00000e70       $pdata$__acrt_lowio_destroy_handle_array 000000018001fe70     libucrt:osfinfo.obj
 0003:00000e7c       $pdata$__acrt_lowio_ensure_fh_exists 000000018001fe7c     libucrt:osfinfo.obj
 0003:00000eac       $pdata$_commit             000000018001feac     libucrt:commit.obj
 0003:00000ea0       $pdata$??$?RV<lambda_a37b2b86f63e897a80ea819b0eb08c01>@@AEAV<lambda_38ce7e780aa69e748d6df282ebc68efe>@@V<lambda_99fb1378e971ab6e7edea83e3a7a83a2>@@@?$__crt_seh_guarded_call@H@@QEAAH$$QEAV<lambda_a37b2b86f63e897a80ea819b0eb08c01>@@AEAV<lambda_38ce7e780aa69e748d6df282ebc68efe>@@$$QEAV<lambda_99fb1378e971ab6e7edea83e3a7a83a2>@@@Z 000000018001fea0     libucrt:commit.obj
 0003:00001188       $pdata$?fin$0@?0???$?RV<lambda_a37b2b86f63e897a80ea819b0eb08c01>@@AEAV<lambda_38ce7e780aa69e748d6df282ebc68efe>@@V<lambda_99fb1378e971ab6e7edea83e3a7a83a2>@@@?$__crt_seh_guarded_call@H@@QEAAH$$QEAV<lambda_a37b2b86f63e897a80ea819b0eb08c01>@@AEAV<lambda_38ce7e780aa69e748d6df282ebc68efe>@@$$QEAV<lambda_99fb1378e971ab6e7edea83e3a7a83a2>@@@Z@4HA 0000000180020188     libucrt:commit.obj
 0003:00001188       $pdata$?fin$0@?0???$?RV<lambda_751a882b2c74d4b022dec766aa51a29a>@@AEAV<lambda_628dfdc04ba53c8bfc02c9951375f3f5>@@V<lambda_f6c7be5f7998530c34de24c7437d6b54>@@@?$__crt_seh_guarded_call@H@@QEAAH$$QEAV<lambda_751a882b2c74d4b022dec766aa51a29a>@@AEAV<lambda_628dfdc04ba53c8bfc02c9951375f3f5>@@$$QEAV<lambda_f6c7be5f7998530c34de24c7437d6b54>@@@Z@4HA 0000000180020188     libucrt:close.obj
 0003:00000ee8       $pdata$_write              000000018001fee8     libucrt:write.obj
 0003:00001194       $pdata$_write$fin$0        0000000180020194     libucrt:write.obj
 0003:00000ef4       $pdata$_write_nolock       000000018001fef4     libucrt:write.obj
 0003:00000eb8       $pdata$?write_double_translated_ansi_nolock@@YA?AUwrite_result@?A0x17268360@@HQEBDI@Z 000000018001feb8     libucrt:write.obj
 0003:00000ec4       $pdata$?write_text_ansi_nolock@@YA?AUwrite_result@?A0x17268360@@HQEBDI@Z 000000018001fec4     libucrt:write.obj
 0003:00000ed0       $pdata$?write_text_utf16le_nolock@@YA?AUwrite_result@?A0x17268360@@HQEBDI@Z 000000018001fed0     libucrt:write.obj
 0003:00000edc       $pdata$?write_text_utf8_nolock@@YA?AUwrite_result@?A0x17268360@@HQEBDI@Z 000000018001fedc     libucrt:write.obj
 0003:00000f00       $pdata$_fcloseall          000000018001ff00     libucrt:closeall.obj
 0003:000011a0       $pdata$_fcloseall$fin$0    00000001800201a0     libucrt:closeall.obj
 0003:00000f0c       $pdata$__acrt_stdio_free_buffer_nolock 000000018001ff0c     libucrt:_freebuf.obj
 0003:00000f18       $pdata$_isatty             000000018001ff18     libucrt:isatty.obj
 0003:00000f24       $pdata$??$common_lseek_nolock@_J@@YA_JH_JH@Z 000000018001ff24     libucrt:lseek.obj
 0003:00000f30       $pdata$_putwch_nolock      000000018001ff30     libucrt:putwch.obj
 0003:00000f48       $pdata$fclose              000000018001ff48     libucrt:fclose.obj
 0003:000011ac       $pdata$fclose$fin$0        00000001800201ac     libucrt:fclose.obj
 0003:00000f3c       $pdata$_fclose_nolock      000000018001ff3c     libucrt:fclose.obj
 0003:00000f60       $pdata$__dcrt_lowio_ensure_console_output_initialized 000000018001ff60     libucrt:initcon.obj
 0003:00000f78       $pdata$__dcrt_write_console_w 000000018001ff78     libucrt:initcon.obj
 0003:00000f6c       $pdata$__dcrt_terminate_console_output 000000018001ff6c     libucrt:initcon.obj
 0003:00000f90       $pdata$_close              000000018001ff90     libucrt:close.obj
 0003:00000f9c       $pdata$_close_nolock       000000018001ff9c     libucrt:close.obj
 0003:00000f84       $pdata$??$?RV<lambda_751a882b2c74d4b022dec766aa51a29a>@@AEAV<lambda_628dfdc04ba53c8bfc02c9951375f3f5>@@V<lambda_f6c7be5f7998530c34de24c7437d6b54>@@@?$__crt_seh_guarded_call@H@@QEAAH$$QEAV<lambda_751a882b2c74d4b022dec766aa51a29a>@@AEAV<lambda_628dfdc04ba53c8bfc02c9951375f3f5>@@$$QEAV<lambda_f6c7be5f7998530c34de24c7437d6b54>@@@Z 000000018001ff84     libucrt:close.obj
 0003:00000fa8       $pdata$_call_matherr       000000018001ffa8     libucrt:libm_error.obj
 0003:00000fb4       $pdata$_exception_enabled  000000018001ffb4     libucrt:libm_error.obj
 0003:00000fc0       $pdata$_handle_error       000000018001ffc0     libucrt:libm_error.obj
 0003:00000fcc       $pdata$__acrt_initialize_fma3 000000018001ffcc     libucrt:fma3_available.obj
 0003:00000fe4       $pdata$_log_special_common 000000018001ffe4     libucrt:log_special.obj
 0003:00000fd8       $pdata$_log10_special      000000018001ffd8     libucrt:log_special.obj
 0003:00001014       $pdata$_set_errno_from_matherr 0000000180020014     libucrt:fpexcept.obj
 0003:00000ffc       $pdata$_raise_exc          000000018001fffc     libucrt:fpexcept.obj
 0003:00001008       $pdata$_raise_exc_ex       0000000180020008     libucrt:fpexcept.obj
 0003:00001020       $pdata$_clrfp              0000000180020020     libucrt:fpctrl.obj
 0003:0000102c       $pdata$_ctrlfp             000000018002002c     libucrt:fpctrl.obj
 0003:000011b8       $pdata$_ctrlfp$filt$0      00000001800201b8     libucrt:fpctrl.obj
 0003:00001044       $pdata$_statfp             0000000180020044     libucrt:fpctrl.obj
 0003:00001038       $pdata$_set_statfp         0000000180020038     libucrt:fpctrl.obj
 0003:00001050       $pdata$_IsNonwritableInCurrentImage 0000000180020050     LIBCMT:pesect.obj
 0003:000011c4       $pdata$_IsNonwritableInCurrentImage$filt$0 00000001800201c4     LIBCMT:pesect.obj
 0003:00001068       $pdata$__GSHandlerCheckCommon 0000000180020068     LIBCMT:_gshandler_.obj
 0003:0000105c       $pdata$__GSHandlerCheck    000000018002005c     LIBCMT:_gshandler_.obj
 0003:000010a4       $pdata$__report_securityfailure 00000001800200a4     LIBCMT:gs_report.obj
 0003:00001098       $pdata$__report_rangecheckfailure 0000000180020098     LIBCMT:gs_report.obj
 0003:0000108c       $pdata$__report_gsfailure  000000018002008c     LIBCMT:gs_report.obj
 0003:000010b0       $pdata$capture_current_context 00000001800200b0     LIBCMT:gs_report.obj
 0003:000010bc       $pdata$capture_previous_context 00000001800200bc     LIBCMT:gs_report.obj
 0003:00001080       $pdata$__raise_securityfailure 0000000180020080     LIBCMT:gs_report.obj
 0004:000009ee       .idata$6                   00000001800219ee     kernel32:KERNEL32.dll
 0004:00000a26       .idata$6                   0000000180021a26     user32:USER32.dll
 0004:00000a74       .idata$6                   0000000180021a74     advapi32:ADVAPI32.dll
 0004:00000ab8       .idata$6                   0000000180021ab8     ole32:ole32.dll
 0004:00000ad4       .idata$6                   0000000180021ad4     rpcrt4:RPCRT4.dll
 0005:00000060       $R000000                   0000000180022060     FarCmds.res
