 HlfViewer

 Timestamp is 5c3fd6de (Thu Jan 17 04:14:06 2019)

 Preferred load address is 0000000180000000

 Start         Length     Name                   Class
 0001:00000000 00000008H .CRT$XCA                CODE
 0001:00000008 00000008H .CRT$XCZ                CODE
 0001:00000010 00000008H .CRT$XIA                CODE
 0001:00000018 00000018H .CRT$XIC                CODE
 0001:00000030 00000008H .CRT$XIZ                CODE
 0001:00000038 00000008H .CRT$XPA                CODE
 0001:00000040 00000010H .CRT$XPX                CODE
 0001:00000050 00000008H .CRT$XPXA               CODE
 0001:00000058 00000008H .CRT$XPZ                CODE
 0001:00000060 00000008H .CRT$XTA                CODE
 0001:00000068 00000008H .CRT$XTZ                CODE
 0001:00000070 00000000H .gfids$y                CODE
 0001:00000070 00007370H .rdata                  CODE
 0001:000073e0 000001f4H .rdata$r                CODE
 0001:000075d4 000002b4H .rdata$zzzdbg           CODE
 0001:00007888 00000008H .rtc$IAA                CODE
 0001:00007890 00000008H .rtc$IZZ                CODE
 0001:00007898 00000008H .rtc$TAA                CODE
 0001:000078a0 00000010H .rtc$TZZ                CODE
 0001:000078b0 0000d280H .text$mn                CODE
 0001:00014b30 00000020H .text$mn$00             CODE
 0001:00014b50 00000250H .text$x                 CODE
 0001:00014da0 00000d30H .xdata                  CODE
 0001:00015ad0 000000f0H .xdata$x                CODE
 0001:00015bc0 000000c5H .edata                  CODE
 0002:00000000 000009f0H .data                   DATA
 0002:000009f0 000000a0H .data$r                 DATA
 0002:00000a90 00002130H .bss                    DATA
 0003:00000000 00000fe4H .pdata                  DATA
 0004:00000000 00000270H .idata$5                DATA
 0004:00000270 00000010H .00cfg                  DATA
 0004:00000280 00000028H .idata$2                DATA
 0004:000002a8 00000018H .idata$3                DATA
 0004:000002c0 00000270H .idata$4                DATA
 0004:00000530 00000598H .idata$6                DATA
 0005:00000000 00000060H .rsrc$01                DATA
 0005:00000060 00000378H .rsrc$02                DATA

  Address         Publics by Value              Rva+Base               Lib:Object

 0000:00000000       __guard_iat_count          0000000000000000     <absolute>
 0000:00000000       __dynamic_value_reloc_table 0000000000000000     <absolute>
 0000:00000000       __hybrid_code_map          0000000000000000     <absolute>
 0000:00000000       __hybrid_code_map_count    0000000000000000     <absolute>
 0000:00000000       __guard_iat_table          0000000000000000     <absolute>
 0000:00000000       __hybrid_auxiliary_iat     0000000000000000     <absolute>
 0000:00000000       __guard_longjmp_table      0000000000000000     <absolute>
 0000:00000000       __guard_longjmp_count      0000000000000000     <absolute>
 0000:00000000       __guard_fids_count         0000000000000000     <absolute>
 0000:00000000       __enclave_config           0000000000000000     <absolute>
 0000:00000000       ___safe_se_handler_table   0000000000000000     <absolute>
 0000:00000000       ___safe_se_handler_count   0000000000000000     <absolute>
 0000:00000000       __guard_fids_table         0000000000000000     <absolute>
 0000:00000100       __guard_flags              0000000000000100     <absolute>
 0000:00000000       __ImageBase                0000000180000000     <linker-defined>
 0001:00000000       __xc_a                     0000000180001000     LIBCMT:initializers.obj
 0001:00000008       __xc_z                     0000000180001008     LIBCMT:initializers.obj
 0001:00000010       __xi_a                     0000000180001010     LIBCMT:initializers.obj
 0001:00000018       __acrt_multibyte_initializer 0000000180001018     libucrt:multibyte_initializer.obj
 0001:00000020       __acrt_stdio_initializer   0000000180001020     libucrt:stdio_initializer.obj
 0001:00000028       __acrt_tran_fma3_initializer 0000000180001028     libucrt:fma3_initializer.obj
 0001:00000030       __xi_z                     0000000180001030     LIBCMT:initializers.obj
 0001:00000038       __xp_a                     0000000180001038     LIBCMT:initializers.obj
 0001:00000040       __acrt_locale_terminator   0000000180001040     libucrt:locale_initializer.obj
 0001:00000048       __dcrt_console_output_terminator 0000000180001048     libucrt:console_output_initializer.obj
 0001:00000050       __acrt_stdio_terminator    0000000180001050     libucrt:stdio_initializer.obj
 0001:00000058       __xp_z                     0000000180001058     LIBCMT:initializers.obj
 0001:00000060       __xt_a                     0000000180001060     LIBCMT:initializers.obj
 0001:00000068       __xt_z                     0000000180001068     LIBCMT:initializers.obj
 0001:00000070       MainGuid                   0000000180001070     HlfViewer.obj
 0001:00000080       MenuGuid                   0000000180001080     HlfViewer.obj
 0001:00000090       DialogGuid                 0000000180001090     HlfViewer.obj
 0001:000000a0       ??_7?$DialogItemBinding@UFarDialogItem@@@@6B@ 00000001800010a0     HlfViewer.obj
 0001:000000b0       ??_7PluginCheckBoxBinding@@6B@ 00000001800010b0     HlfViewer.obj
 0001:000000c0       ??_7PluginRadioButtonBinding@@6B@ 00000001800010c0     HlfViewer.obj
 0001:000000d0       ??_7PluginEditFieldBinding@@6B@ 00000001800010d0     HlfViewer.obj
 0001:000000e0       ??_7PluginIntEditFieldBinding@@6B@ 00000001800010e0     HlfViewer.obj
 0001:000000f0       ??_C@_15EFLNJKHH@?$AA?$CF?$AAu?$AA?$AA@ 00000001800010f0     HlfViewer.obj
 0001:000000f8       ??_7PluginUIntEditFieldBinding@@6B@ 00000001800010f8     HlfViewer.obj
 0001:00000108       ??_7?$DialogBuilderBase@UFarDialogItem@@@@6B@ 0000000180001108     HlfViewer.obj
 0001:00000150       ??_7PluginDialogBuilder@@6B@ 0000000180001150     HlfViewer.obj
 0001:00000198       ??_C@_11LOCGONAA@?$AA?$AA@ 0000000180001198     HlfViewer.obj
 0001:000001a0       ??_C@_1BE@KLINDABO@?$AAH?$AAl?$AAf?$AAV?$AAi?$AAe?$AAw?$AAe?$AAr?$AA?$AA@ 00000001800011a0     HlfViewer.obj
 0001:000001c0       ??_C@_1EA@CONHECGE@?$AAH?$AAl?$AAf?$AA?9?$AAf?$AAi?$AAl?$AAe?$AA?5?$AAV?$AAi?$AAe?$AAw?$AAe?$AAr?$AA?5?$AAf?$AAo?$AAr?$AA?5?$AAF?$AAa?$AAr?$AA?5?$AAM?$AAa?$AAn?$AAa?$AAg?$AAe?$AAr?$AA?$AA@ 00000001800011c0     HlfViewer.obj
 0001:00000200       ??_C@_1DE@BGKMIKPD@?$AAE?$AAu?$AAg?$AAe?$AAn?$AAe?$AA?5?$AAR?$AAo?$AAs?$AAh?$AAa?$AAl?$AA?5?$AA?$CG?$AA?5?$AAF?$AAa?$AAr?$AA?5?$AAG?$AAr?$AAo?$AAu?$AAp?$AA?$AA@ 0000000180001200     HlfViewer.obj
 0001:00000234       ??_C@_13FPGAJAPJ@?$AA?2?$AA?$AA@ 0000000180001234     HlfViewer.obj
 0001:00000238       ??_C@_1BE@BAOBMOBE@?$AA?$CF?$AAF?$AAA?$AAR?$AAH?$AAO?$AAM?$AAE?$AA?$CF?$AA?$AA@ 0000000180001238     HlfViewer.obj
 0001:00000250       ??_C@_17MEJHPLBO@?$AAc?$AAm?$AAd?$AA?$AA@ 0000000180001250     HlfViewer.obj
 0001:00000258       ??_C@_17KGEADEDI@?$AAH?$AAL?$AAF?$AA?$AA@ 0000000180001258     HlfViewer.obj
 0001:00000260       ??_C@_19CPJEHIBK@?$AA?4?$AAh?$AAl?$AAf?$AA?$AA@ 0000000180001260     HlfViewer.obj
 0001:0000026c       ??_C@_15JNBOKNOG@?$AA?$AN?$AA?6?$AA?$AA@ 000000018000126c     HlfViewer.obj
 0001:00000278       ??_C@_1BG@IOFJDEI@?$AA?4?$AAL?$AAa?$AAn?$AAg?$AAu?$AAa?$AAg?$AAe?$AA?$DN?$AA?$AA@ 0000000180001278     HlfViewer.obj
 0001:00000290       ??_C@_1O@BJPKKLLM@?$AAC?$AAo?$AAn?$AAf?$AAi?$AAg?$AA?$AA@ 0000000180001290     HlfViewer.obj
 0001:000002a0       ??_C@_15NPKLCIOJ@?$AAF?$AA1?$AA?$AA@ 00000001800012a0     HlfViewer.obj
 0001:000002a8       ??_C@_1CG@GFFDAIMK@?$AAP?$AAr?$AAo?$AAc?$AAe?$AAs?$AAs?$AAE?$AAd?$AAi?$AAt?$AAo?$AAr?$AAI?$AAn?$AAp?$AAu?$AAt?$AA?$AA@ 00000001800012a8     HlfViewer.obj
 0001:000002d0       ??_C@_1M@PALMNGCF@?$AAS?$AAt?$AAy?$AAl?$AAe?$AA?$AA@ 00000001800012d0     HlfViewer.obj
 0001:000002e0       ??_C@_1BE@IHEBLNLC@?$AAE?$AAd?$AAi?$AAt?$AAo?$AAr?$AAK?$AAe?$AAy?$AA?$AA@ 00000001800012e0     HlfViewer.obj
 0001:000002f8       ??_C@_1BM@GGPBEDKL@?$AAC?$AAh?$AAe?$AAc?$AAk?$AAM?$AAa?$AAs?$AAk?$AAF?$AAi?$AAl?$AAe?$AA?$AA@ 00000001800012f8     HlfViewer.obj
 0001:00000318       ??_C@_1BC@KGOLMJNA@?$AAM?$AAa?$AAs?$AAk?$AAF?$AAi?$AAl?$AAe?$AA?$AA@ 0000000180001318     HlfViewer.obj
 0001:00000330       ??_C@_1M@EFMNOFJK@?$AA?$CK?$AA?4?$AAh?$AAl?$AAf?$AA?$AA@ 0000000180001330     HlfViewer.obj
 0001:00000340       __xmm@ffffffffffffffff0000000000000002 0000000180001340     HlfViewer.obj
 0001:00000350       __xmm@ffffffffffffffffffffffffffffffff 0000000180001350     HlfViewer.obj
 0001:00000360       _pDefaultRawDllMain        0000000180001360     LIBCMT:dll_dllmain.obj
 0001:00000360       _pRawDllMain               0000000180001360     LIBCMT:dll_dllmain.obj
 0001:00000370       ??_7exception@std@@6B@     0000000180001370     LIBCMT:throw_bad_alloc.obj
 0001:00000380       ??_C@_0BC@EOODALEL@Unknown?5exception?$AA@ 0000000180001380     LIBCMT:throw_bad_alloc.obj
 0001:000003a0       ??_7bad_alloc@std@@6B@     00000001800013a0     LIBCMT:throw_bad_alloc.obj
 0001:000003b0       ??_C@_0P@GHFPNOJB@bad?5allocation?$AA@ 00000001800013b0     LIBCMT:throw_bad_alloc.obj
 0001:000003c8       ??_7bad_array_new_length@std@@6B@ 00000001800013c8     LIBCMT:throw_bad_alloc.obj
 0001:000003d8       ??_C@_0BF@KINCDENJ@bad?5array?5new?5length?$AA@ 00000001800013d8     LIBCMT:throw_bad_alloc.obj
 0001:000003f8       ??_7type_info@@6B@         00000001800013f8     LIBCMT:std_type_info_static.obj
 0001:00000770       ??_C@_08EHJDFFNH@__based?$CI?$AA@ 0000000180001770     libvcruntime:undname.obj
 0001:00000780       ??_C@_07KOLFKCDI@__cdecl?$AA@ 0000000180001780     libvcruntime:undname.obj
 0001:00000788       ??_C@_08GHMPAG@__pascal?$AA@ 0000000180001788     libvcruntime:undname.obj
 0001:00000798       ??_C@_09IFJBGAPI@__stdcall?$AA@ 0000000180001798     libvcruntime:undname.obj
 0001:000007a8       ??_C@_0L@NPHFGOKO@__thiscall?$AA@ 00000001800017a8     libvcruntime:undname.obj
 0001:000007b8       ??_C@_0L@JMKHOMEK@__fastcall?$AA@ 00000001800017b8     libvcruntime:undname.obj
 0001:000007c8       ??_C@_0N@BCKKPABJ@__vectorcall?$AA@ 00000001800017c8     libvcruntime:undname.obj
 0001:000007d8       ??_C@_09HIJEGCPM@__clrcall?$AA@ 00000001800017d8     libvcruntime:undname.obj
 0001:000007e4       ??_C@_06GHPCKEAG@__eabi?$AA@ 00000001800017e4     libvcruntime:undname.obj
 0001:000007f0       ??_C@_07EECFKIPL@__swift?$AA@ 00000001800017f0     libvcruntime:undname.obj
 0001:000007f8       ??_C@_07JOMMBBKO@__ptr64?$AA@ 00000001800017f8     libvcruntime:undname.obj
 0001:00000800       ??_C@_0L@PILCLIHE@__restrict?$AA@ 0000000180001800     libvcruntime:undname.obj
 0001:00000810       ??_C@_0M@GFIIJFMG@__unaligned?$AA@ 0000000180001810     libvcruntime:undname.obj
 0001:00000820       ??_C@_09DHDLOLLB@restrict?$CI?$AA@ 0000000180001820     libvcruntime:undname.obj
 0001:0000082a       ??_C@_00CNPNBAHC@?$AA@     000000018000182a     libvcruntime:undname.obj
 0001:0000082c       ??_C@_04NIHEBCM@?5new?$AA@ 000000018000182c     libvcruntime:undname.obj
 0001:00000838       ??_C@_07FPCDHGMM@?5delete?$AA@ 0000000180001838     libvcruntime:undname.obj
 0001:00000840       ??_C@_01NEMOKFLO@?$DN?$AA@ 0000000180001840     libvcruntime:undname.obj
 0001:00000844       ??_C@_02GPIOPFAK@?$DO?$DO?$AA@ 0000000180001844     libvcruntime:undname.obj
 0001:00000848       ??_C@_02FODMEDOG@?$DM?$DM?$AA@ 0000000180001848     libvcruntime:undname.obj
 0001:0000084c       ??_C@_01DCLJPIOD@?$CB?$AA@ 000000018000184c     libvcruntime:undname.obj
 0001:00000850       ??_C@_02EGOFBIJA@?$DN?$DN?$AA@ 0000000180001850     libvcruntime:undname.obj
 0001:00000854       ??_C@_02FDNJECIE@?$CB?$DN?$AA@ 0000000180001854     libvcruntime:undname.obj
 0001:00000858       ??_C@_02GPECMEKF@?$FL?$FN?$AA@ 0000000180001858     libvcruntime:undname.obj
 0001:00000860       ??_C@_08LHJFAFGD@operator?$AA@ 0000000180001860     libvcruntime:undname.obj
 0001:0000086c       ??_C@_02HBOOOICD@?9?$DO?$AA@ 000000018000186c     libvcruntime:undname.obj
 0001:00000870       ??_C@_01NBENCBCI@?$CK?$AA@ 0000000180001870     libvcruntime:undname.obj
 0001:00000874       ??_C@_02ECNGHCIF@?$CL?$CL?$AA@ 0000000180001874     libvcruntime:undname.obj
 0001:00000878       ??_C@_02BAABKJLB@?9?9?$AA@ 0000000180001878     libvcruntime:undname.obj
 0001:0000087c       ??_C@_01JOAMLHOP@?9?$AA@   000000018000187c     libvcruntime:undname.obj
 0001:00000880       ??_C@_01MIFGBAGJ@?$CL?$AA@ 0000000180001880     libvcruntime:undname.obj
 0001:00000884       ??_C@_01HNPIGOCE@?$CG?$AA@ 0000000180001884     libvcruntime:undname.obj
 0001:00000888       ??_C@_03MNHNFDLC@?9?$DO?$CK?$AA@ 0000000180001888     libvcruntime:undname.obj
 0001:0000088c       ??_C@_01KMDKNFGN@?1?$AA@   000000018000188c     libvcruntime:undname.obj
 0001:00000890       ??_C@_01FGNFDNOH@?$CF?$AA@ 0000000180001890     libvcruntime:undname.obj
 0001:00000894       ??_C@_01MNNFJEPP@?$DM?$AA@ 0000000180001894     libvcruntime:undname.obj
 0001:00000898       ??_C@_02EHCHHCKH@?$DM?$DN?$AA@ 0000000180001898     libvcruntime:undname.obj
 0001:0000089c       ??_C@_01PPODPGHN@?$DO?$AA@ 000000018000189c     libvcruntime:undname.obj
 0001:000008a0       ??_C@_02EEKDKGMJ@?$DO?$DN?$AA@ 00000001800018a0     libvcruntime:undname.obj
 0001:000008a4       ??_C@_01IHBHIGKO@?0?$AA@   00000001800018a4     libvcruntime:undname.obj
 0001:000008a8       ??_C@_02HCKGKOFO@?$CI?$CJ?$AA@ 00000001800018a8     libvcruntime:undname.obj
 0001:000008ac       ??_C@_01PJKLJHI@?$HO?$AA@  00000001800018ac     libvcruntime:undname.obj
 0001:000008b0       ??_C@_01JKBOJNNK@?$FO?$AA@ 00000001800018b0     libvcruntime:undname.obj
 0001:000008b4       ??_C@_01DNKMNLPK@?$HM?$AA@ 00000001800018b4     libvcruntime:undname.obj
 0001:000008b8       ??_C@_02PPKAJPJL@?$CG?$CG?$AA@ 00000001800018b8     libvcruntime:undname.obj
 0001:000008bc       ??_C@_02NONPIBCD@?$HM?$HM?$AA@ 00000001800018bc     libvcruntime:undname.obj
 0001:000008c0       ??_C@_02FPIMKNGF@?$CK?$DN?$AA@ 00000001800018c0     libvcruntime:undname.obj
 0001:000008c4       ??_C@_02FOEOMHFC@?$CL?$DN?$AA@ 00000001800018c4     libvcruntime:undname.obj
 0001:000008c8       ??_C@_02FKMDLLOA@?9?$DN?$AA@ 00000001800018c8     libvcruntime:undname.obj
 0001:000008cc       ??_C@_02FJEHGPIO@?1?$DN?$AA@ 00000001800018cc     libvcruntime:undname.obj
 0001:000008d0       ??_C@_02FENAOKFI@?$CF?$DN?$AA@ 00000001800018d0     libvcruntime:undname.obj
 0001:000008d4       ??_C@_03IKFCCPFF@?$DO?$DO?$DN?$AA@ 00000001800018d4     libvcruntime:undname.obj
 0001:000008d8       ??_C@_03CDNPDDLA@?$DM?$DM?$DN?$AA@ 00000001800018d8     libvcruntime:undname.obj
 0001:000008dc       ??_C@_02FGJGFEAB@?$CG?$DN?$AA@ 00000001800018dc     libvcruntime:undname.obj
 0001:000008e0       ??_C@_02DHLNPPGH@?$HM?$DN?$AA@ 00000001800018e0     libvcruntime:undname.obj
 0001:000008e4       ??_C@_02MHEGNOJ@?$FO?$DN?$AA@ 00000001800018e4     libvcruntime:undname.obj
 0001:000008e8       ??_C@_09IFPLHPGF@?$GAvftable?8?$AA@ 00000001800018e8     libvcruntime:undname.obj
 0001:000008f8       ??_C@_09BLBHBJP@?$GAvbtable?8?$AA@ 00000001800018f8     libvcruntime:undname.obj
 0001:00000908       ??_C@_07FEEIOKP@?$GAvcall?8?$AA@ 0000000180001908     libvcruntime:undname.obj
 0001:00000910       ??_C@_08LLFFHHDJ@?$GAtypeof?8?$AA@ 0000000180001910     libvcruntime:undname.obj
 0001:00000920       ??_C@_0BF@KDPPACIK@?$GAlocal?5static?5guard?8?$AA@ 0000000180001920     libvcruntime:undname.obj
 0001:00000938       ??_C@_08OBABFOLI@?$GAstring?8?$AA@ 0000000180001938     libvcruntime:undname.obj
 0001:00000948       ??_C@_0BD@JDLKDPAB@?$GAvbase?5destructor?8?$AA@ 0000000180001948     libvcruntime:undname.obj
 0001:00000960       ??_C@_0BN@DEGPLNFK@?$GAvector?5deleting?5destructor?8?$AA@ 0000000180001960     libvcruntime:undname.obj
 0001:00000980       ??_C@_0BO@OBMKPJIG@?$GAdefault?5constructor?5closure?8?$AA@ 0000000180001980     libvcruntime:undname.obj
 0001:000009a0       ??_C@_0BN@IMDCHIKM@?$GAscalar?5deleting?5destructor?8?$AA@ 00000001800019a0     libvcruntime:undname.obj
 0001:000009c0       ??_C@_0BO@PFGOCPJJ@?$GAvector?5constructor?5iterator?8?$AA@ 00000001800019c0     libvcruntime:undname.obj
 0001:000009e0       ??_C@_0BN@LFPFMEDL@?$GAvector?5destructor?5iterator?8?$AA@ 00000001800019e0     libvcruntime:undname.obj
 0001:00000a00       ??_C@_0CE@IKBNEHA@?$GAvector?5vbase?5constructor?5iterat@ 0000000180001a00     libvcruntime:undname.obj
 0001:00000a28       ??_C@_0BL@NILFHHPC@?$GAvirtual?5displacement?5map?8?$AA@ 0000000180001a28     libvcruntime:undname.obj
 0001:00000a48       ??_C@_0CB@JONCMFFK@?$GAeh?5vector?5constructor?5iterator?8@ 0000000180001a48     libvcruntime:undname.obj
 0001:00000a70       ??_C@_0CA@GCEOPDGL@?$GAeh?5vector?5destructor?5iterator?8?$AA@ 0000000180001a70     libvcruntime:undname.obj
 0001:00000a90       ??_C@_0CH@OOJPLCPH@?$GAeh?5vector?5vbase?5constructor?5ite@ 0000000180001a90     libvcruntime:undname.obj
 0001:00000ab8       ??_C@_0BL@LLKPOHJI@?$GAcopy?5constructor?5closure?8?$AA@ 0000000180001ab8     libvcruntime:undname.obj
 0001:00000ad8       ??_C@_0BA@KBCDOMBN@?$GAudt?5returning?8?$AA@ 0000000180001ad8     libvcruntime:undname.obj
 0001:00000ae8       ??_C@_03KLGMFNMG@?$GAEH?$AA@ 0000000180001ae8     libvcruntime:undname.obj
 0001:00000aec       ??_C@_05KHLCHHI@?$GARTTI?$AA@ 0000000180001aec     libvcruntime:undname.obj
 0001:00000af8       ??_C@_0BA@KKLDJDLB@?$GAlocal?5vftable?8?$AA@ 0000000180001af8     libvcruntime:undname.obj
 0001:00000b08       ??_C@_0CE@IIHCMGGL@?$GAlocal?5vftable?5constructor?5closu@ 0000000180001b08     libvcruntime:undname.obj
 0001:00000b2c       ??_C@_06FHBGPFGH@?5new?$FL?$FN?$AA@ 0000000180001b2c     libvcruntime:undname.obj
 0001:00000b38       ??_C@_09LBNFPBCA@?5delete?$FL?$FN?$AA@ 0000000180001b38     libvcruntime:undname.obj
 0001:00000b48       ??_C@_0P@HJKNJFNN@?$GAomni?5callsig?8?$AA@ 0000000180001b48     libvcruntime:undname.obj
 0001:00000b58       ??_C@_0BL@CNOONJFP@?$GAplacement?5delete?5closure?8?$AA@ 0000000180001b58     libvcruntime:undname.obj
 0001:00000b78       ??_C@_0BN@CKNJLHMB@?$GAplacement?5delete?$FL?$FN?5closure?8?$AA@ 0000000180001b78     libvcruntime:undname.obj
 0001:00000b98       ??_C@_0CG@CFDHKGGD@?$GAmanaged?5vector?5constructor?5iter@ 0000000180001b98     libvcruntime:undname.obj
 0001:00000bc0       ??_C@_0CF@IMGKMJNO@?$GAmanaged?5vector?5destructor?5itera@ 0000000180001bc0     libvcruntime:undname.obj
 0001:00000be8       ??_C@_0CG@HLDDJMAG@?$GAeh?5vector?5copy?5constructor?5iter@ 0000000180001be8     libvcruntime:undname.obj
 0001:00000c10       ??_C@_0CM@FCBBDIGB@?$GAeh?5vector?5vbase?5copy?5constructo@ 0000000180001c10     libvcruntime:undname.obj
 0001:00000c40       ??_C@_0BL@CLIPGLGB@?$GAdynamic?5initializer?5for?5?8?$AA@ 0000000180001c40     libvcruntime:undname.obj
 0001:00000c60       ??_C@_0CB@PDBIFEP@?$GAdynamic?5atexit?5destructor?5for?5?8@ 0000000180001c60     libvcruntime:undname.obj
 0001:00000c88       ??_C@_0CD@CGAJBKEJ@?$GAvector?5copy?5constructor?5iterato@ 0000000180001c88     libvcruntime:undname.obj
 0001:00000cb0       ??_C@_0CJ@GJELGAMM@?$GAvector?5vbase?5copy?5constructor?5i@ 0000000180001cb0     libvcruntime:undname.obj
 0001:00000ce0       ??_C@_0CL@FGIJHLCE@?$GAmanaged?5vector?5copy?5constructor@ 0000000180001ce0     libvcruntime:undname.obj
 0001:00000d10       ??_C@_0BM@PMGGMLDN@?$GAlocal?5static?5thread?5guard?8?$AA@ 0000000180001d10     libvcruntime:undname.obj
 0001:00000d30       ??_C@_0N@BDNMDMOL@operator?5?$CC?$CC?5?$AA@ 0000000180001d30     libvcruntime:undname.obj
 0001:00000d40       ??_C@_0BC@GGEBGALA@operator?5co_await?$AA@ 0000000180001d40     libvcruntime:undname.obj
 0001:00000d58       ??_C@_0BC@DAFEJGAK@?5Type?5Descriptor?8?$AA@ 0000000180001d58     libvcruntime:undname.obj
 0001:00000d70       ??_C@_0BM@LDKODKLH@?5Base?5Class?5Descriptor?5at?5?$CI?$AA@ 0000000180001d70     libvcruntime:undname.obj
 0001:00000d90       ??_C@_0BD@LGICGFMM@?5Base?5Class?5Array?8?$AA@ 0000000180001d90     libvcruntime:undname.obj
 0001:00000da8       ??_C@_0BN@MECKDCOJ@?5Class?5Hierarchy?5Descriptor?8?$AA@ 0000000180001da8     libvcruntime:undname.obj
 0001:00000dc8       ??_C@_0BK@CFCOFLF@?5Complete?5Object?5Locator?8?$AA@ 0000000180001dc8     libvcruntime:undname.obj
 0001:00000e00       ??_C@_1DM@KHCHBNEB@?$AAa?$AAp?$AAi?$AA?9?$AAm?$AAs?$AA?9?$AAw?$AAi?$AAn?$AA?9?$AAc?$AAo?$AAr?$AAe?$AA?9?$AAf?$AAi?$AAb?$AAe?$AAr?$AAs?$AA?9?$AAl?$AA1?$AA?9?$AA1?$AA?9?$AA1?$AA?$AA@ 0000000180001e00     libvcruntime:winapi_downlevel.obj
 0001:00000e40       ??_C@_1DK@LPPGFMPP@?$AAa?$AAp?$AAi?$AA?9?$AAm?$AAs?$AA?9?$AAw?$AAi?$AAn?$AA?9?$AAc?$AAo?$AAr?$AAe?$AA?9?$AAs?$AAy?$AAn?$AAc?$AAh?$AA?9?$AAl?$AA1?$AA?9?$AA2?$AA?9?$AA0?$AA?$AA@ 0000000180001e40     libvcruntime:winapi_downlevel.obj
 0001:00000e80       ??_C@_1BC@GDMECMAK@?$AAk?$AAe?$AAr?$AAn?$AAe?$AAl?$AA3?$AA2?$AA?$AA@ 0000000180001e80     libvcruntime:winapi_downlevel.obj
 0001:00000e98       ??_C@_1BA@PFFKHIOG@?$AAa?$AAp?$AAi?$AA?9?$AAm?$AAs?$AA?9?$AA?$AA@ 0000000180001e98     libvcruntime:winapi_downlevel.obj
 0001:00000ea8       ??_C@_1BA@IAIFMGEF@?$AAe?$AAx?$AAt?$AA?9?$AAm?$AAs?$AA?9?$AA?$AA@ 0000000180001ea8     libvcruntime:winapi_downlevel.obj
 0001:00000ec0       ??_C@_08KNHFBNJ@FlsAlloc?$AA@ 0000000180001ec0     libvcruntime:winapi_downlevel.obj
 0001:00000ed8       ??_C@_07PEJMOBNF@FlsFree?$AA@ 0000000180001ed8     libvcruntime:winapi_downlevel.obj
 0001:00000ee8       ??_C@_0M@GDNOONDI@FlsGetValue?$AA@ 0000000180001ee8     libvcruntime:winapi_downlevel.obj
 0001:00000f00       ??_C@_0M@JCPCPOEF@FlsSetValue?$AA@ 0000000180001f00     libvcruntime:winapi_downlevel.obj
 0001:00000f18       ??_C@_0BM@HCFOFFN@InitializeCriticalSectionEx?$AA@ 0000000180001f18     libvcruntime:winapi_downlevel.obj
 0001:00000f38       _pDestructExceptionObject  0000000180001f38     libvcruntime:ehhelpers.obj
 0001:00000f40       __acrt_exception_action_table 0000000180001f40     libucrt:exception_filter.obj
 0001:00001000       __acrt_signal_action_table_count 0000000180002000     libucrt:exception_filter.obj
 0001:00001008       __acrt_signal_action_first_fpe_index 0000000180002008     libucrt:exception_filter.obj
 0001:00001010       __acrt_signal_action_fpe_count 0000000180002010     libucrt:exception_filter.obj
 0001:00001018       ??_C@_1BI@BGOHAHKC@?$AAm?$AAs?$AAc?$AAo?$AAr?$AAe?$AAe?$AA?4?$AAd?$AAl?$AAl?$AA?$AA@ 0000000180002018     libucrt:exit.obj
 0001:00001030       ??_C@_0P@MIGLKIOC@CorExitProcess?$AA@ 0000000180002030     libucrt:exit.obj
 0001:000012c0       ??_C@_1M@HPNHIDJI@?$AAj?$AAa?$AA?9?$AAJ?$AAP?$AA?$AA@ 00000001800022c0     libucrt:mbctype.obj
 0001:000012d0       ??_C@_1M@BIBDDEMK@?$AAz?$AAh?$AA?9?$AAC?$AAN?$AA?$AA@ 00000001800022d0     libucrt:mbctype.obj
 0001:000012e0       ??_C@_1M@JLOOOEGK@?$AAk?$AAo?$AA?9?$AAK?$AAR?$AA?$AA@ 00000001800022e0     libucrt:mbctype.obj
 0001:000012f0       ??_C@_1M@CLNBBOPM@?$AAz?$AAh?$AA?9?$AAT?$AAW?$AA?$AA@ 00000001800022f0     libucrt:mbctype.obj
 0001:000013a0       ??_C@_1EA@JGEFHKEI@?$AAa?$AAp?$AAi?$AA?9?$AAm?$AAs?$AA?9?$AAw?$AAi?$AAn?$AA?9?$AAc?$AAo?$AAr?$AAe?$AA?9?$AAd?$AAa?$AAt?$AAe?$AAt?$AAi?$AAm?$AAe?$AA?9?$AAl?$AA1?$AA?9?$AA1?$AA?9?$AA1?$AA?$AA@ 00000001800023a0     libucrt:winapi_thunks.obj
 0001:000013e0       ??_C@_1DI@IJCEHOCB@?$AAa?$AAp?$AAi?$AA?9?$AAm?$AAs?$AA?9?$AAw?$AAi?$AAn?$AA?9?$AAc?$AAo?$AAr?$AAe?$AA?9?$AAf?$AAi?$AAl?$AAe?$AA?9?$AAl?$AA1?$AA?9?$AA2?$AA?9?$AA2?$AA?$AA@ 00000001800023e0     libucrt:winapi_thunks.obj
 0001:00001420       ??_C@_1EI@MPIAOHOC@?$AAa?$AAp?$AAi?$AA?9?$AAm?$AAs?$AA?9?$AAw?$AAi?$AAn?$AA?9?$AAc?$AAo?$AAr?$AAe?$AA?9?$AAl?$AAo?$AAc?$AAa?$AAl?$AAi?$AAz?$AAa?$AAt?$AAi?$AAo?$AAn?$AA?9?$AAl?$AA1?$AA?9@ 0000000180002420     libucrt:winapi_thunks.obj
 0001:00001470       ??_C@_1FK@FPHCKFIE@?$AAa?$AAp?$AAi?$AA?9?$AAm?$AAs?$AA?9?$AAw?$AAi?$AAn?$AA?9?$AAc?$AAo?$AAr?$AAe?$AA?9?$AAl?$AAo?$AAc?$AAa?$AAl?$AAi?$AAz?$AAa?$AAt?$AAi?$AAo?$AAn?$AA?9?$AAo?$AAb?$AAs@ 0000000180002470     libucrt:winapi_thunks.obj
 0001:000014d0       ??_C@_1EM@DILCGIIO@?$AAa?$AAp?$AAi?$AA?9?$AAm?$AAs?$AA?9?$AAw?$AAi?$AAn?$AA?9?$AAc?$AAo?$AAr?$AAe?$AA?9?$AAp?$AAr?$AAo?$AAc?$AAe?$AAs?$AAs?$AAt?$AAh?$AAr?$AAe?$AAa?$AAd?$AAs?$AA?9?$AAl@ 00000001800024d0     libucrt:winapi_thunks.obj
 0001:00001520       ??_C@_1DM@LNCGDDPN@?$AAa?$AAp?$AAi?$AA?9?$AAm?$AAs?$AA?9?$AAw?$AAi?$AAn?$AA?9?$AAc?$AAo?$AAr?$AAe?$AA?9?$AAs?$AAt?$AAr?$AAi?$AAn?$AAg?$AA?9?$AAl?$AA1?$AA?9?$AA1?$AA?9?$AA0?$AA?$AA@ 0000000180002520     libucrt:winapi_thunks.obj
 0001:00001560       ??_C@_1DO@FPAPJEMD@?$AAa?$AAp?$AAi?$AA?9?$AAm?$AAs?$AA?9?$AAw?$AAi?$AAn?$AA?9?$AAc?$AAo?$AAr?$AAe?$AA?9?$AAs?$AAy?$AAs?$AAi?$AAn?$AAf?$AAo?$AA?9?$AAl?$AA1?$AA?9?$AA2?$AA?9?$AA1?$AA?$AA@ 0000000180002560     libucrt:winapi_thunks.obj
 0001:000015a0       ??_C@_1DK@NDHNAHIO@?$AAa?$AAp?$AAi?$AA?9?$AAm?$AAs?$AA?9?$AAw?$AAi?$AAn?$AA?9?$AAc?$AAo?$AAr?$AAe?$AA?9?$AAw?$AAi?$AAn?$AAr?$AAt?$AA?9?$AAl?$AA1?$AA?9?$AA1?$AA?9?$AA0?$AA?$AA@ 00000001800025a0     libucrt:winapi_thunks.obj
 0001:000015e0       ??_C@_1DM@KGHDGBCM@?$AAa?$AAp?$AAi?$AA?9?$AAm?$AAs?$AA?9?$AAw?$AAi?$AAn?$AA?9?$AAc?$AAo?$AAr?$AAe?$AA?9?$AAx?$AAs?$AAt?$AAa?$AAt?$AAe?$AA?9?$AAl?$AA2?$AA?9?$AA1?$AA?9?$AA0?$AA?$AA@ 00000001800025e0     libucrt:winapi_thunks.obj
 0001:00001620       ??_C@_1EO@IJIOEFOH@?$AAa?$AAp?$AAi?$AA?9?$AAm?$AAs?$AA?9?$AAw?$AAi?$AAn?$AA?9?$AAr?$AAt?$AAc?$AAo?$AAr?$AAe?$AA?9?$AAn?$AAt?$AAu?$AAs?$AAe?$AAr?$AA?9?$AAw?$AAi?$AAn?$AAd?$AAo?$AAw?$AA?9@ 0000000180002620     libucrt:winapi_thunks.obj
 0001:00001670       ??_C@_1FG@HHGEKANL@?$AAa?$AAp?$AAi?$AA?9?$AAm?$AAs?$AA?9?$AAw?$AAi?$AAn?$AA?9?$AAs?$AAe?$AAc?$AAu?$AAr?$AAi?$AAt?$AAy?$AA?9?$AAs?$AAy?$AAs?$AAt?$AAe?$AAm?$AAf?$AAu?$AAn?$AAc?$AAt?$AAi@ 0000000180002670     libucrt:winapi_thunks.obj
 0001:000016d0       ??_C@_1EG@DBIOJECG@?$AAe?$AAx?$AAt?$AA?9?$AAm?$AAs?$AA?9?$AAw?$AAi?$AAn?$AA?9?$AAn?$AAt?$AAu?$AAs?$AAe?$AAr?$AA?9?$AAd?$AAi?$AAa?$AAl?$AAo?$AAg?$AAb?$AAo?$AAx?$AA?9?$AAl?$AA1?$AA?9?$AA1@ 00000001800026d0     libucrt:winapi_thunks.obj
 0001:00001720       ??_C@_1EO@FIHMJCLF@?$AAe?$AAx?$AAt?$AA?9?$AAm?$AAs?$AA?9?$AAw?$AAi?$AAn?$AA?9?$AAn?$AAt?$AAu?$AAs?$AAe?$AAr?$AA?9?$AAw?$AAi?$AAn?$AAd?$AAo?$AAw?$AAs?$AAt?$AAa?$AAt?$AAi?$AAo?$AAn?$AA?9@ 0000000180002720     libucrt:winapi_thunks.obj
 0001:00001770       ??_C@_1BC@DNHGCMLG@?$AAa?$AAd?$AAv?$AAa?$AAp?$AAi?$AA3?$AA2?$AA?$AA@ 0000000180002770     libucrt:winapi_thunks.obj
 0001:00001788       ??_C@_1M@OAIMIKLP@?$AAn?$AAt?$AAd?$AAl?$AAl?$AA?$AA@ 0000000180002788     libucrt:winapi_thunks.obj
 0001:000017a0       ??_C@_1EG@DPGNFKGC@?$AAa?$AAp?$AAi?$AA?9?$AAm?$AAs?$AA?9?$AAw?$AAi?$AAn?$AA?9?$AAa?$AAp?$AAp?$AAm?$AAo?$AAd?$AAe?$AAl?$AA?9?$AAr?$AAu?$AAn?$AAt?$AAi?$AAm?$AAe?$AA?9?$AAl?$AA1?$AA?9?$AA1@ 00000001800027a0     libucrt:winapi_thunks.obj
 0001:000017e8       ??_C@_1O@BCCLBEOE@?$AAu?$AAs?$AAe?$AAr?$AA3?$AA2?$AA?$AA@ 00000001800027e8     libucrt:winapi_thunks.obj
 0001:00001828       ??_C@_0O@KKBNKAPF@LCMapStringEx?$AA@ 0000000180002828     libucrt:winapi_thunks.obj
 0001:00001840       ??_C@_0BB@HBDEELFH@LocaleNameToLCID?$AA@ 0000000180002840     libucrt:winapi_thunks.obj
 0001:00001858       ??_C@_0CF@OJOFEIGO@AppPolicyGetProcessTerminationMe@ 0000000180002858     libucrt:winapi_thunks.obj
 0001:00001880       __lc_time_c                0000000180002880     libucrt:nlsdata.obj
 0001:00001b40       ??_C@_03KOEHGMDN@Sun?$AA@  0000000180002b40     libucrt:nlsdata.obj
 0001:00001b44       ??_C@_03PDAGKDH@Mon?$AA@   0000000180002b44     libucrt:nlsdata.obj
 0001:00001b48       ??_C@_03NAGEINEP@Tue?$AA@  0000000180002b48     libucrt:nlsdata.obj
 0001:00001b4c       ??_C@_03MHOMLAJA@Wed?$AA@  0000000180002b4c     libucrt:nlsdata.obj
 0001:00001b50       ??_C@_03IOFIKPDN@Thu?$AA@  0000000180002b50     libucrt:nlsdata.obj
 0001:00001b54       ??_C@_03IDIOELNC@Fri?$AA@  0000000180002b54     libucrt:nlsdata.obj
 0001:00001b58       ??_C@_03FEFJNEK@Sat?$AA@   0000000180002b58     libucrt:nlsdata.obj
 0001:00001b5c       ??_C@_06OOPIFAJ@Sunday?$AA@ 0000000180002b5c     libucrt:nlsdata.obj
 0001:00001b64       ??_C@_06JLEDEDGH@Monday?$AA@ 0000000180002b64     libucrt:nlsdata.obj
 0001:00001b70       ??_C@_07BAAGCFCM@Tuesday?$AA@ 0000000180002b70     libucrt:nlsdata.obj
 0001:00001b78       ??_C@_09DLIGFAKA@Wednesday?$AA@ 0000000180002b78     libucrt:nlsdata.obj
 0001:00001b88       ??_C@_08HACCIKIA@Thursday?$AA@ 0000000180002b88     libucrt:nlsdata.obj
 0001:00001b94       ??_C@_06JECMNKMI@Friday?$AA@ 0000000180002b94     libucrt:nlsdata.obj
 0001:00001ba0       ??_C@_08INBOOONO@Saturday?$AA@ 0000000180002ba0     libucrt:nlsdata.obj
 0001:00001bac       ??_C@_03JIHJHPIE@Jan?$AA@  0000000180002bac     libucrt:nlsdata.obj
 0001:00001bb0       ??_C@_03HJBDCHOM@Feb?$AA@  0000000180002bb0     libucrt:nlsdata.obj
 0001:00001bb4       ??_C@_03ODNJBKGA@Mar?$AA@  0000000180002bb4     libucrt:nlsdata.obj
 0001:00001bb8       ??_C@_03LEOLGMJP@Apr?$AA@  0000000180002bb8     libucrt:nlsdata.obj
 0001:00001bbc       ??_C@_03CNMDKL@May?$AA@    0000000180002bbc     libucrt:nlsdata.obj
 0001:00001bc0       ??_C@_03IDFGHECI@Jun?$AA@  0000000180002bc0     libucrt:nlsdata.obj
 0001:00001bc4       ??_C@_03LBGABGKK@Jul?$AA@  0000000180002bc4     libucrt:nlsdata.obj
 0001:00001bc8       ??_C@_03IFJFEIGA@Aug?$AA@  0000000180002bc8     libucrt:nlsdata.obj
 0001:00001bcc       ??_C@_03GGCAPAJC@Sep?$AA@  0000000180002bcc     libucrt:nlsdata.obj
 0001:00001bd0       ??_C@_03BMAOKBAD@Oct?$AA@  0000000180002bd0     libucrt:nlsdata.obj
 0001:00001bd4       ??_C@_03JPJOFNIA@Nov?$AA@  0000000180002bd4     libucrt:nlsdata.obj
 0001:00001bd8       ??_C@_03MKABNOCG@Dec?$AA@  0000000180002bd8     libucrt:nlsdata.obj
 0001:00001be0       ??_C@_07CGJPFGJA@January?$AA@ 0000000180002be0     libucrt:nlsdata.obj
 0001:00001be8       ??_C@_08GNJGEPFN@February?$AA@ 0000000180002be8     libucrt:nlsdata.obj
 0001:00001bf4       ??_C@_05HPCKOFNC@March?$AA@ 0000000180002bf4     libucrt:nlsdata.obj
 0001:00001bfc       ??_C@_05DMJDNLEJ@April?$AA@ 0000000180002bfc     libucrt:nlsdata.obj
 0001:00001c04       ??_C@_04CNLMGBGM@June?$AA@ 0000000180002c04     libucrt:nlsdata.obj
 0001:00001c0c       ??_C@_04MIEPOIFP@July?$AA@ 0000000180002c0c     libucrt:nlsdata.obj
 0001:00001c14       ??_C@_06LBBHFDDG@August?$AA@ 0000000180002c14     libucrt:nlsdata.obj
 0001:00001c20       ??_C@_09BHHEALKD@September?$AA@ 0000000180002c20     libucrt:nlsdata.obj
 0001:00001c30       ??_C@_07JJNFCEND@October?$AA@ 0000000180002c30     libucrt:nlsdata.obj
 0001:00001c38       ??_C@_08HCHEGEOA@November?$AA@ 0000000180002c38     libucrt:nlsdata.obj
 0001:00001c48       ??_C@_08EDHMEBNP@December?$AA@ 0000000180002c48     libucrt:nlsdata.obj
 0001:00001c54       ??_C@_02DEDBPAFC@AM?$AA@   0000000180002c54     libucrt:nlsdata.obj
 0001:00001c58       ??_C@_02CJNFDJBF@PM?$AA@   0000000180002c58     libucrt:nlsdata.obj
 0001:00001c60       ??_C@_08BPBNCDIB@MM?1dd?1yy?$AA@ 0000000180002c60     libucrt:nlsdata.obj
 0001:00001c70       ??_C@_0BE@CKGJFCPC@dddd?0?5MMMM?5dd?0?5yyyy?$AA@ 0000000180002c70     libucrt:nlsdata.obj
 0001:00001c88       ??_C@_08JCCMCCIL@HH?3mm?3ss?$AA@ 0000000180002c88     libucrt:nlsdata.obj
 0001:00001c98       ??_C@_17MBGCMIPB@?$AAS?$AAu?$AAn?$AA?$AA@ 0000000180002c98     libucrt:nlsdata.obj
 0001:00001ca0       ??_C@_17KBOMKBF@?$AAM?$AAo?$AAn?$AA?$AA@ 0000000180002ca0     libucrt:nlsdata.obj
 0001:00001ca8       ??_C@_17BMKGEGOJ@?$AAT?$AAu?$AAe?$AA?$AA@ 0000000180002ca8     libucrt:nlsdata.obj
 0001:00001cb0       ??_C@_17CJEDCEPE@?$AAW?$AAe?$AAd?$AA?$AA@ 0000000180002cb0     libucrt:nlsdata.obj
 0001:00001cb8       ??_C@_17PDPHAADD@?$AAT?$AAh?$AAu?$AA?$AA@ 0000000180002cb8     libucrt:nlsdata.obj
 0001:00001cc0       ??_C@_17HFOLPPLP@?$AAF?$AAr?$AAi?$AA?$AA@ 0000000180002cc0     libucrt:nlsdata.obj
 0001:00001cc8       ??_C@_17GGIBDPIH@?$AAS?$AAa?$AAt?$AA?$AA@ 0000000180002cc8     libucrt:nlsdata.obj
 0001:00001cd0       ??_C@_1O@IHNHDHPB@?$AAS?$AAu?$AAn?$AAd?$AAa?$AAy?$AA?$AA@ 0000000180002cd0     libucrt:nlsdata.obj
 0001:00001ce0       ??_C@_1O@MMNBFLIA@?$AAM?$AAo?$AAn?$AAd?$AAa?$AAy?$AA?$AA@ 0000000180002ce0     libucrt:nlsdata.obj
 0001:00001cf0       ??_C@_1BA@ENFBFFEK@?$AAT?$AAu?$AAe?$AAs?$AAd?$AAa?$AAy?$AA?$AA@ 0000000180002cf0     libucrt:nlsdata.obj
 0001:00001d00       ??_C@_1BE@EBOGMDOH@?$AAW?$AAe?$AAd?$AAn?$AAe?$AAs?$AAd?$AAa?$AAy?$AA?$AA@ 0000000180002d00     libucrt:nlsdata.obj
 0001:00001d18       ??_C@_1BC@HHMNLIHE@?$AAT?$AAh?$AAu?$AAr?$AAs?$AAd?$AAa?$AAy?$AA?$AA@ 0000000180002d18     libucrt:nlsdata.obj
 0001:00001d30       ??_C@_1O@PDICJHAG@?$AAF?$AAr?$AAi?$AAd?$AAa?$AAy?$AA?$AA@ 0000000180002d30     libucrt:nlsdata.obj
 0001:00001d40       ??_C@_1BC@ENMNNPAJ@?$AAS?$AAa?$AAt?$AAu?$AAr?$AAd?$AAa?$AAy?$AA?$AA@ 0000000180002d40     libucrt:nlsdata.obj
 0001:00001d58       ??_C@_17DKNBKCHM@?$AAJ?$AAa?$AAn?$AA?$AA@ 0000000180002d58     libucrt:nlsdata.obj
 0001:00001d60       ??_C@_17LMDJEKJN@?$AAF?$AAe?$AAb?$AA?$AA@ 0000000180002d60     libucrt:nlsdata.obj
 0001:00001d68       ??_C@_17CKNLEDEC@?$AAM?$AAa?$AAr?$AA?$AA@ 0000000180002d68     libucrt:nlsdata.obj
 0001:00001d70       ??_C@_17LFPOIHDD@?$AAA?$AAp?$AAr?$AA?$AA@ 0000000180002d70     libucrt:nlsdata.obj
 0001:00001d78       ??_C@_17PNNKMEED@?$AAM?$AAa?$AAy?$AA?$AA@ 0000000180002d78     libucrt:nlsdata.obj
 0001:00001d80       ??_C@_17KCJGOCPB@?$AAJ?$AAu?$AAn?$AA?$AA@ 0000000180002d80     libucrt:nlsdata.obj
 0001:00001d88       ??_C@_17IJPCKHK@?$AAJ?$AAu?$AAl?$AA?$AA@ 0000000180002d88     libucrt:nlsdata.obj
 0001:00001d90       ??_C@_17ICPELBCN@?$AAA?$AAu?$AAg?$AA?$AA@ 0000000180002d90     libucrt:nlsdata.obj
 0001:00001d98       ??_C@_17HCHCOKMG@?$AAS?$AAe?$AAp?$AA?$AA@ 0000000180002d98     libucrt:nlsdata.obj
 0001:00001da0       ??_C@_17FNLKOI@?$AAO?$AAc?$AAt?$AA?$AA@ 0000000180002da0     libucrt:nlsdata.obj
 0001:00001da8       ??_C@_17BBDMLCIG@?$AAN?$AAo?$AAv?$AA?$AA@ 0000000180002da8     libucrt:nlsdata.obj
 0001:00001db0       ??_C@_17EGKACKIF@?$AAD?$AAe?$AAc?$AA?$AA@ 0000000180002db0     libucrt:nlsdata.obj
 0001:00001db8       ??_C@_1BA@EFMEIEBA@?$AAJ?$AAa?$AAn?$AAu?$AAa?$AAr?$AAy?$AA?$AA@ 0000000180002db8     libucrt:nlsdata.obj
 0001:00001dc8       ??_C@_1BC@JGDDFFAM@?$AAF?$AAe?$AAb?$AAr?$AAu?$AAa?$AAr?$AAy?$AA?$AA@ 0000000180002dc8     libucrt:nlsdata.obj
 0001:00001de0       ??_C@_1M@IKEENEDF@?$AAM?$AAa?$AAr?$AAc?$AAh?$AA?$AA@ 0000000180002de0     libucrt:nlsdata.obj
 0001:00001df0       ??_C@_1M@GJNLMHFD@?$AAA?$AAp?$AAr?$AAi?$AAl?$AA?$AA@ 0000000180002df0     libucrt:nlsdata.obj
 0001:00001e00       ??_C@_19EPFLPGAP@?$AAJ?$AAu?$AAn?$AAe?$AA?$AA@ 0000000180002e00     libucrt:nlsdata.obj
 0001:00001e10       ??_C@_19BIFMLPCD@?$AAJ?$AAu?$AAl?$AAy?$AA?$AA@ 0000000180002e10     libucrt:nlsdata.obj
 0001:00001e20       ??_C@_1O@PAHLKOAC@?$AAA?$AAu?$AAg?$AAu?$AAs?$AAt?$AA?$AA@ 0000000180002e20     libucrt:nlsdata.obj
 0001:00001e30       ??_C@_1BE@DKAAMBJL@?$AAS?$AAe?$AAp?$AAt?$AAe?$AAm?$AAb?$AAe?$AAr?$AA?$AA@ 0000000180002e30     libucrt:nlsdata.obj
 0001:00001e48       ??_C@_1BA@EPANDLNG@?$AAO?$AAc?$AAt?$AAo?$AAb?$AAe?$AAr?$AA?$AA@ 0000000180002e48     libucrt:nlsdata.obj
 0001:00001e58       ??_C@_1BC@BGLIFPF@?$AAN?$AAo?$AAv?$AAe?$AAm?$AAb?$AAe?$AAr?$AA?$AA@ 0000000180002e58     libucrt:nlsdata.obj
 0001:00001e70       ??_C@_1BC@FEMKIFH@?$AAD?$AAe?$AAc?$AAe?$AAm?$AAb?$AAe?$AAr?$AA?$AA@ 0000000180002e70     libucrt:nlsdata.obj
 0001:00001e84       ??_C@_15ODEHAHHF@?$AAA?$AAM?$AA?$AA@ 0000000180002e84     libucrt:nlsdata.obj
 0001:00001e8c       ??_C@_15CLMNNGEL@?$AAP?$AAM?$AA?$AA@ 0000000180002e8c     libucrt:nlsdata.obj
 0001:00001e98       ??_C@_1BC@IEBCMHCM@?$AAM?$AAM?$AA?1?$AAd?$AAd?$AA?1?$AAy?$AAy?$AA?$AA@ 0000000180002e98     libucrt:nlsdata.obj
 0001:00001eb0       ??_C@_1CI@KNAKOEBC@?$AAd?$AAd?$AAd?$AAd?$AA?0?$AA?5?$AAM?$AAM?$AAM?$AAM?$AA?5?$AAd?$AAd?$AA?0?$AA?5?$AAy?$AAy?$AAy?$AAy?$AA?$AA@ 0000000180002eb0     libucrt:nlsdata.obj
 0001:00001ed8       ??_C@_1BC@GDGBMEMK@?$AAH?$AAH?$AA?3?$AAm?$AAm?$AA?3?$AAs?$AAs?$AA?$AA@ 0000000180002ed8     libucrt:nlsdata.obj
 0001:00001ef0       ??_C@_1M@BMHNFIME@?$AAe?$AAn?$AA?9?$AAU?$AAS?$AA?$AA@ 0000000180002ef0     libucrt:nlsdata.obj
 0001:00001f00       __newctype                 0000000180002f00     libucrt:ctype.obj
 0001:00002200       __newclmap                 0000000180003200     libucrt:ctype.obj
 0001:00002380       __newcumap                 0000000180003380     libucrt:ctype.obj
 0001:00002500       ??_C@_1M@BJNKEDC@?$AAc?$AAa?$AA?9?$AAE?$AAS?$AA?$AA@ 0000000180003500     libucrt:lcidtoname_downlevel.obj
 0001:00002510       ??_C@_1M@IJJHFJHA@?$AAc?$AAs?$AA?9?$AAC?$AAZ?$AA?$AA@ 0000000180003510     libucrt:lcidtoname_downlevel.obj
 0001:00002520       ??_C@_1M@CLPEOBGI@?$AAd?$AAa?$AA?9?$AAD?$AAK?$AA?$AA@ 0000000180003520     libucrt:lcidtoname_downlevel.obj
 0001:00002530       ??_C@_1M@MCMADGCB@?$AAd?$AAe?$AA?9?$AAD?$AAE?$AA?$AA@ 0000000180003530     libucrt:lcidtoname_downlevel.obj
 0001:00002540       ??_C@_1M@OOCKEMAM@?$AAe?$AAl?$AA?9?$AAG?$AAR?$AA?$AA@ 0000000180003540     libucrt:lcidtoname_downlevel.obj
 0001:00002550       ??_C@_1M@DDNJFGID@?$AAf?$AAi?$AA?9?$AAF?$AAI?$AA?$AA@ 0000000180003550     libucrt:lcidtoname_downlevel.obj
 0001:00002560       ??_C@_1M@GLIPPMAC@?$AAf?$AAr?$AA?9?$AAF?$AAR?$AA?$AA@ 0000000180003560     libucrt:lcidtoname_downlevel.obj
 0001:00002570       ??_C@_1M@GFMCHPE@?$AAh?$AAe?$AA?9?$AAI?$AAL?$AA?$AA@ 0000000180003570     libucrt:lcidtoname_downlevel.obj
 0001:00002580       ??_C@_1M@MHLPGNKM@?$AAh?$AAu?$AA?9?$AAH?$AAU?$AA?$AA@ 0000000180003580     libucrt:lcidtoname_downlevel.obj
 0001:00002590       ??_C@_1M@LPDDNNPN@?$AAi?$AAs?$AA?9?$AAI?$AAS?$AA?$AA@ 0000000180003590     libucrt:lcidtoname_downlevel.obj
 0001:000025a0       ??_C@_1M@MADIPODN@?$AAi?$AAt?$AA?9?$AAI?$AAT?$AA?$AA@ 00000001800035a0     libucrt:lcidtoname_downlevel.obj
 0001:000025b0       ??_C@_1M@IHBJJGG@?$AAn?$AAl?$AA?9?$AAN?$AAL?$AA?$AA@ 00000001800035b0     libucrt:lcidtoname_downlevel.obj
 0001:000025c0       ??_C@_1M@EANAGDL@?$AAn?$AAb?$AA?9?$AAN?$AAO?$AA?$AA@ 00000001800035c0     libucrt:lcidtoname_downlevel.obj
 0001:000025d0       ??_C@_1M@NEIEMEGP@?$AAp?$AAl?$AA?9?$AAP?$AAL?$AA?$AA@ 00000001800035d0     libucrt:lcidtoname_downlevel.obj
 0001:000025e0       ??_C@_1M@BOCFIGEP@?$AAp?$AAt?$AA?9?$AAB?$AAR?$AA?$AA@ 00000001800035e0     libucrt:lcidtoname_downlevel.obj
 0001:000025f0       ??_C@_1M@IMPFOPBG@?$AAr?$AAo?$AA?9?$AAR?$AAO?$AA?$AA@ 00000001800035f0     libucrt:lcidtoname_downlevel.obj
 0001:00002600       ??_C@_1M@IDNNEJMM@?$AAr?$AAu?$AA?9?$AAR?$AAU?$AA?$AA@ 0000000180003600     libucrt:lcidtoname_downlevel.obj
 0001:00002610       ??_C@_1M@LILEEOGM@?$AAh?$AAr?$AA?9?$AAH?$AAR?$AA?$AA@ 0000000180003610     libucrt:lcidtoname_downlevel.obj
 0001:00002620       ??_C@_1M@FKIFEHPB@?$AAs?$AAk?$AA?9?$AAS?$AAK?$AA?$AA@ 0000000180003620     libucrt:lcidtoname_downlevel.obj
 0001:00002630       ??_C@_1M@LJMAMNPJ@?$AAs?$AAq?$AA?9?$AAA?$AAL?$AA?$AA@ 0000000180003630     libucrt:lcidtoname_downlevel.obj
 0001:00002640       ??_C@_1M@GIAKDKJK@?$AAs?$AAv?$AA?9?$AAS?$AAE?$AA?$AA@ 0000000180003640     libucrt:lcidtoname_downlevel.obj
 0001:00002650       ??_C@_1M@MKJKIKCL@?$AAt?$AAh?$AA?9?$AAT?$AAH?$AA?$AA@ 0000000180003650     libucrt:lcidtoname_downlevel.obj
 0001:00002660       ??_C@_1M@MFLCCMPB@?$AAt?$AAr?$AA?9?$AAT?$AAR?$AA?$AA@ 0000000180003660     libucrt:lcidtoname_downlevel.obj
 0001:00002670       ??_C@_1M@OIJHDKJN@?$AAu?$AAr?$AA?9?$AAP?$AAK?$AA?$AA@ 0000000180003670     libucrt:lcidtoname_downlevel.obj
 0001:00002680       ??_C@_1M@LHIPCIEK@?$AAi?$AAd?$AA?9?$AAI?$AAD?$AA?$AA@ 0000000180003680     libucrt:lcidtoname_downlevel.obj
 0001:00002690       ??_C@_1M@MFMOBGI@?$AAu?$AAk?$AA?9?$AAU?$AAA?$AA?$AA@ 0000000180003690     libucrt:lcidtoname_downlevel.obj
 0001:000026a0       ??_C@_1M@OBGLJIPL@?$AAb?$AAe?$AA?9?$AAB?$AAY?$AA?$AA@ 00000001800036a0     libucrt:lcidtoname_downlevel.obj
 0001:000026b0       ??_C@_1M@BCFAJEAD@?$AAs?$AAl?$AA?9?$AAS?$AAI?$AA?$AA@ 00000001800036b0     libucrt:lcidtoname_downlevel.obj
 0001:000026c0       ??_C@_1M@FKFFEDDN@?$AAe?$AAt?$AA?9?$AAE?$AAE?$AA?$AA@ 00000001800036c0     libucrt:lcidtoname_downlevel.obj
 0001:000026d0       ??_C@_1M@KGKKAACI@?$AAl?$AAv?$AA?9?$AAL?$AAV?$AA?$AA@ 00000001800036d0     libucrt:lcidtoname_downlevel.obj
 0001:000026e0       ??_C@_1M@IFGBIJO@?$AAl?$AAt?$AA?9?$AAL?$AAT?$AA?$AA@ 00000001800036e0     libucrt:lcidtoname_downlevel.obj
 0001:000026f0       ??_C@_1M@FGEAHEDM@?$AAf?$AAa?$AA?9?$AAI?$AAR?$AA?$AA@ 00000001800036f0     libucrt:lcidtoname_downlevel.obj
 0001:00002700       ??_C@_1M@KBMAIBFN@?$AAv?$AAi?$AA?9?$AAV?$AAN?$AA?$AA@ 0000000180003700     libucrt:lcidtoname_downlevel.obj
 0001:00002710       ??_C@_1M@GPCBKDJK@?$AAh?$AAy?$AA?9?$AAA?$AAM?$AA?$AA@ 0000000180003710     libucrt:lcidtoname_downlevel.obj
 0001:00002720       ??_C@_1BG@BECMDDJB@?$AAa?$AAz?$AA?9?$AAA?$AAZ?$AA?9?$AAL?$AAa?$AAt?$AAn?$AA?$AA@ 0000000180003720     libucrt:lcidtoname_downlevel.obj
 0001:00002738       ??_C@_1M@MAOFCAEA@?$AAe?$AAu?$AA?9?$AAE?$AAS?$AA?$AA@ 0000000180003738     libucrt:lcidtoname_downlevel.obj
 0001:00002748       ??_C@_1M@IGHABKPI@?$AAm?$AAk?$AA?9?$AAM?$AAK?$AA?$AA@ 0000000180003748     libucrt:lcidtoname_downlevel.obj
 0001:00002758       ??_C@_1M@IAIGNEJG@?$AAt?$AAn?$AA?9?$AAZ?$AAA?$AA?$AA@ 0000000180003758     libucrt:lcidtoname_downlevel.obj
 0001:00002768       ??_C@_1M@IIJCOJFA@?$AAx?$AAh?$AA?9?$AAZ?$AAA?$AA?$AA@ 0000000180003768     libucrt:lcidtoname_downlevel.obj
 0001:00002778       ??_C@_1M@LGPJHNJH@?$AAz?$AAu?$AA?9?$AAZ?$AAA?$AA?$AA@ 0000000180003778     libucrt:lcidtoname_downlevel.obj
 0001:00002788       ??_C@_1M@HOKAOIO@?$AAa?$AAf?$AA?9?$AAZ?$AAA?$AA?$AA@ 0000000180003788     libucrt:lcidtoname_downlevel.obj
 0001:00002798       ??_C@_1M@DPCLHLIE@?$AAk?$AAa?$AA?9?$AAG?$AAE?$AA?$AA@ 0000000180003798     libucrt:lcidtoname_downlevel.obj
 0001:000027a8       ??_C@_1M@BLKMHJBI@?$AAf?$AAo?$AA?9?$AAF?$AAO?$AA?$AA@ 00000001800037a8     libucrt:lcidtoname_downlevel.obj
 0001:000027b8       ??_C@_1M@LGGJAPPB@?$AAh?$AAi?$AA?9?$AAI?$AAN?$AA?$AA@ 00000001800037b8     libucrt:lcidtoname_downlevel.obj
 0001:000027c8       ??_C@_1M@FIKPIHFE@?$AAm?$AAt?$AA?9?$AAM?$AAT?$AA?$AA@ 00000001800037c8     libucrt:lcidtoname_downlevel.obj
 0001:000027d8       ??_C@_1M@HEGGPBFA@?$AAs?$AAe?$AA?9?$AAN?$AAO?$AA?$AA@ 00000001800037d8     libucrt:lcidtoname_downlevel.obj
 0001:000027e8       ??_C@_1M@EIBJEEPA@?$AAm?$AAs?$AA?9?$AAM?$AAY?$AA?$AA@ 00000001800037e8     libucrt:lcidtoname_downlevel.obj
 0001:000027f8       ??_C@_1M@FHLBGMPP@?$AAk?$AAk?$AA?9?$AAK?$AAZ?$AA?$AA@ 00000001800037f8     libucrt:lcidtoname_downlevel.obj
 0001:00002808       ??_C@_1M@NGJJLCGI@?$AAk?$AAy?$AA?9?$AAK?$AAG?$AA?$AA@ 0000000180003808     libucrt:lcidtoname_downlevel.obj
 0001:00002818       ??_C@_1M@GIENNBFC@?$AAs?$AAw?$AA?9?$AAK?$AAE?$AA?$AA@ 0000000180003818     libucrt:lcidtoname_downlevel.obj
 0001:00002828       ??_C@_1BG@NDGMJIMJ@?$AAu?$AAz?$AA?9?$AAU?$AAZ?$AA?9?$AAL?$AAa?$AAt?$AAn?$AA?$AA@ 0000000180003828     libucrt:lcidtoname_downlevel.obj
 0001:00002840       ??_C@_1M@IDCCIHBC@?$AAt?$AAt?$AA?9?$AAR?$AAU?$AA?$AA@ 0000000180003840     libucrt:lcidtoname_downlevel.obj
 0001:00002850       ??_C@_1M@LOICPMOJ@?$AAb?$AAn?$AA?9?$AAI?$AAN?$AA?$AA@ 0000000180003850     libucrt:lcidtoname_downlevel.obj
 0001:00002860       ??_C@_1M@KPKKNEAH@?$AAp?$AAa?$AA?9?$AAI?$AAN?$AA?$AA@ 0000000180003860     libucrt:lcidtoname_downlevel.obj
 0001:00002870       ??_C@_1M@PJGPPBOG@?$AAg?$AAu?$AA?9?$AAI?$AAN?$AA?$AA@ 0000000180003870     libucrt:lcidtoname_downlevel.obj
 0001:00002880       ??_C@_1M@KMKMOPHI@?$AAt?$AAa?$AA?9?$AAI?$AAN?$AA?$AA@ 0000000180003880     libucrt:lcidtoname_downlevel.obj
 0001:00002890       ??_C@_1M@KFEHEPAC@?$AAt?$AAe?$AA?9?$AAI?$AAN?$AA?$AA@ 0000000180003890     libucrt:lcidtoname_downlevel.obj
 0001:000028a0       ??_C@_1M@CDCLMGHI@?$AAk?$AAn?$AA?9?$AAI?$AAN?$AA?$AA@ 00000001800038a0     libucrt:lcidtoname_downlevel.obj
 0001:000028b0       ??_C@_1M@MIODLDKF@?$AAm?$AAl?$AA?9?$AAI?$AAN?$AA?$AA@ 00000001800038b0     libucrt:lcidtoname_downlevel.obj
 0001:000028c0       ??_C@_1M@PBIEACPO@?$AAm?$AAr?$AA?9?$AAI?$AAN?$AA?$AA@ 00000001800038c0     libucrt:lcidtoname_downlevel.obj
 0001:000028d0       ??_C@_1M@NIDEAGPH@?$AAs?$AAa?$AA?9?$AAI?$AAN?$AA?$AA@ 00000001800038d0     libucrt:lcidtoname_downlevel.obj
 0001:000028e0       ??_C@_1M@FHIHCBIO@?$AAm?$AAn?$AA?9?$AAM?$AAN?$AA?$AA@ 00000001800038e0     libucrt:lcidtoname_downlevel.obj
 0001:000028f0       ??_C@_1M@JAIJPENP@?$AAc?$AAy?$AA?9?$AAG?$AAB?$AA?$AA@ 00000001800038f0     libucrt:lcidtoname_downlevel.obj
 0001:00002900       ??_C@_1M@PHGFBEPN@?$AAg?$AAl?$AA?9?$AAE?$AAS?$AA?$AA@ 0000000180003900     libucrt:lcidtoname_downlevel.obj
 0001:00002910       ??_C@_1O@KPIPDNCP@?$AAk?$AAo?$AAk?$AA?9?$AAI?$AAN?$AA?$AA@ 0000000180003910     libucrt:lcidtoname_downlevel.obj
 0001:00002920       ??_C@_1O@KNHJLDJA@?$AAs?$AAy?$AAr?$AA?9?$AAS?$AAY?$AA?$AA@ 0000000180003920     libucrt:lcidtoname_downlevel.obj
 0001:00002930       ??_C@_1O@MKEKBLAH@?$AAd?$AAi?$AAv?$AA?9?$AAM?$AAV?$AA?$AA@ 0000000180003930     libucrt:lcidtoname_downlevel.obj
 0001:00002940       ??_C@_1O@OHDCKDDF@?$AAq?$AAu?$AAz?$AA?9?$AAB?$AAO?$AA?$AA@ 0000000180003940     libucrt:lcidtoname_downlevel.obj
 0001:00002950       ??_C@_1M@LEPJNLFD@?$AAn?$AAs?$AA?9?$AAZ?$AAA?$AA?$AA@ 0000000180003950     libucrt:lcidtoname_downlevel.obj
 0001:00002960       ??_C@_1M@OMLEIIJB@?$AAm?$AAi?$AA?9?$AAN?$AAZ?$AA?$AA@ 0000000180003960     libucrt:lcidtoname_downlevel.obj
 0001:00002970       ??_C@_1M@PMPEAILG@?$AAa?$AAr?$AA?9?$AAI?$AAQ?$AA?$AA@ 0000000180003970     libucrt:lcidtoname_downlevel.obj
 0001:00002980       ??_C@_1M@CNKPNOEE@?$AAd?$AAe?$AA?9?$AAC?$AAH?$AA?$AA@ 0000000180003980     libucrt:lcidtoname_downlevel.obj
 0001:00002990       ??_C@_1M@LKMGMLKO@?$AAe?$AAn?$AA?9?$AAG?$AAB?$AA?$AA@ 0000000180003990     libucrt:lcidtoname_downlevel.obj
 0001:000029a0       ??_C@_1M@PGKJFFGL@?$AAe?$AAs?$AA?9?$AAM?$AAX?$AA?$AA@ 00000001800039a0     libucrt:lcidtoname_downlevel.obj
 0001:000029b0       ??_C@_1M@DNNANBDC@?$AAf?$AAr?$AA?9?$AAB?$AAE?$AA?$AA@ 00000001800039b0     libucrt:lcidtoname_downlevel.obj
 0001:000029c0       ??_C@_1M@HLGMDFHM@?$AAi?$AAt?$AA?9?$AAC?$AAH?$AA?$AA@ 00000001800039c0     libucrt:lcidtoname_downlevel.obj
 0001:000029d0       ??_C@_1M@CLLBGJH@?$AAn?$AAl?$AA?9?$AAB?$AAE?$AA?$AA@ 00000001800039d0     libucrt:lcidtoname_downlevel.obj
 0001:000029e0       ??_C@_1M@BODBOGLF@?$AAn?$AAn?$AA?9?$AAN?$AAO?$AA?$AA@ 00000001800039e0     libucrt:lcidtoname_downlevel.obj
 0001:000029f0       ??_C@_1M@HFFAHKAD@?$AAp?$AAt?$AA?9?$AAP?$AAT?$AA?$AA@ 00000001800039f0     libucrt:lcidtoname_downlevel.obj
 0001:00002a00       ??_C@_1BG@LNOAKHIE@?$AAs?$AAr?$AA?9?$AAS?$AAP?$AA?9?$AAL?$AAa?$AAt?$AAn?$AA?$AA@ 0000000180003a00     libucrt:lcidtoname_downlevel.obj
 0001:00002a18       ??_C@_1M@HBMHBGAK@?$AAs?$AAv?$AA?9?$AAF?$AAI?$AA?$AA@ 0000000180003a18     libucrt:lcidtoname_downlevel.obj
 0001:00002a28       ??_C@_1BG@DGCJGJBE@?$AAa?$AAz?$AA?9?$AAA?$AAZ?$AA?9?$AAC?$AAy?$AAr?$AAl?$AA?$AA@ 0000000180003a28     libucrt:lcidtoname_downlevel.obj
 0001:00002a40       ??_C@_1M@KEJDAAHB@?$AAs?$AAe?$AA?9?$AAS?$AAE?$AA?$AA@ 0000000180003a40     libucrt:lcidtoname_downlevel.obj
 0001:00002a50       ??_C@_1M@HEIBJJAD@?$AAm?$AAs?$AA?9?$AAB?$AAN?$AA?$AA@ 0000000180003a50     libucrt:lcidtoname_downlevel.obj
 0001:00002a60       ??_C@_1BG@PBGJMCEM@?$AAu?$AAz?$AA?9?$AAU?$AAZ?$AA?9?$AAC?$AAy?$AAr?$AAl?$AA?$AA@ 0000000180003a60     libucrt:lcidtoname_downlevel.obj
 0001:00002a78       ??_C@_1O@LAOBCMDF@?$AAq?$AAu?$AAz?$AA?9?$AAE?$AAC?$AA?$AA@ 0000000180003a78     libucrt:lcidtoname_downlevel.obj
 0001:00002a88       ??_C@_1M@POEEMAIO@?$AAa?$AAr?$AA?9?$AAE?$AAG?$AA?$AA@ 0000000180003a88     libucrt:lcidtoname_downlevel.obj
 0001:00002a98       ??_C@_1M@EFAKDEDL@?$AAz?$AAh?$AA?9?$AAH?$AAK?$AA?$AA@ 0000000180003a98     libucrt:lcidtoname_downlevel.obj
 0001:00002aa8       ??_C@_1M@HKKIJHGI@?$AAd?$AAe?$AA?9?$AAA?$AAT?$AA?$AA@ 0000000180003aa8     libucrt:lcidtoname_downlevel.obj
 0001:00002ab8       ??_C@_1M@KBFBEHJF@?$AAe?$AAn?$AA?9?$AAA?$AAU?$AA?$AA@ 0000000180003ab8     libucrt:lcidtoname_downlevel.obj
 0001:00002ac8       ??_C@_1M@MNPLFAAH@?$AAe?$AAs?$AA?9?$AAE?$AAS?$AA?$AA@ 0000000180003ac8     libucrt:lcidtoname_downlevel.obj
 0001:00002ad8       ??_C@_1M@HJOOJFMA@?$AAf?$AAr?$AA?9?$AAC?$AAA?$AA?$AA@ 0000000180003ad8     libucrt:lcidtoname_downlevel.obj
 0001:00002ae8       ??_C@_1BG@JPOFPNAB@?$AAs?$AAr?$AA?9?$AAS?$AAP?$AA?9?$AAC?$AAy?$AAr?$AAl?$AA?$AA@ 0000000180003ae8     libucrt:lcidtoname_downlevel.obj
 0001:00002b00       ??_C@_1M@LNFOCMOB@?$AAs?$AAe?$AA?9?$AAF?$AAI?$AA?$AA@ 0000000180003b00     libucrt:lcidtoname_downlevel.obj
 0001:00002b10       ??_C@_1O@MGJBOAMB@?$AAq?$AAu?$AAz?$AA?9?$AAP?$AAE?$AA?$AA@ 0000000180003b10     libucrt:lcidtoname_downlevel.obj
 0001:00002b20       ??_C@_1M@GJINLBOK@?$AAa?$AAr?$AA?9?$AAL?$AAY?$AA?$AA@ 0000000180003b20     libucrt:lcidtoname_downlevel.obj
 0001:00002b30       ??_C@_1M@GGMNHJNL@?$AAz?$AAh?$AA?9?$AAS?$AAG?$AA?$AA@ 0000000180003b30     libucrt:lcidtoname_downlevel.obj
 0001:00002b40       ??_C@_1M@HOIKODND@?$AAd?$AAe?$AA?9?$AAL?$AAU?$AA?$AA@ 0000000180003b40     libucrt:lcidtoname_downlevel.obj
 0001:00002b50       ??_C@_1M@DDOCCGFG@?$AAe?$AAn?$AA?9?$AAC?$AAA?$AA?$AA@ 0000000180003b50     libucrt:lcidtoname_downlevel.obj
 0001:00002b60       ??_C@_1M@BNOEMJLF@?$AAe?$AAs?$AA?9?$AAG?$AAT?$AA?$AA@ 0000000180003b60     libucrt:lcidtoname_downlevel.obj
 0001:00002b70       ??_C@_1M@EOGNKEK@?$AAf?$AAr?$AA?9?$AAC?$AAH?$AA?$AA@ 0000000180003b70     libucrt:lcidtoname_downlevel.obj
 0001:00002b80       ??_C@_1M@FLIDJFHL@?$AAh?$AAr?$AA?9?$AAB?$AAA?$AA?$AA@ 0000000180003b80     libucrt:lcidtoname_downlevel.obj
 0001:00002b90       ??_C@_1O@FMCELNAJ@?$AAs?$AAm?$AAj?$AA?9?$AAN?$AAO?$AA?$AA@ 0000000180003b90     libucrt:lcidtoname_downlevel.obj
 0001:00002ba0       ??_C@_1M@JHGLJMGJ@?$AAa?$AAr?$AA?9?$AAD?$AAZ?$AA?$AA@ 0000000180003ba0     libucrt:lcidtoname_downlevel.obj
 0001:00002bb0       ??_C@_1M@JKKFDCNP@?$AAz?$AAh?$AA?9?$AAM?$AAO?$AA?$AA@ 0000000180003bb0     libucrt:lcidtoname_downlevel.obj
 0001:00002bc0       ??_C@_1M@GEEFALPE@?$AAd?$AAe?$AA?9?$AAL?$AAI?$AA?$AA@ 0000000180003bc0     libucrt:lcidtoname_downlevel.obj
 0001:00002bd0       ??_C@_1M@IGEOFBG@?$AAe?$AAn?$AA?9?$AAN?$AAZ?$AA?$AA@ 0000000180003bd0     libucrt:lcidtoname_downlevel.obj
 0001:00002be0       ??_C@_1M@KDBONEHP@?$AAe?$AAs?$AA?9?$AAC?$AAR?$AA?$AA@ 0000000180003be0     libucrt:lcidtoname_downlevel.obj
 0001:00002bf0       ??_C@_1M@FHMDOHNN@?$AAf?$AAr?$AA?9?$AAL?$AAU?$AA?$AA@ 0000000180003bf0     libucrt:lcidtoname_downlevel.obj
 0001:00002c00       ??_C@_1BG@NFKKMAFG@?$AAb?$AAs?$AA?9?$AAB?$AAA?$AA?9?$AAL?$AAa?$AAt?$AAn?$AA?$AA@ 0000000180003c00     libucrt:lcidtoname_downlevel.obj
 0001:00002c18       ??_C@_1O@IMNBEMCI@?$AAs?$AAm?$AAj?$AA?9?$AAS?$AAE?$AA?$AA@ 0000000180003c18     libucrt:lcidtoname_downlevel.obj
 0001:00002c28       ??_C@_1M@DHHMBNDP@?$AAa?$AAr?$AA?9?$AAM?$AAA?$AA?$AA@ 0000000180003c28     libucrt:lcidtoname_downlevel.obj
 0001:00002c38       ??_C@_1M@BNBLJCGH@?$AAe?$AAn?$AA?9?$AAI?$AAE?$AA?$AA@ 0000000180003c38     libucrt:lcidtoname_downlevel.obj
 0001:00002c48       ??_C@_1M@GEPAFMDL@?$AAe?$AAs?$AA?9?$AAP?$AAA?$AA?$AA@ 0000000180003c48     libucrt:lcidtoname_downlevel.obj
 0001:00002c58       ??_C@_1M@OJONDMDL@?$AAf?$AAr?$AA?9?$AAM?$AAC?$AA?$AA@ 0000000180003c58     libucrt:lcidtoname_downlevel.obj
 0001:00002c68       ??_C@_1BG@OBCNFJB@?$AAs?$AAr?$AA?9?$AAB?$AAA?$AA?9?$AAL?$AAa?$AAt?$AAn?$AA?$AA@ 0000000180003c68     libucrt:lcidtoname_downlevel.obj
 0001:00002c80       ??_C@_1O@KEMEEGPO@?$AAs?$AAm?$AAa?$AA?9?$AAN?$AAO?$AA?$AA@ 0000000180003c80     libucrt:lcidtoname_downlevel.obj
 0001:00002c90       ??_C@_1M@ELMGFODK@?$AAa?$AAr?$AA?9?$AAT?$AAN?$AA?$AA@ 0000000180003c90     libucrt:lcidtoname_downlevel.obj
 0001:00002ca0       ??_C@_1M@BHDLHFAF@?$AAe?$AAn?$AA?9?$AAZ?$AAA?$AA?$AA@ 0000000180003ca0     libucrt:lcidtoname_downlevel.obj
 0001:00002cb0       ??_C@_1M@BMGIGLIF@?$AAe?$AAs?$AA?9?$AAD?$AAO?$AA?$AA@ 0000000180003cb0     libucrt:lcidtoname_downlevel.obj
 0001:00002cc0       ??_C@_1BG@CMBHIPBE@?$AAs?$AAr?$AA?9?$AAB?$AAA?$AA?9?$AAC?$AAy?$AAr?$AAl?$AA?$AA@ 0000000180003cc0     libucrt:lcidtoname_downlevel.obj
 0001:00002cd8       ??_C@_1O@HEDBLHNP@?$AAs?$AAm?$AAa?$AA?9?$AAS?$AAE?$AA?$AA@ 0000000180003cd8     libucrt:lcidtoname_downlevel.obj
 0001:00002ce8       ??_C@_1M@DAGCADIM@?$AAa?$AAr?$AA?9?$AAO?$AAM?$AA?$AA@ 0000000180003ce8     libucrt:lcidtoname_downlevel.obj
 0001:00002cf8       ??_C@_1M@FODLMICG@?$AAe?$AAn?$AA?9?$AAJ?$AAM?$AA?$AA@ 0000000180003cf8     libucrt:lcidtoname_downlevel.obj
 0001:00002d08       ??_C@_1M@DNMLCIHB@?$AAe?$AAs?$AA?9?$AAV?$AAE?$AA?$AA@ 0000000180003d08     libucrt:lcidtoname_downlevel.obj
 0001:00002d18       ??_C@_1O@EOKHMKJK@?$AAs?$AAm?$AAs?$AA?9?$AAF?$AAI?$AA?$AA@ 0000000180003d18     libucrt:lcidtoname_downlevel.obj
 0001:00002d28       ??_C@_1M@CAFJMKOF@?$AAa?$AAr?$AA?9?$AAY?$AAE?$AA?$AA@ 0000000180003d28     libucrt:lcidtoname_downlevel.obj
 0001:00002d38       ??_C@_1M@CBFHIJLI@?$AAe?$AAn?$AA?9?$AAC?$AAB?$AA?$AA@ 0000000180003d38     libucrt:lcidtoname_downlevel.obj
 0001:00002d48       ??_C@_1M@BGNFLDN@?$AAe?$AAs?$AA?9?$AAC?$AAO?$AA?$AA@ 0000000180003d48     libucrt:lcidtoname_downlevel.obj
 0001:00002d58       ??_C@_1O@JMPHMAMC@?$AAs?$AAm?$AAn?$AA?9?$AAF?$AAI?$AA?$AA@ 0000000180003d58     libucrt:lcidtoname_downlevel.obj
 0001:00002d68       ??_C@_1M@JLANABKE@?$AAa?$AAr?$AA?9?$AAS?$AAY?$AA?$AA@ 0000000180003d68     libucrt:lcidtoname_downlevel.obj
 0001:00002d78       ??_C@_1M@HPKGCFGN@?$AAe?$AAn?$AA?9?$AAB?$AAZ?$AA?$AA@ 0000000180003d78     libucrt:lcidtoname_downlevel.obj
 0001:00002d88       ??_C@_1M@OLJCMLGM@?$AAe?$AAs?$AA?9?$AAP?$AAE?$AA?$AA@ 0000000180003d88     libucrt:lcidtoname_downlevel.obj
 0001:00002d98       ??_C@_1M@MKKGFKLE@?$AAa?$AAr?$AA?9?$AAJ?$AAO?$AA?$AA@ 0000000180003d98     libucrt:lcidtoname_downlevel.obj
 0001:00002da8       ??_C@_1M@EKPGLDNI@?$AAe?$AAn?$AA?9?$AAT?$AAT?$AA?$AA@ 0000000180003da8     libucrt:lcidtoname_downlevel.obj
 0001:00002db8       ??_C@_1M@OONGHFHE@?$AAe?$AAs?$AA?9?$AAA?$AAR?$AA?$AA@ 0000000180003db8     libucrt:lcidtoname_downlevel.obj
 0001:00002dc8       ??_C@_1M@OOJFGBHE@?$AAa?$AAr?$AA?9?$AAL?$AAB?$AA?$AA@ 0000000180003dc8     libucrt:lcidtoname_downlevel.obj
 0001:00002dd8       ??_C@_1M@GCEJHNEG@?$AAe?$AAn?$AA?9?$AAZ?$AAW?$AA?$AA@ 0000000180003dd8     libucrt:lcidtoname_downlevel.obj
 0001:00002de8       ??_C@_1M@JNOCAHJI@?$AAe?$AAs?$AA?9?$AAE?$AAC?$AA?$AA@ 0000000180003de8     libucrt:lcidtoname_downlevel.obj
 0001:00002df8       ??_C@_1M@JEFHPGGB@?$AAa?$AAr?$AA?9?$AAK?$AAW?$AA?$AA@ 0000000180003df8     libucrt:lcidtoname_downlevel.obj
 0001:00002e08       ??_C@_1M@MLKIBJOJ@?$AAe?$AAn?$AA?9?$AAP?$AAH?$AA?$AA@ 0000000180003e08     libucrt:lcidtoname_downlevel.obj
 0001:00002e18       ??_C@_1M@BDNIPEND@?$AAe?$AAs?$AA?9?$AAC?$AAL?$AA?$AA@ 0000000180003e18     libucrt:lcidtoname_downlevel.obj
 0001:00002e28       ??_C@_1M@MPNMEKBD@?$AAa?$AAr?$AA?9?$AAA?$AAE?$AA?$AA@ 0000000180003e28     libucrt:lcidtoname_downlevel.obj
 0001:00002e38       ??_C@_1M@KBJALCPI@?$AAe?$AAs?$AA?9?$AAU?$AAY?$AA?$AA@ 0000000180003e38     libucrt:lcidtoname_downlevel.obj
 0001:00002e48       ??_C@_1M@LLCCOAGA@?$AAa?$AAr?$AA?9?$AAB?$AAH?$AA?$AA@ 0000000180003e48     libucrt:lcidtoname_downlevel.obj
 0001:00002e58       ??_C@_1M@PBFNCDEL@?$AAe?$AAs?$AA?9?$AAP?$AAY?$AA?$AA@ 0000000180003e58     libucrt:lcidtoname_downlevel.obj
 0001:00002e68       ??_C@_1M@EDGINPNP@?$AAa?$AAr?$AA?9?$AAQ?$AAA?$AA?$AA@ 0000000180003e68     libucrt:lcidtoname_downlevel.obj
 0001:00002e78       ??_C@_1M@MKDBIIJI@?$AAe?$AAs?$AA?9?$AAB?$AAO?$AA?$AA@ 0000000180003e78     libucrt:lcidtoname_downlevel.obj
 0001:00002e88       ??_C@_1M@CPKKEBLD@?$AAe?$AAs?$AA?9?$AAS?$AAV?$AA?$AA@ 0000000180003e88     libucrt:lcidtoname_downlevel.obj
 0001:00002e98       ??_C@_1M@NDBGMMJL@?$AAe?$AAs?$AA?9?$AAH?$AAN?$AA?$AA@ 0000000180003e98     libucrt:lcidtoname_downlevel.obj
 0001:00002ea8       ??_C@_1M@JIJIBHDP@?$AAe?$AAs?$AA?9?$AAN?$AAI?$AA?$AA@ 0000000180003ea8     libucrt:lcidtoname_downlevel.obj
 0001:00002eb8       ??_C@_1M@CGFMKEEK@?$AAe?$AAs?$AA?9?$AAP?$AAR?$AA?$AA@ 0000000180003eb8     libucrt:lcidtoname_downlevel.obj
 0001:00002ec8       ??_C@_1O@ICJHKIIK@?$AAz?$AAh?$AA?9?$AAC?$AAH?$AAT?$AA?$AA@ 0000000180003ec8     libucrt:lcidtoname_downlevel.obj
 0001:00002ed8       ??_C@_15CLNEJCE@?$AAs?$AAr?$AA?$AA@ 0000000180003ed8     libucrt:lcidtoname_downlevel.obj
 0001:00003d20       ??_C@_1M@KAHEKEIG@?$AAa?$AAf?$AA?9?$AAz?$AAa?$AA?$AA@ 0000000180004d20     libucrt:lcidtoname_downlevel.obj
 0001:00003d30       ??_C@_1M@GIECOABL@?$AAa?$AAr?$AA?9?$AAa?$AAe?$AA?$AA@ 0000000180004d30     libucrt:lcidtoname_downlevel.obj
 0001:00003d40       ??_C@_1M@BMLMEKGI@?$AAa?$AAr?$AA?9?$AAb?$AAh?$AA?$AA@ 0000000180004d40     libucrt:lcidtoname_downlevel.obj
 0001:00003d50       ??_C@_1M@DAPFDGGB@?$AAa?$AAr?$AA?9?$AAd?$AAz?$AA?$AA@ 0000000180004d50     libucrt:lcidtoname_downlevel.obj
 0001:00003d60       ??_C@_1M@FJNKGKIG@?$AAa?$AAr?$AA?9?$AAe?$AAg?$AA?$AA@ 0000000180004d60     libucrt:lcidtoname_downlevel.obj
 0001:00003d70       ??_C@_1M@FLGKKCLO@?$AAa?$AAr?$AA?9?$AAi?$AAq?$AA?$AA@ 0000000180004d70     libucrt:lcidtoname_downlevel.obj
 0001:00003d80       ??_C@_1M@GNDIPALM@?$AAa?$AAr?$AA?9?$AAj?$AAo?$AA?$AA@ 0000000180004d80     libucrt:lcidtoname_downlevel.obj
 0001:00003d90       ??_C@_1M@DDMJFMGJ@?$AAa?$AAr?$AA?9?$AAk?$AAw?$AA?$AA@ 0000000180004d90     libucrt:lcidtoname_downlevel.obj
 0001:00003da0       ??_C@_1M@EJALMLHM@?$AAa?$AAr?$AA?9?$AAl?$AAb?$AA?$AA@ 0000000180004da0     libucrt:lcidtoname_downlevel.obj
 0001:00003db0       ??_C@_1M@MOBDBLOC@?$AAa?$AAr?$AA?9?$AAl?$AAy?$AA?$AA@ 0000000180004db0     libucrt:lcidtoname_downlevel.obj
 0001:00003dc0       ??_C@_1M@JAOCLHDH@?$AAa?$AAr?$AA?9?$AAm?$AAa?$AA?$AA@ 0000000180004dc0     libucrt:lcidtoname_downlevel.obj
 0001:00003dd0       ??_C@_1M@JHPMKJIE@?$AAa?$AAr?$AA?9?$AAo?$AAm?$AA?$AA@ 0000000180004dd0     libucrt:lcidtoname_downlevel.obj
 0001:00003de0       ??_C@_1M@OEPGHFNH@?$AAa?$AAr?$AA?9?$AAq?$AAa?$AA?$AA@ 0000000180004de0     libucrt:lcidtoname_downlevel.obj
 0001:00003df0       ??_C@_1M@KJDONENM@?$AAa?$AAr?$AA?9?$AAs?$AAa?$AA?$AA@ 0000000180004df0     libucrt:lcidtoname_downlevel.obj
 0001:00003e00       ??_C@_1M@DMJDKLKM@?$AAa?$AAr?$AA?9?$AAs?$AAy?$AA?$AA@ 0000000180004e00     libucrt:lcidtoname_downlevel.obj
 0001:00003e10       ??_C@_1M@OMFIPEDC@?$AAa?$AAr?$AA?9?$AAt?$AAn?$AA?$AA@ 0000000180004e10     libucrt:lcidtoname_downlevel.obj
 0001:00003e20       ??_C@_1M@IHMHGAON@?$AAa?$AAr?$AA?9?$AAy?$AAe?$AA?$AA@ 0000000180004e20     libucrt:lcidtoname_downlevel.obj
 0001:00003e30       ??_C@_1BG@KDCPGJGB@?$AAa?$AAz?$AA?9?$AAa?$AAz?$AA?9?$AAc?$AAy?$AAr?$AAl?$AA?$AA@ 0000000180004e30     libucrt:lcidtoname_downlevel.obj
 0001:00003e48       ??_C@_1BG@IBCKDDOE@?$AAa?$AAz?$AA?9?$AAa?$AAz?$AA?9?$AAl?$AAa?$AAt?$AAn?$AA?$AA@ 0000000180004e48     libucrt:lcidtoname_downlevel.obj
 0001:00003e60       ??_C@_1M@EGPFDCPD@?$AAb?$AAe?$AA?9?$AAb?$AAy?$AA?$AA@ 0000000180004e60     libucrt:lcidtoname_downlevel.obj
 0001:00003e70       ??_C@_1M@PCMGMCGC@?$AAb?$AAg?$AA?9?$AAb?$AAg?$AA?$AA@ 0000000180004e70     libucrt:lcidtoname_downlevel.obj
 0001:00003e80       ??_C@_1M@BJBMFGOB@?$AAb?$AAn?$AA?9?$AAi?$AAn?$AA?$AA@ 0000000180004e80     libucrt:lcidtoname_downlevel.obj
 0001:00003e90       ??_C@_1BG@EAKMMACD@?$AAb?$AAs?$AA?9?$AAb?$AAa?$AA?9?$AAl?$AAa?$AAt?$AAn?$AA?$AA@ 0000000180004e90     libucrt:lcidtoname_downlevel.obj
 0001:00003ea8       ??_C@_1M@KGADAODK@?$AAc?$AAa?$AA?9?$AAe?$AAs?$AA?$AA@ 0000000180004ea8     libucrt:lcidtoname_downlevel.obj
 0001:00003eb8       ??_C@_1M@COAJPDHI@?$AAc?$AAs?$AA?9?$AAc?$AAz?$AA?$AA@ 0000000180004eb8     libucrt:lcidtoname_downlevel.obj
 0001:00003ec8       ??_C@_1M@DHBHFONH@?$AAc?$AAy?$AA?9?$AAg?$AAb?$AA?$AA@ 0000000180004ec8     libucrt:lcidtoname_downlevel.obj
 0001:00003ed8       ??_C@_1M@IMGKELGA@?$AAd?$AAa?$AA?9?$AAd?$AAk?$AA?$AA@ 0000000180004ed8     libucrt:lcidtoname_downlevel.obj
 0001:00003ee8       ??_C@_1M@NNDGDNGA@?$AAd?$AAe?$AA?9?$AAa?$AAt?$AA?$AA@ 0000000180004ee8     libucrt:lcidtoname_downlevel.obj
 0001:00003ef8       ??_C@_1M@IKDBHEEM@?$AAd?$AAe?$AA?9?$AAc?$AAh?$AA?$AA@ 0000000180004ef8     libucrt:lcidtoname_downlevel.obj
 0001:00003f08       ??_C@_1M@GFFOJMCJ@?$AAd?$AAe?$AA?9?$AAd?$AAe?$AA?$AA@ 0000000180004f08     libucrt:lcidtoname_downlevel.obj
 0001:00003f18       ??_C@_1M@MDNLKBPM@?$AAd?$AAe?$AA?9?$AAl?$AAi?$AA?$AA@ 0000000180004f18     libucrt:lcidtoname_downlevel.obj
 0001:00003f28       ??_C@_1M@NJBEEJNL@?$AAd?$AAe?$AA?9?$AAl?$AAu?$AA?$AA@ 0000000180004f28     libucrt:lcidtoname_downlevel.obj
 0001:00003f38       ??_C@_1O@GNNELBAP@?$AAd?$AAi?$AAv?$AA?9?$AAm?$AAv?$AA?$AA@ 0000000180004f38     libucrt:lcidtoname_downlevel.obj
 0001:00003f48       ??_C@_1M@EJLEOGAE@?$AAe?$AAl?$AA?9?$AAg?$AAr?$AA?$AA@ 0000000180004f48     libucrt:lcidtoname_downlevel.obj
 0001:00003f58       ??_C@_1M@GMPONJN@?$AAe?$AAn?$AA?9?$AAa?$AAu?$AA?$AA@ 0000000180004f58     libucrt:lcidtoname_downlevel.obj
 0001:00003f68       ??_C@_1M@NIDIIPGF@?$AAe?$AAn?$AA?9?$AAb?$AAz?$AA?$AA@ 0000000180004f68     libucrt:lcidtoname_downlevel.obj
 0001:00003f78       ??_C@_1M@JEHMIMFO@?$AAe?$AAn?$AA?9?$AAc?$AAa?$AA?$AA@ 0000000180004f78     libucrt:lcidtoname_downlevel.obj
 0001:00003f88       ??_C@_1M@IGMJCDLA@?$AAe?$AAn?$AA?9?$AAc?$AAb?$AA?$AA@ 0000000180004f88     libucrt:lcidtoname_downlevel.obj
 0001:00003f98       ??_C@_1M@BNFIGBKG@?$AAe?$AAn?$AA?9?$AAg?$AAb?$AA?$AA@ 0000000180004f98     libucrt:lcidtoname_downlevel.obj
 0001:00003fa8       ??_C@_1M@LKIFDIGP@?$AAe?$AAn?$AA?9?$AAi?$AAe?$AA?$AA@ 0000000180004fa8     libucrt:lcidtoname_downlevel.obj
 0001:00003fb8       ??_C@_1M@PJKFGCCO@?$AAe?$AAn?$AA?9?$AAj?$AAm?$AA?$AA@ 0000000180004fb8     libucrt:lcidtoname_downlevel.obj
 0001:00003fc8       ??_C@_1M@KPPKEPBO@?$AAe?$AAn?$AA?9?$AAn?$AAz?$AA?$AA@ 0000000180004fc8     libucrt:lcidtoname_downlevel.obj
 0001:00003fd8       ??_C@_1M@GMDGLDOB@?$AAe?$AAn?$AA?9?$AAp?$AAh?$AA?$AA@ 0000000180004fd8     libucrt:lcidtoname_downlevel.obj
 0001:00003fe8       ??_C@_1M@ONGIBJNA@?$AAe?$AAn?$AA?9?$AAt?$AAt?$AA?$AA@ 0000000180004fe8     libucrt:lcidtoname_downlevel.obj
 0001:00003ff8       ??_C@_1M@LLODPCMM@?$AAe?$AAn?$AA?9?$AAu?$AAs?$AA?$AA@ 0000000180004ff8     libucrt:lcidtoname_downlevel.obj
 0001:00004008       ??_C@_1M@LAKFNPAN@?$AAe?$AAn?$AA?9?$AAz?$AAa?$AA?$AA@ 0000000180005008     libucrt:lcidtoname_downlevel.obj
 0001:00004018       ??_C@_1M@MFNHNHEO@?$AAe?$AAn?$AA?9?$AAz?$AAw?$AA?$AA@ 0000000180005018     libucrt:lcidtoname_downlevel.obj
 0001:00004028       ??_C@_1M@EJEINPHM@?$AAe?$AAs?$AA?9?$AAa?$AAr?$AA?$AA@ 0000000180005028     libucrt:lcidtoname_downlevel.obj
 0001:00004038       ??_C@_1M@GNKPCCJA@?$AAe?$AAs?$AA?9?$AAb?$AAo?$AA?$AA@ 0000000180005038     libucrt:lcidtoname_downlevel.obj
 0001:00004048       ??_C@_1M@LEEGFONL@?$AAe?$AAs?$AA?9?$AAc?$AAl?$AA?$AA@ 0000000180005048     libucrt:lcidtoname_downlevel.obj
 0001:00004058       ??_C@_1M@KGPDPBDF@?$AAe?$AAs?$AA?9?$AAc?$AAo?$AA?$AA@ 0000000180005058     libucrt:lcidtoname_downlevel.obj
 0001:00004068       ??_C@_1M@EIAHOHH@?$AAe?$AAs?$AA?9?$AAc?$AAr?$AA?$AA@ 0000000180005068     libucrt:lcidtoname_downlevel.obj
 0001:00004078       ??_C@_1M@LLPGMBIN@?$AAe?$AAs?$AA?9?$AAd?$AAo?$AA?$AA@ 0000000180005078     libucrt:lcidtoname_downlevel.obj
 0001:00004088       ??_C@_1M@DKHMKNJA@?$AAe?$AAs?$AA?9?$AAe?$AAc?$AA?$AA@ 0000000180005088     libucrt:lcidtoname_downlevel.obj
 0001:00004098       ??_C@_1M@GKGFPKAP@?$AAe?$AAs?$AA?9?$AAe?$AAs?$AA?$AA@ 0000000180005098     libucrt:lcidtoname_downlevel.obj
 0001:000040a8       ??_C@_1M@LKHKGDLN@?$AAe?$AAs?$AA?9?$AAg?$AAt?$AA?$AA@ 00000001800050a8     libucrt:lcidtoname_downlevel.obj
 0001:000040b8       ??_C@_1M@HEIIGGJD@?$AAe?$AAs?$AA?9?$AAh?$AAn?$AA?$AA@ 00000001800050b8     libucrt:lcidtoname_downlevel.obj
 0001:000040c8       ??_C@_1M@FBDHPPGD@?$AAe?$AAs?$AA?9?$AAm?$AAx?$AA?$AA@ 00000001800050c8     libucrt:lcidtoname_downlevel.obj
 0001:000040d8       ??_C@_1M@DPAGLNDH@?$AAe?$AAs?$AA?9?$AAn?$AAi?$AA?$AA@ 00000001800050d8     libucrt:lcidtoname_downlevel.obj
 0001:000040e8       ??_C@_1M@MDGOPGDD@?$AAe?$AAs?$AA?9?$AAp?$AAa?$AA?$AA@ 00000001800050e8     libucrt:lcidtoname_downlevel.obj
 0001:000040f8       ??_C@_1M@EMAMGBGE@?$AAe?$AAs?$AA?9?$AAp?$AAe?$AA?$AA@ 00000001800050f8     libucrt:lcidtoname_downlevel.obj
 0001:00004108       ??_C@_1M@IBMCAOEC@?$AAe?$AAs?$AA?9?$AAp?$AAr?$AA?$AA@ 0000000180005108     libucrt:lcidtoname_downlevel.obj
 0001:00004118       ??_C@_1M@FGMDIJED@?$AAe?$AAs?$AA?9?$AAp?$AAy?$AA?$AA@ 0000000180005118     libucrt:lcidtoname_downlevel.obj
 0001:00004128       ??_C@_1M@IIDEOLLL@?$AAe?$AAs?$AA?9?$AAs?$AAv?$AA?$AA@ 0000000180005128     libucrt:lcidtoname_downlevel.obj
 0001:00004138       ??_C@_1M@GAOBIPA@?$AAe?$AAs?$AA?9?$AAu?$AAy?$AA?$AA@ 0000000180005138     libucrt:lcidtoname_downlevel.obj
 0001:00004148       ??_C@_1M@JKFFICHJ@?$AAe?$AAs?$AA?9?$AAv?$AAe?$AA?$AA@ 0000000180005148     libucrt:lcidtoname_downlevel.obj
 0001:00004158       ??_C@_1M@PNMLOJDF@?$AAe?$AAt?$AA?9?$AAe?$AAe?$AA?$AA@ 0000000180005158     libucrt:lcidtoname_downlevel.obj
 0001:00004168       ??_C@_1M@GHHLIKEI@?$AAe?$AAu?$AA?9?$AAe?$AAs?$AA?$AA@ 0000000180005168     libucrt:lcidtoname_downlevel.obj
 0001:00004178       ??_C@_1M@PBNONODE@?$AAf?$AAa?$AA?9?$AAi?$AAr?$AA?$AA@ 0000000180005178     libucrt:lcidtoname_downlevel.obj
 0001:00004188       ??_C@_1M@JEEHPMIL@?$AAf?$AAi?$AA?9?$AAf?$AAi?$AA?$AA@ 0000000180005188     libucrt:lcidtoname_downlevel.obj
 0001:00004198       ??_C@_1M@LMDCNDBA@?$AAf?$AAo?$AA?9?$AAf?$AAo?$AA?$AA@ 0000000180005198     libucrt:lcidtoname_downlevel.obj
 0001:000041a8       ??_C@_1M@JKEOHLDK@?$AAf?$AAr?$AA?9?$AAb?$AAe?$AA?$AA@ 00000001800051a8     libucrt:lcidtoname_downlevel.obj
 0001:000041b8       ??_C@_1M@NOHADPMI@?$AAf?$AAr?$AA?9?$AAc?$AAa?$AA?$AA@ 00000001800051b8     libucrt:lcidtoname_downlevel.obj
 0001:000041c8       ??_C@_1M@KDHIHAEC@?$AAf?$AAr?$AA?9?$AAc?$AAh?$AA?$AA@ 00000001800051c8     libucrt:lcidtoname_downlevel.obj
 0001:000041d8       ??_C@_1M@MMBBFGAK@?$AAf?$AAr?$AA?9?$AAf?$AAr?$AA?$AA@ 00000001800051d8     libucrt:lcidtoname_downlevel.obj
 0001:000041e8       ??_C@_1M@PAFNENNF@?$AAf?$AAr?$AA?9?$AAl?$AAu?$AA?$AA@ 00000001800051e8     libucrt:lcidtoname_downlevel.obj
 0001:000041f8       ??_C@_1M@EOHDJGDD@?$AAf?$AAr?$AA?9?$AAm?$AAc?$AA?$AA@ 00000001800051f8     libucrt:lcidtoname_downlevel.obj
 0001:00004208       ??_C@_1M@FAPLLOPF@?$AAg?$AAl?$AA?9?$AAe?$AAs?$AA?$AA@ 0000000180005208     libucrt:lcidtoname_downlevel.obj
 0001:00004218       ??_C@_1M@FOPBFLOO@?$AAg?$AAu?$AA?9?$AAi?$AAn?$AA?$AA@ 0000000180005218     libucrt:lcidtoname_downlevel.obj
 0001:00004228       ??_C@_1M@KBMCINPM@?$AAh?$AAe?$AA?9?$AAi?$AAl?$AA?$AA@ 0000000180005228     libucrt:lcidtoname_downlevel.obj
 0001:00004238       ??_C@_1M@BBPHKFPJ@?$AAh?$AAi?$AA?9?$AAi?$AAn?$AA?$AA@ 0000000180005238     libucrt:lcidtoname_downlevel.obj
 0001:00004248       ??_C@_1M@PMBNDPHD@?$AAh?$AAr?$AA?9?$AAb?$AAa?$AA?$AA@ 0000000180005248     libucrt:lcidtoname_downlevel.obj
 0001:00004258       ??_C@_1M@BPCKOEGE@?$AAh?$AAr?$AA?9?$AAh?$AAr?$AA?$AA@ 0000000180005258     libucrt:lcidtoname_downlevel.obj
 0001:00004268       ??_C@_1M@GACBMHKE@?$AAh?$AAu?$AA?9?$AAh?$AAu?$AA?$AA@ 0000000180005268     libucrt:lcidtoname_downlevel.obj
 0001:00004278       ??_C@_1M@MILPAJJC@?$AAh?$AAy?$AA?9?$AAa?$AAm?$AA?$AA@ 0000000180005278     libucrt:lcidtoname_downlevel.obj
 0001:00004288       ??_C@_1M@BABBICEC@?$AAi?$AAd?$AA?9?$AAi?$AAd?$AA?$AA@ 0000000180005288     libucrt:lcidtoname_downlevel.obj
 0001:00004298       ??_C@_1M@BIKNHHPF@?$AAi?$AAs?$AA?9?$AAi?$AAs?$AA?$AA@ 0000000180005298     libucrt:lcidtoname_downlevel.obj
 0001:000042a8       ??_C@_1M@NMPCJPHE@?$AAi?$AAt?$AA?9?$AAc?$AAh?$AA?$AA@ 00000001800052a8     libucrt:lcidtoname_downlevel.obj
 0001:000042b8       ??_C@_1M@GHKGFEDF@?$AAi?$AAt?$AA?9?$AAi?$AAt?$AA?$AA@ 00000001800052b8     libucrt:lcidtoname_downlevel.obj
 0001:000042c8       ??_C@_1M@NIEJCJJA@?$AAj?$AAa?$AA?9?$AAj?$AAp?$AA?$AA@ 00000001800052c8     libucrt:lcidtoname_downlevel.obj
 0001:000042d8       ??_C@_1M@JILFNBIM@?$AAk?$AAa?$AA?9?$AAg?$AAe?$AA?$AA@ 00000001800052d8     libucrt:lcidtoname_downlevel.obj
 0001:000042e8       ??_C@_1M@PACPMGPH@?$AAk?$AAk?$AA?9?$AAk?$AAz?$AA?$AA@ 00000001800052e8     libucrt:lcidtoname_downlevel.obj
 0001:000042f8       ??_C@_1M@IELFGMHA@?$AAk?$AAn?$AA?9?$AAi?$AAn?$AA?$AA@ 00000001800052f8     libucrt:lcidtoname_downlevel.obj
 0001:00004308       ??_C@_1O@IBBJHCH@?$AAk?$AAo?$AAk?$AA?9?$AAi?$AAn?$AA?$AA@ 0000000180005308     libucrt:lcidtoname_downlevel.obj
 0001:00004318       ??_C@_1M@DMHAEOGC@?$AAk?$AAo?$AA?9?$AAk?$AAr?$AA?$AA@ 0000000180005318     libucrt:lcidtoname_downlevel.obj
 0001:00004328       ??_C@_1M@HBAHBIGA@?$AAk?$AAy?$AA?9?$AAk?$AAg?$AA?$AA@ 0000000180005328     libucrt:lcidtoname_downlevel.obj
 0001:00004338       ??_C@_1M@KPMILCJG@?$AAl?$AAt?$AA?9?$AAl?$AAt?$AA?$AA@ 0000000180005338     libucrt:lcidtoname_downlevel.obj
 0001:00004348       ??_C@_1M@BDEKKCA@?$AAl?$AAv?$AA?9?$AAl?$AAv?$AA?$AA@ 0000000180005348     libucrt:lcidtoname_downlevel.obj
 0001:00004358       ??_C@_1M@ELCKCCJJ@?$AAm?$AAi?$AA?9?$AAn?$AAz?$AA?$AA@ 0000000180005358     libucrt:lcidtoname_downlevel.obj
 0001:00004368       ??_C@_1M@CBOOLAPA@?$AAm?$AAk?$AA?9?$AAm?$AAk?$AA?$AA@ 0000000180005368     libucrt:lcidtoname_downlevel.obj
 0001:00004378       ??_C@_1M@GPHNBJKN@?$AAm?$AAl?$AA?9?$AAi?$AAn?$AA?$AA@ 0000000180005378     libucrt:lcidtoname_downlevel.obj
 0001:00004388       ??_C@_1M@PABJILIG@?$AAm?$AAn?$AA?9?$AAm?$AAn?$AA?$AA@ 0000000180005388     libucrt:lcidtoname_downlevel.obj
 0001:00004398       ??_C@_1M@FGBKKIPG@?$AAm?$AAr?$AA?9?$AAi?$AAn?$AA?$AA@ 0000000180005398     libucrt:lcidtoname_downlevel.obj
 0001:000043a8       ??_C@_1M@NDBPDDAL@?$AAm?$AAs?$AA?9?$AAb?$AAn?$AA?$AA@ 00000001800053a8     libucrt:lcidtoname_downlevel.obj
 0001:000043b8       ??_C@_1M@OPIHOOPI@?$AAm?$AAs?$AA?9?$AAm?$AAy?$AA?$AA@ 00000001800053b8     libucrt:lcidtoname_downlevel.obj
 0001:000043c8       ??_C@_1M@PPDBCNFM@?$AAm?$AAt?$AA?9?$AAm?$AAt?$AA?$AA@ 00000001800053c8     libucrt:lcidtoname_downlevel.obj
 0001:000043d8       ??_C@_1M@KDJDKMDD@?$AAn?$AAb?$AA?9?$AAn?$AAo?$AA?$AA@ 00000001800053d8     libucrt:lcidtoname_downlevel.obj
 0001:000043e8       ??_C@_1M@KFCFLMJP@?$AAn?$AAl?$AA?9?$AAb?$AAe?$AA?$AA@ 00000001800053e8     libucrt:lcidtoname_downlevel.obj
 0001:000043f8       ??_C@_1M@KPOPDDGO@?$AAn?$AAl?$AA?9?$AAn?$AAl?$AA?$AA@ 00000001800053f8     libucrt:lcidtoname_downlevel.obj
 0001:00004408       ??_C@_1M@LJKPEMLN@?$AAn?$AAn?$AA?9?$AAn?$AAo?$AA?$AA@ 0000000180005408     libucrt:lcidtoname_downlevel.obj
 0001:00004418       ??_C@_1M@BDGHHBFL@?$AAn?$AAs?$AA?9?$AAz?$AAa?$AA?$AA@ 0000000180005418     libucrt:lcidtoname_downlevel.obj
 0001:00004428       ??_C@_1M@IDEHOAP@?$AAp?$AAa?$AA?9?$AAi?$AAn?$AA?$AA@ 0000000180005428     libucrt:lcidtoname_downlevel.obj
 0001:00004438       ??_C@_1M@HDBKGOGH@?$AAp?$AAl?$AA?9?$AAp?$AAl?$AA?$AA@ 0000000180005438     libucrt:lcidtoname_downlevel.obj
 0001:00004448       ??_C@_1M@LJLLCMEH@?$AAp?$AAt?$AA?9?$AAb?$AAr?$AA?$AA@ 0000000180005448     libucrt:lcidtoname_downlevel.obj
 0001:00004458       ??_C@_1M@NCMONAAL@?$AAp?$AAt?$AA?9?$AAp?$AAt?$AA?$AA@ 0000000180005458     libucrt:lcidtoname_downlevel.obj
 0001:00004468       ??_C@_1O@EAKMAJDN@?$AAq?$AAu?$AAz?$AA?9?$AAb?$AAo?$AA?$AA@ 0000000180005468     libucrt:lcidtoname_downlevel.obj
 0001:00004478       ??_C@_1O@BHHPIGDN@?$AAq?$AAu?$AAz?$AA?9?$AAe?$AAc?$AA?$AA@ 0000000180005478     libucrt:lcidtoname_downlevel.obj
 0001:00004488       ??_C@_1O@GBAPEKMJ@?$AAq?$AAu?$AAz?$AA?9?$AAp?$AAe?$AA?$AA@ 0000000180005488     libucrt:lcidtoname_downlevel.obj
 0001:00004498       ??_C@_1M@CLGLEFBO@?$AAr?$AAo?$AA?9?$AAr?$AAo?$AA?$AA@ 0000000180005498     libucrt:lcidtoname_downlevel.obj
 0001:000044a8       ??_C@_1M@CEEDODME@?$AAr?$AAu?$AA?9?$AAr?$AAu?$AA?$AA@ 00000001800054a8     libucrt:lcidtoname_downlevel.obj
 0001:000044b8       ??_C@_1M@HPKKKMPP@?$AAs?$AAa?$AA?9?$AAi?$AAn?$AA?$AA@ 00000001800054b8     libucrt:lcidtoname_downlevel.obj
 0001:000044c8       ??_C@_1M@BKMAIGOJ@?$AAs?$AAe?$AA?9?$AAf?$AAi?$AA?$AA@ 00000001800054c8     libucrt:lcidtoname_downlevel.obj
 0001:000044d8       ??_C@_1M@NDPIFLFI@?$AAs?$AAe?$AA?9?$AAn?$AAo?$AA?$AA@ 00000001800054d8     libucrt:lcidtoname_downlevel.obj
 0001:000044e8       ??_C@_1M@DANKKHJ@?$AAs?$AAe?$AA?9?$AAs?$AAe?$AA?$AA@ 00000001800054e8     libucrt:lcidtoname_downlevel.obj
 0001:000044f8       ??_C@_1M@PNBLONPJ@?$AAs?$AAk?$AA?9?$AAs?$AAk?$AA?$AA@ 00000001800054f8     libucrt:lcidtoname_downlevel.obj
 0001:00004508       ??_C@_1M@LFMODOAL@?$AAs?$AAl?$AA?9?$AAs?$AAi?$AA?$AA@ 0000000180005508     libucrt:lcidtoname_downlevel.obj
 0001:00004518       ??_C@_1O@DFKOMPG@?$AAs?$AAm?$AAa?$AA?9?$AAn?$AAo?$AA?$AA@ 0000000180005518     libucrt:lcidtoname_downlevel.obj
 0001:00004528       ??_C@_1O@NDKPBNNH@?$AAs?$AAm?$AAa?$AA?9?$AAs?$AAe?$AA?$AA@ 0000000180005528     libucrt:lcidtoname_downlevel.obj
 0001:00004538       ??_C@_1O@PLLKBHAB@?$AAs?$AAm?$AAj?$AA?9?$AAn?$AAo?$AA?$AA@ 0000000180005538     libucrt:lcidtoname_downlevel.obj
 0001:00004548       ??_C@_1O@CLEPOGCA@?$AAs?$AAm?$AAj?$AA?9?$AAs?$AAe?$AA?$AA@ 0000000180005548     libucrt:lcidtoname_downlevel.obj
 0001:00004558       ??_C@_1O@DLGJGKMK@?$AAs?$AAm?$AAn?$AA?9?$AAf?$AAi?$AA?$AA@ 0000000180005558     libucrt:lcidtoname_downlevel.obj
 0001:00004568       ??_C@_1O@OJDJGAJC@?$AAs?$AAm?$AAs?$AA?9?$AAf?$AAi?$AA?$AA@ 0000000180005568     libucrt:lcidtoname_downlevel.obj
 0001:00004578       ??_C@_1M@BOFOGHPB@?$AAs?$AAq?$AA?9?$AAa?$AAl?$AA?$AA@ 0000000180005578     libucrt:lcidtoname_downlevel.obj
 0001:00004588       ??_C@_1BG@LJBBIPGB@?$AAs?$AAr?$AA?9?$AAb?$AAa?$AA?9?$AAc?$AAy?$AAr?$AAl?$AA?$AA@ 0000000180005588     libucrt:lcidtoname_downlevel.obj
 0001:000045a0       ??_C@_1BG@JLBENFOE@?$AAs?$AAr?$AA?9?$AAb?$AAa?$AA?9?$AAl?$AAa?$AAt?$AAn?$AA?$AA@ 00000001800055a0     libucrt:lcidtoname_downlevel.obj
 0001:000045b8       ??_C@_1BG@KODPNHE@?$AAs?$AAr?$AA?9?$AAs?$AAp?$AA?9?$AAc?$AAy?$AAr?$AAl?$AA?$AA@ 00000001800055b8     libucrt:lcidtoname_downlevel.obj
 0001:000045d0       ??_C@_1BG@CIOGKHPB@?$AAs?$AAr?$AA?9?$AAs?$AAp?$AA?9?$AAl?$AAa?$AAt?$AAn?$AA?$AA@ 00000001800055d0     libucrt:lcidtoname_downlevel.obj
 0001:000045e8       ??_C@_1M@NGFJLMAC@?$AAs?$AAv?$AA?9?$AAf?$AAi?$AA?$AA@ 00000001800055e8     libucrt:lcidtoname_downlevel.obj
 0001:000045f8       ??_C@_1M@MPJEJAJC@?$AAs?$AAv?$AA?9?$AAs?$AAe?$AA?$AA@ 00000001800055f8     libucrt:lcidtoname_downlevel.obj
 0001:00004608       ??_C@_1M@MPNDHLFK@?$AAs?$AAw?$AA?9?$AAk?$AAe?$AA?$AA@ 0000000180005608     libucrt:lcidtoname_downlevel.obj
 0001:00004618       ??_C@_1O@KOHBJJI@?$AAs?$AAy?$AAr?$AA?9?$AAs?$AAy?$AA?$AA@ 0000000180005618     libucrt:lcidtoname_downlevel.obj
 0001:00004628       ??_C@_1M@LDCEFHA@?$AAt?$AAa?$AA?9?$AAi?$AAn?$AA?$AA@ 0000000180005628     libucrt:lcidtoname_downlevel.obj
 0001:00004638       ??_C@_1M@CNJOFAK@?$AAt?$AAe?$AA?9?$AAi?$AAn?$AA?$AA@ 0000000180005638     libucrt:lcidtoname_downlevel.obj
 0001:00004648       ??_C@_1M@GNAECACD@?$AAt?$AAh?$AA?9?$AAt?$AAh?$AA?$AA@ 0000000180005648     libucrt:lcidtoname_downlevel.obj
 0001:00004658       ??_C@_1M@CHBIHOJO@?$AAt?$AAn?$AA?9?$AAz?$AAa?$AA?$AA@ 0000000180005658     libucrt:lcidtoname_downlevel.obj
 0001:00004668       ??_C@_1M@GCCMIGPJ@?$AAt?$AAr?$AA?9?$AAt?$AAr?$AA?$AA@ 0000000180005668     libucrt:lcidtoname_downlevel.obj
 0001:00004678       ??_C@_1M@CELMCNBK@?$AAt?$AAt?$AA?9?$AAr?$AAu?$AA?$AA@ 0000000180005678     libucrt:lcidtoname_downlevel.obj
 0001:00004688       ??_C@_1M@KLMCELGA@?$AAu?$AAk?$AA?9?$AAu?$AAa?$AA?$AA@ 0000000180005688     libucrt:lcidtoname_downlevel.obj
 0001:00004698       ??_C@_1M@EPAJJAJF@?$AAu?$AAr?$AA?9?$AAp?$AAk?$AA?$AA@ 0000000180005698     libucrt:lcidtoname_downlevel.obj
 0001:000046a8       ??_C@_1BG@GEGPMCDJ@?$AAu?$AAz?$AA?9?$AAu?$AAz?$AA?9?$AAc?$AAy?$AAr?$AAl?$AA?$AA@ 00000001800056a8     libucrt:lcidtoname_downlevel.obj
 0001:000046c0       ??_C@_1BG@EGGKJILM@?$AAu?$AAz?$AA?9?$AAu?$AAz?$AA?9?$AAl?$AAa?$AAt?$AAn?$AA?$AA@ 00000001800056c0     libucrt:lcidtoname_downlevel.obj
 0001:000046d8       ??_C@_1M@GFOCLFF@?$AAv?$AAi?$AA?9?$AAv?$AAn?$AA?$AA@ 00000001800056d8     libucrt:lcidtoname_downlevel.obj
 0001:000046e8       ??_C@_1M@CPAMEDFI@?$AAx?$AAh?$AA?9?$AAz?$AAa?$AA?$AA@ 00000001800056e8     libucrt:lcidtoname_downlevel.obj
 0001:000046f8       ??_C@_1O@EBKIFIGN@?$AAz?$AAh?$AA?9?$AAc?$AAh?$AAs?$AA?$AA@ 00000001800056f8     libucrt:lcidtoname_downlevel.obj
 0001:00004708       ??_C@_1O@NMHPGANE@?$AAz?$AAh?$AA?9?$AAc?$AAh?$AAt?$AA?$AA@ 0000000180005708     libucrt:lcidtoname_downlevel.obj
 0001:00004718       ??_C@_1M@LPINJOMC@?$AAz?$AAh?$AA?9?$AAc?$AAn?$AA?$AA@ 0000000180005718     libucrt:lcidtoname_downlevel.obj
 0001:00004728       ??_C@_1M@OCJEJODD@?$AAz?$AAh?$AA?9?$AAh?$AAk?$AA?$AA@ 0000000180005728     libucrt:lcidtoname_downlevel.obj
 0001:00004738       ??_C@_1M@DNDLJINH@?$AAz?$AAh?$AA?9?$AAm?$AAo?$AA?$AA@ 0000000180005738     libucrt:lcidtoname_downlevel.obj
 0001:00004748       ??_C@_1M@MBFDNDND@?$AAz?$AAh?$AA?9?$AAs?$AAg?$AA?$AA@ 0000000180005748     libucrt:lcidtoname_downlevel.obj
 0001:00004758       ??_C@_1M@IMEPLEPE@?$AAz?$AAh?$AA?9?$AAt?$AAw?$AA?$AA@ 0000000180005758     libucrt:lcidtoname_downlevel.obj
 0001:00004768       ??_C@_1M@BBGHNHJP@?$AAz?$AAu?$AA?9?$AAz?$AAa?$AA?$AA@ 0000000180005768     libucrt:lcidtoname_downlevel.obj
 0001:000055c0       ??_C@_15EMKDOKLE@?$AAa?$AAr?$AA?$AA@ 00000001800065c0     libucrt:lcidtoname_downlevel.obj
 0001:000055c8       ??_C@_15KNPADPLH@?$AAb?$AAg?$AA?$AA@ 00000001800065c8     libucrt:lcidtoname_downlevel.obj
 0001:000055d0       ??_C@_15EDMHLDMO@?$AAc?$AAa?$AA?$AA@ 00000001800065d0     libucrt:lcidtoname_downlevel.obj
 0001:000055d8       ??_C@_1O@BPEAJADD@?$AAz?$AAh?$AA?9?$AAC?$AAH?$AAS?$AA?$AA@ 00000001800065d8     libucrt:lcidtoname_downlevel.obj
 0001:000055e8       ??_C@_15LJNHCMNK@?$AAc?$AAs?$AA?$AA@ 00000001800065e8     libucrt:lcidtoname_downlevel.obj
 0001:000055f0       ??_C@_15FOMCIDHG@?$AAd?$AAa?$AA?$AA@ 00000001800065f0     libucrt:lcidtoname_downlevel.obj
 0001:000055f8       ??_C@_15NBKABECB@?$AAd?$AAe?$AA?$AA@ 00000001800065f8     libucrt:lcidtoname_downlevel.obj
 0001:00005600       ??_C@_15GHPEIIAO@?$AAe?$AAl?$AA?$AA@ 0000000180006600     libucrt:lcidtoname_downlevel.obj
 0001:00005608       ??_C@_15MNPNEAIF@?$AAe?$AAn?$AA?$AA@ 0000000180006608     libucrt:lcidtoname_downlevel.obj
 0001:00005610       ??_C@_15GPIOMPMH@?$AAe?$AAs?$AA?$AA@ 0000000180006610     libucrt:lcidtoname_downlevel.obj
 0001:00005618       ??_C@_15NGLOAKJC@?$AAf?$AAi?$AA?$AA@ 0000000180006618     libucrt:lcidtoname_downlevel.obj
 0001:00005620       ??_C@_15FBKGNKAM@?$AAf?$AAr?$AA?$AA@ 0000000180006620     libucrt:lcidtoname_downlevel.obj
 0001:00005628       ??_C@_15KGGCNEFK@?$AAh?$AAe?$AA?$AA@ 0000000180006628     libucrt:lcidtoname_downlevel.obj
 0001:00005630       ??_C@_15PGHLIDMF@?$AAh?$AAu?$AA?$AA@ 0000000180006630     libucrt:lcidtoname_downlevel.obj
 0001:00005638       ??_C@_15BIEMAPLM@?$AAi?$AAs?$AA?$AA@ 0000000180006638     libucrt:lcidtoname_downlevel.obj
 0001:00005640       ??_C@_15IFJLDHAF@?$AAi?$AAt?$AA?$AA@ 0000000180006640     libucrt:lcidtoname_downlevel.obj
 0001:00005648       ??_C@_15GEMIOCAG@?$AAj?$AAa?$AA?$AA@ 0000000180006648     libucrt:lcidtoname_downlevel.obj
 0001:00005650       ??_C@_15EPELEGJA@?$AAk?$AAo?$AA?$AA@ 0000000180006650     libucrt:lcidtoname_downlevel.obj
 0001:00005658       ??_C@_15NDDHIMN@?$AAn?$AAl?$AA?$AA@ 0000000180006658     libucrt:lcidtoname_downlevel.obj
 0001:00005660       ??_C@_15BPIGNHCD@?$AAn?$AAo?$AA?$AA@ 0000000180006660     libucrt:lcidtoname_downlevel.obj
 0001:00005668       ??_C@_15DEOPBLCG@?$AAp?$AAl?$AA?$AA@ 0000000180006668     libucrt:lcidtoname_downlevel.obj
[...]
 0003:000007ec       $pdata$??$?RV<lambda_f2e299630e499de9f9a165e60fcd3db5>@@AEAV<lambda_2ae9d31cdba2644fcbeaf08da7c24588>@@V<lambda_40d01ff24d0e7b3814fdbdcee8eab3c7>@@@?$__crt_seh_guarded_call@X@@QEAAX$$QEAV<lambda_f2e299630e499de9f9a165e60fcd3db5>@@AEAV<lambda_2ae9d31cdba2644fcbeaf08da7c24588>@@$$QEAV<lambda_40d01ff24d0e7b3814fdbdcee8eab3c7>@@@Z 000000018001a7ec     libucrt:per_thread_data.obj
 0003:000007d4       $pdata$??$?RV<lambda_2d41944a1d46af3157314b8a01080d33>@@AEAV<lambda_8f455de75cd7d7f24b4096f044d8b9e6>@@V<lambda_aa500f224e6afead328df44964fe2772>@@@?$__crt_seh_guarded_call@X@@QEAAX$$QEAV<lambda_2d41944a1d46af3157314b8a01080d33>@@AEAV<lambda_8f455de75cd7d7f24b4096f044d8b9e6>@@$$QEAV<lambda_aa500f224e6afead328df44964fe2772>@@@Z 000000018001a7d4     libucrt:per_thread_data.obj
 0003:00000870       $pdata$__acrt_get_process_end_policy 000000018001a870     libucrt:win_policies.obj
 0003:00000894       $pdata$_invalid_parameter_noinfo 000000018001a894     libucrt:invalid_parameter.obj
 0003:000008a0       $pdata$_invoke_watson      000000018001a8a0     libucrt:invalid_parameter.obj
 0003:0000087c       $pdata$__acrt_call_reportfault 000000018001a87c     libucrt:invalid_parameter.obj
 0003:00000888       $pdata$_invalid_parameter  000000018001a888     libucrt:invalid_parameter.obj
 0003:000008c4       $pdata$_errno              000000018001a8c4     libucrt:errno.obj
 0003:000008b8       $pdata$__doserrno          000000018001a8b8     libucrt:errno.obj
 0003:000008ac       $pdata$__acrt_errno_map_os_error 000000018001a8ac     libucrt:errno.obj
 0003:000008d0       $pdata$_calloc_base        000000018001a8d0     libucrt:calloc_base.obj
 0003:000008dc       $pdata$??$common_expand_argv_wildcards@D@@YAHQEAPEADQEAPEAPEAD@Z 000000018001a8dc     libucrt:argv_wildcards.obj
 0003:000008e8       $pdata$??$copy_and_add_argument_to_buffer@D@@YAHQEBD0_KAEAV?$argument_list@D@?A0x5f5c8891@@@Z 000000018001a8e8     libucrt:argv_wildcards.obj
 0003:000008f4       $pdata$??$expand_argument_wildcards@D@@YAHQEAD0AEAV?$argument_list@D@?A0x5f5c8891@@@Z 000000018001a8f4     libucrt:argv_wildcards.obj
 0003:00000954       $pdata$__acrt_update_thread_multibyte_data 000000018001a954     libucrt:mbctype.obj
 0003:00000948       $pdata$__acrt_initialize_multibyte 000000018001a948     libucrt:mbctype.obj
 0003:00000960       $pdata$_setmbcp_nolock     000000018001a960     libucrt:mbctype.obj
 0003:0000090c       $pdata$?getSystemCP@@YAHH@Z 000000018001a90c     libucrt:mbctype.obj
 0003:00000918       $pdata$?setSBCS@@YAXPEAU__crt_multibyte_data@@@Z 000000018001a918     libucrt:mbctype.obj
 0003:0000093c       $pdata$?update_thread_multibyte_data_internal@@YAPEAU__crt_multibyte_data@@QEAU__acrt_ptd@@QEAPEAU1@@Z 000000018001a93c     libucrt:mbctype.obj
 0003:00000f48       $pdata$?fin$0@?0??update_thread_multibyte_data_internal@@YAPEAU__crt_multibyte_data@@QEAU__acrt_ptd@@QEAPEAU1@@Z@4HA 000000018001af48     libucrt:mbctype.obj
 0003:00000930       $pdata$?setmbcp_internal@@YAHH_NQEAU__acrt_ptd@@QEAPEAU__crt_multibyte_data@@@Z 000000018001a930     libucrt:mbctype.obj
 0003:00000924       $pdata$?setSBUpLow@@YAXPEAU__crt_multibyte_data@@@Z 000000018001a924     libucrt:mbctype.obj
 0003:00000900       $pdata$??$?RV<lambda_efdfa57d1f175319df784efa44bb7b81>@@AEAV<lambda_5f0a4c1567f8adc6734073e5d1e1b35c>@@V<lambda_2e8a7d3640ea6ccb4c2413664c2db6fd>@@@?$__crt_seh_guarded_call@X@@QEAAX$$QEAV<lambda_efdfa57d1f175319df784efa44bb7b81>@@AEAV<lambda_5f0a4c1567f8adc6734073e5d1e1b35c>@@$$QEAV<lambda_2e8a7d3640ea6ccb4c2413664c2db6fd>@@@Z 000000018001a900     libucrt:mbctype.obj
 0003:0000096c       $pdata$?x_ismbbtype_l@@YAHPEAU__crt_locale_pointers@@IHH@Z 000000018001a96c     libucrt:ismbbyte.obj
 0003:00000978       $pdata$__acrt_initialize_command_line 000000018001a978     libucrt:argv_data.obj
 0003:00000984       $pdata$__dcrt_get_narrow_environment_from_os 000000018001a984     libucrt:get_environment_from_os.obj
 0003:00000990       $pdata$_recalloc_base      000000018001a990     libucrt:recalloc.obj
 0003:00000a08       $pdata$__acrt_initialize_winapi_thunks 000000018001aa08     libucrt:winapi_thunks.obj
 0003:00000a14       $pdata$__acrt_uninitialize_winapi_thunks 000000018001aa14     libucrt:winapi_thunks.obj
 0003:000009b4       $pdata$__acrt_FlsAlloc     000000018001a9b4     libucrt:winapi_thunks.obj
 0003:000009c0       $pdata$__acrt_FlsFree      000000018001a9c0     libucrt:winapi_thunks.obj
 0003:000009cc       $pdata$__acrt_FlsGetValue  000000018001a9cc     libucrt:winapi_thunks.obj
 0003:000009d8       $pdata$__acrt_FlsSetValue  000000018001a9d8     libucrt:winapi_thunks.obj
 0003:000009e4       $pdata$__acrt_InitializeCriticalSectionEx 000000018001a9e4     libucrt:winapi_thunks.obj
 0003:000009f0       $pdata$__acrt_LCMapStringEx 000000018001a9f0     libucrt:winapi_thunks.obj
 0003:000009fc       $pdata$__acrt_LocaleNameToLCID 000000018001a9fc     libucrt:winapi_thunks.obj
 0003:000009a8       $pdata$__acrt_AppPolicyGetProcessTerminationMethodInternal 000000018001a9a8     libucrt:winapi_thunks.obj
 0003:0000099c       $pdata$?try_get_function@@YAPEAXW4function_id@?A0x391cf84c@@QEBDQEBW4module_id@2@2@Z 000000018001a99c     libucrt:winapi_thunks.obj
 0003:00000a20       $pdata$__acrt_initialize_heap 000000018001aa20     libucrt:heap_handle.obj
 0003:00000a44       $pdata$__acrt_initialize_lowio 000000018001aa44     libucrt:ioinit.obj
 0003:00000f54       $pdata$__acrt_lowio_ensure_fh_exists$fin$0 000000018001af54     libucrt:osfinfo.obj
 0003:00000f54       $pdata$__acrt_initialize_lowio$fin$0 000000018001af54     libucrt:ioinit.obj
 0003:00000a50       $pdata$__acrt_uninitialize_lowio 000000018001aa50     libucrt:ioinit.obj
 0003:00000a2c       $pdata$?initialize_inherited_file_handles_nolock@@YAXXZ 000000018001aa2c     libucrt:ioinit.obj
 0003:00000a38       $pdata$?initialize_stdio_handles_nolock@@YAXXZ 000000018001aa38     libucrt:ioinit.obj
 0003:00000a5c       $pdata$__acrt_execute_initializers 000000018001aa5c     libucrt:shared_initialization.obj
 0003:00000a68       $pdata$__acrt_execute_uninitializers 000000018001aa68     libucrt:shared_initialization.obj
 0003:00000a80       $pdata$__acrt_get_sigabrt_handler 000000018001aa80     libucrt:signal.obj
 0003:00000a8c       $pdata$raise               000000018001aa8c     libucrt:signal.obj
 0003:00000f60       $pdata$raise$fin$0         000000018001af60     libucrt:signal.obj
 0003:00000a74       $pdata$??$?RV<lambda_450d765d439847d4c735a33c368b5fc0>@@AEAV<lambda_44731a7d0e6d81c3e6aa82d741081786>@@V<lambda_601a2a7da3b7a96e9554ac7215c4b07c>@@@?$__crt_seh_guarded_call@P6AXH@Z@@QEAAP6AXH@Z$$QEAV<lambda_450d765d439847d4c735a33c368b5fc0>@@AEAV<lambda_44731a7d0e6d81c3e6aa82d741081786>@@$$QEAV<lambda_601a2a7da3b7a96e9554ac7215c4b07c>@@@Z 000000018001aa74     libucrt:signal.obj
 0003:00000ac8       $pdata$_fflush_nolock      000000018001aac8     libucrt:fflush.obj
 0003:00000abc       $pdata$__acrt_stdio_flush_nolock 000000018001aabc     libucrt:fflush.obj
 0003:00000ab0       $pdata$?common_flush_all@@YAH_N@Z 000000018001aab0     libucrt:fflush.obj
 0003:00000a98       $pdata$??$?RV<lambda_842d9ff0dc9ef11c61343bbaebe7f885>@@AEAV<lambda_c5860995281e5c4ce005b3de8f5874ee>@@V<lambda_d90129c13df834fdcbf8d2b88dafcf2d>@@@?$__crt_seh_guarded_call@X@@QEAAX$$QEAV<lambda_842d9ff0dc9ef11c61343bbaebe7f885>@@AEAV<lambda_c5860995281e5c4ce005b3de8f5874ee>@@$$QEAV<lambda_d90129c13df834fdcbf8d2b88dafcf2d>@@@Z 000000018001aa98     libucrt:fflush.obj
 0003:00000f6c       $pdata$?fin$0@?0???$?RV<lambda_842d9ff0dc9ef11c61343bbaebe7f885>@@AEAV<lambda_c5860995281e5c4ce005b3de8f5874ee>@@V<lambda_d90129c13df834fdcbf8d2b88dafcf2d>@@@?$__crt_seh_guarded_call@X@@QEAAX$$QEAV<lambda_842d9ff0dc9ef11c61343bbaebe7f885>@@AEAV<lambda_c5860995281e5c4ce005b3de8f5874ee>@@$$QEAV<lambda_d90129c13df834fdcbf8d2b88dafcf2d>@@@Z@4HA 000000018001af6c     libucrt:fflush.obj
 0003:00000aa4       $pdata$??$?RV<lambda_886d6c58226a84441f68b9f2b8217b83>@@AEAV<lambda_ab61a845afdef5b7c387490eaf3616ee>@@V<lambda_f7f22ab5edc0698d5f6905b0d3f44752>@@@?$__crt_seh_guarded_call@X@@QEAAX$$QEAV<lambda_886d6c58226a84441f68b9f2b8217b83>@@AEAV<lambda_ab61a845afdef5b7c387490eaf3616ee>@@$$QEAV<lambda_f7f22ab5edc0698d5f6905b0d3f44752>@@@Z 000000018001aaa4     libucrt:fflush.obj
 0003:00000f78       $pdata$?fin$0@?0???$?RV<lambda_886d6c58226a84441f68b9f2b8217b83>@@AEAV<lambda_ab61a845afdef5b7c387490eaf3616ee>@@V<lambda_f7f22ab5edc0698d5f6905b0d3f44752>@@@?$__crt_seh_guarded_call@X@@QEAAX$$QEAV<lambda_886d6c58226a84441f68b9f2b8217b83>@@AEAV<lambda_ab61a845afdef5b7c387490eaf3616ee>@@$$QEAV<lambda_f7f22ab5edc0698d5f6905b0d3f44752>@@@Z@4HA 000000018001af78     libucrt:fflush.obj
 0003:00000ad4       $pdata$__acrt_initialize_stdio 000000018001aad4     libucrt:_file.obj
 0003:00000ae0       $pdata$__acrt_uninitialize_stdio 000000018001aae0     libucrt:_file.obj
 0003:00000aec       $pdata$_mbtowc_l           000000018001aaec     libucrt:mbtowc.obj
 0003:00000af8       $pdata$__acrt_update_locale_info 000000018001aaf8     libucrt:locale_update.obj
 0003:00000b04       $pdata$__acrt_update_multibyte_info 000000018001ab04     libucrt:locale_update.obj
 0003:00000b10       $pdata$_fileno             000000018001ab10     libucrt:fileno.obj
 0003:00000b28       $pdata$__acrt_uninitialize_locale 000000018001ab28     libucrt:wsetlocale.obj
 0003:00000b1c       $pdata$??$?RV<lambda_410d79af7f07d98d83a3f525b3859a53>@@AEAV<lambda_3e16ef9562a7dcce91392c22ab16ea36>@@V<lambda_38119f0e861e05405d8a144b9b982f0a>@@@?$__crt_seh_guarded_call@X@@QEAAX$$QEAV<lambda_410d79af7f07d98d83a3f525b3859a53>@@AEAV<lambda_3e16ef9562a7dcce91392c22ab16ea36>@@$$QEAV<lambda_38119f0e861e05405d8a144b9b982f0a>@@@Z 000000018001ab1c     libucrt:wsetlocale.obj
 0003:00000f84       $pdata$?fin$0@?0???$?RV<lambda_410d79af7f07d98d83a3f525b3859a53>@@AEAV<lambda_3e16ef9562a7dcce91392c22ab16ea36>@@V<lambda_38119f0e861e05405d8a144b9b982f0a>@@@?$__crt_seh_guarded_call@X@@QEAAX$$QEAV<lambda_410d79af7f07d98d83a3f525b3859a53>@@AEAV<lambda_3e16ef9562a7dcce91392c22ab16ea36>@@$$QEAV<lambda_38119f0e861e05405d8a144b9b982f0a>@@@Z@4HA 000000018001af84     libucrt:wsetlocale.obj
 0003:00000b34       $pdata$__pctype_func       000000018001ab34     libucrt:ctype.obj
 0003:00000b58       $pdata$__acrt_release_locale_ref 000000018001ab58     libucrt:locale_refcounting.obj
 0003:00000b40       $pdata$__acrt_free_locale  000000018001ab40     libucrt:locale_refcounting.obj
 0003:00000b4c       $pdata$__acrt_locale_free_lc_time_if_unreferenced 000000018001ab4c     libucrt:locale_refcounting.obj
 0003:00000b64       $pdata$__acrt_update_thread_locale_data 000000018001ab64     libucrt:locale_refcounting.obj
 0003:00000f90       $pdata$__acrt_update_thread_locale_data$fin$0 000000018001af90     libucrt:locale_refcounting.obj
 0003:00000b70       $pdata$_updatetlocinfoEx_nolock 000000018001ab70     libucrt:locale_refcounting.obj
 0003:00000b7c       $pdata$qsort               000000018001ab7c     libucrt:qsort.obj
 0003:00000b88       $pdata$4$qsort             000000018001ab88     libucrt:qsort.obj
 0003:00000b94       $pdata$5$qsort             000000018001ab94     libucrt:qsort.obj
 0003:00000ba0       $pdata$strncpy_s           000000018001aba0     libucrt:strncpy_s.obj
 0003:00000bb8       $pdata$strpbrk             000000018001abb8     libucrt:strpbrk.obj
 0003:00000bac       $pdata$fallbackMethod      000000018001abac     libucrt:strpbrk.obj
 0003:00000bc4       $pdata$_mbsdec_l           000000018001abc4     libucrt:mbsdec.obj
 0003:00000bd0       $pdata$?initialize_multibyte@@YAHXZ 000000018001abd0     libucrt:multibyte_initializer.obj
 0003:00000bdc       $pdata$__acrt_GetStringTypeA 000000018001abdc     libucrt:getstringtypea.obj
 0003:00000bf4       $pdata$__acrt_LCMapStringA 000000018001abf4     libucrt:lcmapstringa.obj
 0003:00000be8       $pdata$?__acrt_LCMapStringA_stat@@YAHPEAU__crt_locale_pointers@@PEB_WKPEBDHPEADHHH@Z 000000018001abe8     libucrt:lcmapstringa.obj
 0003:00000c00       $pdata$_msize_base         000000018001ac00     libucrt:msize.obj
 0003:00000c0c       $pdata$_realloc_base       000000018001ac0c     libucrt:realloc_base.obj
 0003:00000c24       $pdata$__acrt_DownlevelLocaleNameToLCID 000000018001ac24     libucrt:lcidtoname_downlevel.obj
 0003:00000c18       $pdata$?GetTableIndexFromLocaleName@@YAHPEB_W@Z 000000018001ac18     libucrt:lcidtoname_downlevel.obj
 0003:00000c60       $pdata$_get_osfhandle      000000018001ac60     libucrt:osfinfo.obj
 0003:00000c54       $pdata$_free_osfhnd        000000018001ac54     libucrt:osfinfo.obj
 0003:00000c30       $pdata$__acrt_lowio_create_handle_array 000000018001ac30     libucrt:osfinfo.obj
 0003:00000c3c       $pdata$__acrt_lowio_destroy_handle_array 000000018001ac3c     libucrt:osfinfo.obj
 0003:00000c48       $pdata$__acrt_lowio_ensure_fh_exists 000000018001ac48     libucrt:osfinfo.obj
 0003:00000c78       $pdata$_commit             000000018001ac78     libucrt:commit.obj
 0003:00000c6c       $pdata$??$?RV<lambda_a37b2b86f63e897a80ea819b0eb08c01>@@AEAV<lambda_38ce7e780aa69e748d6df282ebc68efe>@@V<lambda_99fb1378e971ab6e7edea83e3a7a83a2>@@@?$__crt_seh_guarded_call@H@@QEAAH$$QEAV<lambda_a37b2b86f63e897a80ea819b0eb08c01>@@AEAV<lambda_38ce7e780aa69e748d6df282ebc68efe>@@$$QEAV<lambda_99fb1378e971ab6e7edea83e3a7a83a2>@@@Z 000000018001ac6c     libucrt:commit.obj
 0003:00000f9c       $pdata$?fin$0@?0???$?RV<lambda_751a882b2c74d4b022dec766aa51a29a>@@AEAV<lambda_628dfdc04ba53c8bfc02c9951375f3f5>@@V<lambda_f6c7be5f7998530c34de24c7437d6b54>@@@?$__crt_seh_guarded_call@H@@QEAAH$$QEAV<lambda_751a882b2c74d4b022dec766aa51a29a>@@AEAV<lambda_628dfdc04ba53c8bfc02c9951375f3f5>@@$$QEAV<lambda_f6c7be5f7998530c34de24c7437d6b54>@@@Z@4HA 000000018001af9c     libucrt:close.obj
 0003:00000f9c       $pdata$?fin$0@?0???$?RV<lambda_a37b2b86f63e897a80ea819b0eb08c01>@@AEAV<lambda_38ce7e780aa69e748d6df282ebc68efe>@@V<lambda_99fb1378e971ab6e7edea83e3a7a83a2>@@@?$__crt_seh_guarded_call@H@@QEAAH$$QEAV<lambda_a37b2b86f63e897a80ea819b0eb08c01>@@AEAV<lambda_38ce7e780aa69e748d6df282ebc68efe>@@$$QEAV<lambda_99fb1378e971ab6e7edea83e3a7a83a2>@@@Z@4HA 000000018001af9c     libucrt:commit.obj
 0003:00000cb4       $pdata$_write              000000018001acb4     libucrt:write.obj
 0003:00000fa8       $pdata$_write$fin$0        000000018001afa8     libucrt:write.obj
 0003:00000cc0       $pdata$_write_nolock       000000018001acc0     libucrt:write.obj
 0003:00000c84       $pdata$?write_double_translated_ansi_nolock@@YA?AUwrite_result@?A0x17268360@@HQEBDI@Z 000000018001ac84     libucrt:write.obj
 0003:00000c90       $pdata$?write_text_ansi_nolock@@YA?AUwrite_result@?A0x17268360@@HQEBDI@Z 000000018001ac90     libucrt:write.obj
 0003:00000c9c       $pdata$?write_text_utf16le_nolock@@YA?AUwrite_result@?A0x17268360@@HQEBDI@Z 000000018001ac9c     libucrt:write.obj
 0003:00000ca8       $pdata$?write_text_utf8_nolock@@YA?AUwrite_result@?A0x17268360@@HQEBDI@Z 000000018001aca8     libucrt:write.obj
 0003:00000ccc       $pdata$_fcloseall          000000018001accc     libucrt:closeall.obj
 0003:00000fb4       $pdata$_fcloseall$fin$0    000000018001afb4     libucrt:closeall.obj
 0003:00000cd8       $pdata$__acrt_stdio_free_buffer_nolock 000000018001acd8     libucrt:_freebuf.obj
 0003:00000ce4       $pdata$_isatty             000000018001ace4     libucrt:isatty.obj
 0003:00000cf0       $pdata$_isleadbyte_l       000000018001acf0     libucrt:_wctype.obj
 0003:00000cfc       $pdata$__acrt_locale_free_monetary 000000018001acfc     libucrt:initmon.obj
 0003:00000d08       $pdata$__acrt_locale_free_numeric 000000018001ad08     libucrt:initnum.obj
 0003:00000d20       $pdata$__acrt_locale_free_time 000000018001ad20     libucrt:inittime.obj
 0003:00000d14       $pdata$?free_crt_array_internal@@YAXQEAPEBX_K@Z 000000018001ad14     libucrt:inittime.obj
 0003:00000d2c       $pdata$??$common_lseek_nolock@_J@@YA_JH_JH@Z 000000018001ad2c     libucrt:lseek.obj
 0003:00000d38       $pdata$_putwch_nolock      000000018001ad38     libucrt:putwch.obj
 0003:00000d50       $pdata$fclose              000000018001ad50     libucrt:fclose.obj
 0003:00000fc0       $pdata$fclose$fin$0        000000018001afc0     libucrt:fclose.obj
 0003:00000d44       $pdata$_fclose_nolock      000000018001ad44     libucrt:fclose.obj
 0003:00000d68       $pdata$__dcrt_lowio_ensure_console_output_initialized 000000018001ad68     libucrt:initcon.obj
 0003:00000d80       $pdata$__dcrt_write_console_w 000000018001ad80     libucrt:initcon.obj
 0003:00000d74       $pdata$__dcrt_terminate_console_output 000000018001ad74     libucrt:initcon.obj
 0003:00000d98       $pdata$_close              000000018001ad98     libucrt:close.obj
 0003:00000da4       $pdata$_close_nolock       000000018001ada4     libucrt:close.obj
 0003:00000d8c       $pdata$??$?RV<lambda_751a882b2c74d4b022dec766aa51a29a>@@AEAV<lambda_628dfdc04ba53c8bfc02c9951375f3f5>@@V<lambda_f6c7be5f7998530c34de24c7437d6b54>@@@?$__crt_seh_guarded_call@H@@QEAAH$$QEAV<lambda_751a882b2c74d4b022dec766aa51a29a>@@AEAV<lambda_628dfdc04ba53c8bfc02c9951375f3f5>@@$$QEAV<lambda_f6c7be5f7998530c34de24c7437d6b54>@@@Z 000000018001ad8c     libucrt:close.obj
 0003:00000db0       $pdata$_call_matherr       000000018001adb0     libucrt:libm_error.obj
 0003:00000dbc       $pdata$_exception_enabled  000000018001adbc     libucrt:libm_error.obj
 0003:00000dc8       $pdata$_handle_error       000000018001adc8     libucrt:libm_error.obj
 0003:00000dd4       $pdata$__acrt_initialize_fma3 000000018001add4     libucrt:fma3_available.obj
 0003:00000dec       $pdata$_log_special_common 000000018001adec     libucrt:log_special.obj
 0003:00000de0       $pdata$_log10_special      000000018001ade0     libucrt:log_special.obj
 0003:00000e1c       $pdata$_set_errno_from_matherr 000000018001ae1c     libucrt:fpexcept.obj
 0003:00000e04       $pdata$_raise_exc          000000018001ae04     libucrt:fpexcept.obj
 0003:00000e10       $pdata$_raise_exc_ex       000000018001ae10     libucrt:fpexcept.obj
 0003:00000e28       $pdata$_clrfp              000000018001ae28     libucrt:fpctrl.obj
 0003:00000e34       $pdata$_ctrlfp             000000018001ae34     libucrt:fpctrl.obj
 0003:00000fcc       $pdata$_ctrlfp$filt$0      000000018001afcc     libucrt:fpctrl.obj
 0003:00000e4c       $pdata$_statfp             000000018001ae4c     libucrt:fpctrl.obj
 0003:00000e40       $pdata$_set_statfp         000000018001ae40     libucrt:fpctrl.obj
 0003:00000e58       $pdata$_IsNonwritableInCurrentImage 000000018001ae58     LIBCMT:pesect.obj
 0003:00000fd8       $pdata$_IsNonwritableInCurrentImage$filt$0 000000018001afd8     LIBCMT:pesect.obj
 0003:00000e70       $pdata$__GSHandlerCheckCommon 000000018001ae70     LIBCMT:_gshandler_.obj
 0003:00000e64       $pdata$__GSHandlerCheck    000000018001ae64     LIBCMT:_gshandler_.obj
 0003:00000eac       $pdata$__report_securityfailure 000000018001aeac     LIBCMT:gs_report.obj
 0003:00000ea0       $pdata$__report_rangecheckfailure 000000018001aea0     LIBCMT:gs_report.obj
 0003:00000e94       $pdata$__report_gsfailure  000000018001ae94     LIBCMT:gs_report.obj
 0003:00000eb8       $pdata$capture_current_context 000000018001aeb8     LIBCMT:gs_report.obj
 0003:00000ec4       $pdata$capture_previous_context 000000018001aec4     LIBCMT:gs_report.obj
 0003:00000e88       $pdata$__raise_securityfailure 000000018001ae88     LIBCMT:gs_report.obj
 0004:000005dc       .idata$6                   000000018001b5dc     kernel32:KERNEL32.dll
 0004:000005fc       .idata$6                   000000018001b5fc     rpcrt4:RPCRT4.dll
 0005:00000060       $R000000                   000000018001c060     HlfViewer.res
